observe: PROVISIONING
observe: DOWNLOAD_SOURCE
observe: BUILD
observe: COMPLETED
business-seed-devices: PROVISIONING
business-seed-devices: DOWNLOAD_SOURCE
business-seed-devices: BUILD
business-seed-devices: COMPLETED
business-baseline: PROVISIONING
business-baseline: DOWNLOAD_SOURCE
business-baseline: BUILD
business-baseline: COMPLETED
business-cleanup: PROVISIONING
business-cleanup: DOWNLOAD_SOURCE
business-cleanup: BUILD
business-cleanup: COMPLETED
business-audit: PROVISIONING
business-audit: DOWNLOAD_SOURCE
business-audit: INSTALL
business-audit: BUILD
business-audit: COMPLETED
{"gate":"PASS","stages":{"foundation":"PASS","remaining":"PASS"},"checks":123,"cleanupComplete":true}
observe: PROVISIONING
observe: DOWNLOAD_SOURCE
observe: BUILD
observe: COMPLETED
cleanup: PROVISIONING
cleanup: DOWNLOAD_SOURCE
cleanup: BUILD
cleanup: COMPLETED
{"task":"QA-09","scope":"OWN_BOUNDED_COLD409_SAMPLING","sourceCommit":"0afe48384537c8c79ec6ce87276858120b9fd6ef","prefix":"qa09-312ce5eb54b66938","fullQa09Accepted":false,"gate":"PASS","checks":115,"cleanup":"PASS","parentCleanupObservation":{"gate":"PASS","scope":"ORIGINAL_PARENT_CLEANUP_OPERATIONS_ONLY","operations":13},"fixtureMode":"REAL_RDS_ONBOARDED_STATE_FOR_BUSINESS_APIS_NO_DEVICE_AUTH_CLAIM","sourceReceipt":"/Users/anray/Documents/project/hiddenjoyacom/food-digester-platform/docs/audit/evidence/qa-09-0afe483-r0-r1-2026-10-10/r0/sample.json.sources.json","sourceReceiptSha256":"0d81b5d2a13fdbc5b71393efece563966c0d5aab1ae709fc4daeba9d7eb65ed2","cold409Gate":"NOT_EVALUATED","maxConcurrency":6,"maxPatchRequests":12,"remainingCoverage":"No real device authentication, natural Active, native browser, full 117 behavior or full QA09 acceptance claim"}
