✔ C1 waits for both branches then independent query/checkout; C0 refuses candidate signal; warm absent is null (1.547917ms)
✔ preconnect proof rejects missing (0.091375ms)
✔ preconnect proof rejects duplicate (0.063083ms)
✔ preconnect proof rejects failed (0.057834ms)
✔ preconnect proof rejects foreign (0.067917ms)
✔ preconnect proof rejects bad timestamp (0.075875ms)
✔ preconnect proof rejects dispatch instead of settlement (0.06025ms)
✔ preconnect proof rejects not connection wait (0.056833ms)
✔ preconnect proof rejects query before preparation (0.063ms)
✔ preconnect proof rejects checkout steals readiness (0.087291ms)
✔ preconnect proof rejects outside hook (0.061583ms)
✔ preconnect proof rejects invalid duration (0.048375ms)
✔ preconnect proof rejects orphan (0.043541ms)
✔ preconnect proof rejects consistently empty invocation identities (0.16825ms)
✔ phase proof covers success, conditional conflict and all audit reads without declaring latency/cleanup acceptance (1.001667ms)
✔ cold 409 gate requires matching cold phase flags and successful runtime initialization (1.786458ms)
✔ new account gate requires nested hook, Prisma query, first driver query and checkout on every request (0.221666ms)
✔ account gate rejects missing (0.190583ms)
✔ account gate rejects duplicate (0.16ms)
✔ account gate rejects failure (0.2215ms)
✔ account gate rejects wait-boundary (0.214458ms)
✔ account gate rejects timestamp (0.192292ms)
✔ account gate rejects outside-hook (0.19025ms)
✔ phase proof rejects foreign-invocation (0.138834ms)
✔ phase proof rejects missing-transaction (0.093416ms)
✔ phase proof rejects conflict-code (0.296417ms)
✔ phase proof rejects missing-http (0.05325ms)
✔ phase proof rejects other-run (0.038ms)
✔ bounded sampler requires physical Init Duration as well as application cold phases and retains client metrics (0.567375ms)
✔ bounded sampler rejects foreign-report (0.160792ms)
✔ bounded sampler rejects duplicate-report (0.122917ms)
✔ bounded sampler rejects no-socket-metrics (0.138708ms)
✔ bounded sampler rejects missing-body (0.108208ms)
✔ bounded sampler rejects over-budget (0.090417ms)
✔ bounded sampler rejects missing-audit (0.08575ms)
✔ client preparation requires actual dispatch, cold adapter suffix and leaves warm adapter timings absent (0.563375ms)
✔ client preparation rejects missing prepare (0.1815ms)
✔ client preparation rejects settlement is not driver dispatch (0.158041ms)
✔ client preparation rejects preparation after driver start (0.146ms)
✔ client preparation rejects cold missing suffix (0.155875ms)
✔ client preparation rejects suffix outside preparation (0.327542ms)
✔ client preparation rejects wrong invocation (0.160959ms)
✔ client preparation cannot bypass account phase checks (0.123167ms)
✔ engine CPU mode proves preparation before model, preserves driver boundary and refuses old lazy ownership (1.416417ms)
✔ runtime assembly opt-in preserves both engine ownership modes and rejects old partial runtime receipts (1.120083ms)
✔ parent phase Gate requires engine/runtime and C1 settlement before queries; C0 refuses candidate phases (0.659209ms)
✔ explicit manual false overrides repository true and preserves capacity/immediate context (0.499458ms)
✔ manual deployment rejects branch/SHA, missing mode, phase drift and unsupported events before cloud work (0.134125ms)
✔ push keeps existing resolved defaults but cannot ignore explicit invalid input (0.063958ms)
✔ input pair gate never implies target acceptance and rejects SHA/config/context/duplicate run drift (0.230334ms)
✔ workflow records input receipt before verification/AWS and never interpolates manual input into shell (0.433375ms)
✔ C0/C1 same SHA and engine=true differ only preconnect; push cannot turn candidate on (0.697542ms)
✔ QA09 rollout separates logging, budget and event publication and rejects silent phase mistakes (0.758458ms)
✔ engine CPU diagnosis is explicit and only allowed after pool budget rollout (0.116625ms)
ℹ tests 54
ℹ suites 0
ℹ pass 54
ℹ fail 0
ℹ cancelled 0
ℹ skipped 0
ℹ todo 0
ℹ duration_ms 52.109375
