
> food-digester-platform@0.0.0 verify /Users/anray/Documents/project/hiddenjoyacom/food-digester-platform
> pnpm lint && pnpm format:check && pnpm typecheck && pnpm openapi:check && pnpm test && pnpm build && pnpm check:boundaries && pnpm check:schemas && pnpm check:migrations && pnpm check:evidence && pnpm check:secrets && pnpm check:sensitive-sinks && pnpm check:admin-web-delivery && pnpm check:admin-web-e2e && pnpm check:cmd-ota-delivery && pnpm test:device-contracts /tmp/fdp-device-contracts-gate.json && pnpm test:iot-integration /tmp/fdp-iot-integration-gate.json && pnpm test:core-api-integration /tmp/fdp-core-api-integration-gate.json && pnpm test:admin-e2e-suite /tmp/fdp-admin-e2e-gate.json && pnpm test:security-suite /tmp/fdp-security-gate.json && pnpm test:reliability-suite /tmp/fdp-reliability-gate.json && pnpm test:prototype-regression /tmp/fdp-prototype-regression-gate.json


> food-digester-platform@0.0.0 lint /Users/anray/Documents/project/hiddenjoyacom/food-digester-platform
> eslint .


> food-digester-platform@0.0.0 format:check /Users/anray/Documents/project/hiddenjoyacom/food-digester-platform
> prettier --check .

Checking formatting...
All matched files use Prettier code style!

> food-digester-platform@0.0.0 typecheck /Users/anray/Documents/project/hiddenjoyacom/food-digester-platform
> turbo run typecheck

• turbo 2.10.11

   • Packages in scope: @fdp/admin-web, @fdp/archive-worker, @fdp/auth, @fdp/aws-clients, @fdp/cloud-api, @fdp/contracts, @fdp/database, @fdp/domain, @fdp/infra, @fdp/ingestion-worker, @fdp/media, @fdp/observability, @fdp/summary-worker
   • Running typecheck in 13 packages
   • Remote caching disabled

@fdp/aws-clients:typecheck: cache hit, replaying logs 767e47322641a244
@fdp/aws-clients:typecheck: 
@fdp/aws-clients:typecheck: > @fdp/aws-clients@0.0.0 typecheck /Users/anray/Documents/project/hiddenjoyacom/food-digester-platform/packages/aws-clients
@fdp/aws-clients:typecheck: > tsc -p tsconfig.json
@fdp/aws-clients:typecheck: 
@fdp/observability:typecheck: cache hit, replaying logs a0b06f97baffe220
@fdp/contracts:build: cache hit, replaying logs badb40bf08f6da73
@fdp/contracts:typecheck: cache hit, replaying logs aa15856efcfb63ca
@fdp/infra:typecheck: cache hit, replaying logs ce88fe65165f8d55
@fdp/observability:typecheck: 
@fdp/observability:typecheck: > @fdp/observability@0.0.0 typecheck /Users/anray/Documents/project/hiddenjoyacom/food-digester-platform/packages/observability
@fdp/observability:typecheck: > tsc -p tsconfig.json
@fdp/observability:typecheck: 
@fdp/contracts:build: 
@fdp/contracts:build: > @fdp/contracts@0.0.0 build /Users/anray/Documents/project/hiddenjoyacom/food-digester-platform/contracts
@fdp/contracts:build: > node -e "console.log('@fdp/contracts 为源码契约包：内部使用 .ts 扩展名互引，不经 tsc 构建；消费方经 tsx/打包器直接使用源码')"
@fdp/contracts:build: 
@fdp/contracts:build: @fdp/contracts 为源码契约包：内部使用 .ts 扩展名互引，不经 tsc 构建；消费方经 tsx/打包器直接使用源码
@fdp/infra:typecheck: 
@fdp/infra:typecheck: > @fdp/infra@0.0.0 typecheck /Users/anray/Documents/project/hiddenjoyacom/food-digester-platform/infra
@fdp/infra:typecheck: > tsc -p tsconfig.json
@fdp/infra:typecheck: 
@fdp/contracts:typecheck: 
@fdp/contracts:typecheck: > @fdp/contracts@0.0.0 typecheck /Users/anray/Documents/project/hiddenjoyacom/food-digester-platform/contracts
@fdp/contracts:typecheck: > tsc -p tsconfig.json
@fdp/contracts:typecheck: 
@fdp/domain:typecheck: cache hit, replaying logs fd26312a4c0953c8
@fdp/domain:typecheck: 
@fdp/domain:typecheck: > @fdp/domain@0.0.0 typecheck /Users/anray/Documents/project/hiddenjoyacom/food-digester-platform/packages/domain
@fdp/domain:typecheck: > tsc -p tsconfig.json
@fdp/domain:typecheck: 
@fdp/database:generate: cache hit, replaying logs 0a1b95f052ac6898
@fdp/database:generate: 
@fdp/database:generate: > @fdp/database@0.0.0 generate /Users/anray/Documents/project/hiddenjoyacom/food-digester-platform/packages/database
@fdp/database:generate: > prisma generate
@fdp/database:generate: 
@fdp/database:generate: Loaded Prisma config from prisma.config.ts.
@fdp/database:generate: 
@fdp/database:generate: Prisma schema loaded from prisma/schema.prisma.
@fdp/database:generate: 
@fdp/database:generate: ✔ Generated Prisma Client (7.9.1) to ./src/generated in 152ms
@fdp/database:generate: 
@fdp/observability:build: cache hit, replaying logs 548a24332771f8b7
@fdp/observability:build: 
@fdp/observability:build: > @fdp/observability@0.0.0 build /Users/anray/Documents/project/hiddenjoyacom/food-digester-platform/packages/observability
@fdp/observability:build: > tsc -p tsconfig.build.json
@fdp/observability:build: 
@fdp/domain:build: cache hit, replaying logs 47ef0249a0b99843
@fdp/domain:build: 
@fdp/domain:build: > @fdp/domain@0.0.0 build /Users/anray/Documents/project/hiddenjoyacom/food-digester-platform/packages/domain
@fdp/domain:build: > tsc -p tsconfig.build.json
@fdp/domain:build: 
@fdp/database:typecheck: cache hit, replaying logs 296cc02212625e83
@fdp/database:typecheck: 
@fdp/database:typecheck: > @fdp/database@0.0.0 typecheck /Users/anray/Documents/project/hiddenjoyacom/food-digester-platform/packages/database
@fdp/database:typecheck: > tsc -p tsconfig.json
@fdp/database:typecheck: 
@fdp/aws-clients:build: cache hit, replaying logs 72b741ff8e28f9c8
@fdp/aws-clients:build: 
@fdp/aws-clients:build: > @fdp/aws-clients@0.0.0 build /Users/anray/Documents/project/hiddenjoyacom/food-digester-platform/packages/aws-clients
@fdp/aws-clients:build: > tsc -p tsconfig.build.json
@fdp/aws-clients:build: 
@fdp/database:build: cache hit, replaying logs 49f924209107aab2
@fdp/database:build: 
@fdp/database:build: > @fdp/database@0.0.0 build /Users/anray/Documents/project/hiddenjoyacom/food-digester-platform/packages/database
@fdp/database:build: > tsc -p tsconfig.build.json
@fdp/database:build: 
@fdp/media:typecheck: cache hit, replaying logs 373350b1e08ba96e
@fdp/archive-worker:typecheck: cache hit, replaying logs ffaba39cb0ec33bb
@fdp/media:typecheck: 
@fdp/media:typecheck: > @fdp/media@0.0.0 typecheck /Users/anray/Documents/project/hiddenjoyacom/food-digester-platform/packages/media
@fdp/media:typecheck: > tsc -p tsconfig.json
@fdp/media:typecheck: 
@fdp/archive-worker:typecheck: 
@fdp/archive-worker:typecheck: > @fdp/archive-worker@0.0.0 typecheck /Users/anray/Documents/project/hiddenjoyacom/food-digester-platform/apps/archive-worker
@fdp/archive-worker:typecheck: > tsc -p tsconfig.json
@fdp/archive-worker:typecheck: 
@fdp/auth:typecheck: cache hit, replaying logs 2c9d1b88d762ac7e
@fdp/auth:typecheck: 
@fdp/auth:typecheck: > @fdp/auth@0.0.0 typecheck /Users/anray/Documents/project/hiddenjoyacom/food-digester-platform/packages/auth
@fdp/auth:typecheck: > tsc -p tsconfig.json
@fdp/auth:typecheck: 
@fdp/summary-worker:typecheck: cache hit, replaying logs 1f7e18ab1639ce64
@fdp/summary-worker:typecheck: 
@fdp/summary-worker:typecheck: > @fdp/summary-worker@0.0.0 typecheck /Users/anray/Documents/project/hiddenjoyacom/food-digester-platform/apps/summary-worker
@fdp/summary-worker:typecheck: > tsc -p tsconfig.json
@fdp/summary-worker:typecheck: 
@fdp/media:build: cache hit, replaying logs a99b79ffc692cec0
@fdp/media:build: 
@fdp/media:build: > @fdp/media@0.0.0 build /Users/anray/Documents/project/hiddenjoyacom/food-digester-platform/packages/media
@fdp/media:build: > tsc -p tsconfig.build.json
@fdp/media:build: 
@fdp/auth:build: cache hit, replaying logs 5d51195380a2a2a3
@fdp/auth:build: 
@fdp/auth:build: > @fdp/auth@0.0.0 build /Users/anray/Documents/project/hiddenjoyacom/food-digester-platform/packages/auth
@fdp/auth:build: > tsc -p tsconfig.build.json
@fdp/auth:build: 
@fdp/admin-web:typecheck: cache hit, replaying logs ab273557cf216424
@fdp/cloud-api:typecheck: cache hit, replaying logs 7f40e85c652f1d55
@fdp/admin-web:typecheck: 
@fdp/ingestion-worker:typecheck: cache hit, replaying logs 22cbaf898d75c6d7
@fdp/cloud-api:typecheck: 
@fdp/cloud-api:typecheck: > @fdp/cloud-api@0.0.0 typecheck /Users/anray/Documents/project/hiddenjoyacom/food-digester-platform/apps/cloud-api
@fdp/cloud-api:typecheck: > tsc -p tsconfig.json
@fdp/cloud-api:typecheck: 
@fdp/admin-web:typecheck: > @fdp/admin-web@0.0.0 typecheck /Users/anray/Documents/project/hiddenjoyacom/food-digester-platform/apps/admin-web
@fdp/admin-web:typecheck: > tsc -p tsconfig.json && tsc -p tsconfig.e2e.json
@fdp/admin-web:typecheck: 
@fdp/ingestion-worker:typecheck: 
@fdp/ingestion-worker:typecheck: > @fdp/ingestion-worker@0.0.0 typecheck /Users/anray/Documents/project/hiddenjoyacom/food-digester-platform/apps/ingestion-worker
@fdp/ingestion-worker:typecheck: > tsc -p tsconfig.json
@fdp/ingestion-worker:typecheck: 

 Tasks:    21 successful, 21 total
Cached:    21 cached, 21 total
  Time:    100ms >>> FULL TURBO


> food-digester-platform@0.0.0 openapi:check /Users/anray/Documents/project/hiddenjoyacom/food-digester-platform
> node scripts/build-openapi.mjs --check && redocly lint contracts/rest/openapi-base.json "contracts/rest/*-api.json" contracts/rest/openapi.bundle.json --extends spec

OpenAPI bundle 新鲜：contracts/rest/openapi.bundle.json

    ╔═══════════════════════════════════════════════════════╗
    ║                                                       ║
    ║  A new version of Redocly CLI (2.60.0) is available.  ║
    ║  Update now: `npm i -g @redocly/cli@latest`.          ║
    ║  Changelog: https://redocly.com/docs/cli/changelog/   ║
    ║                                                       ║
    ╚═══════════════════════════════════════════════════════╝

validating contracts/rest/openapi-base.json...
contracts/rest/openapi-base.json: validated in 6ms

validating contracts/rest/prototype-planned-api.json...
contracts/rest/prototype-planned-api.json: validated in 5ms

validating contracts/rest/device-sync-api.json...
contracts/rest/device-sync-api.json: validated in 6ms

validating contracts/rest/device-ota-api.json...
contracts/rest/device-ota-api.json: validated in 3ms

validating contracts/rest/device-onboarding-api.json...
contracts/rest/device-onboarding-api.json: validated in 3ms

validating contracts/rest/device-media-api.json...
contracts/rest/device-media-api.json: validated in 3ms

validating contracts/rest/device-deactivate-api.json...
contracts/rest/device-deactivate-api.json: validated in 3ms

validating contracts/rest/device-certificate-api.json...
contracts/rest/device-certificate-api.json: validated in 2ms

validating contracts/rest/admin-user-api.json...
contracts/rest/admin-user-api.json: validated in 3ms

validating contracts/rest/admin-site-api.json...
contracts/rest/admin-site-api.json: validated in 4ms

validating contracts/rest/admin-settings-api.json...
contracts/rest/admin-settings-api.json: validated in 3ms

validating contracts/rest/admin-replay-api.json...
contracts/rest/admin-replay-api.json: validated in 2ms

validating contracts/rest/admin-ota-package-api.json...
contracts/rest/admin-ota-package-api.json: validated in 3ms

validating contracts/rest/admin-ota-campaign-api.json...
contracts/rest/admin-ota-campaign-api.json: validated in 4ms

validating contracts/rest/admin-onboarding-api.json...
contracts/rest/admin-onboarding-api.json: validated in 3ms

validating contracts/rest/admin-media-api.json...
contracts/rest/admin-media-api.json: validated in 2ms

validating contracts/rest/admin-license-api.json...
contracts/rest/admin-license-api.json: validated in 4ms

validating contracts/rest/admin-esg-api.json...
contracts/rest/admin-esg-api.json: validated in 4ms

validating contracts/rest/admin-device-user-api.json...
contracts/rest/admin-device-user-api.json: validated in 3ms

validating contracts/rest/admin-device-status-api.json...
contracts/rest/admin-device-status-api.json: validated in 2ms

validating contracts/rest/admin-device-retirement-api.json...
contracts/rest/admin-device-retirement-api.json: validated in 2ms

validating contracts/rest/admin-device-console-api.json...
contracts/rest/admin-device-console-api.json: validated in 3ms

validating contracts/rest/admin-device-assignment-api.json...
contracts/rest/admin-device-assignment-api.json: validated in 2ms

validating contracts/rest/admin-device-api.json...
contracts/rest/admin-device-api.json: validated in 3ms

validating contracts/rest/admin-dashboard-api.json...
contracts/rest/admin-dashboard-api.json: validated in 3ms

validating contracts/rest/admin-customer-api.json...
contracts/rest/admin-customer-api.json: validated in 3ms

validating contracts/rest/admin-contract-device-api.json...
contracts/rest/admin-contract-device-api.json: validated in 3ms

validating contracts/rest/admin-contract-api.json...
contracts/rest/admin-contract-api.json: validated in 3ms

validating contracts/rest/admin-consumable-request-api.json...
contracts/rest/admin-consumable-request-api.json: validated in 2ms

validating contracts/rest/admin-consumable-api.json...
contracts/rest/admin-consumable-api.json: validated in 2ms

validating contracts/rest/admin-configuration-api.json...
contracts/rest/admin-configuration-api.json: validated in 3ms

validating contracts/rest/admin-command-api.json...
contracts/rest/admin-command-api.json: validated in 3ms

validating contracts/rest/admin-certificate-rotation-api.json...
contracts/rest/admin-certificate-rotation-api.json: validated in 2ms

validating contracts/rest/admin-audit-api.json...
contracts/rest/admin-audit-api.json: validated in 2ms

validating contracts/rest/admin-alarm-api.json...
contracts/rest/admin-alarm-api.json: validated in 3ms

validating contracts/rest/openapi.bundle.json...
contracts/rest/openapi.bundle.json: validated in 32ms

Woohoo! Your API descriptions are valid. 🎉


> food-digester-platform@0.0.0 test /Users/anray/Documents/project/hiddenjoyacom/food-digester-platform
> vitest run && pnpm test:contracts && pnpm test:scripts


 RUN  v4.1.11 /Users/anray/Documents/project/hiddenjoyacom/food-digester-platform

Bundling asset Qa09Perf/IngestionFn/Code/Stage...
Bundling asset TestStack/IngestionFn/Code/Stage...
Bundling asset DeployTest/IngestionFn/Code/Stage...
Bundling asset DeployTest/ArchiveFn/Code/Stage...
Bundling asset TestStack/ArchiveFn/Code/Stage...
Bundling asset Qa09Perf/ArchiveFn/Code/Stage...
Bundling asset DeployTest/OutboxPublisherFn/Code/Stage...
Bundling asset Qa09Perf/OutboxPublisherFn/Code/Stage...
Bundling asset TestStack/OutboxPublisherFn/Code/Stage...
Bundling asset DeployTest/NotificationPublisherFn/Code/Stage...
Bundling asset Qa09Perf/NotificationPublisherFn/Code/Stage...
Bundling asset TestStack/NotificationPublisherFn/Code/Stage...
Bundling asset DeployTest/SummaryFn/Code/Stage...
Bundling asset TestStack/SummaryFn/Code/Stage...
Bundling asset Qa09Perf/SummaryFn/Code/Stage...
Bundling asset Qa09Perf/ReplayTriggerPublisherFn/Code/Stage...
Bundling asset TestStack/ReplayTriggerPublisherFn/Code/Stage...
Bundling asset DeployTest/ReplayTriggerPublisherFn/Code/Stage...
Bundling asset Qa09Perf/ReplayFn/Code/Stage...
Bundling asset DeployTest/ReplayFn/Code/Stage...
Bundling asset TestStack/ReplayFn/Code/Stage...
Bundling asset DeployTest/CertPackageSweeperFn/Code/Stage...
Bundling asset Qa09Perf/CertPackageSweeperFn/Code/Stage...
Bundling asset TestStack/CertPackageSweeperFn/Code/Stage...
Bundling asset DeployTest/OnboardingDeadlineFn/Code/Stage...
Bundling asset Qa09Perf/OnboardingDeadlineFn/Code/Stage...
Bundling asset TestStack/OnboardingDeadlineFn/Code/Stage...
Bundling asset DeployTest/RetirementTimeoutFn/Code/Stage...
Bundling asset Qa09Perf/RetirementTimeoutFn/Code/Stage...
Bundling asset TestStack/RetirementTimeoutFn/Code/Stage...
Bundling asset DeployTest/ActivityExportFn/Code/Stage...
Bundling asset Qa09Perf/ActivityExportFn/Code/Stage...
Bundling asset TestStack/ActivityExportFn/Code/Stage...
Bundling asset DeployTest/EsgExportFn/Code/Stage...
Bundling asset Qa09Perf/EsgExportFn/Code/Stage...
Bundling asset TestStack/EsgExportFn/Code/Stage...
Bundling asset DeployTest/CommandPublisherFn/Code/Stage...
Bundling asset Qa09Perf/CommandPublisherFn/Code/Stage...
Bundling asset TestStack/CommandPublisherFn/Code/Stage...
Bundling asset DeployTest/CommandTimeoutFn/Code/Stage...
Bundling asset Qa09Perf/CommandTimeoutFn/Code/Stage...
Bundling asset TestStack/CommandTimeoutFn/Code/Stage...
Bundling asset DeployTest/OtaDispatcherFn/Code/Stage...
Bundling asset Qa09Perf/OtaDispatcherFn/Code/Stage...
Bundling asset TestStack/OtaDispatcherFn/Code/Stage...
Bundling asset DeployTest/OnboardingApiFn/Code/Stage...
Bundling asset Qa09Perf/OnboardingApiFn/Code/Stage...
Bundling asset TestStack/OnboardingApiFn/Code/Stage...
Bundling asset DeployTest/OnboardingProvisioningFn/Code/Stage...
Bundling asset Qa09Perf/OnboardingProvisioningFn/Code/Stage...
Bundling asset TestStack/OnboardingProvisioningFn/Code/Stage...
Bundling asset DeployTest/DeviceApiFn/Code/Stage...
Bundling asset Qa09Perf/DeviceApiFn/Code/Stage...
Bundling asset TestStack/DeviceApiFn/Code/Stage...
Bundling asset DeployTest/ApiFn/Code/Stage...
Bundling asset Qa09Perf/ApiFn/Code/Stage...
Bundling asset TestStack/ApiFn/Code/Stage...
Bundling asset TestStack/IngestionFn/Code/Stage...
Bundling asset TestStack/ArchiveFn/Code/Stage...
Bundling asset TestStack/OutboxPublisherFn/Code/Stage...
Bundling asset TestStack/NotificationPublisherFn/Code/Stage...
Bundling asset TestStack/SummaryFn/Code/Stage...
Bundling asset TestStack/ReplayTriggerPublisherFn/Code/Stage...
Bundling asset TestStack/ReplayFn/Code/Stage...
Bundling asset TestStack/CertPackageSweeperFn/Code/Stage...
Bundling asset TestStack/OnboardingDeadlineFn/Code/Stage...
Bundling asset TestStack/RetirementTimeoutFn/Code/Stage...
Bundling asset TestStack/ActivityExportFn/Code/Stage...
Bundling asset TestStack/EsgExportFn/Code/Stage...
Bundling asset TestStack/CommandPublisherFn/Code/Stage...
Bundling asset TestStack/CommandTimeoutFn/Code/Stage...
Bundling asset TestStack/OtaDispatcherFn/Code/Stage...
Bundling asset TestStack/OnboardingApiFn/Code/Stage...
Bundling asset TestStack/OnboardingProvisioningFn/Code/Stage...
Bundling asset TestStack/DeviceApiFn/Code/Stage...
Bundling asset TestStack/ApiFn/Code/Stage...
Bundling asset TestStack/IngestionFn/Code/Stage...
Bundling asset TestStack/ArchiveFn/Code/Stage...
Bundling asset TestStack/OutboxPublisherFn/Code/Stage...
Bundling asset TestStack/NotificationPublisherFn/Code/Stage...
Bundling asset TestStack/SummaryFn/Code/Stage...
Bundling asset TestStack/ReplayTriggerPublisherFn/Code/Stage...
Bundling asset TestStack/ReplayFn/Code/Stage...
Bundling asset TestStack/CertPackageSweeperFn/Code/Stage...
Bundling asset TestStack/OnboardingDeadlineFn/Code/Stage...
Bundling asset TestStack/RetirementTimeoutFn/Code/Stage...
Bundling asset TestStack/ActivityExportFn/Code/Stage...
Bundling asset TestStack/EsgExportFn/Code/Stage...
Bundling asset TestStack/CommandPublisherFn/Code/Stage...
Bundling asset TestStack/CommandTimeoutFn/Code/Stage...
Bundling asset TestStack/OtaDispatcherFn/Code/Stage...
Bundling asset TestStack/OnboardingApiFn/Code/Stage...
Bundling asset TestStack/OnboardingProvisioningFn/Code/Stage...
Bundling asset TestStack/DeviceApiFn/Code/Stage...
Bundling asset TestStack/ApiFn/Code/Stage...
Bundling asset TestStack/IngestionFn/Code/Stage...
Bundling asset TestStack/ArchiveFn/Code/Stage...
Bundling asset TestStack/OutboxPublisherFn/Code/Stage...
Bundling asset TestStack/NotificationPublisherFn/Code/Stage...
Bundling asset TestStack/SummaryFn/Code/Stage...
Bundling asset TestStack/IngestionFn/Code/Stage...
Bundling asset TestStack/ReplayTriggerPublisherFn/Code/Stage...
Bundling asset TestStack/ArchiveFn/Code/Stage...
Bundling asset TestStack/ReplayFn/Code/Stage...
Bundling asset TestStack/OutboxPublisherFn/Code/Stage...
Bundling asset TestStack/CertPackageSweeperFn/Code/Stage...
Bundling asset TestStack/NotificationPublisherFn/Code/Stage...
Bundling asset TestStack/OnboardingDeadlineFn/Code/Stage...
Bundling asset TestStack/SummaryFn/Code/Stage...
Bundling asset TestStack/RetirementTimeoutFn/Code/Stage...
Bundling asset TestStack/ReplayTriggerPublisherFn/Code/Stage...
Bundling asset TestStack/ActivityExportFn/Code/Stage...
Bundling asset TestStack/ReplayFn/Code/Stage...
Bundling asset TestStack/EsgExportFn/Code/Stage...
Bundling asset TestStack/CertPackageSweeperFn/Code/Stage...
Bundling asset TestStack/CommandPublisherFn/Code/Stage...
Bundling asset TestStack/OnboardingDeadlineFn/Code/Stage...
Bundling asset TestStack/CommandTimeoutFn/Code/Stage...
Bundling asset TestStack/RetirementTimeoutFn/Code/Stage...
Bundling asset TestStack/OtaDispatcherFn/Code/Stage...
Bundling asset TestStack/ActivityExportFn/Code/Stage...
Bundling asset TestStack/OnboardingApiFn/Code/Stage...
Bundling asset TestStack/EsgExportFn/Code/Stage...
Bundling asset TestStack/OnboardingProvisioningFn/Code/Stage...
Bundling asset TestStack/CommandPublisherFn/Code/Stage...
Bundling asset TestStack/DeviceApiFn/Code/Stage...
Bundling asset TestStack/CommandTimeoutFn/Code/Stage...
Bundling asset TestStack/ApiFn/Code/Stage...
Bundling asset TestStack/OtaDispatcherFn/Code/Stage...
Bundling asset TestStack/OnboardingApiFn/Code/Stage...
Bundling asset TestStack/OnboardingProvisioningFn/Code/Stage...
Bundling asset TestStack/IngestionFn/Code/Stage...
Bundling asset TestStack/DeviceApiFn/Code/Stage...
Bundling asset TestStack/ArchiveFn/Code/Stage...
Bundling asset TestStack/ApiFn/Code/Stage...
Bundling asset TestStack/OutboxPublisherFn/Code/Stage...
Bundling asset TestStack/NotificationPublisherFn/Code/Stage...
Bundling asset TestStack/SummaryFn/Code/Stage...
Bundling asset TestStack/ReplayTriggerPublisherFn/Code/Stage...
Bundling asset TestStack/ReplayFn/Code/Stage...
Bundling asset TestStack/CertPackageSweeperFn/Code/Stage...
Bundling asset TestStack/OnboardingDeadlineFn/Code/Stage...
Bundling asset TestStack/RetirementTimeoutFn/Code/Stage...
Bundling asset TestStack/ActivityExportFn/Code/Stage...
Bundling asset TestStack/EsgExportFn/Code/Stage...
Bundling asset TestStack/CommandPublisherFn/Code/Stage...
Bundling asset TestStack/CommandTimeoutFn/Code/Stage...
Bundling asset TestStack/OtaDispatcherFn/Code/Stage...
Bundling asset TestStack/OnboardingApiFn/Code/Stage...
Bundling asset TestStack/OnboardingProvisioningFn/Code/Stage...
Bundling asset TestStack/DeviceApiFn/Code/Stage...
Bundling asset TestStack/ApiFn/Code/Stage...
Bundling asset TestStack/IngestionFn/Code/Stage...
Bundling asset TestStack/ArchiveFn/Code/Stage...
Bundling asset TestStack/OutboxPublisherFn/Code/Stage...
Bundling asset TestStack/NotificationPublisherFn/Code/Stage...
Bundling asset TestStack/SummaryFn/Code/Stage...
Bundling asset TestStack/ReplayTriggerPublisherFn/Code/Stage...
Bundling asset TestStack/ReplayFn/Code/Stage...
Bundling asset TestStack/CertPackageSweeperFn/Code/Stage...
Bundling asset TestStack/OnboardingDeadlineFn/Code/Stage...
Bundling asset TestStack/RetirementTimeoutFn/Code/Stage...
Bundling asset TestStack/ActivityExportFn/Code/Stage...
Bundling asset TestStack/EsgExportFn/Code/Stage...
Bundling asset TestStack/CommandPublisherFn/Code/Stage...
Bundling asset TestStack/CommandTimeoutFn/Code/Stage...
Bundling asset TestStack/OtaDispatcherFn/Code/Stage...
Bundling asset TestStack/OnboardingApiFn/Code/Stage...
Bundling asset TestStack/OnboardingProvisioningFn/Code/Stage...
Bundling asset TestStack/DeviceApiFn/Code/Stage...
Bundling asset TestStack/ApiFn/Code/Stage...
Bundling asset TestStack/IngestionFn/Code/Stage...
Bundling asset TestStack/ArchiveFn/Code/Stage...
Bundling asset TestStack/OutboxPublisherFn/Code/Stage...
Bundling asset TestStack/NotificationPublisherFn/Code/Stage...
Bundling asset TestStack/SummaryFn/Code/Stage...
Bundling asset TestStack/ReplayTriggerPublisherFn/Code/Stage...
Bundling asset TestStack/ReplayFn/Code/Stage...
Bundling asset TestStack/CertPackageSweeperFn/Code/Stage...
Bundling asset TestStack/OnboardingDeadlineFn/Code/Stage...
Bundling asset TestStack/RetirementTimeoutFn/Code/Stage...
Bundling asset TestStack/ActivityExportFn/Code/Stage...
Bundling asset TestStack/EsgExportFn/Code/Stage...
Bundling asset TestStack/CommandPublisherFn/Code/Stage...
Bundling asset TestStack/CommandTimeoutFn/Code/Stage...
Bundling asset TestStack/OtaDispatcherFn/Code/Stage...
Bundling asset TestStack/OnboardingApiFn/Code/Stage...
Bundling asset TestStack/OnboardingProvisioningFn/Code/Stage...
Bundling asset TestStack/DeviceApiFn/Code/Stage...
Bundling asset TestStack/ApiFn/Code/Stage...
Bundling asset Named/IngestionFn/Code/Stage...
Bundling asset Named/ArchiveFn/Code/Stage...
Bundling asset Named/OutboxPublisherFn/Code/Stage...
Bundling asset Named/NotificationPublisherFn/Code/Stage...
Bundling asset Named/SummaryFn/Code/Stage...
Bundling asset Named/ReplayTriggerPublisherFn/Code/Stage...
Bundling asset Named/ReplayFn/Code/Stage...
Bundling asset Named/CertPackageSweeperFn/Code/Stage...
Bundling asset Named/OnboardingDeadlineFn/Code/Stage...
Bundling asset Named/RetirementTimeoutFn/Code/Stage...
Bundling asset Named/ActivityExportFn/Code/Stage...
Bundling asset Named/EsgExportFn/Code/Stage...
Bundling asset Named/CommandPublisherFn/Code/Stage...
Bundling asset Named/CommandTimeoutFn/Code/Stage...
Bundling asset Named/OtaDispatcherFn/Code/Stage...
Bundling asset Named/OnboardingApiFn/Code/Stage...
Bundling asset Named/OnboardingProvisioningFn/Code/Stage...
Bundling asset Named/DeviceApiFn/Code/Stage...
Bundling asset Named/ApiFn/Code/Stage...
Bundling asset TestStack/IngestionFn/Code/Stage...
Bundling asset TestStack/ArchiveFn/Code/Stage...
Bundling asset TestStack/OutboxPublisherFn/Code/Stage...
Bundling asset TestStack/NotificationPublisherFn/Code/Stage...
Bundling asset TestStack/SummaryFn/Code/Stage...
Bundling asset TestStack/ReplayTriggerPublisherFn/Code/Stage...
Bundling asset TestStack/ReplayFn/Code/Stage...
Bundling asset TestStack/CertPackageSweeperFn/Code/Stage...
Bundling asset TestStack/OnboardingDeadlineFn/Code/Stage...
Bundling asset TestStack/RetirementTimeoutFn/Code/Stage...
Bundling asset TestStack/ActivityExportFn/Code/Stage...
Bundling asset TestStack/EsgExportFn/Code/Stage...
Bundling asset TestStack/CommandPublisherFn/Code/Stage...
Bundling asset TestStack/CommandTimeoutFn/Code/Stage...
Bundling asset TestStack/OtaDispatcherFn/Code/Stage...
Bundling asset TestStack/OnboardingApiFn/Code/Stage...
Bundling asset TestStack/OnboardingProvisioningFn/Code/Stage...
Bundling asset TestStack/DeviceApiFn/Code/Stage...
Bundling asset TestStack/ApiFn/Code/Stage...

 Test Files  182 passed (182)
      Tests  1497 passed (1497)
   Start at  10:01:21
   Duration  70.72s (transform 9.49s, setup 1.24s, import 164.33s, tests 313.58s, environment 13.14s)


> food-digester-platform@0.0.0 test:contracts /Users/anray/Documents/project/hiddenjoyacom/food-digester-platform
> pnpm --filter @fdp/contracts test


> @fdp/contracts@0.0.0 test /Users/anray/Documents/project/hiddenjoyacom/food-digester-platform/contracts
> node --import tsx --test mqtt/*.test.ts mqtt/*.test.mjs domain/*.test.ts lifecycle/*.test.ts media/*.test.ts security/*.test.ts rest/*.test.ts iot/*.test.mjs archive/*.test.mjs configuration/*.test.ts settings/*.test.ts

✔ 合法 Manifest fixtures 通过校验 (0.863125ms)
✔ 非法 Manifest fixtures 被拒绝 (0.20875ms)
✔ DEC-016 已冻结且策略覆盖全部阻塞任务 (0.586416ms)
✔ 三类来源使用独立 Envelope 与互斥前缀 (0.120458ms)
✔ License/OTA 禁止伪装为 MQTT 原文，OTA 记录类型封闭 (0.059584ms)
✔ 归档 Envelope 判别字段和版本固定 (0.393292ms)
✔ DEC-018 策略结构有效、已冻结且覆盖全部阻塞任务 (2.456625ms)
✔ V1 只允许四字段，范围、单位、默认值与冻结值一致 (0.106333ms)
✔ Admin Configuration 与 Device Sync OpenAPI 逐字段匹配统一策略 (0.161792ms)
✔ TS 常量与 JSON 策略一致 (0.064959ms)
✔ 策略 JSON 通过自身 JSON Schema 结构校验 (0.732833ms)
✔ 负向结构：实时流启用、非法范围/刷新模式与缺失字段被 Schema 拒绝 (0.273041ms)
✔ x-decision-versions 引用 DEC-009 且版本与决策登记一致；prototype-traceability.yaml 同步 (0.062416ms)
✔ 冻结值定性规则可执行：仅最新授权 Media、手动刷新、禁实时流 (0.061125ms)
✔ 策略消费者均为合法任务 ID 且覆盖 DEC-009 阻塞任务 (0.113333ms)
✔ TS 常量与 camera-interaction-policy.json 完全一致 (0.091708ms)
✔ 策略 JSON 通过自身 JSON Schema 结构校验 (0.725042ms)
✔ 负向结构：数据来源篡改与缺失字段被 Schema 拒绝 (2.252958ms)
✔ x-decision-versions 引用 DEC-008 且版本与决策登记一致；prototype-traceability.yaml 同步 (0.352ms)
✔ 冻结值定性规则可执行：封闭类型集合、仅设备上报、禁云端臆测 (0.266959ms)
✔ 冻结参数可执行：正式名称、阈值和 24 小时过期规则 (0.416ms)
✔ 策略消费者均为合法任务 ID 且覆盖 DEC-008 阻塞任务 (0.155667ms)
✔ TS 常量与 consumables-policy.json 完全一致 (0.097333ms)
✔ 策略 JSON 通过自身 JSON Schema 结构校验 (0.728375ms)
✔ 负向结构：联动规则反转与缺失字段被 Schema 拒绝 (0.302625ms)
✔ x-decision-versions 引用 DEC-007 且版本与决策登记一致；prototype-traceability.yaml 同步 (0.066875ms)
✔ 冻结值定性规则可执行：职责划分、联动与展示 (0.110542ms)
✔ 策略消费者均为合法任务 ID 且覆盖 DEC-007 阻塞任务与关联任务 (0.128667ms)
✔ TS 常量与 contract-license-relation.json 完全一致 (0.144083ms)
✔ DEC-019 alias 策略已冻结且无待定参数 (0.558542ms)
✔ TS、JSON 与 Admin Device OpenAPI 使用同一 alias 规则 (0.104208ms)
✔ 策略 JSON 通过自身 JSON Schema 结构校验 (1.733416ms)
✔ 负向结构：单字段混用、独立存储"启用"与缺失字段被 Schema 拒绝 (0.719833ms)
✔ x-decision-versions 引用 DEC-010 且版本与决策登记一致；prototype-traceability.yaml 同步 (0.157125ms)
✔ 冻结值定性规则可执行：四轴分离、禁单字段混用、派生原则 (0.147791ms)
✔ 冻结参数可执行：启用由 Active 生命周期和有效 License 派生 (0.06275ms)
✔ 策略消费者均为合法任务 ID 且覆盖 DEC-010 阻塞任务与关联任务 (0.1415ms)
✔ TS 常量与 device-status-axes-policy.json 完全一致 (0.075625ms)
✔ 策略 JSON 通过自身 JSON Schema 结构校验 (1.669042ms)
✔ 负向结构：设备地域真值与缺失字段被 Schema 拒绝 (0.562416ms)
✔ x-decision-versions 引用 DEC-011 且版本与决策登记一致；prototype-traceability.yaml 同步 (0.144084ms)
✔ 冻结值定性规则可执行：层级链、Site 属性、设备仅关联 Site (0.287833ms)
✔ 策略消费者均为合法任务 ID 且覆盖 DEC-011 阻塞任务 (0.32075ms)
✔ TS 常量与 geo-model-policy.json 完全一致 (0.1495ms)
✔ 策略 JSON 通过自身 JSON Schema 结构校验 (1.46925ms)
✔ 负向结构：AWS 授权、矩阵可编辑与缺失字段被 Schema 拒绝 (0.294292ms)
✔ x-decision-versions 引用 DEC-012 且版本与决策登记一致；prototype-traceability.yaml 同步 (0.066416ms)
✔ 冻结值定性规则可执行：封闭映射、界面名、AWS 权限与矩阵规则 (0.143833ms)
✔ 策略消费者均为合法任务 ID 且覆盖 DEC-012 阻塞任务 (0.127291ms)
✔ TS 常量与 role-mapping-policy.json 完全一致 (0.073958ms)
✔ Envelope 必填五个 iot* 上下文字段，Payload 平铺透传 (0.581541ms)
✔ iotType 枚举与 topic-catalog 上行类型严格一致（8 个） (0.09275ms)
✔ 所有合法 Fixture 通过校验（含 Payload 内不可信身份字段的样本） (0.2805ms)
✔ 所有非法 Fixture 被稳定拒绝且错误路径正确 (0.123792ms)
✔ 矩阵 JSON 通过自身 JSON Schema 结构校验 (0.90125ms)
✔ 负向结构：缺失必填字段、非法枚举与额外行为键被 Schema 拒绝 (0.479458ms)
✔ x-decision-versions 引用 DEC-001 且版本与决策登记一致 (0.057833ms)
✔ 冻结值：独立状态；允许维护、同步、遥测、告警和 OTA (0.071208ms)
✔ Maintenance Sync 节奏为 15 分钟（Suspended 节奏） (0.059417ms)
✔ 失败关闭：未知行为拒绝并抛出稳定错误 (0.170375ms)
✔ 命令策略与 command-catalog 一致：Maintenance 允许集合 == Suspended 允许集合 (0.111334ms)
✔ 行为条目消费者均为合法任务 ID 且覆盖 DEC-001 阻塞任务 (0.119584ms)
✔ TS 常量与 maintenance-behavior-matrix.json 完全一致 (0.118708ms)
✔ DEC-017 策略结构有效、已冻结且覆盖全部阻塞任务 (0.7295ms)
✔ 24 小时截止从证书包存储开始，截止边界包含在超时内 (1.065959ms)
✔ 超时处置、迟到 Heartbeat 与重新申请规则失败关闭 (0.14275ms)
✔ TS 常量与 JSON 策略一致 (0.133542ms)
✔ 策略 JSON 通过自身 JSON Schema 结构校验 (0.711083ms)
✔ 负向结构：存储位置篡改、非法处置行为与缺失字段被 Schema 拒绝 (0.32975ms)
✔ x-decision-versions 引用 DEC-005 且版本与决策登记一致 (0.056958ms)
✔ 冻结值定性规则可执行：RDS 元数据 / S3 文件分离 (0.055917ms)
✔ 冻结参数可执行：元数据 365 天、文件 90 天且删除文件保留元数据 (0.074083ms)
✔ 策略消费者均为合法任务 ID 且覆盖 DEC-005 阻塞任务与关联任务 (0.109792ms)
✔ TS 常量与 media-retention-policy.json 完全一致 (0.0905ms)
✔ 策略 JSON 通过自身 JSON Schema 结构校验 (0.708625ms)
✔ 负向结构：客户端指定 Key、篡改冻结 TTL/配额与缺失字段被 Schema 拒绝 (0.301916ms)
✔ 锁定规则：mediaTypes 与 CT-03 media.schema.json 枚举一致；客户端不得指定 Key (0.108417ms)
✔ DEC-024 冻结值可执行且无待定参数 (0.05875ms)
✔ TS 常量与 media-upload-policy.json 完全一致 (0.121833ms)
✔ 22 个 Command 全部唯一且覆盖六大分类 (0.918792ms)
✔ 13 个 Notification 全部唯一且有设备动作映射 (0.130167ms)
✔ 高风险标记与文档一致（EMERGENCY_STOP/FACTORY_RESET/SHUTDOWN/全部加热、排料、电机控制） (0.079833ms)
✔ 允许状态矩阵无遗漏：22 命令 × 4 状态 (0.1045ms)
✔ Suspended 仅允许安全停止、诊断、同步和维护/恢复类命令 (0.071833ms)
✔ MAINTENANCE 按 Suspended 限制（DEC-001 冻结值） (0.187334ms)
✔ 未知命令/通知在运行时被拒绝 (0.5765ms)
✔ denyReason 稳定且允许时返回 null (0.138209ms)
✔ TS 常量与 command-catalog.json / notification-catalog.json 完全一致 (0.381667ms)
✔ Schema 枚举与目录一致（cmd/ack command、notification type） (0.808084ms)
✔ 策略 JSON 通过自身 JSON Schema 结构校验 (0.73325ms)
✔ 负向结构：非法取值与缺失字段被 Schema 拒绝 (0.279334ms)
✔ x-decision-versions 引用 DEC-006 且版本与决策登记一致 (0.057875ms)
✔ 冻结值可执行：V1 下行 seq 可选、上行必填、Command 以 meta.id 幂等 (0.056417ms)
✔ 策略与 common.schema.json 一致：下行 metaBase 不要求 seq、id 必填；上行 metaSeq 要求 seq (0.061ms)
✔ 下行/上行 Schema 的 meta 引用与策略一致 (0.858708ms)
✔ 策略消费者均为合法任务 ID 且覆盖 DEC-006 阻塞任务 (0.17025ms)
✔ TS 常量与 downlink-policy.json 完全一致 (0.118333ms)
✔ DEC-015 策略冻结、可追溯且覆盖全部阻塞任务 (0.602167ms)
✔ 唯一通道为既有 ACK；Topic 总数和 IoT 权限面不扩大 (0.069792ms)
✔ ACK 判别字段、关联键和 OTA 状态与冻结策略一致 (0.054125ms)
✔ 状态机只允许冻结的单向迁移；相同状态幂等 (0.062459ms)
✔ TS 常量与 JSON 策略完全一致 (0.072416ms)
✔ DEC-013 策略 JSON 通过自身 Schema 且覆盖登记阻塞任务 (1.963625ms)
✔ DEC-013 策略关键值被 Schema 锁定，篡改时失败关闭 (0.496458ms)
✔ DEC-013 策略冻结且无待定参数 (0.128833ms)
✔ Heartbeat 旧嵌套结构在兼容期转换为正式扁平结构且不修改原对象 (0.473917ms)
✔ Telemetry motorCurrentAmp 在兼容期转换为 currentAmp；同值并存允许、冲突失败关闭 (0.87975ms)
✔ 兼容截止边界起拒绝嵌套结构、motorCurrentAmp 与 DISCHARING (0.640667ms)
✔ RFC 8785 固定向量与 audit.hash 覆盖 {meta,data} (0.430375ms)
✔ 11 类消息均有 Schema 和 Fixture，且每类 >=1 合法 + >=3 非法 (3.427917ms)
✔ 所有合法 Fixture 通过校验 (2.213ms)
✔ 所有非法 Fixture 被稳定拒绝并返回明确错误路径 (2.104167ms)
✔ 非法枚举被稳定拒绝且路径明确 (0.240375ms)
✔ 单位/类型错误被拒绝（integer 不接受小数与字符串） (0.545792ms)
✔ 缺少必填字段被拒绝（meta.id、上行 seq、Heartbeat 必填 data 字段） (0.411833ms)
✔ 额外身份字段（customerId/tenantId/deviceId）在各层均被拒绝 (0.623917ms)
✔ 下行消息 meta.seq 可选（DEC-006），上行强制 (1.50425ms)
✔ Telemetry/Report/Tamper 强制 audit.hash；Command 禁止 audit（DEC-002） (0.357375ms)
✔ DEC-013：Audited 合法 Fixture 携带可复算的 RFC 8785 audit.hash (0.445ms)
✔ schemaVer 缺省按 1.0 归一化；非法 schemaVer 被拒绝 (0.194166ms)
✔ meta.id 字符集与长度固定 (0.09825ms)
✔ payloads.ts 与 Schema 保持一致（生成器新鲜度） (1.225292ms)
✔ 全部 Schema 的 x-decision-versions 可追溯到决策登记 (0.998416ms)
✔ Telemetry current (0.398167ms)
✔ Telemetry past 300s (0.057958ms)
✔ Telemetry past 301s (0.042292ms)
✔ Telemetry past 24h inclusive (0.036083ms)
✔ Telemetry past 24h plus 1ms (0.468083ms)
✔ Telemetry future 300s inclusive (0.039833ms)
✔ Telemetry future 300s plus 1ms (0.041917ms)
✔ other topics retain symmetric 300-second tolerance (0.064709ms)
✔ configured tolerance affects future bound but cannot enlarge Telemetry history (0.05975ms)
✔ invalid numeric policy inputs fail closed (0.082708ms)
✔ Tier 登记 JSON 通过自身 JSON Schema 结构校验 (1.354208ms)
✔ 负向结构：非法 Tier、未知 Topic 键与缺失字段被 Schema 拒绝 (1.301083ms)
✔ x-decision-versions 引用 DEC-002 且版本与决策登记一致 (0.157542ms)
✔ 冻结值：Telemetry/Report/Tamper 为 AUDITED，Command 及其余为 STANDARD (0.31925ms)
✔ Tier 与 topic-catalog.json 的 payloadEnvelope 完全一致 (0.116625ms)
✔ Tier 与 11 个 MQTT Schema 的 audit 强制完全一致 (1.219167ms)
✔ 失败关闭：未知 Topic 拒绝并抛出稳定错误 (0.460417ms)
✔ Tier 条目消费者均为合法任务 ID 且覆盖 DEC-002 阻塞任务 (0.358125ms)
✔ 登记覆盖全部 11 个 Topic 且 TS 常量与 topic-tier.json 完全一致 (0.347083ms)
✔ catalog 恰好包含 8 个上行和 3 个下行 Topic (0.5965ms)
✔ 11 个 Topic 的方向与 QoS 矩阵全部符合契约 (0.112333ms)
✔ TS 常量与 topic-catalog.json 完全一致 (0.085917ms)
✔ 合法 Topic 可解析出 deviceId/type/direction (0.106709ms)
✔ buildTopic 与 parseTopic 往返一致 (0.082791ms)
✔ 未知层级和空 deviceId 被拒绝 (0.229125ms)
✔ buildTopic 拒绝空和非法 deviceId (0.082416ms)
✔ 权限模板：设备只能发布自身上行、只能订阅自身下行 (0.10675ms)
✔ 权限模板拒绝非法 deviceId (0.07625ms)
✔ 六个端点齐备且 CognitoJwt 认证；响应码齐备 (0.640084ms)
✔ 筛选参数齐备：severity/status/device/site/时间范围 + 游标分页 (0.099166ms)
✔ Schema 封闭：Alarm 处理字段（操作者/原因/时间）与 replayed 齐备；确认/清除强制 reason (0.068541ms)
✔ 所有 $ref 可解析（内部引用 + 同目录相对引用 openapi-base.json） (0.320666ms)
✔ 端点齐备且 CognitoJwt 认证：列表 + 详情 (0.607667ms)
✔ 只读 API：不存在任何写路由（post/put/patch/delete） (0.066959ms)
✔ 筛选参数齐备（actor/Customer/对象/动作/结果/时间 + 游标分页）；响应不暴露敏感字段 (0.779417ms)
✔ 所有 $ref 可解析（内部引用 + openapi-base.json） (0.940334ms)
✔ 端点存在且 Cognito 认证；轮换请求视图为七字段且不含密钥材料 (0.597875ms)
✔ 所有 $ref 可解析（内部引用 + 同目录相对引用 openapi-base.json） (0.190583ms)
✔ 端点齐备且 CognitoJwt 认证；201 创建 + 200 幂等重放 + 409 冲突/状态门 (1.408458ms)
✔ 命令枚举与 CT-04 目录 22 个白名单一致；确认凭证与 timeoutSec 边界齐备 (0.126709ms)
✔ 响应 Schema 封闭且含 requestedBy/expiresAt/replayed/confirmedBy (0.0705ms)
✔ BE-CMD-03 查询端点齐备：列表/详情 + 状态枚举 + attempts/acks 时间线 (0.118875ms)
✔ 所有 $ref 可解析（内部引用 + 同目录相对引用 openapi-base.json） (0.304041ms)
✔ 七个端点齐备且 Cognito 认证；operationId 与响应码齐备 (1.14025ms)
✔ Schema 封闭：DEC-018 冻结 V1 四字段、单位、范围与默认值 (0.183ms)
✔ 所有 $ref 可解析（内部引用 + 同目录相对引用 openapi-base.json） (0.317041ms)
✔ 列表与按需联系人端点齐备且 Cognito 认证；筛选参数齐备 (0.615125ms)
✔ Schema 封闭：两种耗材列恒在；列表零联系人 PII；按需联系人独立；百分比 0~100 (0.6015ms)
✔ 所有 $ref 可解析（内部引用 + 同目录相对引用 openapi-base.json） (0.206584ms)
✔ 六个端点齐备且 Cognito 认证；状态迁移强制 If-Match (0.746333ms)
✔ Schema 封闭：四态枚举/source 固定 ADMIN/幂等 replayed/完整历史字段 (1.612625ms)
✔ 所有 $ref 可解析（内部引用 + 同目录相对引用 openapi-base.json） (0.548875ms)
✔ 八个端点齐备且 Cognito 认证；写操作强制 If-Match (1.834333ms)
✔ Schema 封闭：五态枚举/唯一编号/强制原因/派生状态/最小权限 contact (0.130333ms)
✔ 所有 $ref 可解析（内部引用 + 同目录相对引用 openapi-base.json） (0.40925ms)
✔ 五个端点齐备且 Cognito 认证；operationId 与响应码齐备 (0.64075ms)
✔ Schema 封闭：设备视图字段齐备/关联窗口/强制原因/批量语义 (0.096959ms)
✔ 所有 $ref 可解析（内部引用 + 同目录相对引用 openapi-base.json） (2.029916ms)
✔ 六端点齐备且 Cognito 认证；写操作声明 If-Match；响应码齐备 (0.635542ms)
✔ Customer 视图六字段封闭；status 枚举 ACTIVE|SUSPENDED；请求体封闭 (0.251209ms)
✔ 所有 $ref 可解析（内部引用 + 同目录相对引用 openapi-base.json） (0.328916ms)
✔ 端点齐备且 CognitoJwt 认证：仅 GET 总览（只读，无写路由） (0.563083ms)
✔ 总览 DTO 齐备：Contract/设备分布/在线率/今日 ESG/最新告警/设备卡片；四轴分离不合并 (0.175833ms)
✔ 所有 $ref 可解析（内部引用 + openapi-base.json） (2.389584ms)
✔ 列表/详情端点存在且 Cognito 认证；筛选参数齐备；响应码齐备 (1.649083ms)
✔ Device 视图字段封闭（原型设备群表格字段均有来源）；证书仅摘要 (0.357417ms)
✔ BE-DEV-06 元数据 PATCH 端点：白名单仅 alias + If-Match 乐观锁 + 409 冲突语义 (0.225708ms)
✔ 所有 $ref 可解析（内部引用 + 同目录相对引用 openapi-base.json） (0.675959ms)
✔ 分配/历史端点齐备且 Cognito 认证；响应码齐备 (0.573583ms)
✔ DeviceAssignment 视图封闭：授权窗口（assignedAt/endedAt）+ 幂等/通知字段齐备 (0.084833ms)
✔ 所有 $ref 可解析（内部引用 + 同目录相对引用 openapi-base.json） (0.716042ms)
✔ 端点齐备且 CognitoJwt 认证：console/activities/export/导出详情 (8.948542ms)
✔ 四轴分离 + 数据块 observedAt/stale/单位；最新 Media 可选块稳定可空 (0.6665ms)
✔ 不透传 MQTT 原始消息、不含实时流/运维字段；所有 $ref 可解析 (0.358541ms)
✔ retire/force-complete 端点齐备且 Cognito 认证；响应码齐备 (0.579334ms)
✔ 请求体封闭：retire 强制原因 + confirm 恒 true；视图封闭且通知枚举正确 (0.089209ms)
✔ 所有 $ref 可解析（内部引用 + 同目录相对引用 openapi-base.json） (0.735708ms)
✔ suspend/reactivate 端点齐备且 Cognito 认证；响应码齐备 (0.57975ms)
✔ 请求体封闭：挂起强制原因；恢复强制原因 + issueResolved 恒 true；通知枚举正确 (0.084792ms)
✔ 所有 $ref 可解析（内部引用 + 同目录相对引用 openapi-base.json） (0.749916ms)
✔ 七个端点齐备且 Cognito 认证；写操作强制 If-Match (1.615542ms)
✔ Schema 封闭：管理 DTO 无 PHC；写接口只受控接收 writeOnly password (0.266458ms)
✔ 所有 $ref 可解析（内部引用 + 同目录相对引用 openapi-base.json） (0.769375ms)
✔ 八个端点齐备且 CognitoJwt 认证；导出创建返回 202 (0.6365ms)
✔ 查询筛选参数齐备（customerId/siteId/deviceId/时间范围 + 游标）；reports 含 reportType (0.151375ms)
✔ Schema 封闭：导出数据集枚举、短期 URL 过期字段、CSV 一致性字段 (0.09ms)
✔ 所有 $ref 可解析（内部引用 + 同目录相对引用 openapi-base.json） (0.374792ms)
✔ 八个端点齐备且 Cognito 认证；operationId 与响应码齐备 (0.694583ms)
✔ Schema 封闭：七态枚举/Entitlement 三码/签名字段/强制原因/幂等与派生字段 (0.103792ms)
✔ 所有 $ref 可解析（内部引用 + 同目录相对引用 openapi-base.json） (0.317084ms)
✔ 四个审批端点存在且使用 Cognito JWT 认证 (0.578375ms)
✔ approve/reject 强制 If-Match；reject 强制 reason (0.11025ms)
✔ 申请 DTO 不含 CSR 原文 (0.053875ms)
✔ 管理端明确暴露内部 TIMED_OUT，列表状态过滤为封闭枚举 (0.668958ms)
✔ 所有 $ref 可解析（内部引用 + 同目录相对引用 openapi-base.json） (0.796083ms)
✔ 端点齐备且 CognitoJwt 认证：创建/列表/详情/targets/扩大批次/pause/resume/cancel/retry (1.46875ms)
✔ 首批强制恰好 1 台；最终全量审批契约封闭；状态机枚举封闭 (0.19ms)
✔ 视图封闭且不泄露内部字段；批次/重试结果结构稳定 (0.149416ms)
✔ 所有 $ref 可解析（内部引用 + 同目录相对引用 openapi-base.json） (0.840041ms)
✔ 端点齐备且 CognitoJwt 认证：上传会话/complete/列表/详情 (0.594375ms)
✔ packageType/sha256 与 CT-03 OTA Schema 一致；创建字段封闭且签名必填 (1.775625ms)
✔ 状态机封闭：UPLOADED/VERIFIED/RETIRED；可发布=VERIFIED；视图不泄露信任根 (0.146625ms)
✔ 所有 $ref 可解析（内部引用 + 同目录相对引用 openapi-base.json） (0.281959ms)
✔ 端点存在且 Cognito 认证；三端点（create/list/detail）响应码齐备 (0.593666ms)
✔ ReplayJob 视图七字段封闭；状态枚举与统计字段齐备；scope 封闭 (0.098958ms)
✔ 所有 $ref 可解析（内部引用 + 同目录相对引用 openapi-base.json） (1.004791ms)
✔ 端点齐备且 CognitoJwt 认证：列表/读取/更新（无删除与新建路由） (2.045416ms)
✔ 封闭 key 集与乐观锁版本控制；固定枚举不可经 API 改写 (0.166125ms)
✔ 所有 $ref 可解析（内部引用 + openapi-base.json） (0.805084ms)
✔ 六端点齐备且 Cognito 认证；写操作声明 If-Match；响应码齐备 (0.635083ms)
✔ Site 视图字段封闭（含 deviceCount/version）；status 枚举；请求体封闭且更新体不含 customerId (0.634834ms)
✔ 所有 $ref 可解析（内部引用 + 同目录相对引用 openapi-base.json） (0.284083ms)
✔ 端点齐备且 CognitoJwt 认证：列表/邀请/角色/scope/停用/密码重置 (0.660667ms)
✔ 角色封闭集与 DEC-012 映射；输入不含密码字段；响应不含凭证材料 (0.111708ms)
✔ 所有 $ref 可解析（内部引用 + openapi-base.json） (0.808958ms)
✔ 端点存在且使用 Device mTLS 认证 (0.558333ms)
✔ 轮换契约：请求强制 currentCertificateId；响应五字段；409/403/400/401 齐整 (0.100209ms)
✔ 状态契约为四态枚举且响应不含 PEM/私钥字段 (0.064084ms)
✔ 状态查询由 mTLS 身份定位证书，不增加源稿未定义的 deviceId Query (0.043917ms)
✔ 所有 $ref 可解析（内部引用 + 同目录相对引用 openapi-base.json） (0.187125ms)
✔ deactivate 端点齐备且 DeviceMtls 认证；响应码齐备 (0.586083ms)
✔ 响应视图封闭：退役记录 + 证书摘要（无证书材料字段）；幂等字段齐备 (0.138625ms)
✔ 所有 $ref 可解析（内部引用 + 同目录相对引用 openapi-base.json） (0.18325ms)
✔ BE-ONB-01 端点存在且 CSR 首次申请无需预置 Token (0.592625ms)
✔ 请求体包含设备资料和必填 CSR (0.135416ms)
✔ 成功响应含 requestId 与 PENDING 状态（200 幂等重放 / 201 新建） (0.074333ms)
✔ 匿名申请负向响应覆盖稳定错误码语义：400/404/409/429/500 (0.071916ms)
✔ 所有 $ref 可解析（内部引用 + 同目录相对引用 openapi-base.json） (0.243792ms)
✔ BE-ONB-03 status 端点：requestId 与 CSR 私钥签名，三态响应不含设备私钥 (0.097792ms)
✔ BE-OTA-03 下载兑换必须使用 Device mTLS 且绑定 target/token (1.275667ms)
✔ 一次性兑换响应禁止缓存，并封闭安全失败状态 (0.134666ms)
✔ 六个设备 Endpoint 的 Method、Path 完整且认证方式符合 DEC-025 (1.575666ms)
✔ Onboarding 按 DEC-026 增加 chain 与 REST，保留顶层结构，不使用 data/meta 包裹 (0.198084ms)
✔ Certificate 与 Sync 关键字段遵循源稿日期、枚举、用户和配置结构 (0.141875ms)
✔ 管理端 License/Device 投影不把源稿 OTA entitlement 改名为 OTA_UPDATE (0.057958ms)
✔ 所有 REST OpenAPI 使用当前正式决策登记版本且无非法 SEC 决策引用 (8.667916ms)
✔ sync 端点齐备且 DeviceMtls 认证；响应码齐备 (0.579083ms)
✔ 请求体封闭：lastSyncTime 与可选许可证确认 (0.059292ms)
✔ 快照顶层与源稿六域同形，兼容元数据不成为必填线协议 (0.268292ms)
✔ Retired 退役确认待处理设备仍可 Sync，契约不在认证层全局拒绝 (0.090375ms)
✔ 所有 $ref 可解析（内部引用 + 同目录相对引用 openapi-base.json） (0.264375ms)
✔ 许可证确认绑定版本与快照，规范验签输入保留完整UTC时间 (0.065125ms)
✔ 基座 SuccessResponse 结构：data + meta(requestId, UTC timestamp) (2.650667ms)
✔ 游标分页响应与往返解析 (0.300708ms)
✔ 非法游标返回 CURSOR_INVALID（400） (0.324166ms)
✔ limit 归一化：默认 50，范围 1~100 (0.169125ms)
✔ Idempotency-Key：缺失/非法被拒绝，合法值透传 (0.230459ms)
✔ If-Match 并发版本冲突返回确定的 409 (0.430583ms)
✔ 验证失败有确定响应（400 + VALIDATION_FAILED） (0.131125ms)
✔ 异常映射器不泄露堆栈、SQL 或 AWS 内部错误 (0.07125ms)
✔ 错误码目录、HTTP 状态映射与 OpenAPI ErrorCode 枚举三者一致 (0.097625ms)
✔ OpenAPI 基座结构有效：四个 API 分组与安全方案 (0.105709ms)
✔ OpenAPI 基座所有内部 $ref 均可解析（无悬空引用） (0.147458ms)
✔ 设备端：上传会话端点齐备且 DeviceMtls 认证；输入封闭；objectPath 由服务端签发 (1.087084ms)
✔ 管理端：列表/下载端点齐备且 CognitoJwt 认证；视图不泄露内部存储信息 (0.157166ms)
✔ Media 状态枚举封闭（AVAILABLE/DELETED）；配额/大小/TTL 引用 DEC-024 冻结值 (0.086416ms)
✔ 所有 $ref 可解析（内部引用 + openapi-base.json） (0.255625ms)
✔ 策略 JSON 通过自身 JSON Schema 结构校验 (0.764875ms)
✔ 负向结构：非法枚举、非空待冻结参数与缺失字段被 Schema 拒绝 (0.342416ms)
✔ x-decision-versions 引用 DEC-003 且版本与决策登记一致 (0.059125ms)
✔ 暂定值定性规则可执行：KMS 信封、一次性领取、成功即销毁、丢失重签 (0.069042ms)
✔ 冻结参数可直接执行：24 小时、一次成功领取、无待定参数 (0.066542ms)
✔ 策略消费者均为合法任务 ID 且覆盖 DEC-003 阻塞任务与 SEC-01 (0.124542ms)
✔ TS 常量与 certificate-package-policy.json 完全一致 (0.111958ms)
✔ 策略 JSON 通过自身 JSON Schema 结构校验 (0.744ms)
✔ 负向结构：复用云端 Hash、非独立 salt 与非法字段被 Schema 拒绝 (0.4085ms)
✔ x-decision-versions 引用 DEC-004 且版本与决策登记一致 (0.066125ms)
✔ 暂定值定性规则可执行：设备本地专用、禁复用云端 Hash、每用户 salt、仅 Sync 下发 (0.107958ms)
✔ 冻结参数可直接执行：Argon2id PHC、固定参数与长度 (0.092375ms)
✔ 策略消费者均为合法任务 ID 且覆盖 DEC-004 阻塞任务 (0.118292ms)
✔ TS 常量与 device-user-verifier-policy.json 完全一致 (0.091ms)
✔ 策略 JSON 通过自身 JSON Schema 结构校验 (0.69425ms)
✔ 负向结构：跳过服务端验签、非失败关闭与内嵌信任根被 Schema 拒绝 (0.328041ms)
✔ 暂定值定性规则可执行：服务端验签强制、失败关闭、载荷字段锁定、信任根带外分发 (0.094875ms)
✔ DEC-022 冻结算法、信任根类型、编码且无待定参数 (0.059042ms)
✔ DEC-022 固定 RSA/SHA-256 测试向量可复验 (0.658542ms)
✔ 策略消费者均为合法任务 ID 且覆盖 BE-OTA-01 (0.113ms)
✔ TS 常量与 ota-package-signature-policy.json 完全一致 (0.082084ms)
✔ 四类业务设置共享版本化 JSON Schema 与运行时校验器 (22.54175ms)
ℹ tests 302
ℹ suites 0
ℹ pass 302
ℹ fail 0
ℹ cancelled 0
ℹ skipped 0
ℹ todo 0
ℹ duration_ms 656.862208

> food-digester-platform@0.0.0 test:scripts /Users/anray/Documents/project/hiddenjoyacom/food-digester-platform
> node --import tsx --test scripts/*.test.mjs

✔ bootstrap input is bound to the normalized email and never accepts a password (1.755583ms)
✔ successful bootstrap creates Cognito identity before committing linked database user (0.597875ms)
✔ non-pristine Cognito or database fails before any mutation (0.418167ms)
✔ database failure deletes Cognito identity and records compensated failure (0.428ms)
✔ failed Cognito compensation keeps reconciliation required (0.272125ms)
✔ source approval requires exact SHA and packager embeds committed SHA (7449.369833ms)
✔ runner without approved source fails closed without leaking configuration (25.146833ms)
✔ serial and parallel repeated browser receipts are validated (6.818708ms)
✔ fail closed: missing required flow (0.6315ms)
✔ fail closed: skipped execution (0.292292ms)
✔ fail closed: flaky execution (0.268125ms)
✔ fail closed: retry hides failure (0.282875ms)
✔ fail closed: unexpected error (0.2705ms)
✔ fail closed: missing isolated trace (0.511041ms)
✔ fail closed: data prefix reused (8.100208ms)
✔ fail closed: context cleanup failed (0.887916ms)
✔ fail closed: unmocked network request (0.383459ms)
✔ fail closed: missing role proof (0.247542ms)
✔ fail closed: wrong route permission (0.179833ms)
✔ fail closed: Auditor OTA write enabled (0.164334ms)
✔ fail closed: missing MFA assertion (0.741208ms)
✔ fail closed: missing conflict response (0.544542ms)
✔ fail closed: missing forbidden response (0.358625ms)
✔ fail closed: missing repeat (0.175584ms)
✔ repeat traces cannot duplicate the first execution (0.426542ms)
✔ manifest exactly matches independent Playwright discovery (534.10925ms)
✔ discovery fails closed: missing case (0.211208ms)
✔ discovery fails closed: extra case (0.072916ms)
✔ discovery fails closed: duplicate replacing required case (0.06625ms)
✔ old Viewer permission cannot pass the updated matrix (0.333708ms)
✔ required behavioral proof cannot be missing: QA-09 设备管理长别名和序列号在375px完整换行且不裁切 (0.209875ms)
✔ required behavioral proof cannot be missing: H-01 API 拒绝停用会话后清除浏览器会话并返回登录 (0.216291ms)
✔ required behavioral proof cannot be missing: M-01 CustomerViewer 从菜单查询设备用户详情，全部写入口隐藏 (0.171125ms)
✔ required behavioral proof cannot be missing: UI redesign: all business routes at 1366x768 (0.155083ms)
✔ required behavioral proof cannot be missing: UI redesign: all business routes at 1440x900 (0.759084ms)
✔ required behavioral proof cannot be missing: UI redesign: all business routes at 1920x1080 (0.305125ms)
✔ required behavioral proof cannot be missing: QA05 login SRP MFA error success logout without persisting password (0.290208ms)
✔ required behavioral proof cannot be missing: QA05 ESG cursor totals export snapshot timezone and empty state (0.386709ms)
✔ required behavioral proof cannot be missing: QA05 Command dangerous confirmation terminal result and publish failure (0.26325ms)
✔ required behavioral proof cannot be missing: QA05 Media expiry renew 403 and audit read-only zero writes (0.271917ms)
✔ serial and repeated phases require all 108 independent prefixes (0.89325ms)
✔ phase budget accounts for startup, executions and worker slots, with a finite ceiling (0.121042ms)
✔ invalid phase budget rejected: repeat=0 workers=1 (0.09775ms)
✔ invalid phase budget rejected: repeat=1 workers=0 (0.054708ms)
✔ invalid phase budget rejected: repeat=0.5 workers=1 (0.045167ms)
✔ invalid phase budget rejected: repeat=1 workers=0.5 (0.054708ms)
✔ invalid phase budget rejected: repeat=Infinity workers=1 (0.043834ms)
✔ invalid phase budget rejected: repeat=1 workers=NaN (0.044541ms)
✔ real child-process timeout is classified and cannot create a successful phase (54.636833ms)
✔ failed/killed process cannot pass: status=1 (0.059875ms)
✔ failed/killed process cannot pass: status=null (0.031708ms)
✔ spawn errors reject without disclosing raw process error details (0.186792ms)
✔ successful process may proceed to the strict report and trace validator (0.073375ms)
✔ 真实 OpenAPI 片段可确定性打包且无外部引用 (35.367125ms)
✔ bundle 新鲜度检查拒绝缺失或过期产物 (99.366292ms)
✔ 失败示例：非法 OpenAPI 版本与缺少 responses 被拒绝 (0.159416ms)
✔ 失败示例：全局重复 operationId 被拒绝 (0.074667ms)
✔ 失败示例：非法 parameter 与 Schema 被拒绝 (0.112833ms)
✔ 仓库提交的统一 bundle 与当前片段一致 (14.91025ms)
✔ scoped Gate accepts the archived real-target receipt, without promoting full acceptance (22.173ms)
✔ scoped Gate rejects missing role (7.082458ms)
✔ scoped Gate rejects wrong SHA (7.277125ms)
✔ scoped Gate rejects unverified Lambda (34.473291ms)
✔ scoped Gate rejects runtime drift (6.810083ms)
✔ scoped Gate rejects mocked API (6.892834ms)
✔ scoped Gate rejects empty tenant (15.684541ms)
✔ scoped Gate rejects cross-Customer list leak (6.773875ms)
✔ scoped Gate rejects Viewer mutation accepted (6.096333ms)
✔ scoped Gate rejects expired old Token (12.231083ms)
✔ scoped Gate rejects two duplicate successes (6.11175ms)
✔ scoped Gate rejects two optimistic successes (5.868625ms)
✔ scoped Gate rejects bundled Firefox (6.361208ms)
✔ scoped Gate rejects missing browser-role case (5.66775ms)
✔ scoped Gate rejects persisted edit belongs to another record (5.928083ms)
✔ scoped Gate rejects forbidden page rendered as business page (47.851125ms)
✔ scoped Gate rejects missing screenshot (1.958ms)
✔ scoped Gate rejects cleanup duplicate hides missing ID (7.643541ms)
✔ scoped Gate rejects cleanup incomplete (7.521291ms)
✔ scoped Gate rejects private credentials retained (49.798167ms)
✔ scoped Gate rejects scope promoted (14.18625ms)
✔ 当前管理后台源代码满足入口与组合根交付约束 (14.01025ms)
✔ 缺少入口和构建产物时失败关闭 (0.320334ms)
✔ FE-06 至 FE-19 任一任务或路由从事实源缺失时失败关闭 (5.750167ms)
✔ FE-11 至 FE-15 任一任务、路由或页面标识缺失时失败关闭 (3.66075ms)
✔ FE-06 至 FE-15 任一控制器或 operationId 缺失时失败关闭 (2.655792ms)
✔ FE-11 至 FE-15 控制器或 operationId 缺失时失败关闭 (3.19425ms)
✔ FE-16 至 FE-19 任一任务、路由、控制器、页面标识或 operationId 缺失时失败关闭 (3.304042ms)
✔ App 移除显式页面分支时失败关闭 (3.249ms)
✔ 完整目标回执覆盖双提交、隔离环境、五角色、七路由、五闭环与清理 (41.956ms)
✔ 缺路由、角色、闭环或审计拒绝角色时失败关闭 (49.557375ms)
✔ mock、泄露、短链持久化、危险操作与只读写请求均失败关闭 (18.803834ms)
✔ 缺失回执、双部署提交漂移、HEAD 不一致与未清理均失败关闭 (44.409542ms)
✔ 目标 Gate 是显式发布步骤且不进入普通 verify (0.209167ms)
✔ 完整回执覆盖双提交、隔离环境、五角色、五路由、四闭环、隐私、双语布局与清理 (115.218292ms)
✔ 缺路由、角色、闭环、locale 或 viewport 时失败关闭 (14.057083ms)
✔ mock、权限、并发、泄露或布局不合格时失败关闭 (68.250084ms)
✔ 缺失回执、双部署提交漂移、HEAD 不一致与未清理均失败关闭 (19.444041ms)
✔ 目标 Gate 是显式发布步骤且不进入普通 verify (0.230042ms)
✔ 完整路由、五角色、五业务闭环、租户、并发、敏感字段与清理回执通过 (0.856792ms)
✔ 缺路由、角色或业务闭环时失败关闭 (0.155ms)
✔ Cognito、部署 API、跨租户、并发与敏感字段证据不满足约束时失败关闭 (0.09725ms)
✔ 缺失回执、部署提交或 sourceCommit 不一致时失败关闭 (0.5155ms)
✔ 完整的 58 API、五角色、并发、ESG 与清理目标 AWS 回执通过 (0.862667ms)
✔ 58 个回执 operationId 与九份正式业务 OpenAPI 精确一致 (1.862917ms)
✔ API 缺项、角色缺项与跨 Customer 放行均失败关闭 (0.244834ms)
✔ 并发或 ESG 证据不满足生产约束时失败关闭 (0.093125ms)
✔ 缺失回执与 sourceCommit 不匹配均失败关闭 (0.654292ms)
✔ 完整覆盖 25 API、五角色、竞态、退役与导出的隔离 AWS 回执通过 (5.454625ms)
✔ 缺 operation、跨租户放行、竞态双成功、证书未失活与 MQTT/S3 缺口均失败关闭 (0.452917ms)
✔ operation 成功状态与负向状态集合不完整时失败关闭 (0.217208ms)
✔ 回执缺失、非法 JSON 或 sourceCommit 不一致时独立发布 Gate 失败 (1.108625ms)
✔ 完整 Archive、Replay、Summary 目标 AWS 回执通过 (0.743333ms)
✔ 缺探针、重复归档、Replay 复制业务行和空 Summary 均失败关闭 (0.2005ms)
✔ 缺少回执或提交不一致时独立 Gate 失败 (0.655333ms)
✔ 完整隔离 AWS 回执覆盖 8 Topic、负向路径、QA-03 与清理时通过 (2.671125ms)
✔ 缺 Topic、未知 Topic 命中、Error Action 未恢复和原文漂移均失败关闭 (1.724459ms)
✔ 未提供目标 AWS 回执时独立发布 Gate 明确失败 (1.09675ms)
✔ 回执必须对应待发布的精确 Git 提交 (0.893125ms)
✔ 完整的 15 API、角色、Cognito、并发、S3、Dashboard、审计与清理回执通过 (2.218709ms)
✔ 15 个 operationId 与六份正式 OpenAPI 精确一致 (0.799708ms)
✔ API、角色、租户或安全/并发探针缺口均失败关闭 (0.24225ms)
✔ 缺失回执与 sourceCommit 不匹配均失败关闭 (1.43975ms)
✔ 干净的依赖图通过检查 (1.675542ms)
✔ 共享包反向依赖 apps 被识别为边界违规 (1.114916ms)
✔ contracts 反向依赖 apps 被识别为边界违规 (1.261041ms)
✔ apps 之间互相依赖被识别为边界违规 (0.705833ms)
✔ 工作区循环依赖被检出 (0.940208ms)
✔ 非工作区依赖（外部 npm 包）不参与检查 (0.736375ms)
✔ 当前仓库通过边界与循环依赖检查 (0.80325ms)
✔ CDK WARNING 与规则校验编号会触发 Gate (0.528458ms)
✔ 正常 synth 输出不会误报 (0.36325ms)
✔ 已交付 Lambda 缺失或回退到内联 501 占位时 Gate 失败 (0.151917ms)
✔ 已交付 Lambda 使用 S3 asset 时 Gate 通过 (0.0545ms)
✔ CMD/OTA 生产接线 Gate 对 Worker/调度任一缺失均失败关闭 (0.195875ms)
✔ CMD/OTA 生产接线 Gate 对 IoT/S3/KMS 权限缺失失败关闭 (0.217291ms)
✔ 真实登记文件：结构校验通过，并准确识别当前未决 DEC (2.130666ms)
✔ 真实契约版本文件：decisionRegisterVersion 与登记一致 (0.618208ms)
✔ 契约版本不一致被拒绝 (0.370458ms)
✔ 重复决策 ID 被拒绝（已知冲突必须有唯一决策 ID） (0.146083ms)
✔ 原则与决策之间 ID 也全局唯一 (0.086458ms)
✔ pending 决策携带批准人被拒绝 (0.06175ms)
✔ frozen 决策必须有批准人、批准时间和 >=1.0.0 版本 (0.092208ms)
✔ blockingTasks 为空或格式非法被拒绝 (0.082833ms)
✔ history 必须非空且末条版本与条目版本一致 (0.069584ms)
✔ 非 UTC 时间戳被拒绝 (0.081667ms)
✔ CLI validate 模式：真实文件退出码 0 且输出实际未决数；--fail-on-pending 按实际未决数返回 (0.954166ms)
✔ CLI：结构错误退出码 1 (0.900834ms)
✔ 追溯校验：合法 x-decision-versions 引用通过（Schema 可追溯到决策版本） (6.699709ms)
✔ 追溯校验：不存在的决策 ID 被拒绝 (0.926958ms)
✔ 追溯校验：引用版本与登记版本不一致被拒绝 (0.777542ms)
✔ 追溯校验：缺少 x-decision-versions 或格式非法被拒绝 (1.02775ms)
✔ 追溯校验：嵌套在 OpenAPI info 下的 x-decision-versions 可被递归发现 (1.677167ms)
✔ 已交付 API（含管理后台 P1）的 129 个 OpenAPI operation 与生产路由双向一致 (26.794417ms)
✔ 版本化已交付清单缺失、重复或引用不存在文件时失败关闭 (0.913333ms)
✔ 缺失、额外、重复及 method/path 漂移均失败关闭 (0.130792ms)
✔ CMD/OTA 治理 Gate 校验四份 REST 契约及 DEC-022/023 冻结状态 (5.603958ms)
✔ 有效链接、无易漂移计数且工具链配对正确时通过 (2.492917ms)
✔ 损坏的仓库内 Markdown 链接被拒绝 (0.79275ms)
✔ 陈旧测试计数或不兼容工具链声明被拒绝 (1.147625ms)
✔ 当前仓库 ENG/DB/DOM 与 IAC/AUTH/SEC 任务文档证据一致 (15.785166ms)
✔ BE-IOT-01～08 文档全部纳入默认链接与证据门禁 (0.108416ms)
✔ BE-ARC/RPL/ESG 四份文档及 P2 回归纳入默认证据门禁 (0.054833ms)
✔ 11 份管理后台业务文档全部纳入默认链接与证据门禁 (0.046041ms)
✔ BE-MED/RBAC/AUD/DASH/SET 五份文档纳入状态与 AWS 证据门禁 (0.044459ms)
✔ FE-06～FE-10 五份前端文档纳入四层状态与目标回执门禁 (0.050792ms)
✔ FE-11～FE-15 五份前端文档纳入四层状态与独立目标回执门禁 (0.076458ms)
✔ 前端任务文档拒绝缺层级、问题责任字段、目标 Gate 和 P1 陈旧描述 (0.083958ms)
✔ FE-11～FE-15 文档拒绝旧缺陷、任务级勾选及旧目标 Gate (0.057708ms)
✔ BE-MED/RBAC/AUD/DASH/SET 文档拒绝缺状态层、陈旧参数和设置生效误述 (0.053708ms)
✔ 管理后台业务文档拒绝缺证据引用和陈旧决策或部署说法 (0.051917ms)
✔ BE-ARC/RPL/ESG 文档拒绝缺审计快照和生产接线边界外旧说法 (0.050583ms)
✔ BE-IOT 文档拒绝缺少审计快照、Report P2002 与 Media 另路由旧说法 (0.052416ms)
✔ BE-IOT 严格负向探针必须保留为可定位的永久回归 (0.87725ms)
✔ 安全任务文档拒绝历史计数、缺少 verify 命令与陈旧 DEC-012 状态 (0.0775ms)
✔ 安全任务文档接受当前命令、审计快照引用与 frozen 决策 (0.069959ms)
✔ 当前仓库（DB-01 已落地）Migration 结构通过 (9.033584ms)
✔ schema.prisma 未落地时跳过并通过（骨架期行为） (0.682709ms)
✔ 失败示例：Schema 已存在但无任何 Migration（未提交 Migration） (0.530959ms)
✔ 失败示例：migrations/ 为空且缺少 migration_lock.toml (1.475125ms)
✔ 失败示例：Migration 目录名非法与空 migration.sql (1.874833ms)
✔ 合法 Migration 结构通过 (2.564333ms)
✔ 失败示例：已有旧 Migration 但 Schema 已变化且未登记快照 (0.919458ms)
✔ 真实矩阵通过完整性检查 (2.693791ms)
✔ 真实引用集合：41 个矩阵 API 与 13 个 routeId 全部可解析 (0.399791ms)
✔ index19.html 源清单：9 个菜单、12 个页面、128 个元素与矩阵双向覆盖 (0.306042ms)
✔ 真实矩阵：9 菜单、12 页面、每项均有处置结论 (0.227625ms)
✔ 被拒绝的实时流、明文密码、状态混用不携带实现任务 (0.226208ms)
✔ 矩阵的 x-decision-versions 可追溯到决策登记（DEC-007~012） (2.808333ms)
✔ 缺少菜单或页面被拒绝 (0.297666ms)
✔ 重复元素 ID 被拒绝 (0.082208ms)
✔ Adapt/Reject 缺少依据被拒绝 (0.388333ms)
✔ Adopt/Adapt 生产字段缺少 API 来源被拒绝 (0.319708ms)
✔ rejectCategory 项非 Reject 或携带实现任务被拒绝 (0.225625ms)
✔ 未知角色被拒绝（R7） (0.173667ms)
✔ 格式合法但不存在的 operationId、routeId 与响应字段被拒绝 (1.157084ms)
✔ planned operation 的任务归属漂移被拒绝 (0.32325ms)
✔ 源清单与矩阵任一侧删除元素均被双向覆盖检查拒绝 (1.788083ms)
✔ index19.html 内容变化但未重新盘点源清单时失败关闭 (1.4475ms)
✔ 重复 operationId 与 routeId 被引用索引拒绝 (0.894333ms)
✔ CLI：真实矩阵退出码 0，违规矩阵退出码 1 (21.452875ms)
✔ remaining scope cannot replace full core, Active acceptance or failed cleanups (0.45825ms)
✔ 当前仓库全部 Schema、OpenAPI 片段与统一 bundle 通过引用校验 (194.236458ms)
✔ 失败示例：悬空内部 $ref 被拒绝 (0.681833ms)
✔ 失败示例：同目录相对 $ref 目标文件不存在被拒绝 (0.372375ms)
✔ 失败示例：JSON 语法损坏的 Schema 被拒绝 (0.386333ms)
✔ 失败示例：JSON Schema 2020-12 非法 type 被元 Schema 拒绝 (0.559ms)
✔ 失败示例：OpenAPI 基座缺少 paths 被拒绝 (0.444708ms)
✔ 同目录相对 $ref 可解析时通过 (0.498375ms)
✔ 失败示例：PEM 私钥块被检出 (0.565208ms)
✔ 失败示例：AWS Access Key ID 被检出 (0.066333ms)
✔ 失败示例：GitHub 令牌被检出 (0.049958ms)
✔ 失败示例：Slack 令牌被检出 (0.044209ms)
✔ 正常内容不误报 (0.338125ms)
✔ 失败示例：未跟踪且未忽略文件中的私钥也被扫描 (52.436792ms)
✔ 当前仓库通过敏感信息扫描 (2730.105083ms)
✔ 生产源码直接 console 与 raw trace API 均被拒绝 (2.565417ms)
✔ 测试目录可使用 console，生产统一 logger 允许 (1.352625ms)
✔ 当前仓库生产源码通过 sink 门禁 (82.107ms)
✔ QA-02 MQTT heartbeat: all valid/invalid fixtures, missing meta and type mutation (9.270292ms)
✔ QA-02 MQTT telemetry: all valid/invalid fixtures, missing meta and type mutation (3.448459ms)
✔ QA-02 MQTT report: all valid/invalid fixtures, missing meta and type mutation (3.363042ms)
✔ QA-02 MQTT alarm: all valid/invalid fixtures, missing meta and type mutation (1.277083ms)
✔ QA-02 MQTT event: all valid/invalid fixtures, missing meta and type mutation (0.795625ms)
✔ QA-02 MQTT ack: all valid/invalid fixtures, missing meta and type mutation (1.109583ms)
✔ QA-02 MQTT tamper: all valid/invalid fixtures, missing meta and type mutation (1.0135ms)
✔ QA-02 MQTT media: all valid/invalid fixtures, missing meta and type mutation (2.044209ms)
✔ QA-02 MQTT cmd: all valid/invalid fixtures, missing meta and type mutation (1.497292ms)
✔ QA-02 MQTT ota: all valid/invalid fixtures, missing meta and type mutation (1.282792ms)
✔ QA-02 MQTT notification: all valid/invalid fixtures, missing meta and type mutation (4.535417ms)
✔ MQTT semantic hash, discriminator and UTC calendar errors fail closed (0.50125ms)
✔ full REST response: field deletion/type mutation/envelope/date/errors/status/headers are enforced (2.700667ms)
✔ REST request validation: required body/path/query/header, optional Sync, bodyless Deactivate, no type coercion in JSON (7.439208ms)
✔ all device operations and declared response JSON Schemas compile; stable error catalog has no duplicates (75.44625ms)
✔ predecessor MQTT is compatible; known REST break requires exact version and frozen DEC approvals (39.135625ms)
✔ breaking contract mutations fail: removing fields/operations/status, changing type/required/security (103.223458ms)
✔ receipt coverage gate fails closed for missing operations/statuses, no valid request and forged records (0.29725ms)
✔ archived CSR upgrade mapping still verifies original baselines without rewriting history (2.986125ms)
✔ QA04 coverage Gate accepts complete matrix and proofs (0.779291ms)
✔ QA04 coverage Gate rejects missing domain (0.213667ms)
✔ QA04 coverage Gate rejects no negative path (0.107125ms)
✔ QA04 coverage Gate rejects untrusted handler (0.084542ms)
✔ QA04 coverage Gate rejects missing role (0.939459ms)
✔ QA04 coverage Gate rejects cross-tenant leak (0.394667ms)
✔ QA04 coverage Gate rejects two write winners (0.661417ms)
✔ QA04 coverage Gate rejects duplicate audit (0.138625ms)
✔ QA04 coverage Gate rejects rollback missing (0.127209ms)
✔ QA04 coverage Gate rejects unclean resource (0.134917ms)
✔ QA04 coverage Gate rejects reused isolation (0.101167ms)
✔ QA04 coverage Gate rejects no observed replay (0.115458ms)
✔ QA04 required acceptance cases are enforced (0.53225ms)
✔ QA04 skipped assertion fails execution Gate (0.049042ms)
✔ QA04 removed state-machine assertion fails coverage Gate (0.3815ms)
✔ migration source requires exact approved commit (0.489292ms)
✔ migration connection requires complete secret and verified TLS; special credentials are encoded (0.600792ms)
✔ database verification derives every mapped Prisma table (0.574875ms)
✔ runner without approved source fails without reporting credentials or driver details (40.980167ms)
✔ source packager archives committed tree, includes exact SHA and refuses overwriting ZIP (7155.007208ms)
✖ local TLS broker: 10 independent certificate sessions, QoS1, downlinks, reconnect and broker ACL rejection (128.466833ms)
✔ 10 concurrent sessions: all topics, exact 5% duplicates / 2% delayed telemetry, replay and isolated bad Schema (133.482375ms)
✔ cross-device publish, subscribe, receive and wildcard denied (0.493042ms)
✔ invalid configuration, OTA transitions and test credential gate fail closed (0.544666ms)
✔ scripted failed command, missing target mapping and illegal downlink do not generate mixed ACK (0.24725ms)
✔ all sessions close when one transport fails; no successful receipt (121.365125ms)
✔ MQTT adapter rejects SUBACK denial and connection failures (0.2275ms)
✔ CLI creates offline receipt and refuses ungated mqtts before reading credential paths (302.8715ms)
✔ CDK wrapper accepts synth/diff and requires explicit deploy stack (0.748416ms)
✔ CDK wrapper builds the whole workspace and fails closed on build errors (0.115583ms)
✔ CDK wrapper uses local SSO but requires OIDC credentials in GitHub Actions (0.071834ms)
✔ QA03 Gate accepts complete local integration receipt (0.552584ms)
✔ QA03 Gate rejects missing scenario (0.196709ms)
✔ QA03 Gate rejects unclean resources (0.114958ms)
✔ QA03 Gate rejects reused isolation prefix (0.093041ms)
✔ QA03 Gate rejects lost message (0.089875ms)
✔ QA03 Gate rejects duplicate business record (0.110458ms)
✔ QA03 Gate rejects missing raw proof (0.115ms)
✔ QA03 Gate rejects missing fault probe (0.915208ms)
✔ receipt covers all 128 decisions in two viewports (3.810166ms)
✔ fail closed: missing page (2.552417ms)
✔ fail closed: skipped case (0.732875ms)
✔ fail closed: flaky success (0.227917ms)
✔ fail closed: retry (0.211958ms)
✔ fail closed: unexpected external network (0.184958ms)
✔ fail closed: fixture collision (0.179209ms)
✔ fail closed: missing cleanup (0.166791ms)
✔ fail closed: updated baseline masquerades as regression (0.17525ms)
✔ fail closed: missing group (0.239667ms)
✔ fail closed: duplicate group (0.19725ms)
✔ fail closed: missing rejection assertion (0.23025ms)
✔ fail closed: missing menu (0.188958ms)
✔ fail closed: missing behavior guard (0.184208ms)
✔ fail closed: wrong viewport (0.172916ms)
✔ fail closed: snapshot hash mismatch (0.177583ms)
✔ binding omission, duplication and reject implementation fail closed (0.296625ms)
✔ actual config guard accepts R0/R1 and final false restore without declaring business/P95 (0.537208ms)
✔ config rejects accountReadCandidate drift (0.115958ms)
✔ config rejects pool drift (0.202084ms)
✔ config rejects memory drift (0.217958ms)
✔ config rejects preconnect drift (0.086542ms)
✔ config rejects engineCpu drift (0.072167ms)
✔ config rejects envName drift (0.057709ms)
✔ config rejects revisionId drift (0.066666ms)
✔ config rejects codeSha256 drift (0.057458ms)
✔ config rejects state drift (0.078125ms)
✔ config rejects architecture drift (0.053875ms)
✔ config rejects source, inventory and concurrency drift (0.093625ms)
✔ new detail receipts require explicit matching actual flag, including false restore (0.103083ms)
✔ real gzip bytes bind exact own devices, raw outbox hash and canonical published hash (9.03675ms)
✔ scope expansion, unknown customer/device, modified bytes and missing archive fail closed (1.81275ms)
✔ IoT normalized raw body binds outbox bytes while original publication binds canonical payload (1.444541ms)
✔ quick MQTT profile requires exact additional telemetry ledger and cannot waive missing archives (2.146708ms)
✔ archive deadline uses actual S3 modification times and cannot green an eventual late archive (2.0325ms)
✔ redelivery rejects foreign archives, unbounded inventories and unbound certificates before AWS operations (1.848167ms)
✔ C1 waits for both branches then independent query/checkout; C0 refuses candidate signal; warm absent is null (1.824ms)
✔ preconnect proof rejects missing (0.22425ms)
✔ preconnect proof rejects duplicate (0.151416ms)
✔ preconnect proof rejects failed (0.147625ms)
✔ preconnect proof rejects foreign (0.163ms)
✔ preconnect proof rejects bad timestamp (0.154458ms)
✔ preconnect proof rejects dispatch instead of settlement (0.138583ms)
✔ preconnect proof rejects not connection wait (0.127167ms)
✔ preconnect proof rejects query before preparation (0.16775ms)
✔ preconnect proof rejects checkout steals readiness (0.202834ms)
✔ preconnect proof rejects outside hook (0.152458ms)
✔ preconnect proof rejects invalid duration (0.120375ms)
✔ preconnect proof rejects orphan (0.975792ms)
✔ preconnect proof rejects consistently empty invocation identities (0.438541ms)
✔ nominal 30x profile cannot conceal a slower real publish window (44.64075ms)
✔ version proof requires CI deploy Amplify exact commit and 19 distinct verified artifact bytes (0.381041ms)
✔ own-fixture fault grant rejects shared changes and unknown faults while retaining deployment boundary (0.133708ms)
✔ database proof rejects foreign build, source, role and nonzero cleanup instead of trusting child PASS (0.290458ms)
✔ target gates reject missing finish cleanup required case and foreign device before live calls (0.671708ms)
✔ business cleanup preserves outside rows, rejects baseline drift and deletes own dependent rows atomically (1725.227209ms)
✔ fault injection rejects missing authorization and foreign export identity without mutation (0.664041ms)
✔ assertion-only validation cannot stand in for cleanup or whole target acceptance (0.124292ms)
✔ nonActive scope cannot enter the full wave that contains Active dependent probes (0.939916ms)
✔ foundation mode cannot be mistaken for full core or browser acceptance (0.088208ms)
✔ complete intermediate/root chain matches truststore and private key (2.671958ms)
✔ missing root is distinguished from valid signing certificate and key (0.398834ms)
✔ wrong parent, expired chain and wrong private key fail independently (1.408ms)
✔ oversized worker chain, malformed values and arbitrary canaries never leak (2.163583ms)
✔ receipt gate accepts completed diagnostic with invalid chain, rejects data leak and missing cleanup (4.495167ms)
✔ approved exact Worker, Secret, KMS and original expiry scope is accepted (1.596416ms)
✔ removing role condition, wildcard Secret or extended expiry is rejected (1.139ms)
✔ unrestricted KMS, different context or extra secret permissions are rejected (0.342292ms)
✔ repair gate requires retained versions, exact output binding and all cleanup (1.435958ms)
✔ only root field changes, original version remains immutable and AWSPREVIOUS (8.33875ms)
✔ baseline drift prevents all writes (0.113375ms)
✔ wrong fixed root prevents all writes (0.341958ms)
✔ unknown put outcome recovers immutable token without a second put (1.161667ms)
✔ candidate mutation fails before promotion (0.321542ms)
✔ concurrent current movement after candidate write is preserved (0.566916ms)
✔ unknown promotion response is recovered from current stages (0.836083ms)
✔ post-promotion failed readback rolls back only the known current candidate (0.585375ms)
✔ invalid version token rejects before accessing any secret (0.2245ms)
✔ rollback refuses to overwrite a concurrent foreign current version (4.398334ms)
✔ unknown AWS errors are returned as fixed codes without secret exception text (2.82625ms)
✔ successful promotion waits for metadata visibility without repeating stage writes (3.798125ms)
✔ existing current candidate is verified using read-only store without new versions or stage writes (0.86675ms)
✔ read-only recovery rejects changed fields without rolling back an existing current version (0.297333ms)
✔ capacity planning includes operational and rotation idle overlap and rejects naive concurrency increase (0.439459ms)
✔ read recovery preserves original timeout, reads only one started ID and never replays a mutation (27.714917ms)
✔ known authorization, expired SSO, invalid JSON and unknown failures never retry (63.921042ms)
✔ two read recoveries are the global bound, repeated timeout remains FAIL (15.006792ms)
✔ started Build waiting is bounded by polls and elapsed time; non-success terminal status never admits cleanup (16.922333ms)
✔ every cloud ownership field and raw Plan is required before reading results (13.641542ms)
✔ CLI failure records exit/signal/timing, classifies recognized errors and stores no stderr or credentials (0.9535ms)
✔ cleanup observer persists each success/failure and preserves failure identity without raw message, stack or input (0.301833ms)
✖ sign-out failure still deletes and verifies own identity, retains failure and cannot admit cleanup PASS (0.109375ms)
✖ only UserNotFound proves absence, failed delete is retained, and surviving identity fails closed (0.228792ms)
✔ partition preserves 722ms without treating CPU as exclusive scheduling or compiler time (1.879208ms)
✔ split rejects missing setup (0.210417ms)
✔ split rejects setup gap (0.204375ms)
✔ split rejects setup wrong boundary (0.138917ms)
✔ split rejects missing (0.120958ms)
✔ split rejects duplicate (0.10825ms)
✔ split rejects foreign (0.106ms)
✔ split rejects invalid CPU (0.10025ms)
✔ split rejects no CPU (0.118917ms)
✔ split rejects wrong boundary (1.0325ms)
✔ split rejects failed (0.145416ms)
✔ split rejects gap (0.142125ms)
✔ split rejects overlap (0.196ms)
✔ split rejects fake duration (0.125333ms)
✔ split rejects connection claim (0.088ms)
✔ target observer setup gap remains rejected: 737ms/17ms (0.165833ms)
✔ target observer setup gap remains rejected: 498ms/18ms (0.064042ms)
✔ target observer setup gap remains rejected: 40ms/20ms (0.073542ms)
✔ explicit setup covers 17ms without shifting original entrance (0.127875ms)
✔ explicit setup covers 18ms without shifting original entrance (0.093875ms)
✔ explicit setup covers 20ms without shifting original entrance (0.119167ms)
✔ range reads keep the original default and permit bounded slow-link retry (0.347167ms)
✔ range reads reject unbounded, ambiguous and below-default timeouts (0.185125ms)
✔ read-only asset concurrency stays bounded independently of DB/API capacity (0.112166ms)
✔ cold sampler collector binds exact own REPORT and safe client metrics: patch (132.570708ms)
✔ cold sampler collector binds exact own REPORT and safe client metrics: audit (50.242875ms)
✔ two batches preserve six own contracts, six winners/conflicts and audits with a hard concurrency/request bound (59.961709ms)
✔ unknown write drains siblings and waits for Lambda quiescence without retry or false PASS (9.910083ms)
✔ audit drift fails closed: audit-id (9.468459ms)
✔ audit drift fails closed: foreign-list (10.775167ms)
✔ foreign context, missing baseline or excess batches fail before any dispatch/receipt (0.4265ms)
✔ sampling correlation ledger rejects foreign or missing HTTP rows even with a valid business result (19.74875ms)
✔ DLQ scope requires closed ledger, 20 exact IDs and fresh empty database proof (0.784833ms)
✔ one-shot worker deletes only exact retired pointers, restores unknown visibility, and exports no bodies or handles (2.558166ms)
✔ six exact request/time/status/extended/Lambda links pass without saving unrelated fields or requests (53.848334ms)
✔ correlation refuses complete proof for time (51.335041ms)
✔ correlation refuses complete proof for lambda-id (59.603875ms)
✔ correlation refuses complete proof for duplicate (50.196542ms)
✔ correlation refuses complete proof for missing-http (53.647833ms)
✔ audit GET binds list/detail operation and timeout UUID without claiming client success (99.394417ms)
✔ public child proof retains legacy partition and never implies compiler/server/P95 attribution (2.511458ms)
✔ detail rejects missing (0.41975ms)
✔ detail rejects duplicate (0.506875ms)
✔ detail rejects foreign (0.127584ms)
✔ detail rejects failed (0.093958ms)
✔ detail rejects boundary (0.071417ms)
✔ detail rejects CPU (0.06675ms)
✔ detail rejects negative CPU (0.063042ms)
✔ detail rejects fraction (0.104542ms)
✔ detail rejects wait (0.113584ms)
✔ detail rejects wrong wait (0.082917ms)
✔ detail rejects gap (0.072458ms)
✔ detail rejects overlap (0.056083ms)
✔ detail rejects coverage (0.057167ms)
✔ detail rejects invalid time (0.065666ms)
✔ detail rejects off (0.054291ms)
✔ detail rejects two pg (0.050417ms)
✔ detail rejects unsettled (0.049833ms)
✔ detail rejects root (0.049792ms)
✔ fresh planner preserves fixed budget, demands both detail modes, never dispatches (0.248291ms)
✔ legacy manifests cannot be promoted to detailed target proof (0.722667ms)
✔ hosted detail input byte binding is explicit and rejects run, mode, budget, context and hash drift (0.872334ms)
✔ driver partition separates controlled wait and result access without causal claims (2.066917ms)
✔ reject crossed boundary (0.262875ms)
✔ reject nonfinite boundary (0.105958ms)
✔ reject missing boundary (0.087917ms)
✔ reject wrong sample order (0.101083ms)
✔ reject extra sample (1.11325ms)
✔ reject hidden query retry (5.666458ms)
✔ reject unreleased connection (0.124042ms)
✔ reject extra pool (0.091042ms)
✔ reject target equivalence (0.617958ms)
✔ reject compiler-only claim (0.095375ms)
✔ reject server-only claim (0.055917ms)
✔ reject wrong controlled recipe (0.058917ms)
✔ reject wrong account mode (0.594583ms)
✔ reject unproved phases (0.067208ms)
✔ cold summary requires exact transactional physical proof and never copies payloads (2.720667ms)
✔ strict load split preserves 5ms coverage and only public boundary attribution (0.396709ms)
✔ rejects foreign request (0.478167ms)
✔ rejects duplicate (0.096792ms)
✔ rejects missing model boundary (0.086ms)
✔ rejects multiple SQL (0.062083ms)
✔ rejects root query (0.051625ms)
✔ rejects duplicate ownership (0.051625ms)
✔ rejects CPU attribution (0.065458ms)
✔ rejects boundary guess (0.100542ms)
✔ rejects gap (0.064792ms)
✔ rejects overlap (0.051667ms)
✔ rejects failure (0.049084ms)
✔ rejects invalid wait (0.040417ms)
✔ phase proof covers success, conditional conflict and all audit reads without declaring latency/cleanup acceptance (1.25025ms)
✔ cold 409 gate requires matching cold phase flags and successful runtime initialization (2.114584ms)
✔ new account gate requires nested hook, Prisma query, first driver query and checkout on every request (0.220917ms)
✔ account gate rejects missing (0.202209ms)
✔ account gate rejects duplicate (27.699333ms)
✔ account gate rejects failure (0.32075ms)
✔ account gate rejects wait-boundary (0.203291ms)
✔ account gate rejects timestamp (1.093166ms)
✔ account gate rejects outside-hook (0.525375ms)
✔ phase proof rejects foreign-invocation (0.387167ms)
✔ phase proof rejects missing-transaction (0.266125ms)
✔ phase proof rejects conflict-code (0.243583ms)
✔ phase proof rejects missing-http (0.11425ms)
✔ phase proof rejects other-run (0.094292ms)
✔ bounded sampler requires physical Init Duration as well as application cold phases and retains client metrics (1.555375ms)
✔ bounded sampler rejects foreign-report (0.491417ms)
✔ bounded sampler rejects duplicate-report (0.283208ms)
✔ bounded sampler rejects no-socket-metrics (0.50225ms)
✔ bounded sampler rejects missing-body (0.27275ms)
✔ bounded sampler rejects over-budget (0.278167ms)
✔ bounded sampler rejects missing-audit (0.2365ms)
✔ client preparation requires actual dispatch, cold adapter suffix and leaves warm adapter timings absent (1.284167ms)
✔ client preparation rejects missing prepare (0.237208ms)
✔ client preparation rejects settlement is not driver dispatch (0.185583ms)
✔ client preparation rejects preparation after driver start (0.157208ms)
✔ client preparation rejects cold missing suffix (0.164083ms)
✔ client preparation rejects suffix outside preparation (0.154667ms)
✔ client preparation rejects wrong invocation (0.1345ms)
✔ client preparation cannot bypass account phase checks (0.12575ms)
✔ engine CPU mode proves preparation before model, preserves driver boundary and refuses old lazy ownership (1.621ms)
✔ runtime assembly opt-in preserves both engine ownership modes and rejects old partial runtime receipts (28.726084ms)
✔ parent phase Gate requires engine/runtime and C1 settlement before queries; C0 refuses candidate phases (20.92175ms)
✔ new contract-load split opt-in cannot reuse an older unsplit target receipt (0.106458ms)
✔ success audits bind precisely and conflicts never have a success audit (0.335417ms)
✔ audit proof rejects duplicate (0.142708ms)
✔ audit proof rejects wrong-version (0.05725ms)
✔ audit proof rejects conflict-success (0.046042ms)
✔ Gateway overlap cannot conceal serialized Lambda executions (0.296333ms)
✔ three races accept either winner, bind every successful write to audit and advance once per version (47.815917ms)
✔ early failure still drains the late sibling before readback and never retries or reports PASS (3.143542ms)
✔ race fails closed for double-winner (6.059625ms)
✔ race fails closed for gateway-id (4.720292ms)
✔ race fails closed for audit-id (16.345792ms)
✔ foreign context fails before dispatch or receipt writes (0.318792ms)
✔ historical read scope rejects any resource outside the exact sealed old contract before live calls (0.090709ms)
✔ read-only completion accepts only all six settled exact successful PATCH receipts (0.696292ms)
✔ cleanup/completion guard rejects unknown-write (0.180791ms)
✔ cleanup/completion guard rejects foreign-site (0.081083ms)
✔ cleanup/completion guard rejects wrong-account (0.071833ms)
✔ cleanup/completion guard rejects unfinished (0.0945ms)
✔ cleanup/completion guard rejects gateway-id (0.071917ms)
✔ log projection redacts payload/error details and rejects unrecognized events (0.430084ms)
✔ serialized AWS log projection preserves closed event names through the 20-sequence Gate (10.125042ms)
✔ specific redelivery needs matching SQS ID, final disposition and durable duplicate receipt (0.273333ms)
✔ 20 sequence stage Gate rejects incomplete coverage and unrelated device evidence (1.334584ms)
✔ completed Build result tolerates delayed/truncated CloudWatch visibility and transient read failure without rerunning SQL (0.797084ms)
✔ wrong/multiple/failed frames and AccessDenied reject immediately, absent result fails closed after bounded reads (0.519166ms)
✔ expired SSO is a terminal authentication condition, never a transient log retry (0.080125ms)
✔ CloudWatch 250000-character fragments reassemble exact source-bound metadata without accepting truncation or another frame (5.644ms)
✔ large fixture observations round-trip through bounded gzip without losing metadata (24.814209ms)
✔ compressed fixture frames reject corruption, noncanonical data and decompression bombs (32.436958ms)
✔ compressed metadata still requires the exact expected source/build/action binding (1.597042ms)
✔ fixed manifest rejects unsafe SQL identifiers, missing hash and duplicates (0.868875ms)
✔ migration comparison distinguishes missing, tampered, unfinished and rolled-back migrations (0.3595ms)
✔ snapshot uses repeatable read/read only, timeouts, fixed SELECTs and always rolls back (0.756375ms)
✔ writable transaction rejected before business queries and rolled back (4.038333ms)
✔ query failure rolls back instead of yielding partial PASS (0.1535ms)
✔ dedicated query project never changes migration project or passes StartBuild overrides (40.419959ms)
✔ legacy onboarding rows without CSR columns require reconciliation before migration (0.113209ms)
✔ query success preserves real migration BLOCKED instead of promoting readiness (0.726625ms)
✔ wrong build, writable transaction, unbound hash and fabricated migration PASS rejected (0.252625ms)
✔ missing table count cannot become complete SQL evidence (0.276334ms)
✔ explicit manual false overrides repository true and preserves capacity/immediate context (0.657917ms)
✔ manual deployment rejects branch/SHA, missing mode, phase drift and unsupported events before cloud work (0.148834ms)
✔ push keeps existing resolved defaults but cannot ignore explicit invalid input (0.064125ms)
✔ input pair gate never implies target acceptance and rejects SHA/config/context/duplicate run drift (1.951458ms)
✔ workflow records input receipt before verification/AWS and never interpolates manual input into shell (3.876708ms)
✔ C0/C1 same SHA and engine=true differ only preconnect; push cannot turn candidate on (0.365958ms)
✔ R0/R1 input pair binds same SHA and budget, differs only account read; push always off (0.346042ms)
✔ detail is off on push, manual detail requires guarded preconnect and round trips both R inputs (0.311167ms)
✔ entity merge requires actual decisions on both viewports, scoped devices, versions and cleanup (0.617167ms)
✔ certificate merge cannot use review-only parent to claim real dual-channel certificate entity (0.105542ms)
✔ pre-start rejection is persisted and never retried; no started receipt or SQL is invented (932.236209ms)
✔ post-start authorization rejection retains exact Build receipt and failed read with no restart (494.328833ms)
✔ terminal failed Build remains FAIL, is known terminal and never reads successful frame (447.312583ms)
✔ in-budget transient read recovers the same Build, retains original FAIL and runs mutation once (2476.917375ms)
✔ request UUID is durable before a single dispatch and credentials never enter receipts (10.014292ms)
✔ failed AWAIT_HEADERS preserves correlation without retry (0.382125ms)
✔ failed READ_BODY preserves correlation without retry (0.117084ms)
✔ malformed JSON cannot become a successful HTTP receipt (0.19ms)
✔ socket events split DNS/TCP/TLS; receipts contain no URL, authorization or socket details (2.617334ms)
✖ real delayed body is measured separately; a reused connection has absent DNS/TCP/TLS, not invented zeros (14.083ms)
✖ total deadline aborts an unfinished response body; no complete-body receipt or retry (1.8985ms)
✔ injected fetch cannot masquerade as detailed socket observation (0.299291ms)
✔ layout diagnostic fails closed before AWS calls for foreign, finished or unbound fixtures (0.617625ms)
✔ diagnostic cleanup retains all actions and fails closed: absent (0.499ms)
✔ diagnostic cleanup retains all actions and fails closed: still-present (0.05225ms)
✔ diagnostic cleanup retains all actions and fails closed: read-denied (0.053375ms)
✔ diagnostic cleanup retains all actions and fails closed: signout-failed (0.062584ms)
✔ diagnostic cleanup retains all actions and fails closed: delete-failed (0.070125ms)
✔ snapshot must be available encrypted manual and exact whitelist cannot expand (0.907125ms)
✔ real local SQL retires exactly two jobs/requests and preserves every other table (1366.471625ms)
✔ live status drift aborts with original rows intact (560.608833ms)
✔ unexpected cascade/trigger changing a preserved table rolls back all deletes (443.670084ms)
✔ valid HTTP writes cannot be inflated by malformed, wrong role, wrong method or failed requests (1.017959ms)
✔ target License wire sequence proves ExpiringSoon renewal and Renewed activation using real handlers and PostgreSQL (1682.067333ms)
✔ planner never dispatches and matchable inputs never accept P95 or causal benefit (1.047875ms)
✔ pair rejects drift or missing proof sourceCommit (0.09475ms)
✔ pair rejects drift or missing proof memoryMiB (0.056833ms)
✔ pair rejects drift or missing proof architecture (0.045542ms)
✔ pair rejects drift or missing proof poolMax (0.059166ms)
✔ pair rejects drift or missing proof actorRole (0.043417ms)
✔ pair rejects drift or missing proof accountState (0.03775ms)
✔ pair rejects drift or missing proof operationId (0.069375ms)
✔ pair rejects drift or missing proof expectedStatus (0.055042ms)
✔ pair rejects drift or missing proof authenticatedPreconnect (0.088875ms)
✔ pair rejects drift or missing proof engineCpuDiagnosis (0.048708ms)
✔ pair rejects drift or missing proof artifactSetSha256 (0.038792ms)
✔ pair rejects drift or missing proof lambdaCount (0.0505ms)
✔ pair rejects drift or missing proof cleanupGate (0.032583ms)
✔ pair rejects drift or missing proof source (0.038667ms)
✔ pair rejects drift or missing proof coldProofGroup (0.025875ms)
✔ pair rejects drift or missing proof naturalCold409Count (0.031833ms)
✔ pair rejects drift or missing proof platformInitDurationMs (0.030875ms)
✔ pair rejects drift or missing proof clientSplitGate (0.028708ms)
✔ pair rejects drift or missing proof firstCheckoutOwned (0.029042ms)
✔ pair rejects drift or missing proof startedAt (0.021833ms)
✔ actual receipt loader rejects byte drift and directory escape before reading semantic proof (1.767333ms)
✔ matched independent sampling stays distinct from baseline and cannot accept a missing group (0.079375ms)
✔ recovery sub-gate checks all preserved tables without accepting full QA09 (2.289959ms)
✔ version mismatch, missing migration and changed certificate/other business data fail closed (0.402875ms)
✔ retirement evidence cannot hide wrong deleted IDs or lose preservation proof (0.267958ms)
✔ retirement project has fixed source and never modifies readonly/migration runner (33.775084ms)
✔ real Sync observation redacts secret domains and cannot treat delivery as firmware verification (0.506875ms)
✔ receipt runner sends only RECEIVED and redacts complete snapshots even with device password hashes (0.403709ms)
✔ receipt runner fails closed for mismatched snapshots and refused confirmation (0.134ms)
✔ 117 elements require both real viewport receipts (4.627291ms)
✔ one failure fails all elements in the affected behavior group (0.4305ms)
✔ Active dependent operations are explicit NOT_RUN, not successful disabled checks (0.532917ms)
✔ duplicate, foreign and invalid viewport receipts fail closed (0.606834ms)
✔ Defer and Reject failures also block the browser Gate (0.473416ms)
✔ CSV proof rejects empty, foreign and malformed downloads while parsing quoted data (0.229291ms)
✔ reopens own TLS session after same-clientId negative probe and closes on failure (0.777125ms)
✔ foreign MQTT scope is rejected before connection (0.098166ms)
✔ S3 fallback accepts exact owned version cleanup and rejects bucket, customer and pagination expansion (0.498875ms)
✔ export scope rejects a foreign device before API, AWS or output writes (15.087583ms)
✔ domain cleanup refuses live run, foreign customer name, missing DB cleanup and out-of-scope objects (1.494542ms)
✔ unseeded identity cleanup rejects unfinished, foreign, seeded and pre-existing admin ledgers (1.101583ms)
✔ Cognito canonical UUID is allowed only with exact own email and creation within this failed run (0.480833ms)
✔ P95 uses all actual samples and rejects empty or invalid measurements (0.440542ms)
✔ complete P95 excludes censored timeouts and refuses partial sample acceptance (0.10825ms)
✔ performance summary refuses to report P95 PASS for missing or incomplete actual samples (55.983875ms)
✔ read-only pool probe distinguishes one connection, recovery and incomplete capacity acceptance (5.803125ms)
✔ observed connection-budget violation refuses a pool PASS receipt (0.682209ms)
✔ foreign probe application name is rejected before database access (0.090167ms)
✔ CPU ancestry attributes minified constructor and compile samples exclusively (1.201708ms)
✔ curl metrics differences preserve boundaries and reject bad ordering or nonfinite values (1.284042ms)
✔ curl probes are six bounded verified GETs with no credential/config/retry path; proxy prevents dispatch (0.961792ms)
✔ curl failures retain siblings and discard raw error text (0.173375ms)
✔ scheduled publishing overlaps slow PUBACK and drains failures without abandoning in-flight writes (20.081083ms)
✔ only exact test account and readonly role accepted (0.492959ms)
✔ stack identity, region, project and test tag fail closed (0.108083ms)
✔ permission denial is unverified, never classified as absent (0.347334ms)
✔ metadata health never promotes missing business evidence to AWS PASS (0.4245ms)
✔ five groups with unconfirmed or disabled users do not prove usable identities (0.140625ms)
✔ missing target receipts and version mismatch remain blockers (0.47725ms)
✔ existing test environment requires neither new account nor stack and retains real-response/cleanup boundaries (0.235416ms)
✔ real sub-scope acceptance cannot claim whole QA09 (2.064375ms)
✔ unfinished execution, missing role probe and failed assertion rejected (0.184125ms)
✔ missing cleanup, wrong target, secrets and source tampering rejected (1.51925ms)
✔ identity cleanup only accepts this run and the five known role identities (0.460333ms)
✔ record cleanup requires exact run namespace, not merely a partial prefix (0.094083ms)
✔ recovery excludes explicitly later own SLO records without waiving original bytes or deadlines (7.63325ms)
✔ later record exemption never includes other devices or customers (2.621041ms)
✔ site compensation rejects foreign-route before any AWS command (232.419792ms)
✔ site compensation rejects failed-cleanup before any AWS command (159.506583ms)
✔ site compensation rejects unbound-parent before any AWS command (159.699875ms)
✔ remaining target rejects foreign fixture before an API or database call (0.936875ms)
✔ unproved license activation fails legal stage and independent stage failures remain explicit without credentials (0.984625ms)
✔ per-request service throttling requires both unique IDs and bound access-row time/status, never minute metrics (0.358375ms)
✔ QA09 rollout separates logging, budget and event publication and rejects silent phase mistakes (0.868375ms)
✔ engine CPU diagnosis is explicit and only allowed after pool budget rollout (0.100375ms)
✔ runtime assembly has ordered nested CPU intervals without additive initialization totals (2.170667ms)
✔ runtime proof rejects absent, duplicate, failed, foreign IDs, overlap, bad CPU and invalid durations (0.676375ms)
✔ security retest rejects foreign fixture before any credential or live API access (1.500709ms)
✔ six tampered tokens require HTTP rejection and keep credentials out of receipt (0.896667ms)
✔ unknown seed outcome requires observed complete own set or proven empty set, never a blind retry (0.569333ms)
✔ semantic SQL creates two scoped read models without lifecycle or authentication claims and refuses reuse (1174.658125ms)
✔ semantic SQL refuses scope/state drift: lifecycle_status='Active' (173.314792ms)
✔ semantic SQL refuses scope/state drift: site_id=NULL (176.525375ms)
✔ semantic SQL refuses scope/state drift: customer_id='22222222-2222-2222-2222-222222222222' WHERE customer_id='11111111-1111-1111-1111-111111111111' (172.006291ms)
✔ semantic SQL refuses scope/state drift: name='outside' (165.299292ms)
✔ platform exports require the exact ledger and own frozen filters; foreign jobs remain unchanged (233.517958ms)
✔ business session cleanup never accepts a foreign email id role scope or lifecycle (0.571125ms)
✔ session fixtures require exact own customer and site binding before cleanup (0.109417ms)
✔ complete narrow real-environment scope never accepts full QA09 (2.454292ms)
✔ missing mTLS, shared keys, different ingress/archive bytes and missing cleanup fail closed (2.462542ms)
✔ CodeBuild inline source fits service limit and decompresses to exact reviewed bytes (30.743791ms)
✔ exact own-ten plan rejects expansion, historical identity and wrong customer namespace (16.149333ms)
✔ real SQL creates exact fixtures and cleanup preserves original devices/certificates (778.492209ms)
✔ unexpected original-data trigger mutation rolls back fixture creation (462.058792ms)
✔ processing provisioning job prevents cleanup without deleting any own devices (443.196625ms)
✔ CSR proofs bind method, path, request ID, timestamp, nonce and independent key (95.658ms)
✔ closed-fixture audit and request outbox cleanup require ledger and preserve unrelated events (432.943458ms)
✔ closed-fixture access rejects missing approval audit and live customer (427.654375ms)
✔ unseeded capacity attempt has read-only empty audit with deleted customers and fixed original baseline (425.556083ms)
✔ business-only Onboarded fixtures preserve original rows, refuse reuse and make no certificate/authentication claim (435.140916ms)
✔ unseeded timeout audit reads only exact prefix and cannot mutate original or retry customer creation (423.688625ms)
✔ active lifecycle fixture changes exactly two own states and never claims a natural path (427.18475ms)
✔ capacity probe executes a read-only transaction and leaves fixture and original rows unchanged (424.761292ms)
✔ review-only mode cannot run without an explicit review hook or with unknown options (0.437875ms)
✔ fixture CLI distinguishes expired SSO from authorization rejection and transport timeouts (0.151792ms)
✔ TLS diagnostic bounds independent reads to 12 and six concurrent; fake observations cannot claim real target source (46.369208ms)
✔ TLS diagnostic retains settled siblings, missing samples and unexpected HTTP/authentication as PARTIAL (0.458542ms)
✔ version binding preserves prior defaults and accepts exact new target (0.633625ms)
✔ invalid version input is rejected before any AWS operation (0.139709ms)
✔ all delivered writes have an explicit permission and own or absent object path (0.663083ms)
✔ identical claims still change signed payload bytes rather than unused base64 signature bits (0.1125ms)
✔ Gateway 403 rejects tampered signatures while protected 2xx must fail (1.983375ms)
✔ quick has exact cadence, 24 historical hours, 30x burst, 5% duplicates and 2% delayed delivery (6.039042ms)
✔ full plan contains 86400 historical Telemetry samples for 10 devices at 10-second cadence (160.370959ms)
✔ unknown profile fails closed (0.138916ms)
✔ P95 uses nearest rank and does not mutate input (0.116083ms)
✔ invalid latency  rejected (0.060875ms)
✔ invalid latency NaN rejected (0.032667ms)
✔ invalid latency Infinity rejected (0.03375ms)
✔ invalid latency -1 rejected (0.045458ms)
✔ independent checker verifies count average min max and UTC buckets (0.214041ms)
✔ complete reliability proof passes (0.5835ms)
✔ Gate rejects missing trace (0.345917ms)
✔ Gate rejects duplicate trace (0.290375ms)
✔ Gate rejects failed cleanup (0.317417ms)
✔ Gate rejects wrong profile (0.355959ms)
✔ Gate rejects wrong cadence (0.323709ms)
✔ Gate rejects untracked loss (0.3215ms)
✔ Gate rejects duplicate business row (0.32775ms)
✔ Gate rejects missing archive (0.32075ms)
✔ Gate rejects missing reorder (0.306667ms)
✔ Gate rejects missing retry (0.311667ms)
✔ Gate rejects unresolved gap (0.303ms)
✔ Gate rejects worker not paused (0.300917ms)
✔ Gate rejects no backlog (0.317084ms)
✔ Gate rejects unscoped replay (0.302083ms)
✔ Gate rejects duplicate MQTT publish (0.311416ms)
✔ Gate rejects late ACK changed terminal state (0.313041ms)
✔ Gate rejects telemetry P95 failed (0.31875ms)
✔ Gate rejects command P95 failed (0.330416ms)
✔ Gate rejects NaN P95 (0.355958ms)
✔ Gate rejects missing latency samples (0.343708ms)
✔ security receipt accepts complete execution and all observed acceptance proofs (2.211917ms)
✔ execution fails closed: deleted required test (0.516792ms)
✔ execution fails closed: missing file (0.087625ms)
✔ execution fails closed: pending test (0.076666ms)
✔ execution fails closed: failed test (1.783041ms)
✔ proof fails closed: missing proof (0.130917ms)
✔ proof fails closed: reused prefix (0.091417ms)
✔ proof fails closed: cleanup incomplete (0.097833ms)
✔ proof fails closed: expired JWT accepted (0.109333ms)
✔ proof fails closed: missing write operation (0.115792ms)
✔ proof fails closed: forged identity accepted (0.08625ms)
✔ proof fails closed: route resolved before auth (0.058ms)
✔ proof fails closed: cross tenant allowed (0.099916ms)
✔ proof fails closed: unauthorized side effect (0.808584ms)
✔ proof fails closed: prototype pollution (0.091041ms)
✔ proof fails closed: malicious media signed (0.074375ms)
✔ proof fails closed: malicious media persisted (0.062208ms)
✔ proof fails closed: leak ignored (0.0895ms)
✔ proof fails closed: unscanned audit (0.126292ms)
✔ proof fails closed: unscanned snapshot (0.121542ms)
✔ proof fails closed: partial response scan (0.073208ms)
✔ independent scanner rejects nested secrets raw JWT Error private key and signed URL without echoing values (0.815167ms)
✔ scanner detects opaque canary leakage and permits null redacted values and public certificate (0.0405ms)
ℹ tests 732
ℹ suites 0
ℹ pass 727
ℹ fail 5
ℹ cancelled 0
ℹ skipped 0
ℹ todo 0
ℹ duration_ms 7630.485042

✖ failing tests:

test at scripts/device-simulator-mtls.test.mjs:15:1
✖ local TLS broker: 10 independent certificate sessions, QoS1, downlinks, reconnect and broker ACL rejection (128.466833ms)
  Error: listen EPERM: operation not permitted ::1
      at Server.setupListenHandle [as _listen2] (node:net:1918:21)
      at listenInCluster (node:net:1997:12)
      at GetAddrInfoReqWrap.callback (node:net:2206:7)
      at GetAddrInfoReqWrap.onlookupall [as oncomplete] (node:dns:134:8) {
    code: 'EPERM',
    errno: -1,
    syscall: 'listen',
    address: '::1'
  }

test at scripts/qa09-cleanup-recovery.test.mjs:253:1
✖ sign-out failure still deletes and verifies own identity, retains failure and cannot admit cleanup PASS (0.109375ms)
  ReferenceError: cleanupIdentityOperations is not defined
      at TestContext.<anonymous> (file:///Users/anray/Documents/project/hiddenjoyacom/food-digester-platform/scripts/qa09-cleanup-recovery.test.mjs:259:18)
      at Test.runInAsyncScope (node:async_hooks:214:14)
      at Test.run (node:internal/test_runner/test:1106:25)
      at Test.processPendingSubtests (node:internal/test_runner/test:788:18)
      at Test.postRun (node:internal/test_runner/test:1235:19)
      at Test.run (node:internal/test_runner/test:1163:12)
      at async Test.processPendingSubtests (node:internal/test_runner/test:788:7)

test at scripts/qa09-cleanup-recovery.test.mjs:281:1
✖ only UserNotFound proves absence, failed delete is retained, and surviving identity fails closed (0.228792ms)
  ReferenceError: cleanupIdentityOperations is not defined
      at TestContext.<anonymous> (file:///Users/anray/Documents/project/hiddenjoyacom/food-digester-platform/scripts/qa09-cleanup-recovery.test.mjs:284:20)
      at Test.runInAsyncScope (node:async_hooks:214:14)
      at Test.run (node:internal/test_runner/test:1106:25)
      at Test.processPendingSubtests (node:internal/test_runner/test:788:18)
      at Test.postRun (node:internal/test_runner/test:1235:19)
      at Test.run (node:internal/test_runner/test:1163:12)
      at async Test.processPendingSubtests (node:internal/test_runner/test:788:7)

test at scripts/qa09-https-transport.test.mjs:74:1
✖ real delayed body is measured separately; a reused connection has absent DNS/TCP/TLS, not invented zeros (14.083ms)
  Error: listen EPERM: operation not permitted 127.0.0.1
      at Server.setupListenHandle [as _listen2] (node:net:1918:21)
      at listenInCluster (node:net:1997:12)
      at node:net:2206:7
      at process.processTicksAndRejections (node:internal/process/task_queues:89:21) {
    code: 'EPERM',
    errno: -1,
    syscall: 'listen',
    address: '127.0.0.1'
  }

test at scripts/qa09-https-transport.test.mjs:97:1
✖ total deadline aborts an unfinished response body; no complete-body receipt or retry (1.8985ms)
  Error: listen EPERM: operation not permitted 127.0.0.1
      at Server.setupListenHandle [as _listen2] (node:net:1918:21)
      at listenInCluster (node:net:1997:12)
      at node:net:2206:7
      at process.processTicksAndRejections (node:internal/process/task_queues:89:21) {
    code: 'EPERM',
    errno: -1,
    syscall: 'listen',
    address: '127.0.0.1'
  }
 ELIFECYCLE  Command failed with exit code 1.
 ELIFECYCLE  Test failed. See above for more details.
 ELIFECYCLE  Command failed with exit code 1.
