
> food-digester-platform@0.0.0 verify /Users/anray/Documents/project/hiddenjoyacom/food-digester-platform
> pnpm lint && pnpm format:check && pnpm typecheck && pnpm openapi:check && pnpm test && pnpm build && pnpm check:boundaries && pnpm check:schemas && pnpm check:migrations && pnpm check:evidence && pnpm check:secrets && pnpm check:sensitive-sinks && pnpm check:admin-web-delivery && pnpm check:admin-web-e2e && pnpm check:cmd-ota-delivery && pnpm test:device-contracts /tmp/fdp-device-contracts-gate.json && pnpm test:iot-integration /tmp/fdp-iot-integration-gate.json && pnpm test:core-api-integration /tmp/fdp-core-api-integration-gate.json && pnpm test:admin-e2e-suite /tmp/fdp-admin-e2e-gate.json && pnpm test:security-suite /tmp/fdp-security-gate.json && pnpm test:reliability-suite /tmp/fdp-reliability-gate.json && pnpm test:prototype-regression /tmp/fdp-prototype-regression-gate.json


> food-digester-platform@0.0.0 lint /Users/anray/Documents/project/hiddenjoyacom/food-digester-platform
> eslint .


> food-digester-platform@0.0.0 format:check /Users/anray/Documents/project/hiddenjoyacom/food-digester-platform
> prettier --check .

Checking formatting...
All matched files use Prettier code style!

> food-digester-platform@0.0.0 typecheck /Users/anray/Documents/project/hiddenjoyacom/food-digester-platform
> turbo run typecheck


   • Packages in scope: @fdp/admin-web, @fdp/archive-worker, @fdp/auth, @fdp/aws-clients, @fdp/cloud-api, @fdp/contracts, @fdp/database, @fdp/domain, @fdp/infra, @fdp/ingestion-worker, @fdp/media, @fdp/observability, @fdp/summary-worker
   • Running typecheck in 13 packages
   • Remote caching disabled

@fdp/database:generate: cache miss, executing c9801dc001f46347
@fdp/observability:typecheck: cache hit, replaying logs f1ff6030ddc8a9f2
@fdp/observability:typecheck: 
@fdp/observability:typecheck: > @fdp/observability@0.0.0 typecheck /Users/anray/Documents/project/hiddenjoyacom/food-digester-platform/packages/observability
@fdp/observability:typecheck: > tsc -p tsconfig.json
@fdp/observability:typecheck: 
@fdp/contracts:build: cache hit, replaying logs badb40bf08f6da73
@fdp/aws-clients:typecheck: cache hit, replaying logs 767e47322641a244
@fdp/contracts:build: 
@fdp/contracts:build: > @fdp/contracts@0.0.0 build /Users/anray/Documents/project/hiddenjoyacom/food-digester-platform/contracts
@fdp/contracts:typecheck: cache hit, replaying logs aa15856efcfb63ca
@fdp/contracts:build: > node -e "console.log('@fdp/contracts 为源码契约包：内部使用 .ts 扩展名互引，不经 tsc 构建；消费方经 tsx/打包器直接使用源码')"
@fdp/contracts:build: 
@fdp/contracts:build: @fdp/contracts 为源码契约包：内部使用 .ts 扩展名互引，不经 tsc 构建；消费方经 tsx/打包器直接使用源码
@fdp/aws-clients:typecheck: 
@fdp/aws-clients:typecheck: > @fdp/aws-clients@0.0.0 typecheck /Users/anray/Documents/project/hiddenjoyacom/food-digester-platform/packages/aws-clients
@fdp/aws-clients:typecheck: > tsc -p tsconfig.json
@fdp/contracts:typecheck: 
@fdp/contracts:typecheck: > @fdp/contracts@0.0.0 typecheck /Users/anray/Documents/project/hiddenjoyacom/food-digester-platform/contracts
@fdp/aws-clients:typecheck: 
@fdp/contracts:typecheck: > tsc -p tsconfig.json
@fdp/contracts:typecheck: 
@fdp/infra:typecheck: cache hit, replaying logs 501d8e78370248ae
@fdp/infra:typecheck: 
@fdp/infra:typecheck: > @fdp/infra@0.0.0 typecheck /Users/anray/Documents/project/hiddenjoyacom/food-digester-platform/infra
@fdp/infra:typecheck: > tsc -p tsconfig.json
@fdp/infra:typecheck: 
@fdp/observability:build: cache hit, replaying logs ea923edaeec24452
@fdp/domain:typecheck: cache hit, replaying logs fd26312a4c0953c8
@fdp/observability:build: 
@fdp/observability:build: > @fdp/observability@0.0.0 build /Users/anray/Documents/project/hiddenjoyacom/food-digester-platform/packages/observability
@fdp/observability:build: > tsc -p tsconfig.build.json
@fdp/observability:build: 
@fdp/domain:typecheck: 
@fdp/domain:typecheck: > @fdp/domain@0.0.0 typecheck /Users/anray/Documents/project/hiddenjoyacom/food-digester-platform/packages/domain
@fdp/domain:typecheck: > tsc -p tsconfig.json
@fdp/domain:typecheck: 
@fdp/domain:build: cache hit, replaying logs 47ef0249a0b99843
@fdp/domain:build: 
@fdp/domain:build: > @fdp/domain@0.0.0 build /Users/anray/Documents/project/hiddenjoyacom/food-digester-platform/packages/domain
@fdp/domain:build: > tsc -p tsconfig.build.json
@fdp/domain:build: 
@fdp/aws-clients:build: cache hit, replaying logs 72b741ff8e28f9c8
@fdp/aws-clients:build: 
@fdp/aws-clients:build: > @fdp/aws-clients@0.0.0 build /Users/anray/Documents/project/hiddenjoyacom/food-digester-platform/packages/aws-clients
@fdp/aws-clients:build: > tsc -p tsconfig.build.json
@fdp/aws-clients:build: 
@fdp/database:generate: 
@fdp/database:generate: > @fdp/database@0.0.0 generate /Users/anray/Documents/project/hiddenjoyacom/food-digester-platform/packages/database
@fdp/database:generate: > prisma generate
@fdp/database:generate: 
@fdp/database:generate: Loaded Prisma config from prisma.config.ts.
@fdp/database:generate: 
@fdp/database:generate: Prisma schema loaded from prisma/schema.prisma.
@fdp/database:generate: 
@fdp/database:generate: ✔ Generated Prisma Client (7.9.1) to ./src/generated in 131ms
@fdp/database:generate: 
@fdp/database:build: cache miss, executing 5a55b0b69fe3163d
@fdp/database:typecheck: cache miss, executing 715b1e3a1a9ff81d
@fdp/database:typecheck: 
@fdp/database:typecheck: > @fdp/database@0.0.0 typecheck /Users/anray/Documents/project/hiddenjoyacom/food-digester-platform/packages/database
@fdp/database:typecheck: > tsc -p tsconfig.json
@fdp/database:typecheck: 
@fdp/database:build: 
@fdp/database:build: > @fdp/database@0.0.0 build /Users/anray/Documents/project/hiddenjoyacom/food-digester-platform/packages/database
@fdp/database:build: > tsc -p tsconfig.build.json
@fdp/database:build: 
@fdp/auth:build: cache miss, executing 8557fd70e2792bd9
@fdp/auth:typecheck: cache miss, executing 377311972d9ad44d
@fdp/media:build: cache miss, executing 8bde945d50534e9a
@fdp/summary-worker:typecheck: cache miss, executing ea0b60abb2ec3ad7
@fdp/media:typecheck: cache miss, executing f70b8b2c9dba19d8
@fdp/archive-worker:typecheck: cache miss, executing 36a06e44fca6b93a
@fdp/media:typecheck: 
@fdp/media:typecheck: > @fdp/media@0.0.0 typecheck /Users/anray/Documents/project/hiddenjoyacom/food-digester-platform/packages/media
@fdp/media:typecheck: > tsc -p tsconfig.json
@fdp/media:typecheck: 
@fdp/auth:build: 
@fdp/auth:build: > @fdp/auth@0.0.0 build /Users/anray/Documents/project/hiddenjoyacom/food-digester-platform/packages/auth
@fdp/auth:build: > tsc -p tsconfig.build.json
@fdp/auth:build: 
@fdp/auth:typecheck: 
@fdp/auth:typecheck: > @fdp/auth@0.0.0 typecheck /Users/anray/Documents/project/hiddenjoyacom/food-digester-platform/packages/auth
@fdp/auth:typecheck: > tsc -p tsconfig.json
@fdp/auth:typecheck: 
@fdp/media:build: 
@fdp/media:build: > @fdp/media@0.0.0 build /Users/anray/Documents/project/hiddenjoyacom/food-digester-platform/packages/media
@fdp/media:build: > tsc -p tsconfig.build.json
@fdp/media:build: 
@fdp/archive-worker:typecheck: 
@fdp/archive-worker:typecheck: > @fdp/archive-worker@0.0.0 typecheck /Users/anray/Documents/project/hiddenjoyacom/food-digester-platform/apps/archive-worker
@fdp/archive-worker:typecheck: > tsc -p tsconfig.json
@fdp/archive-worker:typecheck: 
@fdp/summary-worker:typecheck: 
@fdp/summary-worker:typecheck: > @fdp/summary-worker@0.0.0 typecheck /Users/anray/Documents/project/hiddenjoyacom/food-digester-platform/apps/summary-worker
@fdp/summary-worker:typecheck: > tsc -p tsconfig.json
@fdp/summary-worker:typecheck: 
@fdp/admin-web:typecheck: cache miss, executing ddaad94ac81a2b45
@fdp/cloud-api:typecheck: cache miss, executing 3e40f97a88336020
@fdp/ingestion-worker:typecheck: cache miss, executing 611101d34820522f
@fdp/ingestion-worker:typecheck: 
@fdp/ingestion-worker:typecheck: > @fdp/ingestion-worker@0.0.0 typecheck /Users/anray/Documents/project/hiddenjoyacom/food-digester-platform/apps/ingestion-worker
@fdp/ingestion-worker:typecheck: > tsc -p tsconfig.json
@fdp/ingestion-worker:typecheck: 
@fdp/admin-web:typecheck: 
@fdp/admin-web:typecheck: > @fdp/admin-web@0.0.0 typecheck /Users/anray/Documents/project/hiddenjoyacom/food-digester-platform/apps/admin-web
@fdp/admin-web:typecheck: > tsc -p tsconfig.json && tsc -p tsconfig.e2e.json
@fdp/admin-web:typecheck: 
@fdp/cloud-api:typecheck: 
@fdp/cloud-api:typecheck: > @fdp/cloud-api@0.0.0 typecheck /Users/anray/Documents/project/hiddenjoyacom/food-digester-platform/apps/cloud-api
@fdp/cloud-api:typecheck: > tsc -p tsconfig.json
@fdp/cloud-api:typecheck: 

 Tasks:    21 successful, 21 total
Cached:    9 cached, 21 total
  Time:    6.592s 


> food-digester-platform@0.0.0 openapi:check /Users/anray/Documents/project/hiddenjoyacom/food-digester-platform
> node scripts/build-openapi.mjs --check && redocly lint contracts/rest/openapi-base.json "contracts/rest/*-api.json" contracts/rest/openapi.bundle.json --extends spec

OpenAPI bundle 新鲜：contracts/rest/openapi.bundle.json

> food-digester-platform@0.0.0 test /Users/anray/Documents/project/hiddenjoyacom/food-digester-platform
> vitest run && pnpm test:contracts && pnpm test:scripts


 RUN  v4.1.11 /Users/anray/Documents/project/hiddenjoyacom/food-digester-platform


 Test Files  176 passed (176)
      Tests  1418 passed (1418)
   Start at  14:41:58
   Duration  68.97s (transform 8.11s, setup 1.06s, import 157.04s, tests 306.22s, environment 11.94s)


> food-digester-platform@0.0.0 test:contracts /Users/anray/Documents/project/hiddenjoyacom/food-digester-platform
> pnpm --filter @fdp/contracts test


> @fdp/contracts@0.0.0 test /Users/anray/Documents/project/hiddenjoyacom/food-digester-platform/contracts
> node --import tsx --test mqtt/*.test.ts mqtt/*.test.mjs domain/*.test.ts lifecycle/*.test.ts media/*.test.ts security/*.test.ts rest/*.test.ts iot/*.test.mjs archive/*.test.mjs configuration/*.test.ts settings/*.test.ts

✔ 合法 Manifest fixtures 通过校验 (0.808917ms)
✔ 非法 Manifest fixtures 被拒绝 (0.199292ms)
✔ DEC-016 已冻结且策略覆盖全部阻塞任务 (0.601083ms)
✔ 三类来源使用独立 Envelope 与互斥前缀 (0.119417ms)
✔ License/OTA 禁止伪装为 MQTT 原文，OTA 记录类型封闭 (0.05575ms)
✔ 归档 Envelope 判别字段和版本固定 (0.047292ms)
✔ DEC-018 策略结构有效、已冻结且覆盖全部阻塞任务 (0.842042ms)
✔ V1 只允许四字段，范围、单位、默认值与冻结值一致 (0.074042ms)
✔ Admin Configuration 与 Device Sync OpenAPI 逐字段匹配统一策略 (0.139333ms)
✔ TS 常量与 JSON 策略一致 (0.065667ms)
✔ 策略 JSON 通过自身 JSON Schema 结构校验 (0.919542ms)
✔ 负向结构：实时流启用、非法范围/刷新模式与缺失字段被 Schema 拒绝 (0.290542ms)
✔ x-decision-versions 引用 DEC-009 且版本与决策登记一致；prototype-traceability.yaml 同步 (0.067708ms)
✔ 冻结值定性规则可执行：仅最新授权 Media、手动刷新、禁实时流 (0.062417ms)
✔ 策略消费者均为合法任务 ID 且覆盖 DEC-009 阻塞任务 (0.128875ms)
✔ TS 常量与 camera-interaction-policy.json 完全一致 (0.101416ms)
✔ 策略 JSON 通过自身 JSON Schema 结构校验 (0.777833ms)
✔ 负向结构：数据来源篡改与缺失字段被 Schema 拒绝 (0.335792ms)
✔ x-decision-versions 引用 DEC-008 且版本与决策登记一致；prototype-traceability.yaml 同步 (0.06475ms)
✔ 冻结值定性规则可执行：封闭类型集合、仅设备上报、禁云端臆测 (0.096916ms)
✔ 冻结参数可执行：正式名称、阈值和 24 小时过期规则 (0.209959ms)
✔ 策略消费者均为合法任务 ID 且覆盖 DEC-008 阻塞任务 (0.119083ms)
✔ TS 常量与 consumables-policy.json 完全一致 (0.086167ms)
✔ 策略 JSON 通过自身 JSON Schema 结构校验 (0.73725ms)
✔ 负向结构：联动规则反转与缺失字段被 Schema 拒绝 (0.305125ms)
✔ x-decision-versions 引用 DEC-007 且版本与决策登记一致；prototype-traceability.yaml 同步 (0.063625ms)
✔ 冻结值定性规则可执行：职责划分、联动与展示 (0.112625ms)
✔ 策略消费者均为合法任务 ID 且覆盖 DEC-007 阻塞任务与关联任务 (0.12625ms)
✔ TS 常量与 contract-license-relation.json 完全一致 (0.073917ms)
✔ DEC-019 alias 策略已冻结且无待定参数 (0.563875ms)
✔ TS、JSON 与 Admin Device OpenAPI 使用同一 alias 规则 (0.098958ms)
✔ 策略 JSON 通过自身 JSON Schema 结构校验 (0.729125ms)
✔ 负向结构：单字段混用、独立存储"启用"与缺失字段被 Schema 拒绝 (0.303916ms)
✔ x-decision-versions 引用 DEC-010 且版本与决策登记一致；prototype-traceability.yaml 同步 (0.060209ms)
✔ 冻结值定性规则可执行：四轴分离、禁单字段混用、派生原则 (0.102083ms)
✔ 冻结参数可执行：启用由 Active 生命周期和有效 License 派生 (0.049625ms)
✔ 策略消费者均为合法任务 ID 且覆盖 DEC-010 阻塞任务与关联任务 (0.111625ms)
✔ TS 常量与 device-status-axes-policy.json 完全一致 (0.069958ms)
✔ 策略 JSON 通过自身 JSON Schema 结构校验 (0.7525ms)
✔ 负向结构：设备地域真值与缺失字段被 Schema 拒绝 (0.237584ms)
✔ x-decision-versions 引用 DEC-011 且版本与决策登记一致；prototype-traceability.yaml 同步 (0.062625ms)
✔ 冻结值定性规则可执行：层级链、Site 属性、设备仅关联 Site (0.103042ms)
✔ 策略消费者均为合法任务 ID 且覆盖 DEC-011 阻塞任务 (0.13425ms)
✔ TS 常量与 geo-model-policy.json 完全一致 (0.070125ms)
✔ 策略 JSON 通过自身 JSON Schema 结构校验 (0.737709ms)
✔ 负向结构：AWS 授权、矩阵可编辑与缺失字段被 Schema 拒绝 (0.285791ms)
✔ x-decision-versions 引用 DEC-012 且版本与决策登记一致；prototype-traceability.yaml 同步 (0.068625ms)
✔ 冻结值定性规则可执行：封闭映射、界面名、AWS 权限与矩阵规则 (0.709167ms)
✔ 策略消费者均为合法任务 ID 且覆盖 DEC-012 阻塞任务 (0.178291ms)
✔ TS 常量与 role-mapping-policy.json 完全一致 (0.078917ms)
✔ Envelope 必填五个 iot* 上下文字段，Payload 平铺透传 (0.562ms)
✔ iotType 枚举与 topic-catalog 上行类型严格一致（8 个） (0.131167ms)
✔ 所有合法 Fixture 通过校验（含 Payload 内不可信身份字段的样本） (0.309333ms)
✔ 所有非法 Fixture 被稳定拒绝且错误路径正确 (0.131458ms)
✔ 矩阵 JSON 通过自身 JSON Schema 结构校验 (0.910167ms)
✔ 负向结构：缺失必填字段、非法枚举与额外行为键被 Schema 拒绝 (0.446417ms)
✔ x-decision-versions 引用 DEC-001 且版本与决策登记一致 (0.057167ms)
✔ 冻结值：独立状态；允许维护、同步、遥测、告警和 OTA (0.121584ms)
✔ Maintenance Sync 节奏为 15 分钟（Suspended 节奏） (0.065833ms)
✔ 失败关闭：未知行为拒绝并抛出稳定错误 (0.197ms)
✔ 命令策略与 command-catalog 一致：Maintenance 允许集合 == Suspended 允许集合 (0.45275ms)
✔ 行为条目消费者均为合法任务 ID 且覆盖 DEC-001 阻塞任务 (0.339875ms)
✔ TS 常量与 maintenance-behavior-matrix.json 完全一致 (0.161583ms)
✔ DEC-017 策略结构有效、已冻结且覆盖全部阻塞任务 (0.820625ms)
✔ 24 小时截止从证书包存储开始，截止边界包含在超时内 (3.269708ms)
✔ 超时处置、迟到 Heartbeat 与重新申请规则失败关闭 (0.084083ms)
✔ TS 常量与 JSON 策略一致 (0.066ms)
✔ 策略 JSON 通过自身 JSON Schema 结构校验 (0.73375ms)
✔ 负向结构：存储位置篡改、非法处置行为与缺失字段被 Schema 拒绝 (0.323292ms)
✔ x-decision-versions 引用 DEC-005 且版本与决策登记一致 (0.061666ms)
✔ 冻结值定性规则可执行：RDS 元数据 / S3 文件分离 (0.057041ms)
✔ 冻结参数可执行：元数据 365 天、文件 90 天且删除文件保留元数据 (0.06875ms)
✔ 策略消费者均为合法任务 ID 且覆盖 DEC-005 阻塞任务与关联任务 (0.11925ms)
✔ TS 常量与 media-retention-policy.json 完全一致 (0.095666ms)
✔ 策略 JSON 通过自身 JSON Schema 结构校验 (0.796334ms)
✔ 负向结构：客户端指定 Key、篡改冻结 TTL/配额与缺失字段被 Schema 拒绝 (0.307958ms)
✔ 锁定规则：mediaTypes 与 CT-03 media.schema.json 枚举一致；客户端不得指定 Key (0.110208ms)
✔ DEC-024 冻结值可执行且无待定参数 (0.062125ms)
✔ TS 常量与 media-upload-policy.json 完全一致 (0.124459ms)
✔ 22 个 Command 全部唯一且覆盖六大分类 (0.686ms)
✔ 13 个 Notification 全部唯一且有设备动作映射 (0.12125ms)
✔ 高风险标记与文档一致（EMERGENCY_STOP/FACTORY_RESET/SHUTDOWN/全部加热、排料、电机控制） (0.070666ms)
✔ 允许状态矩阵无遗漏：22 命令 × 4 状态 (0.097459ms)
✔ Suspended 仅允许安全停止、诊断、同步和维护/恢复类命令 (0.0665ms)
✔ MAINTENANCE 按 Suspended 限制（DEC-001 冻结值） (0.046084ms)
✔ 未知命令/通知在运行时被拒绝 (0.185375ms)
✔ denyReason 稳定且允许时返回 null (0.0455ms)
✔ TS 常量与 command-catalog.json / notification-catalog.json 完全一致 (0.097375ms)
✔ Schema 枚举与目录一致（cmd/ack command、notification type） (0.391709ms)
✔ 策略 JSON 通过自身 JSON Schema 结构校验 (1.627375ms)
✔ 负向结构：非法取值与缺失字段被 Schema 拒绝 (0.640334ms)
✔ x-decision-versions 引用 DEC-006 且版本与决策登记一致 (0.15325ms)
✔ 冻结值可执行：V1 下行 seq 可选、上行必填、Command 以 meta.id 幂等 (0.13325ms)
✔ 策略与 common.schema.json 一致：下行 metaBase 不要求 seq、id 必填；上行 metaSeq 要求 seq (0.123458ms)
✔ 下行/上行 Schema 的 meta 引用与策略一致 (1.156625ms)
✔ 策略消费者均为合法任务 ID 且覆盖 DEC-006 阻塞任务 (0.174042ms)
✔ TS 常量与 downlink-policy.json 完全一致 (0.112584ms)
✔ DEC-015 策略冻结、可追溯且覆盖全部阻塞任务 (0.621375ms)
✔ 唯一通道为既有 ACK；Topic 总数和 IoT 权限面不扩大 (0.070667ms)
✔ ACK 判别字段、关联键和 OTA 状态与冻结策略一致 (0.055709ms)
✔ 状态机只允许冻结的单向迁移；相同状态幂等 (0.062667ms)
✔ TS 常量与 JSON 策略完全一致 (0.070583ms)
✔ DEC-013 策略 JSON 通过自身 Schema 且覆盖登记阻塞任务 (0.802ms)
✔ DEC-013 策略关键值被 Schema 锁定，篡改时失败关闭 (0.241458ms)
✔ DEC-013 策略冻结且无待定参数 (0.067792ms)
✔ Heartbeat 旧嵌套结构在兼容期转换为正式扁平结构且不修改原对象 (0.223709ms)
✔ Telemetry motorCurrentAmp 在兼容期转换为 currentAmp；同值并存允许、冲突失败关闭 (0.318208ms)
✔ 兼容截止边界起拒绝嵌套结构、motorCurrentAmp 与 DISCHARING (0.116917ms)
✔ RFC 8785 固定向量与 audit.hash 覆盖 {meta,data} (0.210125ms)
✔ 11 类消息均有 Schema 和 Fixture，且每类 >=1 合法 + >=3 非法 (2.042625ms)
✔ 所有合法 Fixture 通过校验 (3.41975ms)
✔ 所有非法 Fixture 被稳定拒绝并返回明确错误路径 (0.818583ms)
✔ 非法枚举被稳定拒绝且路径明确 (0.06925ms)
✔ 单位/类型错误被拒绝（integer 不接受小数与字符串） (0.200625ms)
✔ 缺少必填字段被拒绝（meta.id、上行 seq、Heartbeat 必填 data 字段） (0.152125ms)
✔ 额外身份字段（customerId/tenantId/deviceId）在各层均被拒绝 (2.168125ms)
✔ 下行消息 meta.seq 可选（DEC-006），上行强制 (0.478667ms)
✔ Telemetry/Report/Tamper 强制 audit.hash；Command 禁止 audit（DEC-002） (0.7055ms)
✔ DEC-013：Audited 合法 Fixture 携带可复算的 RFC 8785 audit.hash (1.099709ms)
✔ schemaVer 缺省按 1.0 归一化；非法 schemaVer 被拒绝 (1.175584ms)
✔ meta.id 字符集与长度固定 (0.135834ms)
✔ payloads.ts 与 Schema 保持一致（生成器新鲜度） (1.078667ms)
✔ 全部 Schema 的 x-decision-versions 可追溯到决策登记 (0.950917ms)
✔ Telemetry current (0.387167ms)
✔ Telemetry past 300s (0.045708ms)
✔ Telemetry past 301s (0.4145ms)
✔ Telemetry past 24h inclusive (0.061042ms)
✔ Telemetry past 24h plus 1ms (0.050625ms)
✔ Telemetry future 300s inclusive (0.034ms)
✔ Telemetry future 300s plus 1ms (0.05425ms)
✔ other topics retain symmetric 300-second tolerance (0.096625ms)
✔ configured tolerance affects future bound but cannot enlarge Telemetry history (0.058292ms)
✔ invalid numeric policy inputs fail closed (0.097708ms)
✔ Tier 登记 JSON 通过自身 JSON Schema 结构校验 (1.377292ms)
✔ 负向结构：非法 Tier、未知 Topic 键与缺失字段被 Schema 拒绝 (0.479792ms)
✔ x-decision-versions 引用 DEC-002 且版本与决策登记一致 (0.05975ms)
✔ 冻结值：Telemetry/Report/Tamper 为 AUDITED，Command 及其余为 STANDARD (0.136917ms)
✔ Tier 与 topic-catalog.json 的 payloadEnvelope 完全一致 (0.054667ms)
✔ Tier 与 11 个 MQTT Schema 的 audit 强制完全一致 (0.462959ms)
✔ 失败关闭：未知 Topic 拒绝并抛出稳定错误 (0.185458ms)
✔ Tier 条目消费者均为合法任务 ID 且覆盖 DEC-002 阻塞任务 (0.126541ms)
✔ 登记覆盖全部 11 个 Topic 且 TS 常量与 topic-tier.json 完全一致 (0.093416ms)
✔ catalog 恰好包含 8 个上行和 3 个下行 Topic (0.629375ms)
✔ 11 个 Topic 的方向与 QoS 矩阵全部符合契约 (0.123583ms)
✔ TS 常量与 topic-catalog.json 完全一致 (0.089708ms)
✔ 合法 Topic 可解析出 deviceId/type/direction (0.117375ms)
✔ buildTopic 与 parseTopic 往返一致 (0.088958ms)
✔ 未知层级和空 deviceId 被拒绝 (0.241375ms)
✔ buildTopic 拒绝空和非法 deviceId (0.080416ms)
✔ 权限模板：设备只能发布自身上行、只能订阅自身下行 (0.096375ms)
✔ 权限模板拒绝非法 deviceId (0.058875ms)
✔ 六个端点齐备且 CognitoJwt 认证；响应码齐备 (1.235708ms)
✔ 筛选参数齐备：severity/status/device/site/时间范围 + 游标分页 (0.107584ms)
✔ Schema 封闭：Alarm 处理字段（操作者/原因/时间）与 replayed 齐备；确认/清除强制 reason (0.072541ms)
✔ 所有 $ref 可解析（内部引用 + 同目录相对引用 openapi-base.json） (0.332583ms)
✔ 端点齐备且 CognitoJwt 认证：列表 + 详情 (0.640667ms)
✔ 只读 API：不存在任何写路由（post/put/patch/delete） (0.07ms)
✔ 筛选参数齐备（actor/Customer/对象/动作/结果/时间 + 游标分页）；响应不暴露敏感字段 (0.645542ms)
✔ 所有 $ref 可解析（内部引用 + openapi-base.json） (0.580167ms)
✔ 端点存在且 Cognito 认证；轮换请求视图为七字段且不含密钥材料 (0.625458ms)
✔ 所有 $ref 可解析（内部引用 + 同目录相对引用 openapi-base.json） (0.663625ms)
✔ 端点齐备且 CognitoJwt 认证；201 创建 + 200 幂等重放 + 409 冲突/状态门 (1.069375ms)
✔ 命令枚举与 CT-04 目录 22 个白名单一致；确认凭证与 timeoutSec 边界齐备 (0.10325ms)
✔ 响应 Schema 封闭且含 requestedBy/expiresAt/replayed/confirmedBy (0.060875ms)
✔ BE-CMD-03 查询端点齐备：列表/详情 + 状态枚举 + attempts/acks 时间线 (0.109792ms)
✔ 所有 $ref 可解析（内部引用 + 同目录相对引用 openapi-base.json） (0.301625ms)
✔ 七个端点齐备且 Cognito 认证；operationId 与响应码齐备 (0.635459ms)
✔ Schema 封闭：DEC-018 冻结 V1 四字段、单位、范围与默认值 (0.19875ms)
✔ 所有 $ref 可解析（内部引用 + 同目录相对引用 openapi-base.json） (0.31475ms)
✔ 列表与按需联系人端点齐备且 Cognito 认证；筛选参数齐备 (0.733708ms)
✔ Schema 封闭：两种耗材列恒在；列表零联系人 PII；按需联系人独立；百分比 0~100 (0.099875ms)
✔ 所有 $ref 可解析（内部引用 + 同目录相对引用 openapi-base.json） (1.076375ms)
✔ 六个端点齐备且 Cognito 认证；状态迁移强制 If-Match (0.705208ms)
✔ Schema 封闭：四态枚举/source 固定 ADMIN/幂等 replayed/完整历史字段 (0.675166ms)
✔ 所有 $ref 可解析（内部引用 + 同目录相对引用 openapi-base.json） (0.730166ms)
✔ 八个端点齐备且 Cognito 认证；写操作强制 If-Match (1.482541ms)
✔ Schema 封闭：五态枚举/唯一编号/强制原因/派生状态/最小权限 contact (0.123708ms)
✔ 所有 $ref 可解析（内部引用 + 同目录相对引用 openapi-base.json） (0.327208ms)
✔ 五个端点齐备且 Cognito 认证；operationId 与响应码齐备 (0.609167ms)
✔ Schema 封闭：设备视图字段齐备/关联窗口/强制原因/批量语义 (1.019875ms)
✔ 所有 $ref 可解析（内部引用 + 同目录相对引用 openapi-base.json） (0.405833ms)
✔ 六端点齐备且 Cognito 认证；写操作声明 If-Match；响应码齐备 (0.649583ms)
✔ Customer 视图六字段封闭；status 枚举 ACTIVE|SUSPENDED；请求体封闭 (0.82425ms)
✔ 所有 $ref 可解析（内部引用 + 同目录相对引用 openapi-base.json） (0.338292ms)
✔ 端点齐备且 CognitoJwt 认证：仅 GET 总览（只读，无写路由） (1.338458ms)
✔ 总览 DTO 齐备：Contract/设备分布/在线率/今日 ESG/最新告警/设备卡片；四轴分离不合并 (0.194041ms)
✔ 所有 $ref 可解析（内部引用 + openapi-base.json） (0.232ms)
✔ 列表/详情端点存在且 Cognito 认证；筛选参数齐备；响应码齐备 (1.211625ms)
✔ Device 视图字段封闭（原型设备群表格字段均有来源）；证书仅摘要 (0.163875ms)
✔ BE-DEV-06 元数据 PATCH 端点：白名单仅 alias + If-Match 乐观锁 + 409 冲突语义 (0.083792ms)
✔ 所有 $ref 可解析（内部引用 + 同目录相对引用 openapi-base.json） (0.274458ms)
✔ 分配/历史端点齐备且 Cognito 认证；响应码齐备 (0.637417ms)
✔ DeviceAssignment 视图封闭：授权窗口（assignedAt/endedAt）+ 幂等/通知字段齐备 (0.092625ms)
✔ 所有 $ref 可解析（内部引用 + 同目录相对引用 openapi-base.json） (7.09275ms)
✔ 端点齐备且 CognitoJwt 认证：console/activities/export/导出详情 (0.662167ms)
✔ 四轴分离 + 数据块 observedAt/stale/单位；最新 Media 可选块稳定可空 (0.9ms)
✔ 不透传 MQTT 原始消息、不含实时流/运维字段；所有 $ref 可解析 (0.422917ms)
✔ retire/force-complete 端点齐备且 Cognito 认证；响应码齐备 (0.599333ms)
✔ 请求体封闭：retire 强制原因 + confirm 恒 true；视图封闭且通知枚举正确 (0.088416ms)
✔ 所有 $ref 可解析（内部引用 + 同目录相对引用 openapi-base.json） (0.888041ms)
✔ suspend/reactivate 端点齐备且 Cognito 认证；响应码齐备 (0.611375ms)
✔ 请求体封闭：挂起强制原因；恢复强制原因 + issueResolved 恒 true；通知枚举正确 (0.096875ms)
✔ 所有 $ref 可解析（内部引用 + 同目录相对引用 openapi-base.json） (0.820958ms)
✔ 七个端点齐备且 Cognito 认证；写操作强制 If-Match (1.597084ms)
✔ Schema 封闭：管理 DTO 无 PHC；写接口只受控接收 writeOnly password (0.345042ms)
✔ 所有 $ref 可解析（内部引用 + 同目录相对引用 openapi-base.json） (0.772292ms)
✔ 八个端点齐备且 CognitoJwt 认证；导出创建返回 202 (2.055667ms)
✔ 查询筛选参数齐备（customerId/siteId/deviceId/时间范围 + 游标）；reports 含 reportType (0.2545ms)
✔ Schema 封闭：导出数据集枚举、短期 URL 过期字段、CSV 一致性字段 (0.110958ms)
✔ 所有 $ref 可解析（内部引用 + 同目录相对引用 openapi-base.json） (0.646417ms)
✔ 八个端点齐备且 Cognito 认证；operationId 与响应码齐备 (1.181833ms)
✔ Schema 封闭：七态枚举/Entitlement 三码/签名字段/强制原因/幂等与派生字段 (0.116666ms)
✔ 所有 $ref 可解析（内部引用 + 同目录相对引用 openapi-base.json） (0.34675ms)
✔ 四个审批端点存在且使用 Cognito JWT 认证 (0.610458ms)
✔ approve/reject 强制 If-Match；reject 强制 reason (0.101875ms)
✔ 申请 DTO 不含 CSR 原文 (0.053291ms)
✔ 管理端明确暴露内部 TIMED_OUT，列表状态过滤为封闭枚举 (0.057583ms)
✔ 所有 $ref 可解析（内部引用 + 同目录相对引用 openapi-base.json） (0.317833ms)
✔ 端点齐备且 CognitoJwt 认证：创建/列表/详情/targets/扩大批次/pause/resume/cancel/retry (1.165417ms)
✔ 首批强制恰好 1 台；最终全量审批契约封闭；状态机枚举封闭 (0.188292ms)
✔ 视图封闭且不泄露内部字段；批次/重试结果结构稳定 (0.15ms)
✔ 所有 $ref 可解析（内部引用 + 同目录相对引用 openapi-base.json） (0.882042ms)
✔ 端点齐备且 CognitoJwt 认证：上传会话/complete/列表/详情 (21.963667ms)
✔ packageType/sha256 与 CT-03 OTA Schema 一致；创建字段封闭且签名必填 (0.095167ms)
✔ 状态机封闭：UPLOADED/VERIFIED/RETIRED；可发布=VERIFIED；视图不泄露信任根 (0.101792ms)
✔ 所有 $ref 可解析（内部引用 + 同目录相对引用 openapi-base.json） (0.257416ms)
✔ 端点存在且 Cognito 认证；三端点（create/list/detail）响应码齐备 (0.616708ms)
✔ ReplayJob 视图七字段封闭；状态枚举与统计字段齐备；scope 封闭 (0.086875ms)
✔ 所有 $ref 可解析（内部引用 + 同目录相对引用 openapi-base.json） (1.108958ms)
✔ 端点齐备且 CognitoJwt 认证：列表/读取/更新（无删除与新建路由） (0.586875ms)
✔ 封闭 key 集与乐观锁版本控制；固定枚举不可经 API 改写 (0.110792ms)
✔ 所有 $ref 可解析（内部引用 + openapi-base.json） (1.061458ms)
✔ 六端点齐备且 Cognito 认证；写操作声明 If-Match；响应码齐备 (0.645084ms)
✔ Site 视图字段封闭（含 deviceCount/version）；status 枚举；请求体封闭且更新体不含 customerId (0.088542ms)
✔ 所有 $ref 可解析（内部引用 + 同目录相对引用 openapi-base.json） (0.304083ms)
✔ 端点齐备且 CognitoJwt 认证：列表/邀请/角色/scope/停用/密码重置 (1.223333ms)
✔ 角色封闭集与 DEC-012 映射；输入不含密码字段；响应不含凭证材料 (0.81375ms)
✔ 所有 $ref 可解析（内部引用 + openapi-base.json） (0.30575ms)
✔ 端点存在且使用 Device mTLS 认证 (0.559666ms)
✔ 轮换契约：请求强制 currentCertificateId；响应五字段；409/403/400/401 齐整 (0.103542ms)
✔ 状态契约为四态枚举且响应不含 PEM/私钥字段 (0.252125ms)
✔ 状态查询由 mTLS 身份定位证书，不增加源稿未定义的 deviceId Query (0.165292ms)
✔ 所有 $ref 可解析（内部引用 + 同目录相对引用 openapi-base.json） (0.469166ms)
✔ deactivate 端点齐备且 DeviceMtls 认证；响应码齐备 (0.687833ms)
✔ 响应视图封闭：退役记录 + 证书摘要（无证书材料字段）；幂等字段齐备 (0.146458ms)
✔ 所有 $ref 可解析（内部引用 + 同目录相对引用 openapi-base.json） (0.830833ms)
✔ BE-ONB-01 端点存在且 CSR 首次申请无需预置 Token (0.948ms)
✔ 请求体包含设备资料和必填 CSR (0.088667ms)
✔ 成功响应含 requestId 与 PENDING 状态（200 幂等重放 / 201 新建） (0.060958ms)
✔ 匿名申请负向响应覆盖稳定错误码语义：400/404/409/429/500 (0.061417ms)
✔ 所有 $ref 可解析（内部引用 + 同目录相对引用 openapi-base.json） (0.213833ms)
✔ BE-ONB-03 status 端点：requestId 与 CSR 私钥签名，三态响应不含设备私钥 (0.083542ms)
✔ BE-OTA-03 下载兑换必须使用 Device mTLS 且绑定 target/token (0.5615ms)
✔ 一次性兑换响应禁止缓存，并封闭安全失败状态 (0.084167ms)
✔ 六个设备 Endpoint 的 Method、Path 完整且认证方式符合 DEC-025 (0.673666ms)
✔ Onboarding 按 DEC-026 增加 chain 与 REST，保留顶层结构，不使用 data/meta 包裹 (0.072542ms)
✔ Certificate 与 Sync 关键字段遵循源稿日期、枚举、用户和配置结构 (0.093375ms)
✔ 管理端 License/Device 投影不把源稿 OTA entitlement 改名为 OTA_UPDATE (0.138834ms)
✔ 所有 REST OpenAPI 使用当前正式决策登记版本且无非法 SEC 决策引用 (6.671042ms)
✔ sync 端点齐备且 DeviceMtls 认证；响应码齐备 (1.241375ms)
✔ 请求体封闭：lastSyncTime 与可选许可证确认 (0.100792ms)
✔ 快照顶层与源稿六域同形，兼容元数据不成为必填线协议 (0.213209ms)
✔ Retired 退役确认待处理设备仍可 Sync，契约不在认证层全局拒绝 (0.082708ms)
✔ 所有 $ref 可解析（内部引用 + 同目录相对引用 openapi-base.json） (0.256625ms)
✔ 许可证确认绑定版本与快照，规范验签输入保留完整UTC时间 (0.067083ms)
✔ 基座 SuccessResponse 结构：data + meta(requestId, UTC timestamp) (2.128708ms)
✔ 游标分页响应与往返解析 (0.132541ms)
✔ 非法游标返回 CURSOR_INVALID（400） (0.152417ms)
✔ limit 归一化：默认 50，范围 1~100 (0.073583ms)
✔ Idempotency-Key：缺失/非法被拒绝，合法值透传 (0.110125ms)
✔ If-Match 并发版本冲突返回确定的 409 (0.190791ms)
✔ 验证失败有确定响应（400 + VALIDATION_FAILED） (0.09475ms)
✔ 异常映射器不泄露堆栈、SQL 或 AWS 内部错误 (0.056333ms)
✔ 错误码目录、HTTP 状态映射与 OpenAPI ErrorCode 枚举三者一致 (0.090792ms)
✔ OpenAPI 基座结构有效：四个 API 分组与安全方案 (0.093458ms)
✔ OpenAPI 基座所有内部 $ref 均可解析（无悬空引用） (0.135292ms)
✔ 设备端：上传会话端点齐备且 DeviceMtls 认证；输入封闭；objectPath 由服务端签发 (0.933834ms)
✔ 管理端：列表/下载端点齐备且 CognitoJwt 认证；视图不泄露内部存储信息 (0.129666ms)
✔ Media 状态枚举封闭（AVAILABLE/DELETED）；配额/大小/TTL 引用 DEC-024 冻结值 (0.082458ms)
✔ 所有 $ref 可解析（内部引用 + openapi-base.json） (0.248625ms)
✔ 策略 JSON 通过自身 JSON Schema 结构校验 (1.082167ms)
✔ 负向结构：非法枚举、非空待冻结参数与缺失字段被 Schema 拒绝 (0.342416ms)
✔ x-decision-versions 引用 DEC-003 且版本与决策登记一致 (0.058875ms)
✔ 暂定值定性规则可执行：KMS 信封、一次性领取、成功即销毁、丢失重签 (0.065875ms)
✔ 冻结参数可直接执行：24 小时、一次成功领取、无待定参数 (0.065459ms)
✔ 策略消费者均为合法任务 ID 且覆盖 DEC-003 阻塞任务与 SEC-01 (0.113959ms)
✔ TS 常量与 certificate-package-policy.json 完全一致 (0.113666ms)
✔ 策略 JSON 通过自身 JSON Schema 结构校验 (0.719333ms)
✔ 负向结构：复用云端 Hash、非独立 salt 与非法字段被 Schema 拒绝 (0.343959ms)
✔ x-decision-versions 引用 DEC-004 且版本与决策登记一致 (0.057917ms)
✔ 暂定值定性规则可执行：设备本地专用、禁复用云端 Hash、每用户 salt、仅 Sync 下发 (0.096959ms)
✔ 冻结参数可直接执行：Argon2id PHC、固定参数与长度 (0.0825ms)
✔ 策略消费者均为合法任务 ID 且覆盖 DEC-004 阻塞任务 (0.112459ms)
✔ TS 常量与 device-user-verifier-policy.json 完全一致 (0.084417ms)
✔ 策略 JSON 通过自身 JSON Schema 结构校验 (0.7555ms)
✔ 负向结构：跳过服务端验签、非失败关闭与内嵌信任根被 Schema 拒绝 (0.351542ms)
✔ 暂定值定性规则可执行：服务端验签强制、失败关闭、载荷字段锁定、信任根带外分发 (0.100625ms)
✔ DEC-022 冻结算法、信任根类型、编码且无待定参数 (0.0625ms)
✔ DEC-022 固定 RSA/SHA-256 测试向量可复验 (0.689667ms)
✔ 策略消费者均为合法任务 ID 且覆盖 BE-OTA-01 (0.117667ms)
✔ TS 常量与 ota-package-signature-policy.json 完全一致 (0.087041ms)
✔ 四类业务设置共享版本化 JSON Schema 与运行时校验器 (22.090959ms)
ℹ tests 302
ℹ suites 0
ℹ pass 302
ℹ fail 0
ℹ cancelled 0
ℹ skipped 0
ℹ todo 0
ℹ duration_ms 563.649083

> food-digester-platform@0.0.0 test:scripts /Users/anray/Documents/project/hiddenjoyacom/food-digester-platform
> node --import tsx --test scripts/*.test.mjs

✔ bootstrap input is bound to the normalized email and never accepts a password (1.370208ms)
✔ successful bootstrap creates Cognito identity before committing linked database user (0.764625ms)
✔ non-pristine Cognito or database fails before any mutation (0.222541ms)
✔ database failure deletes Cognito identity and records compensated failure (0.198917ms)
✔ failed Cognito compensation keeps reconciliation required (0.123792ms)
✔ source approval requires exact SHA and packager embeds committed SHA (4610.27075ms)
✔ runner without approved source fails closed without leaking configuration (26.787458ms)
✔ serial and parallel repeated browser receipts are validated (6.593125ms)
✔ fail closed: missing required flow (0.18975ms)
✔ fail closed: skipped execution (0.111584ms)
✔ fail closed: flaky execution (0.107166ms)
✔ fail closed: retry hides failure (0.104958ms)
✔ fail closed: unexpected error (0.104375ms)
✔ fail closed: missing isolated trace (0.098791ms)
✔ fail closed: data prefix reused (1.950417ms)
✔ fail closed: context cleanup failed (0.181666ms)
✔ fail closed: unmocked network request (0.648917ms)
✔ fail closed: missing role proof (0.243958ms)
✔ fail closed: wrong route permission (0.270083ms)
✔ fail closed: Auditor OTA write enabled (0.843625ms)
✔ fail closed: missing MFA assertion (0.170541ms)
✔ fail closed: missing conflict response (0.147333ms)
✔ fail closed: missing forbidden response (0.288542ms)
✔ fail closed: missing repeat (0.211041ms)
✔ repeat traces cannot duplicate the first execution (0.328375ms)
✔ manifest exactly matches independent Playwright discovery (538.73225ms)
✔ discovery fails closed: missing case (0.477042ms)
✔ discovery fails closed: extra case (0.127833ms)
✔ discovery fails closed: duplicate replacing required case (0.095792ms)
✔ old Viewer permission cannot pass the updated matrix (0.186292ms)
✔ required behavioral proof cannot be missing: QA-09 设备管理长别名和序列号在375px完整换行且不裁切 (0.153833ms)
✔ required behavioral proof cannot be missing: H-01 API 拒绝停用会话后清除浏览器会话并返回登录 (0.143542ms)
✔ required behavioral proof cannot be missing: M-01 CustomerViewer 从菜单查询设备用户详情，全部写入口隐藏 (0.133958ms)
✔ required behavioral proof cannot be missing: UI redesign: all business routes at 1366x768 (0.351166ms)
✔ required behavioral proof cannot be missing: UI redesign: all business routes at 1440x900 (0.40675ms)
✔ required behavioral proof cannot be missing: UI redesign: all business routes at 1920x1080 (0.106417ms)
✔ required behavioral proof cannot be missing: QA05 login SRP MFA error success logout without persisting password (0.106709ms)
✔ required behavioral proof cannot be missing: QA05 ESG cursor totals export snapshot timezone and empty state (0.100166ms)
✔ required behavioral proof cannot be missing: QA05 Command dangerous confirmation terminal result and publish failure (0.101375ms)
✔ required behavioral proof cannot be missing: QA05 Media expiry renew 403 and audit read-only zero writes (0.106208ms)
✔ serial and repeated phases require all 108 independent prefixes (0.398583ms)
✔ phase budget accounts for startup, executions and worker slots, with a finite ceiling (0.048209ms)
✔ invalid phase budget rejected: repeat=0 workers=1 (0.037041ms)
✔ invalid phase budget rejected: repeat=1 workers=0 (0.027ms)
✔ invalid phase budget rejected: repeat=0.5 workers=1 (0.024541ms)
✔ invalid phase budget rejected: repeat=1 workers=0.5 (0.023167ms)
✔ invalid phase budget rejected: repeat=Infinity workers=1 (0.020208ms)
✔ invalid phase budget rejected: repeat=1 workers=NaN (0.020417ms)
✔ real child-process timeout is classified and cannot create a successful phase (53.354292ms)
✔ failed/killed process cannot pass: status=1 (0.112334ms)
✔ failed/killed process cannot pass: status=null (0.0325ms)
✔ spawn errors reject without disclosing raw process error details (0.214375ms)
✔ successful process may proceed to the strict report and trace validator (0.670958ms)
✔ 真实 OpenAPI 片段可确定性打包且无外部引用 (39.448208ms)
✔ bundle 新鲜度检查拒绝缺失或过期产物 (96.602792ms)
✔ 失败示例：非法 OpenAPI 版本与缺少 responses 被拒绝 (0.174292ms)
✔ 失败示例：全局重复 operationId 被拒绝 (0.075625ms)
✔ 失败示例：非法 parameter 与 Schema 被拒绝 (0.114083ms)
✔ 仓库提交的统一 bundle 与当前片段一致 (13.492625ms)
✔ scoped Gate accepts the archived real-target receipt, without promoting full acceptance (19.221292ms)
✔ scoped Gate rejects missing role (20.228125ms)
✔ scoped Gate rejects wrong SHA (19.213292ms)
✔ scoped Gate rejects unverified Lambda (16.047ms)
✔ scoped Gate rejects runtime drift (8.593334ms)
✔ scoped Gate rejects mocked API (11.148167ms)
✔ scoped Gate rejects empty tenant (7.845791ms)
✔ scoped Gate rejects cross-Customer list leak (7.661875ms)
✔ scoped Gate rejects Viewer mutation accepted (12.666958ms)
✔ scoped Gate rejects expired old Token (8.625916ms)
✔ scoped Gate rejects two duplicate successes (17.170417ms)
✔ scoped Gate rejects two optimistic successes (5.846ms)
✔ scoped Gate rejects bundled Firefox (6.509875ms)
✔ scoped Gate rejects missing browser-role case (7.8305ms)
✔ scoped Gate rejects persisted edit belongs to another record (6.3495ms)
✔ scoped Gate rejects forbidden page rendered as business page (5.96025ms)
✔ scoped Gate rejects missing screenshot (1.674917ms)
✔ scoped Gate rejects cleanup duplicate hides missing ID (40.300042ms)
✔ scoped Gate rejects cleanup incomplete (23.711208ms)
✔ scoped Gate rejects private credentials retained (6.157292ms)
✔ scoped Gate rejects scope promoted (6.246042ms)
✔ 当前管理后台源代码满足入口与组合根交付约束 (6.510417ms)
✔ 缺少入口和构建产物时失败关闭 (0.304292ms)
✔ FE-06 至 FE-19 任一任务或路由从事实源缺失时失败关闭 (4.950792ms)
✔ FE-11 至 FE-15 任一任务、路由或页面标识缺失时失败关闭 (4.83125ms)
✔ FE-06 至 FE-15 任一控制器或 operationId 缺失时失败关闭 (2.8185ms)
✔ FE-11 至 FE-15 控制器或 operationId 缺失时失败关闭 (3.221666ms)
✔ FE-16 至 FE-19 任一任务、路由、控制器、页面标识或 operationId 缺失时失败关闭 (6.002041ms)
✔ App 移除显式页面分支时失败关闭 (3.067542ms)
✔ 完整目标回执覆盖双提交、隔离环境、五角色、七路由、五闭环与清理 (44.653209ms)
✔ 缺路由、角色、闭环或审计拒绝角色时失败关闭 (16.227084ms)
✔ mock、泄露、短链持久化、危险操作与只读写请求均失败关闭 (11.621667ms)
✔ 缺失回执、双部署提交漂移、HEAD 不一致与未清理均失败关闭 (22.081708ms)
✔ 目标 Gate 是显式发布步骤且不进入普通 verify (0.215666ms)
✔ 完整回执覆盖双提交、隔离环境、五角色、五路由、四闭环、隐私、双语布局与清理 (99.113833ms)
✔ 缺路由、角色、闭环、locale 或 viewport 时失败关闭 (25.350334ms)
✔ mock、权限、并发、泄露或布局不合格时失败关闭 (55.567541ms)
✔ 缺失回执、双部署提交漂移、HEAD 不一致与未清理均失败关闭 (38.346208ms)
✔ 目标 Gate 是显式发布步骤且不进入普通 verify (0.220792ms)
✔ 完整路由、五角色、五业务闭环、租户、并发、敏感字段与清理回执通过 (0.786125ms)
✔ 缺路由、角色或业务闭环时失败关闭 (0.1535ms)
✔ Cognito、部署 API、跨租户、并发与敏感字段证据不满足约束时失败关闭 (0.106208ms)
✔ 缺失回执、部署提交或 sourceCommit 不一致时失败关闭 (0.494375ms)
✔ 完整的 58 API、五角色、并发、ESG 与清理目标 AWS 回执通过 (0.930542ms)
✔ 58 个回执 operationId 与九份正式业务 OpenAPI 精确一致 (1.7405ms)
✔ API 缺项、角色缺项与跨 Customer 放行均失败关闭 (0.28575ms)
✔ 并发或 ESG 证据不满足生产约束时失败关闭 (0.133125ms)
✔ 缺失回执与 sourceCommit 不匹配均失败关闭 (0.615291ms)
✔ 完整覆盖 25 API、五角色、竞态、退役与导出的隔离 AWS 回执通过 (0.863292ms)
✔ 缺 operation、跨租户放行、竞态双成功、证书未失活与 MQTT/S3 缺口均失败关闭 (0.199041ms)
✔ operation 成功状态与负向状态集合不完整时失败关闭 (0.106584ms)
✔ 回执缺失、非法 JSON 或 sourceCommit 不一致时独立发布 Gate 失败 (0.673167ms)
✔ 完整 Archive、Replay、Summary 目标 AWS 回执通过 (0.956875ms)
✔ 缺探针、重复归档、Replay 复制业务行和空 Summary 均失败关闭 (0.204625ms)
✔ 缺少回执或提交不一致时独立 Gate 失败 (0.5295ms)
✔ 完整隔离 AWS 回执覆盖 8 Topic、负向路径、QA-03 与清理时通过 (0.792583ms)
✔ 缺 Topic、未知 Topic 命中、Error Action 未恢复和原文漂移均失败关闭 (0.154541ms)
✔ 未提供目标 AWS 回执时独立发布 Gate 明确失败 (0.447208ms)
✔ 回执必须对应待发布的精确 Git 提交 (0.332542ms)
✔ 完整的 15 API、角色、Cognito、并发、S3、Dashboard、审计与清理回执通过 (0.947375ms)
✔ 15 个 operationId 与六份正式 OpenAPI 精确一致 (0.85375ms)
✔ API、角色、租户或安全/并发探针缺口均失败关闭 (0.2505ms)
✔ 缺失回执与 sourceCommit 不匹配均失败关闭 (1.067167ms)
✔ 干净的依赖图通过检查 (1.449416ms)
✔ 共享包反向依赖 apps 被识别为边界违规 (0.680209ms)
✔ contracts 反向依赖 apps 被识别为边界违规 (0.503083ms)
✔ apps 之间互相依赖被识别为边界违规 (0.465792ms)
✔ 工作区循环依赖被检出 (0.876333ms)
✔ 非工作区依赖（外部 npm 包）不参与检查 (0.494167ms)
✔ 当前仓库通过边界与循环依赖检查 (1.530625ms)
✔ CDK WARNING 与规则校验编号会触发 Gate (0.490167ms)
✔ 正常 synth 输出不会误报 (0.344625ms)
✔ 已交付 Lambda 缺失或回退到内联 501 占位时 Gate 失败 (0.150375ms)
✔ 已交付 Lambda 使用 S3 asset 时 Gate 通过 (0.053917ms)
✔ CMD/OTA 生产接线 Gate 对 Worker/调度任一缺失均失败关闭 (0.187042ms)
✔ CMD/OTA 生产接线 Gate 对 IoT/S3/KMS 权限缺失失败关闭 (0.220292ms)
✔ 真实登记文件：结构校验通过，并准确识别当前未决 DEC (2.001709ms)
✔ 真实契约版本文件：decisionRegisterVersion 与登记一致 (0.395958ms)
✔ 契约版本不一致被拒绝 (0.326833ms)
✔ 重复决策 ID 被拒绝（已知冲突必须有唯一决策 ID） (0.129584ms)
✔ 原则与决策之间 ID 也全局唯一 (0.097542ms)
✔ pending 决策携带批准人被拒绝 (0.057542ms)
✔ frozen 决策必须有批准人、批准时间和 >=1.0.0 版本 (0.100375ms)
✔ blockingTasks 为空或格式非法被拒绝 (0.071625ms)
✔ history 必须非空且末条版本与条目版本一致 (0.071375ms)
✔ 非 UTC 时间戳被拒绝 (0.083167ms)
✔ CLI validate 模式：真实文件退出码 0 且输出实际未决数；--fail-on-pending 按实际未决数返回 (0.947375ms)
✔ CLI：结构错误退出码 1 (0.731125ms)
✔ 追溯校验：合法 x-decision-versions 引用通过（Schema 可追溯到决策版本） (4.499459ms)
✔ 追溯校验：不存在的决策 ID 被拒绝 (0.83125ms)
✔ 追溯校验：引用版本与登记版本不一致被拒绝 (0.63025ms)
✔ 追溯校验：缺少 x-decision-versions 或格式非法被拒绝 (6.302042ms)
✔ 追溯校验：嵌套在 OpenAPI info 下的 x-decision-versions 可被递归发现 (4.183791ms)
✔ 已交付 API（含管理后台 P1）的 129 个 OpenAPI operation 与生产路由双向一致 (10.360375ms)
✔ 版本化已交付清单缺失、重复或引用不存在文件时失败关闭 (1.99ms)
✔ 缺失、额外、重复及 method/path 漂移均失败关闭 (0.187542ms)
✔ CMD/OTA 治理 Gate 校验四份 REST 契约及 DEC-022/023 冻结状态 (5.442792ms)
✔ 有效链接、无易漂移计数且工具链配对正确时通过 (1.521042ms)
✔ 损坏的仓库内 Markdown 链接被拒绝 (0.772208ms)
✔ 陈旧测试计数或不兼容工具链声明被拒绝 (2.65575ms)
✔ 当前仓库 ENG/DB/DOM 与 IAC/AUTH/SEC 任务文档证据一致 (24.437917ms)
✔ BE-IOT-01～08 文档全部纳入默认链接与证据门禁 (0.34375ms)
✔ BE-ARC/RPL/ESG 四份文档及 P2 回归纳入默认证据门禁 (0.230917ms)
✔ 11 份管理后台业务文档全部纳入默认链接与证据门禁 (0.095583ms)
✔ BE-MED/RBAC/AUD/DASH/SET 五份文档纳入状态与 AWS 证据门禁 (0.104042ms)
✔ FE-06～FE-10 五份前端文档纳入四层状态与目标回执门禁 (0.206791ms)
✔ FE-11～FE-15 五份前端文档纳入四层状态与独立目标回执门禁 (0.195708ms)
✔ 前端任务文档拒绝缺层级、问题责任字段、目标 Gate 和 P1 陈旧描述 (0.202084ms)
✔ FE-11～FE-15 文档拒绝旧缺陷、任务级勾选及旧目标 Gate (0.129708ms)
✔ BE-MED/RBAC/AUD/DASH/SET 文档拒绝缺状态层、陈旧参数和设置生效误述 (0.126583ms)
✔ 管理后台业务文档拒绝缺证据引用和陈旧决策或部署说法 (0.124958ms)
✔ BE-ARC/RPL/ESG 文档拒绝缺审计快照和生产接线边界外旧说法 (0.103375ms)
✔ BE-IOT 文档拒绝缺少审计快照、Report P2002 与 Media 另路由旧说法 (0.199167ms)
✔ BE-IOT 严格负向探针必须保留为可定位的永久回归 (0.714ms)
✔ 安全任务文档拒绝历史计数、缺少 verify 命令与陈旧 DEC-012 状态 (0.0575ms)
✔ 安全任务文档接受当前命令、审计快照引用与 frozen 决策 (0.034459ms)
✔ 当前仓库（DB-01 已落地）Migration 结构通过 (11.688334ms)
✔ schema.prisma 未落地时跳过并通过（骨架期行为） (0.218209ms)
✔ 失败示例：Schema 已存在但无任何 Migration（未提交 Migration） (0.408291ms)
✔ 失败示例：migrations/ 为空且缺少 migration_lock.toml (1.173625ms)
✔ 失败示例：Migration 目录名非法与空 migration.sql (1.25375ms)
✔ 合法 Migration 结构通过 (0.819875ms)
✔ 失败示例：已有旧 Migration 但 Schema 已变化且未登记快照 (0.742709ms)
✔ 真实矩阵通过完整性检查 (2.802333ms)
✔ 真实引用集合：41 个矩阵 API 与 13 个 routeId 全部可解析 (0.826833ms)
✔ index19.html 源清单：9 个菜单、12 个页面、128 个元素与矩阵双向覆盖 (1.952125ms)
✔ 真实矩阵：9 菜单、12 页面、每项均有处置结论 (0.298791ms)
✔ 被拒绝的实时流、明文密码、状态混用不携带实现任务 (0.248208ms)
✔ 矩阵的 x-decision-versions 可追溯到决策登记（DEC-007~012） (1.022417ms)
✔ 缺少菜单或页面被拒绝 (0.275167ms)
✔ 重复元素 ID 被拒绝 (0.084959ms)
✔ Adapt/Reject 缺少依据被拒绝 (0.091791ms)
✔ Adopt/Adapt 生产字段缺少 API 来源被拒绝 (0.107583ms)
✔ rejectCategory 项非 Reject 或携带实现任务被拒绝 (0.081125ms)
✔ 未知角色被拒绝（R7） (0.069959ms)
✔ 格式合法但不存在的 operationId、routeId 与响应字段被拒绝 (0.904417ms)
✔ planned operation 的任务归属漂移被拒绝 (0.296042ms)
✔ 源清单与矩阵任一侧删除元素均被双向覆盖检查拒绝 (1.690375ms)
✔ index19.html 内容变化但未重新盘点源清单时失败关闭 (1.38925ms)
✔ 重复 operationId 与 routeId 被引用索引拒绝 (0.717208ms)
✔ CLI：真实矩阵退出码 0，违规矩阵退出码 1 (46.822ms)
✔ remaining scope cannot replace full core, Active acceptance or failed cleanups (0.492834ms)
✔ 当前仓库全部 Schema、OpenAPI 片段与统一 bundle 通过引用校验 (152.292541ms)
✔ 失败示例：悬空内部 $ref 被拒绝 (1.421334ms)
✔ 失败示例：同目录相对 $ref 目标文件不存在被拒绝 (1.248708ms)
✔ 失败示例：JSON 语法损坏的 Schema 被拒绝 (5.468458ms)
✔ 失败示例：JSON Schema 2020-12 非法 type 被元 Schema 拒绝 (0.799125ms)
✔ 失败示例：OpenAPI 基座缺少 paths 被拒绝 (2.685208ms)
✔ 同目录相对 $ref 可解析时通过 (0.622166ms)
✔ 失败示例：PEM 私钥块被检出 (1.379208ms)
✔ 失败示例：AWS Access Key ID 被检出 (0.109709ms)
✔ 失败示例：GitHub 令牌被检出 (0.062041ms)
✔ 失败示例：Slack 令牌被检出 (0.049375ms)
✔ 正常内容不误报 (0.407041ms)
✔ 失败示例：未跟踪且未忽略文件中的私钥也被扫描 (38.293ms)
✔ 当前仓库通过敏感信息扫描 (1598.610458ms)
✔ 生产源码直接 console 与 raw trace API 均被拒绝 (1.406667ms)
✔ 测试目录可使用 console，生产统一 logger 允许 (0.757ms)
✔ 当前仓库生产源码通过 sink 门禁 (75.015583ms)
✔ QA-02 MQTT heartbeat: all valid/invalid fixtures, missing meta and type mutation (11.17925ms)
✔ QA-02 MQTT telemetry: all valid/invalid fixtures, missing meta and type mutation (9.840167ms)
✔ QA-02 MQTT report: all valid/invalid fixtures, missing meta and type mutation (2.120041ms)
✔ QA-02 MQTT alarm: all valid/invalid fixtures, missing meta and type mutation (1.277166ms)
✔ QA-02 MQTT event: all valid/invalid fixtures, missing meta and type mutation (0.770916ms)
✔ QA-02 MQTT ack: all valid/invalid fixtures, missing meta and type mutation (1.145875ms)
✔ QA-02 MQTT tamper: all valid/invalid fixtures, missing meta and type mutation (1.107625ms)
✔ QA-02 MQTT media: all valid/invalid fixtures, missing meta and type mutation (1.012875ms)
✔ QA-02 MQTT cmd: all valid/invalid fixtures, missing meta and type mutation (1.266708ms)
✔ QA-02 MQTT ota: all valid/invalid fixtures, missing meta and type mutation (1.744375ms)
✔ QA-02 MQTT notification: all valid/invalid fixtures, missing meta and type mutation (1.106959ms)
✔ MQTT semantic hash, discriminator and UTC calendar errors fail closed (0.421833ms)
✔ full REST response: field deletion/type mutation/envelope/date/errors/status/headers are enforced (2.467375ms)
✔ REST request validation: required body/path/query/header, optional Sync, bodyless Deactivate, no type coercion in JSON (7.994083ms)
✔ all device operations and declared response JSON Schemas compile; stable error catalog has no duplicates (32.689167ms)
✔ predecessor MQTT is compatible; known REST break requires exact version and frozen DEC approvals (44.028ms)
✔ breaking contract mutations fail: removing fields/operations/status, changing type/required/security (113.513ms)
✔ receipt coverage gate fails closed for missing operations/statuses, no valid request and forged records (0.33425ms)
✔ archived CSR upgrade mapping still verifies original baselines without rewriting history (5.702791ms)
✔ QA04 coverage Gate accepts complete matrix and proofs (0.788625ms)
✔ QA04 coverage Gate rejects missing domain (0.219083ms)
✔ QA04 coverage Gate rejects no negative path (0.107375ms)
✔ QA04 coverage Gate rejects untrusted handler (0.088708ms)
✔ QA04 coverage Gate rejects missing role (0.905083ms)
✔ QA04 coverage Gate rejects cross-tenant leak (0.658792ms)
✔ QA04 coverage Gate rejects two write winners (0.646167ms)
✔ QA04 coverage Gate rejects duplicate audit (0.310541ms)
✔ QA04 coverage Gate rejects rollback missing (0.31925ms)
✔ QA04 coverage Gate rejects unclean resource (0.426333ms)
✔ QA04 coverage Gate rejects reused isolation (0.296625ms)
✔ QA04 coverage Gate rejects no observed replay (0.195833ms)
✔ QA04 required acceptance cases are enforced (0.643ms)
✔ QA04 skipped assertion fails execution Gate (0.06475ms)
✔ QA04 removed state-machine assertion fails coverage Gate (0.396667ms)
✔ migration source requires exact approved commit (0.448042ms)
✔ migration connection requires complete secret and verified TLS; special credentials are encoded (0.167042ms)
✔ database verification derives every mapped Prisma table (0.414959ms)
✔ runner without approved source fails without reporting credentials or driver details (34.879708ms)
✔ source packager archives committed tree, includes exact SHA and refuses overwriting ZIP (4459.481667ms)
✔ local TLS broker: 10 independent certificate sessions, QoS1, downlinks, reconnect and broker ACL rejection (702.702875ms)
✔ 10 concurrent sessions: all topics, exact 5% duplicates / 2% delayed telemetry, replay and isolated bad Schema (128.4465ms)
✔ cross-device publish, subscribe, receive and wildcard denied (0.451792ms)
✔ invalid configuration, OTA transitions and test credential gate fail closed (0.590958ms)
✔ scripted failed command, missing target mapping and illegal downlink do not generate mixed ACK (0.268625ms)
✔ all sessions close when one transport fails; no successful receipt (151.155584ms)
✔ MQTT adapter rejects SUBACK denial and connection failures (0.213709ms)
✔ CLI creates offline receipt and refuses ungated mqtts before reading credential paths (382.194959ms)
✔ CDK wrapper accepts synth/diff and requires explicit deploy stack (3.332917ms)
✔ CDK wrapper builds the whole workspace and fails closed on build errors (0.134459ms)
✔ CDK wrapper uses local SSO but requires OIDC credentials in GitHub Actions (0.076042ms)
✔ QA03 Gate accepts complete local integration receipt (0.554416ms)
✔ QA03 Gate rejects missing scenario (0.173916ms)
✔ QA03 Gate rejects unclean resources (0.090292ms)
✔ QA03 Gate rejects reused isolation prefix (0.089041ms)
✔ QA03 Gate rejects lost message (0.087875ms)
✔ QA03 Gate rejects duplicate business record (0.106166ms)
✔ QA03 Gate rejects missing raw proof (0.476958ms)
✔ QA03 Gate rejects missing fault probe (0.115916ms)
✔ receipt covers all 128 decisions in two viewports (2.21975ms)
✔ fail closed: missing page (0.303834ms)
✔ fail closed: skipped case (1.790667ms)
✔ fail closed: flaky success (0.549167ms)
✔ fail closed: retry (0.923625ms)
✔ fail closed: unexpected external network (0.569458ms)
✔ fail closed: fixture collision (0.520291ms)
✔ fail closed: missing cleanup (0.503208ms)
✔ fail closed: updated baseline masquerades as regression (0.595ms)
✔ fail closed: missing group (0.651625ms)
✔ fail closed: duplicate group (0.816375ms)
✔ fail closed: missing rejection assertion (0.598125ms)
✔ fail closed: missing menu (0.505ms)
✔ fail closed: missing behavior guard (0.349833ms)
✔ fail closed: wrong viewport (0.207959ms)
✔ fail closed: snapshot hash mismatch (0.216333ms)
✔ binding omission, duplication and reject implementation fail closed (0.293625ms)
✔ real gzip bytes bind exact own devices, raw outbox hash and canonical published hash (3.574916ms)
✔ scope expansion, unknown customer/device, modified bytes and missing archive fail closed (3.037541ms)
✔ IoT normalized raw body binds outbox bytes while original publication binds canonical payload (2.344875ms)
✔ quick MQTT profile requires exact additional telemetry ledger and cannot waive missing archives (2.048084ms)
✔ archive deadline uses actual S3 modification times and cannot green an eventual late archive (3.825833ms)
✔ redelivery rejects foreign archives, unbounded inventories and unbound certificates before AWS operations (4.606166ms)
✔ C1 waits for both branches then independent query/checkout; C0 refuses candidate signal; warm absent is null (1.662291ms)
✔ preconnect proof rejects missing (0.090375ms)
✔ preconnect proof rejects duplicate (0.059667ms)
✔ preconnect proof rejects failed (0.059959ms)
✔ preconnect proof rejects foreign (0.08275ms)
✔ preconnect proof rejects bad timestamp (0.06875ms)
✔ preconnect proof rejects dispatch instead of settlement (0.056833ms)
✔ preconnect proof rejects not connection wait (0.054916ms)
✔ preconnect proof rejects query before preparation (0.266208ms)
✔ preconnect proof rejects checkout steals readiness (0.237667ms)
✔ preconnect proof rejects outside hook (1.269375ms)
✔ preconnect proof rejects invalid duration (0.135833ms)
✔ preconnect proof rejects orphan (0.096417ms)
✔ preconnect proof rejects consistently empty invocation identities (0.279042ms)
✔ nominal 30x profile cannot conceal a slower real publish window (3.898458ms)
✔ version proof requires CI deploy Amplify exact commit and 19 distinct verified artifact bytes (0.565458ms)
✔ own-fixture fault grant rejects shared changes and unknown faults while retaining deployment boundary (0.139791ms)
✔ database proof rejects foreign build, source, role and nonzero cleanup instead of trusting child PASS (0.322667ms)
✔ target gates reject missing finish cleanup required case and foreign device before live calls (0.594458ms)
✔ business cleanup preserves outside rows, rejects baseline drift and deletes own dependent rows atomically (1607.98825ms)
✔ fault injection rejects missing authorization and foreign export identity without mutation (0.733875ms)
✔ assertion-only validation cannot stand in for cleanup or whole target acceptance (0.150334ms)
✔ nonActive scope cannot enter the full wave that contains Active dependent probes (1.020375ms)
✔ foundation mode cannot be mistaken for full core or browser acceptance (0.100458ms)
✔ complete intermediate/root chain matches truststore and private key (2.732667ms)
✔ missing root is distinguished from valid signing certificate and key (0.396375ms)
✔ wrong parent, expired chain and wrong private key fail independently (0.887708ms)
✔ oversized worker chain, malformed values and arbitrary canaries never leak (1.246416ms)
✔ receipt gate accepts completed diagnostic with invalid chain, rejects data leak and missing cleanup (2.96025ms)
✔ approved exact Worker, Secret, KMS and original expiry scope is accepted (1.019541ms)
✔ removing role condition, wildcard Secret or extended expiry is rejected (0.344458ms)
✔ unrestricted KMS, different context or extra secret permissions are rejected (0.1615ms)
✔ repair gate requires retained versions, exact output binding and all cleanup (3.844167ms)
✔ only root field changes, original version remains immutable and AWSPREVIOUS (27.198125ms)
✔ baseline drift prevents all writes (0.109542ms)
✔ wrong fixed root prevents all writes (0.297ms)
✔ unknown put outcome recovers immutable token without a second put (1.090833ms)
✔ candidate mutation fails before promotion (0.292292ms)
✔ concurrent current movement after candidate write is preserved (0.505917ms)
✔ unknown promotion response is recovered from current stages (0.737083ms)
✔ post-promotion failed readback rolls back only the known current candidate (0.519708ms)
✔ invalid version token rejects before accessing any secret (6.1075ms)
✔ rollback refuses to overwrite a concurrent foreign current version (3.613ms)
✔ unknown AWS errors are returned as fixed codes without secret exception text (0.107542ms)
✔ successful promotion waits for metadata visibility without repeating stage writes (0.775791ms)
✔ existing current candidate is verified using read-only store without new versions or stage writes (0.68225ms)
✔ read-only recovery rejects changed fields without rolling back an existing current version (0.225875ms)
✔ capacity planning includes operational and rotation idle overlap and rejects naive concurrency increase (0.436709ms)
✔ range reads keep the original default and permit bounded slow-link retry (0.383958ms)
✔ range reads reject unbounded, ambiguous and below-default timeouts (0.190875ms)
✔ read-only asset concurrency stays bounded independently of DB/API capacity (0.112125ms)
✔ cold sampler collector binds exact own REPORT and safe client metrics: patch (70.626167ms)
✔ cold sampler collector binds exact own REPORT and safe client metrics: audit (50.631667ms)
✔ two batches preserve six own contracts, six winners/conflicts and audits with a hard concurrency/request bound (48.725333ms)
✔ unknown write drains siblings and waits for Lambda quiescence without retry or false PASS (15.061292ms)
✔ audit drift fails closed: audit-id (42.895625ms)
✔ audit drift fails closed: foreign-list (10.150042ms)
✔ foreign context, missing baseline or excess batches fail before any dispatch/receipt (1.738416ms)
✔ sampling correlation ledger rejects foreign or missing HTTP rows even with a valid business result (28.869875ms)
✔ DLQ scope requires closed ledger, 20 exact IDs and fresh empty database proof (1.005833ms)
✔ one-shot worker deletes only exact retired pointers, restores unknown visibility, and exports no bodies or handles (5.18075ms)
✔ six exact request/time/status/extended/Lambda links pass without saving unrelated fields or requests (74.834167ms)
✔ correlation refuses complete proof for time (48.957375ms)
✔ correlation refuses complete proof for lambda-id (57.4255ms)
✔ correlation refuses complete proof for duplicate (57.762125ms)
✔ correlation refuses complete proof for missing-http (54.076583ms)
✔ audit GET binds list/detail operation and timeout UUID without claiming client success (92.76675ms)
✔ phase proof covers success, conditional conflict and all audit reads without declaring latency/cleanup acceptance (2.121333ms)
✔ cold 409 gate requires matching cold phase flags and successful runtime initialization (2.548375ms)
✔ new account gate requires nested hook, Prisma query, first driver query and checkout on every request (0.216458ms)
✔ account gate rejects missing (1.147583ms)
✔ account gate rejects duplicate (0.250375ms)
✔ account gate rejects failure (0.178958ms)
✔ account gate rejects wait-boundary (0.151625ms)
✔ account gate rejects timestamp (0.152667ms)
✔ account gate rejects outside-hook (0.176791ms)
✔ phase proof rejects foreign-invocation (6.714208ms)
✔ phase proof rejects missing-transaction (0.765416ms)
✔ phase proof rejects conflict-code (0.118167ms)
✔ phase proof rejects missing-http (0.0525ms)
✔ phase proof rejects other-run (0.034208ms)
✔ bounded sampler requires physical Init Duration as well as application cold phases and retains client metrics (0.571ms)
✔ bounded sampler rejects foreign-report (0.190292ms)
✔ bounded sampler rejects duplicate-report (0.115083ms)
✔ bounded sampler rejects no-socket-metrics (0.735084ms)
✔ bounded sampler rejects missing-body (0.309459ms)
✔ bounded sampler rejects over-budget (0.11225ms)
✔ bounded sampler rejects missing-audit (0.089125ms)
✔ client preparation requires actual dispatch, cold adapter suffix and leaves warm adapter timings absent (0.623667ms)
✔ client preparation rejects missing prepare (0.188667ms)
✔ client preparation rejects settlement is not driver dispatch (0.170584ms)
✔ client preparation rejects preparation after driver start (0.141417ms)
✔ client preparation rejects cold missing suffix (0.150167ms)
✔ client preparation rejects suffix outside preparation (0.152542ms)
✔ client preparation rejects wrong invocation (0.133667ms)
✔ client preparation cannot bypass account phase checks (0.120333ms)
✔ engine CPU mode proves preparation before model, preserves driver boundary and refuses old lazy ownership (1.498167ms)
✔ runtime assembly opt-in preserves both engine ownership modes and rejects old partial runtime receipts (3.844459ms)
✔ parent phase Gate requires engine/runtime and C1 settlement before queries; C0 refuses candidate phases (11.310792ms)
✔ success audits bind precisely and conflicts never have a success audit (0.340084ms)
✔ audit proof rejects duplicate (0.1295ms)
✔ audit proof rejects wrong-version (0.053209ms)
✔ audit proof rejects conflict-success (0.045792ms)
✔ Gateway overlap cannot conceal serialized Lambda executions (0.291875ms)
✔ three races accept either winner, bind every successful write to audit and advance once per version (34.917ms)
✔ early failure still drains the late sibling before readback and never retries or reports PASS (2.161875ms)
✔ race fails closed for double-winner (4.9505ms)
✔ race fails closed for gateway-id (4.377917ms)
✔ race fails closed for audit-id (15.551709ms)
✔ foreign context fails before dispatch or receipt writes (0.499625ms)
✔ historical read scope rejects any resource outside the exact sealed old contract before live calls (0.104208ms)
✔ read-only completion accepts only all six settled exact successful PATCH receipts (0.697625ms)
✔ cleanup/completion guard rejects unknown-write (0.175958ms)
✔ cleanup/completion guard rejects foreign-site (0.081459ms)
✔ cleanup/completion guard rejects wrong-account (0.070167ms)
✔ cleanup/completion guard rejects unfinished (0.071291ms)
✔ cleanup/completion guard rejects gateway-id (0.080333ms)
✔ log projection redacts payload/error details and rejects unrecognized events (0.482333ms)
✔ serialized AWS log projection preserves closed event names through the 20-sequence Gate (1.637125ms)
✔ specific redelivery needs matching SQS ID, final disposition and durable duplicate receipt (0.126375ms)
✔ 20 sequence stage Gate rejects incomplete coverage and unrelated device evidence (0.408209ms)
✔ completed Build result tolerates delayed/truncated CloudWatch visibility and transient read failure without rerunning SQL (1.251792ms)
✔ wrong/multiple/failed frames and AccessDenied reject immediately, absent result fails closed after bounded reads (0.710625ms)
✔ expired SSO is a terminal authentication condition, never a transient log retry (0.090542ms)
✔ CloudWatch 250000-character fragments reassemble exact source-bound metadata without accepting truncation or another frame (5.67675ms)
✔ large fixture observations round-trip through bounded gzip without losing metadata (10.091459ms)
✔ compressed fixture frames reject corruption, noncanonical data and decompression bombs (28.313458ms)
✔ compressed metadata still requires the exact expected source/build/action binding (1.260542ms)
✔ fixed manifest rejects unsafe SQL identifiers, missing hash and duplicates (0.507709ms)
✔ migration comparison distinguishes missing, tampered, unfinished and rolled-back migrations (0.139625ms)
✔ snapshot uses repeatable read/read only, timeouts, fixed SELECTs and always rolls back (0.3355ms)
✔ writable transaction rejected before business queries and rolled back (0.170958ms)
✔ query failure rolls back instead of yielding partial PASS (0.10775ms)
✔ dedicated query project never changes migration project or passes StartBuild overrides (22.136834ms)
✔ legacy onboarding rows without CSR columns require reconciliation before migration (0.120167ms)
✔ query success preserves real migration BLOCKED instead of promoting readiness (2.415709ms)
✔ wrong build, writable transaction, unbound hash and fabricated migration PASS rejected (7.181ms)
✔ missing table count cannot become complete SQL evidence (1.196333ms)
✔ explicit manual false overrides repository true and preserves capacity/immediate context (0.616625ms)
✔ manual deployment rejects branch/SHA, missing mode, phase drift and unsupported events before cloud work (0.146584ms)
✔ push keeps existing resolved defaults but cannot ignore explicit invalid input (0.061833ms)
✔ input pair gate never implies target acceptance and rejects SHA/config/context/duplicate run drift (0.215875ms)
✔ workflow records input receipt before verification/AWS and never interpolates manual input into shell (0.219625ms)
✔ C0/C1 same SHA and engine=true differ only preconnect; push cannot turn candidate on (1.360167ms)
✔ entity merge requires actual decisions on both viewports, scoped devices, versions and cleanup (0.621209ms)
✔ certificate merge cannot use review-only parent to claim real dual-channel certificate entity (0.103417ms)
✔ request UUID is durable before a single dispatch and credentials never enter receipts (36.0515ms)
✔ failed AWAIT_HEADERS preserves correlation without retry (0.46625ms)
✔ failed READ_BODY preserves correlation without retry (0.13425ms)
✔ malformed JSON cannot become a successful HTTP receipt (0.21725ms)
✔ socket events split DNS/TCP/TLS; receipts contain no URL, authorization or socket details (1.237291ms)
✔ real delayed body is measured separately; a reused connection has absent DNS/TCP/TLS, not invented zeros (148.039709ms)
✔ total deadline aborts an unfinished response body; no complete-body receipt or retry (3.25725ms)
✔ injected fetch cannot masquerade as detailed socket observation (0.248875ms)
✔ layout diagnostic fails closed before AWS calls for foreign, finished or unbound fixtures (0.567459ms)
✔ diagnostic cleanup retains all actions and fails closed: absent (0.474542ms)
✔ diagnostic cleanup retains all actions and fails closed: still-present (0.049125ms)
✔ diagnostic cleanup retains all actions and fails closed: read-denied (0.05075ms)
✔ diagnostic cleanup retains all actions and fails closed: signout-failed (0.065375ms)
✔ diagnostic cleanup retains all actions and fails closed: delete-failed (0.064458ms)
✔ snapshot must be available encrypted manual and exact whitelist cannot expand (0.417166ms)
✔ real local SQL retires exactly two jobs/requests and preserves every other table (1358.867875ms)
✔ live status drift aborts with original rows intact (504.55025ms)
✔ unexpected cascade/trigger changing a preserved table rolls back all deletes (438.661709ms)
✔ valid HTTP writes cannot be inflated by malformed, wrong role, wrong method or failed requests (1.020625ms)
✔ target License wire sequence proves ExpiringSoon renewal and Renewed activation using real handlers and PostgreSQL (1521.149041ms)
✔ recovery sub-gate checks all preserved tables without accepting full QA09 (1.693166ms)
✔ version mismatch, missing migration and changed certificate/other business data fail closed (0.925541ms)
✔ retirement evidence cannot hide wrong deleted IDs or lose preservation proof (0.682625ms)
✔ retirement project has fixed source and never modifies readonly/migration runner (18.974125ms)
✔ real Sync observation redacts secret domains and cannot treat delivery as firmware verification (0.56225ms)
✔ receipt runner sends only RECEIVED and redacts complete snapshots even with device password hashes (0.452458ms)
✔ receipt runner fails closed for mismatched snapshots and refused confirmation (0.159917ms)
✔ 117 elements require both real viewport receipts (15.596208ms)
✔ one failure fails all elements in the affected behavior group (0.428291ms)
✔ Active dependent operations are explicit NOT_RUN, not successful disabled checks (0.507375ms)
✔ duplicate, foreign and invalid viewport receipts fail closed (0.567291ms)
✔ Defer and Reject failures also block the browser Gate (7.6795ms)
✔ CSV proof rejects empty, foreign and malformed downloads while parsing quoted data (0.996875ms)
✔ reopens own TLS session after same-clientId negative probe and closes on failure (0.752833ms)
✔ foreign MQTT scope is rejected before connection (0.111125ms)
✔ S3 fallback accepts exact owned version cleanup and rejects bucket, customer and pagination expansion (0.508583ms)
✔ export scope rejects a foreign device before API, AWS or output writes (0.556583ms)
✔ domain cleanup refuses live run, foreign customer name, missing DB cleanup and out-of-scope objects (0.646333ms)
✔ unseeded identity cleanup rejects unfinished, foreign, seeded and pre-existing admin ledgers (0.503084ms)
✔ Cognito canonical UUID is allowed only with exact own email and creation within this failed run (0.185542ms)
✔ P95 uses all actual samples and rejects empty or invalid measurements (0.427042ms)
✔ complete P95 excludes censored timeouts and refuses partial sample acceptance (0.111541ms)
✔ performance summary refuses to report P95 PASS for missing or incomplete actual samples (56.688875ms)
✔ read-only pool probe distinguishes one connection, recovery and incomplete capacity acceptance (2.119417ms)
✔ observed connection-budget violation refuses a pool PASS receipt (3.139584ms)
✔ foreign probe application name is rejected before database access (0.120625ms)
✔ CPU ancestry attributes minified constructor and compile samples exclusively (0.426917ms)
✔ curl metrics differences preserve boundaries and reject bad ordering or nonfinite values (0.490875ms)
✔ curl probes are six bounded verified GETs with no credential/config/retry path; proxy prevents dispatch (1.227791ms)
✔ curl failures retain siblings and discard raw error text (0.1865ms)
✔ scheduled publishing overlaps slow PUBACK and drains failures without abandoning in-flight writes (23.204583ms)
✔ only exact test account and readonly role accepted (1.409834ms)
✔ stack identity, region, project and test tag fail closed (0.228541ms)
✔ permission denial is unverified, never classified as absent (0.157625ms)
✔ metadata health never promotes missing business evidence to AWS PASS (0.269ms)
✔ five groups with unconfirmed or disabled users do not prove usable identities (0.091708ms)
✔ missing target receipts and version mismatch remain blockers (0.066792ms)
✔ existing test environment requires neither new account nor stack and retains real-response/cleanup boundaries (0.261417ms)
✔ real sub-scope acceptance cannot claim whole QA09 (1.024375ms)
✔ unfinished execution, missing role probe and failed assertion rejected (0.167875ms)
✔ missing cleanup, wrong target, secrets and source tampering rejected (2.771833ms)
✔ identity cleanup only accepts this run and the five known role identities (0.4465ms)
✔ record cleanup requires exact run namespace, not merely a partial prefix (0.09125ms)
✔ recovery excludes explicitly later own SLO records without waiving original bytes or deadlines (6.025209ms)
✔ later record exemption never includes other devices or customers (2.010416ms)
✔ site compensation rejects foreign-route before any AWS command (157.709542ms)
✔ site compensation rejects failed-cleanup before any AWS command (171.096833ms)
✔ site compensation rejects unbound-parent before any AWS command (169.708333ms)
✔ remaining target rejects foreign fixture before an API or database call (0.946875ms)
✔ unproved license activation fails legal stage and independent stage failures remain explicit without credentials (4.354041ms)
✔ per-request service throttling requires both unique IDs and bound access-row time/status, never minute metrics (0.347291ms)
✔ QA09 rollout separates logging, budget and event publication and rejects silent phase mistakes (0.71ms)
✔ engine CPU diagnosis is explicit and only allowed after pool budget rollout (0.093375ms)
✔ runtime assembly has ordered nested CPU intervals without additive initialization totals (1.864333ms)
✔ runtime proof rejects absent, duplicate, failed, foreign IDs, overlap, bad CPU and invalid durations (0.786375ms)
✔ security retest rejects foreign fixture before any credential or live API access (0.5595ms)
✔ six tampered tokens require HTTP rejection and keep credentials out of receipt (0.690875ms)
✔ unknown seed outcome requires observed complete own set or proven empty set, never a blind retry (0.4445ms)
✔ semantic SQL creates two scoped read models without lifecycle or authentication claims and refuses reuse (1077.842291ms)
✔ semantic SQL refuses scope/state drift: lifecycle_status='Active' (174.041959ms)
✔ semantic SQL refuses scope/state drift: site_id=NULL (180.14575ms)
✔ semantic SQL refuses scope/state drift: customer_id='22222222-2222-2222-2222-222222222222' WHERE customer_id='11111111-1111-1111-1111-111111111111' (175.300708ms)
✔ semantic SQL refuses scope/state drift: name='outside' (166.358166ms)
✔ platform exports require the exact ledger and own frozen filters; foreign jobs remain unchanged (233.26975ms)
✔ business session cleanup never accepts a foreign email id role scope or lifecycle (0.633291ms)
✔ session fixtures require exact own customer and site binding before cleanup (0.111583ms)
✔ complete narrow real-environment scope never accepts full QA09 (1.78825ms)
✔ missing mTLS, shared keys, different ingress/archive bytes and missing cleanup fail closed (0.809166ms)
✔ CodeBuild inline source fits service limit and decompresses to exact reviewed bytes (35.197833ms)
✔ exact own-ten plan rejects expansion, historical identity and wrong customer namespace (14.604292ms)
✔ real SQL creates exact fixtures and cleanup preserves original devices/certificates (758.687417ms)
✔ unexpected original-data trigger mutation rolls back fixture creation (463.606125ms)
✔ processing provisioning job prevents cleanup without deleting any own devices (443.777958ms)
✔ CSR proofs bind method, path, request ID, timestamp, nonce and independent key (101.112041ms)
✔ closed-fixture audit and request outbox cleanup require ledger and preserve unrelated events (437.894833ms)
✔ closed-fixture access rejects missing approval audit and live customer (415.88975ms)
✔ unseeded capacity attempt has read-only empty audit with deleted customers and fixed original baseline (416.473666ms)
✔ business-only Onboarded fixtures preserve original rows, refuse reuse and make no certificate/authentication claim (428.854542ms)
✔ unseeded timeout audit reads only exact prefix and cannot mutate original or retry customer creation (415.774125ms)
✔ active lifecycle fixture changes exactly two own states and never claims a natural path (421.597875ms)
✔ capacity probe executes a read-only transaction and leaves fixture and original rows unchanged (411.021209ms)
✔ review-only mode cannot run without an explicit review hook or with unknown options (0.439167ms)
✔ fixture CLI distinguishes expired SSO from authorization rejection and transport timeouts (0.145ms)
✔ TLS diagnostic bounds independent reads to 12 and six concurrent; fake observations cannot claim real target source (55.368666ms)
✔ TLS diagnostic retains settled siblings, missing samples and unexpected HTTP/authentication as PARTIAL (0.551792ms)
✔ version binding preserves prior defaults and accepts exact new target (0.586792ms)
✔ invalid version input is rejected before any AWS operation (0.13575ms)
✔ all delivered writes have an explicit permission and own or absent object path (0.695458ms)
✔ identical claims still change signed payload bytes rather than unused base64 signature bits (0.121708ms)
✔ Gateway 403 rejects tampered signatures while protected 2xx must fail (4.957833ms)
✔ quick has exact cadence, 24 historical hours, 30x burst, 5% duplicates and 2% delayed delivery (3.562292ms)
✔ full plan contains 86400 historical Telemetry samples for 10 devices at 10-second cadence (251.837208ms)
✔ unknown profile fails closed (0.164125ms)
✔ P95 uses nearest rank and does not mutate input (0.137292ms)
✔ invalid latency  rejected (0.070334ms)
✔ invalid latency NaN rejected (0.036042ms)
✔ invalid latency Infinity rejected (0.046ms)
✔ invalid latency -1 rejected (0.043125ms)
✔ independent checker verifies count average min max and UTC buckets (0.229333ms)
✔ complete reliability proof passes (0.576958ms)
✔ Gate rejects missing trace (0.339375ms)
✔ Gate rejects duplicate trace (0.319333ms)
✔ Gate rejects failed cleanup (0.307125ms)
✔ Gate rejects wrong profile (0.353792ms)
✔ Gate rejects wrong cadence (0.309666ms)
✔ Gate rejects untracked loss (0.298792ms)
✔ Gate rejects duplicate business row (0.304334ms)
✔ Gate rejects missing archive (0.293875ms)
✔ Gate rejects missing reorder (0.288333ms)
✔ Gate rejects missing retry (0.306292ms)
✔ Gate rejects unresolved gap (0.293083ms)
✔ Gate rejects worker not paused (0.304291ms)
✔ Gate rejects no backlog (0.295833ms)
✔ Gate rejects unscoped replay (0.289458ms)
✔ Gate rejects duplicate MQTT publish (0.284792ms)
✔ Gate rejects late ACK changed terminal state (0.297125ms)
✔ Gate rejects telemetry P95 failed (0.305875ms)
✔ Gate rejects command P95 failed (0.315333ms)
✔ Gate rejects NaN P95 (0.302958ms)
✔ Gate rejects missing latency samples (0.550208ms)
✔ security receipt accepts complete execution and all observed acceptance proofs (1.921ms)
✔ execution fails closed: deleted required test (0.454959ms)
✔ execution fails closed: missing file (0.078209ms)
✔ execution fails closed: pending test (0.068125ms)
✔ execution fails closed: failed test (0.676666ms)
✔ proof fails closed: missing proof (0.101917ms)
✔ proof fails closed: reused prefix (0.083209ms)
✔ proof fails closed: cleanup incomplete (0.09375ms)
✔ proof fails closed: expired JWT accepted (0.081ms)
✔ proof fails closed: missing write operation (0.108416ms)
✔ proof fails closed: forged identity accepted (0.083042ms)
✔ proof fails closed: route resolved before auth (0.06375ms)
✔ proof fails closed: cross tenant allowed (0.086959ms)
✔ proof fails closed: unauthorized side effect (0.086291ms)
✔ proof fails closed: prototype pollution (0.084375ms)
✔ proof fails closed: malicious media signed (0.077958ms)
✔ proof fails closed: malicious media persisted (0.067083ms)
✔ proof fails closed: leak ignored (0.076916ms)
✔ proof fails closed: unscanned audit (0.111875ms)
✔ proof fails closed: unscanned snapshot (0.118625ms)
✔ proof fails closed: partial response scan (0.07975ms)
✔ independent scanner rejects nested secrets raw JWT Error private key and signed URL without echoing values (0.775375ms)
✔ scanner detects opaque canary leakage and permits null redacted values and public certificate (0.040834ms)
ℹ tests 608
ℹ suites 0
ℹ pass 608
ℹ fail 0
ℹ cancelled 0
ℹ skipped 0
ℹ todo 0
ℹ duration_ms 7317.297459

> food-digester-platform@0.0.0 build /Users/anray/Documents/project/hiddenjoyacom/food-digester-platform
> turbo run build


   • Packages in scope: @fdp/admin-web, @fdp/archive-worker, @fdp/auth, @fdp/aws-clients, @fdp/cloud-api, @fdp/contracts, @fdp/database, @fdp/domain, @fdp/infra, @fdp/ingestion-worker, @fdp/media, @fdp/observability, @fdp/summary-worker
   • Running build in 13 packages
   • Remote caching disabled

@fdp/contracts:build: cache hit, replaying logs badb40bf08f6da73
@fdp/observability:build: cache hit, replaying logs ea923edaeec24452
@fdp/contracts:build: 
@fdp/contracts:build: > @fdp/contracts@0.0.0 build /Users/anray/Documents/project/hiddenjoyacom/food-digester-platform/contracts
@fdp/contracts:build: > node -e "console.log('@fdp/contracts 为源码契约包：内部使用 .ts 扩展名互引，不经 tsc 构建；消费方经 tsx/打包器直接使用源码')"
@fdp/contracts:build: 
@fdp/contracts:build: @fdp/contracts 为源码契约包：内部使用 .ts 扩展名互引，不经 tsc 构建；消费方经 tsx/打包器直接使用源码
@fdp/aws-clients:build: cache hit, replaying logs 72b741ff8e28f9c8
@fdp/database:generate: cache hit, replaying logs c9801dc001f46347
@fdp/aws-clients:build: 
@fdp/aws-clients:build: > @fdp/aws-clients@0.0.0 build /Users/anray/Documents/project/hiddenjoyacom/food-digester-platform/packages/aws-clients
@fdp/aws-clients:build: > tsc -p tsconfig.build.json
@fdp/aws-clients:build: 
@fdp/observability:build: 
@fdp/database:generate: 
@fdp/database:generate: > @fdp/database@0.0.0 generate /Users/anray/Documents/project/hiddenjoyacom/food-digester-platform/packages/database
@fdp/database:generate: > prisma generate
@fdp/database:generate: 
@fdp/database:generate: Loaded Prisma config from prisma.config.ts.
@fdp/database:generate: 
@fdp/database:generate: Prisma schema loaded from prisma/schema.prisma.
@fdp/database:generate: 
@fdp/database:generate: ✔ Generated Prisma Client (7.9.1) to ./src/generated in 131ms
@fdp/database:generate: 
@fdp/observability:build: > @fdp/observability@0.0.0 build /Users/anray/Documents/project/hiddenjoyacom/food-digester-platform/packages/observability
@fdp/observability:build: > tsc -p tsconfig.build.json
@fdp/observability:build: 
@fdp/domain:build: cache hit, replaying logs 47ef0249a0b99843
@fdp/domain:build: 
@fdp/domain:build: > @fdp/domain@0.0.0 build /Users/anray/Documents/project/hiddenjoyacom/food-digester-platform/packages/domain
@fdp/domain:build: > tsc -p tsconfig.build.json
@fdp/domain:build: 
@fdp/infra:build: cache hit, replaying logs 350c8568777d8acc
@fdp/infra:build: 
@fdp/infra:build: > @fdp/infra@0.0.0 build /Users/anray/Documents/project/hiddenjoyacom/food-digester-platform/infra
@fdp/infra:build: > tsc -p tsconfig.build.json
@fdp/infra:build: 
@fdp/database:build: cache hit, replaying logs 5a55b0b69fe3163d
@fdp/database:build: 
@fdp/database:build: > @fdp/database@0.0.0 build /Users/anray/Documents/project/hiddenjoyacom/food-digester-platform/packages/database
@fdp/database:build: > tsc -p tsconfig.build.json
@fdp/database:build: 
@fdp/summary-worker:build: cache miss, executing 072289fbd5edb8e7
@fdp/archive-worker:build: cache miss, executing 79cc53e69160f7cb
@fdp/auth:build: cache hit, replaying logs 8557fd70e2792bd9
@fdp/media:build: cache hit, replaying logs 8bde945d50534e9a
@fdp/auth:build: 
@fdp/auth:build: > @fdp/auth@0.0.0 build /Users/anray/Documents/project/hiddenjoyacom/food-digester-platform/packages/auth
@fdp/auth:build: > tsc -p tsconfig.build.json
@fdp/auth:build: 
@fdp/admin-web:build: cache miss, executing eede2024c2b5ed01
@fdp/media:build: 
@fdp/media:build: > @fdp/media@0.0.0 build /Users/anray/Documents/project/hiddenjoyacom/food-digester-platform/packages/media
@fdp/media:build: > tsc -p tsconfig.build.json
@fdp/media:build: 
@fdp/cloud-api:build: cache miss, executing ffbdf7b46582a506
@fdp/ingestion-worker:build: cache miss, executing 5550dc60bb9add73
@fdp/summary-worker:build: 
@fdp/summary-worker:build: > @fdp/summary-worker@0.0.0 build /Users/anray/Documents/project/hiddenjoyacom/food-digester-platform/apps/summary-worker
@fdp/summary-worker:build: > tsc -p tsconfig.build.json
@fdp/summary-worker:build: 
@fdp/cloud-api:build: 
@fdp/cloud-api:build: > @fdp/cloud-api@0.0.0 build /Users/anray/Documents/project/hiddenjoyacom/food-digester-platform/apps/cloud-api
@fdp/cloud-api:build: > tsc -p tsconfig.build.json
@fdp/cloud-api:build: 
@fdp/admin-web:build: 
@fdp/admin-web:build: > @fdp/admin-web@0.0.0 build /Users/anray/Documents/project/hiddenjoyacom/food-digester-platform/apps/admin-web
@fdp/admin-web:build: > tsc -p tsconfig.build.json && vite build
@fdp/admin-web:build: 
@fdp/archive-worker:build: 
@fdp/archive-worker:build: > @fdp/archive-worker@0.0.0 build /Users/anray/Documents/project/hiddenjoyacom/food-digester-platform/apps/archive-worker
@fdp/archive-worker:build: > tsc -p tsconfig.build.json
@fdp/archive-worker:build: 
@fdp/ingestion-worker:build: 
@fdp/ingestion-worker:build: > @fdp/ingestion-worker@0.0.0 build /Users/anray/Documents/project/hiddenjoyacom/food-digester-platform/apps/ingestion-worker
@fdp/ingestion-worker:build: > tsc -p tsconfig.build.json
@fdp/ingestion-worker:build: 
@fdp/admin-web:build: vite v8.2.2 building client environment for production...
@fdp/admin-web:build: transforming...
@fdp/admin-web:build: ✓ 1609 modules transformed.
@fdp/admin-web:build: rendering chunks...
@fdp/admin-web:build: computing gzip size...
@fdp/admin-web:build: dist/web/index.html                     0.46 kB │ gzip:   0.32 kB
@fdp/admin-web:build: dist/web/assets/index-CecZB0A0.css     19.08 kB │ gzip:   5.07 kB
@fdp/admin-web:build: dist/web/assets/index-D1EpTElP.js   1,357.74 kB │ gzip: 417.92 kB
@fdp/admin-web:build: 
@fdp/admin-web:build: ✓ built in 232ms
@fdp/admin-web:build: [plugin builtin:vite-reporter] 
@fdp/admin-web:build: (!) Some chunks are larger than 500 kB after minification. Consider:
@fdp/admin-web:build: - Using dynamic import() to code-split the application
@fdp/admin-web:build: - Use build.rolldownOptions.output.codeSplitting to improve chunking: https://rolldown.rs/reference/OutputOptions.codeSplitting
@fdp/admin-web:build: - Adjust chunk size limit for this warning via build.chunkSizeWarningLimit.

 Tasks:    14 successful, 14 total
Cached:    9 cached, 14 total
  Time:    3.271s 


> food-digester-platform@0.0.0 check:boundaries /Users/anray/Documents/project/hiddenjoyacom/food-digester-platform
> node scripts/check-boundaries.mjs

检查 13 个工作区包
模块边界与循环依赖检查通过

> food-digester-platform@0.0.0 check:schemas /Users/anray/Documents/project/hiddenjoyacom/food-digester-platform
> node scripts/check-schemas.mjs

OpenAPI / JSON Schema 校验通过

> food-digester-platform@0.0.0 check:migrations /Users/anray/Documents/project/hiddenjoyacom/food-digester-platform
> node scripts/check-migrations.mjs

Migration 结构与 Prisma Schema 漂移检查通过

> food-digester-platform@0.0.0 check:evidence /Users/anray/Documents/project/hiddenjoyacom/food-digester-platform
> node scripts/check-eng-db-dom-evidence.mjs

ENG/DB/DOM/IAC/AUTH/SEC/BE-IOT/BE-ARC/RPL/ESG/管理后台业务与前端 证据与开发文档检查通过

> food-digester-platform@0.0.0 check:secrets /Users/anray/Documents/project/hiddenjoyacom/food-digester-platform
> node scripts/check-secrets.mjs

敏感信息扫描通过

> food-digester-platform@0.0.0 check:sensitive-sinks /Users/anray/Documents/project/hiddenjoyacom/food-digester-platform
> node scripts/check-sensitive-sinks.mjs

生产日志与 Trace sink 脱敏门禁通过

> food-digester-platform@0.0.0 check:admin-web-delivery /Users/anray/Documents/project/hiddenjoyacom/food-digester-platform
> node scripts/check-admin-web-delivery.mjs

管理后台交付检查通过：入口、组合根、路由页面、OpenAPI operationId、CSS 与浏览器构建产物均已就绪

> food-digester-platform@0.0.0 check:admin-web-e2e /Users/anray/Documents/project/hiddenjoyacom/food-digester-platform
> pnpm --filter @fdp/admin-web test:e2e


> @fdp/admin-web@0.0.0 test:e2e /Users/anray/Documents/project/hiddenjoyacom/food-digester-platform/apps/admin-web
> playwright test







Running 36 tests using 1 worker



[1/36] e2e/admin-web.spec.ts:15:1 › H-01 API 拒绝停用会话后清除浏览器会话并返回登录
[2/36] e2e/admin-web.spec.ts:42:1 › M-01 CustomerViewer 从菜单查询设备用户详情，全部写入口隐藏
[3/36] e2e/admin-web.spec.ts:88:1 › 无 Token 安全回登录；五角色菜单和受限路由均由组合根守卫
[4/36] e2e/admin-web.spec.ts:116:1 › 刷新失败清会话，API 403 保留会话并呈现无权
[5/36] e2e/admin-web.spec.ts:138:1 › Customer scope 与 Dashboard 离线/无 entitlement 动作在真实浏览器失败关闭
[6/36] e2e/admin-web.spec.ts:175:1 › Onboarding 审批双击只提交一次，展示录入来源和证书状态
[7/36] e2e/admin-web.spec.ts:220:1 › Customer/Site CRUD 关键路径：创建、非法时区、关联停用提示与 409
[8/36] e2e/admin-web.spec.ts:343:1 › 1440/768/375 响应式布局、横向表格和对话框键盘边界
[9/36] e2e/admin-web.spec.ts:429:1 › FE-06 至 FE-10 六个生产路由可运行，并覆盖成功、空态、分页入口、时区与响应式
[10/36] e2e/admin-web.spec.ts:471:1 › FE-06 至 FE-10 在 403/404、Customer scope、详情焦点与重复提交场景失败关闭
[11/36] e2e/admin-web.spec.ts:547:1 › FE-11 至 FE-15 七个生产路由由真实控制器驱动，并覆盖媒体签发与审计详情
[12/36] e2e/admin-web.spec.ts:611:1 › FE-11 至 FE-15 API 403 与路由角色边界在真实浏览器失败关闭
[13/36] e2e/admin-web.spec.ts:628:1 › FE-17 新建权限与零设备第二阶段在真实浏览器失败关闭
[14/36] e2e/admin-web.spec.ts:699:1 › FE-18 Chromium 覆盖 unknown/stale、联系人按需零预载与申请状态机
[15/36] e2e/admin-web.spec.ts:803:1 › FE-16 Chromium 覆盖邀请、角色、Scope、重置与设置 409 回源
[16/36] e2e/admin-web.spec.ts:927:1 › FE-17 Chromium 覆盖绑定、解绑、续约与终止并保留 License 边界
[17/36] e2e/admin-web.spec.ts:1102:5 › FE-19 Chromium 22 个生产路由：zh-CN / 375px
[18/36] e2e/admin-web.spec.ts:1102:5 › FE-19 Chromium 22 个生产路由：zh-CN / 768px
[19/36] e2e/admin-web.spec.ts:1102:5 › FE-19 Chromium 22 个生产路由：zh-CN / 1440px
[20/36] e2e/admin-web.spec.ts:1102:5 › FE-19 Chromium 22 个生产路由：en / 375px
[21/36] e2e/admin-web.spec.ts:1102:5 › FE-19 Chromium 22 个生产路由：en / 768px
[22/36] e2e/admin-web.spec.ts:1102:5 › FE-19 Chromium 22 个生产路由：en / 1440px
[23/36] e2e/admin-web.spec.ts:1123:1 › FE-19 语言选择在刷新后保持
[24/36] e2e/admin-web.spec.ts:1135:1 › QA-09 设备管理长别名和序列号在375px完整换行且不裁切
[25/36] e2e/qa05-workflows.spec.ts:33:3 › QA05 role route and button matrix PlatformSuperAdmin
[26/36] e2e/qa05-workflows.spec.ts:33:3 › QA05 role route and button matrix PlatformOperator
[27/36] e2e/qa05-workflows.spec.ts:33:3 › QA05 role route and button matrix Auditor
[28/36] e2e/qa05-workflows.spec.ts:33:3 › QA05 role route and button matrix CustomerAdmin
[29/36] e2e/qa05-workflows.spec.ts:33:3 › QA05 role route and button matrix CustomerViewer
[30/36] e2e/qa05-workflows.spec.ts:80:1 › QA05 login SRP MFA error success logout without persisting password
[31/36] e2e/qa05-workflows.spec.ts:146:1 › QA05 ESG cursor totals export snapshot timezone and empty state
[32/36] e2e/qa05-workflows.spec.ts:216:1 › QA05 Command dangerous confirmation terminal result and publish failure
[33/36] e2e/qa05-workflows.spec.ts:271:1 › QA05 Media expiry renew 403 and audit read-only zero writes
[34/36] e2e/ui-redesign.spec.ts:12:3 › UI redesign: all business routes at 1366x768
[35/36] e2e/ui-redesign.spec.ts:12:3 › UI redesign: all business routes at 1440x900
[36/36] e2e/ui-redesign.spec.ts:12:3 › UI redesign: all business routes at 1920x1080
  36 passed (1.4m)

> food-digester-platform@0.0.0 check:cmd-ota-delivery /Users/anray/Documents/project/hiddenjoyacom/food-digester-platform
> pnpm check:runtime && pnpm check:cdk


> food-digester-platform@0.0.0 check:runtime /Users/anray/Documents/project/hiddenjoyacom/food-digester-platform
> node --import tsx scripts/check-delivered-runtime.mjs

已交付 REST 生产路由与 OpenAPI 双向一致（129 operations）

> food-digester-platform@0.0.0 check:cdk /Users/anray/Documents/project/hiddenjoyacom/food-digester-platform
> node scripts/check-cdk-synth.mjs

CDK synth 无 warning；已交付 Lambda asset 与 CMD/OTA 生产接线 Gate 通过

> food-digester-platform@0.0.0 test:device-contracts /Users/anray/Documents/project/hiddenjoyacom/food-digester-platform
> node --import tsx scripts/run-contract-suite.mjs /tmp/fdp-device-contracts-gate.json

✔ QA-02 MQTT heartbeat: all valid/invalid fixtures, missing meta and type mutation (4.180792ms)
✔ QA-02 MQTT telemetry: all valid/invalid fixtures, missing meta and type mutation (1.60875ms)
✔ QA-02 MQTT report: all valid/invalid fixtures, missing meta and type mutation (1.668541ms)
✔ QA-02 MQTT alarm: all valid/invalid fixtures, missing meta and type mutation (1.131875ms)
✔ QA-02 MQTT event: all valid/invalid fixtures, missing meta and type mutation (0.728208ms)
✔ QA-02 MQTT ack: all valid/invalid fixtures, missing meta and type mutation (1.010167ms)
✔ QA-02 MQTT tamper: all valid/invalid fixtures, missing meta and type mutation (1.458542ms)
✔ QA-02 MQTT media: all valid/invalid fixtures, missing meta and type mutation (1.007792ms)
✔ QA-02 MQTT cmd: all valid/invalid fixtures, missing meta and type mutation (1.0795ms)
✔ QA-02 MQTT ota: all valid/invalid fixtures, missing meta and type mutation (1.044625ms)
✔ QA-02 MQTT notification: all valid/invalid fixtures, missing meta and type mutation (0.908834ms)
✔ MQTT semantic hash, discriminator and UTC calendar errors fail closed (0.348375ms)
✔ full REST response: field deletion/type mutation/envelope/date/errors/status/headers are enforced (2.164542ms)
✔ REST request validation: required body/path/query/header, optional Sync, bodyless Deactivate, no type coercion in JSON (2.722458ms)
✔ all device operations and declared response JSON Schemas compile; stable error catalog has no duplicates (16.46325ms)
✔ predecessor MQTT is compatible; known REST break requires exact version and frozen DEC approvals (15.672375ms)
✔ breaking contract mutations fail: removing fields/operations/status, changing type/required/security (33.728667ms)
✔ receipt coverage gate fails closed for missing operations/statuses, no valid request and forged records (0.233875ms)
✔ archived CSR upgrade mapping still verifies original baselines without rewriting history (1.982458ms)
ℹ tests 19
ℹ suites 0
ℹ pass 19
ℹ fail 0
ℹ cancelled 0
ℹ skipped 0
ℹ todo 0
ℹ duration_ms 206.689291

 RUN  v4.1.11 /Users/anray/Documents/project/hiddenjoyacom/food-digester-platform


 Test Files  10 passed (10)
      Tests  98 passed (98)
   Start at  14:45:01
   Duration  3.56s (transform 3.69s, setup 69ms, import 7.61s, tests 15.26s, environment 0ms)

QA-02 PASS: 11 MQTT schemas, 8 device operations, 168 checked Handler responses

> food-digester-platform@0.0.0 test:iot-integration /Users/anray/Documents/project/hiddenjoyacom/food-digester-platform
> node --import tsx scripts/run-iot-integration.mjs /tmp/fdp-iot-integration-gate.json


 RUN  v4.1.11 /Users/anray/Documents/project/hiddenjoyacom/food-digester-platform


 Test Files  1 passed (1)
      Tests  5 passed (5)
   Start at  14:45:04
   Duration  4.63s (transform 216ms, setup 9ms, import 366ms, tests 4.20s, environment 0ms)


> food-digester-platform@0.0.0 test:core-api-integration /Users/anray/Documents/project/hiddenjoyacom/food-digester-platform
> node --import tsx scripts/run-core-api-integration.mjs /tmp/fdp-core-api-integration-gate.json


 RUN  v4.1.11 /Users/anray/Documents/project/hiddenjoyacom/food-digester-platform

 ✓ apps/cloud-api/test/admin-esg.test.ts (10 tests) 2528ms
 ✓ apps/cloud-api/test/admin-device-status.test.ts (8 tests) 2630ms
 ✓ apps/cloud-api/test/admin-device-retirement.test.ts (7 tests) 2682ms
 ✓ apps/cloud-api/test/admin-onboarding.test.ts (13 tests) 2920ms
 ✓ apps/cloud-api/test/admin-contract.test.ts (9 tests) 2849ms
 ✓ apps/cloud-api/test/admin-device-assignment.test.ts (9 tests) 2894ms
 ✓ apps/cloud-api/test/admin-alarm.test.ts (10 tests) 2985ms
 ✓ apps/cloud-api/test/admin-audit.test.ts (7 tests) 3087ms
 ✓ apps/cloud-api/test/admin-contract-device.test.ts (8 tests) 3248ms
 ✓ apps/cloud-api/test/admin-license.test.ts (11 tests) 3271ms
 ✓ apps/cloud-api/test/device-sync.test.ts (13 tests) 3363ms
 ✓ apps/cloud-api/test/admin-command.test.ts (15 tests) 3420ms
 ✓ apps/cloud-api/test/admin-consumable-request.test.ts (8 tests) 962ms
 ✓ apps/cloud-api/test/qa04-core-api.test.ts (3 tests) 4378ms
   ✓ QA04 five roles, two tenants: read scope, mutation and audit boundaries  3159ms
   ✓ QA04 concurrent If-Match writes have one winner and one success audit  640ms
   ✓ QA04 audit failure rolls back lifecycle/outbox; retry and replay preserve exactly one audit  579ms

 Test Files  14 passed (14)
      Tests  131 passed (131)
   Start at  14:45:10
   Duration  5.40s (transform 6.04s, setup 213ms, import 12.99s, tests 41.22s, environment 1ms)

JSON report written to /var/folders/k8/_4hymb6j59s0c8xntb11ktmc0000gn/T/qa04-core-api-9bIfEz/vitest.json

> food-digester-platform@0.0.0 test:admin-e2e-suite /Users/anray/Documents/project/hiddenjoyacom/food-digester-platform
> node scripts/run-admin-e2e.mjs /tmp/fdp-admin-e2e-gate.json

QA05 phase=serial executions=36 workers=1 timeoutMs=660000






Running 36 tests using 1 worker



[1/36] e2e/admin-web.spec.ts:15:1 › H-01 API 拒绝停用会话后清除浏览器会话并返回登录
[2/36] e2e/admin-web.spec.ts:42:1 › M-01 CustomerViewer 从菜单查询设备用户详情，全部写入口隐藏
[3/36] e2e/admin-web.spec.ts:88:1 › 无 Token 安全回登录；五角色菜单和受限路由均由组合根守卫
[4/36] e2e/admin-web.spec.ts:116:1 › 刷新失败清会话，API 403 保留会话并呈现无权
[5/36] e2e/admin-web.spec.ts:138:1 › Customer scope 与 Dashboard 离线/无 entitlement 动作在真实浏览器失败关闭
[6/36] e2e/admin-web.spec.ts:175:1 › Onboarding 审批双击只提交一次，展示录入来源和证书状态
[7/36] e2e/admin-web.spec.ts:220:1 › Customer/Site CRUD 关键路径：创建、非法时区、关联停用提示与 409
[8/36] e2e/admin-web.spec.ts:343:1 › 1440/768/375 响应式布局、横向表格和对话框键盘边界
[9/36] e2e/admin-web.spec.ts:429:1 › FE-06 至 FE-10 六个生产路由可运行，并覆盖成功、空态、分页入口、时区与响应式
[10/36] e2e/admin-web.spec.ts:471:1 › FE-06 至 FE-10 在 403/404、Customer scope、详情焦点与重复提交场景失败关闭
[11/36] e2e/admin-web.spec.ts:547:1 › FE-11 至 FE-15 七个生产路由由真实控制器驱动，并覆盖媒体签发与审计详情
[12/36] e2e/admin-web.spec.ts:611:1 › FE-11 至 FE-15 API 403 与路由角色边界在真实浏览器失败关闭
[13/36] e2e/admin-web.spec.ts:628:1 › FE-17 新建权限与零设备第二阶段在真实浏览器失败关闭
[14/36] e2e/admin-web.spec.ts:699:1 › FE-18 Chromium 覆盖 unknown/stale、联系人按需零预载与申请状态机
[15/36] e2e/admin-web.spec.ts:803:1 › FE-16 Chromium 覆盖邀请、角色、Scope、重置与设置 409 回源
[16/36] e2e/admin-web.spec.ts:927:1 › FE-17 Chromium 覆盖绑定、解绑、续约与终止并保留 License 边界
[17/36] e2e/admin-web.spec.ts:1102:5 › FE-19 Chromium 22 个生产路由：zh-CN / 375px
[18/36] e2e/admin-web.spec.ts:1102:5 › FE-19 Chromium 22 个生产路由：zh-CN / 768px
[19/36] e2e/admin-web.spec.ts:1102:5 › FE-19 Chromium 22 个生产路由：zh-CN / 1440px
[20/36] e2e/admin-web.spec.ts:1102:5 › FE-19 Chromium 22 个生产路由：en / 375px
[21/36] e2e/admin-web.spec.ts:1102:5 › FE-19 Chromium 22 个生产路由：en / 768px
[22/36] e2e/admin-web.spec.ts:1102:5 › FE-19 Chromium 22 个生产路由：en / 1440px
[23/36] e2e/admin-web.spec.ts:1123:1 › FE-19 语言选择在刷新后保持
[24/36] e2e/admin-web.spec.ts:1135:1 › QA-09 设备管理长别名和序列号在375px完整换行且不裁切
[25/36] e2e/qa05-workflows.spec.ts:33:3 › QA05 role route and button matrix PlatformSuperAdmin
[26/36] e2e/qa05-workflows.spec.ts:33:3 › QA05 role route and button matrix PlatformOperator
[27/36] e2e/qa05-workflows.spec.ts:33:3 › QA05 role route and button matrix Auditor
[28/36] e2e/qa05-workflows.spec.ts:33:3 › QA05 role route and button matrix CustomerAdmin
[29/36] e2e/qa05-workflows.spec.ts:33:3 › QA05 role route and button matrix CustomerViewer
[30/36] e2e/qa05-workflows.spec.ts:80:1 › QA05 login SRP MFA error success logout without persisting password
[31/36] e2e/qa05-workflows.spec.ts:146:1 › QA05 ESG cursor totals export snapshot timezone and empty state
[32/36] e2e/qa05-workflows.spec.ts:216:1 › QA05 Command dangerous confirmation terminal result and publish failure
[33/36] e2e/qa05-workflows.spec.ts:271:1 › QA05 Media expiry renew 403 and audit read-only zero writes
[34/36] e2e/ui-redesign.spec.ts:12:3 › UI redesign: all business routes at 1366x768
[35/36] e2e/ui-redesign.spec.ts:12:3 › UI redesign: all business routes at 1440x900
[36/36] e2e/ui-redesign.spec.ts:12:3 › UI redesign: all business routes at 1920x1080
  36 passed (1.4m)
QA05 phase=serial durationMs=84086
QA05 phase=parallel-repeat executions=72 workers=2 timeoutMs=660000






Running 72 tests using 2 workers





[1/72] e2e/admin-web.spec.ts:15:1 › H-01 API 拒绝停用会话后清除浏览器会话并返回登录
[2/72] e2e/admin-web.spec.ts:42:1 › M-01 CustomerViewer 从菜单查询设备用户详情，全部写入口隐藏
[3/72] e2e/admin-web.spec.ts:88:1 › 无 Token 安全回登录；五角色菜单和受限路由均由组合根守卫
[4/72] e2e/admin-web.spec.ts:116:1 › 刷新失败清会话，API 403 保留会话并呈现无权
[5/72] e2e/admin-web.spec.ts:138:1 › Customer scope 与 Dashboard 离线/无 entitlement 动作在真实浏览器失败关闭
[6/72] e2e/admin-web.spec.ts:175:1 › Onboarding 审批双击只提交一次，展示录入来源和证书状态
[7/72] e2e/admin-web.spec.ts:220:1 › Customer/Site CRUD 关键路径：创建、非法时区、关联停用提示与 409
[8/72] e2e/admin-web.spec.ts:343:1 › 1440/768/375 响应式布局、横向表格和对话框键盘边界
[9/72] e2e/admin-web.spec.ts:429:1 › FE-06 至 FE-10 六个生产路由可运行，并覆盖成功、空态、分页入口、时区与响应式
[10/72] e2e/admin-web.spec.ts:471:1 › FE-06 至 FE-10 在 403/404、Customer scope、详情焦点与重复提交场景失败关闭
[11/72] e2e/admin-web.spec.ts:547:1 › FE-11 至 FE-15 七个生产路由由真实控制器驱动，并覆盖媒体签发与审计详情
[12/72] e2e/admin-web.spec.ts:611:1 › FE-11 至 FE-15 API 403 与路由角色边界在真实浏览器失败关闭
[13/72] e2e/admin-web.spec.ts:628:1 › FE-17 新建权限与零设备第二阶段在真实浏览器失败关闭
[14/72] e2e/admin-web.spec.ts:699:1 › FE-18 Chromium 覆盖 unknown/stale、联系人按需零预载与申请状态机
[15/72] e2e/admin-web.spec.ts:803:1 › FE-16 Chromium 覆盖邀请、角色、Scope、重置与设置 409 回源
[16/72] e2e/admin-web.spec.ts:927:1 › FE-17 Chromium 覆盖绑定、解绑、续约与终止并保留 License 边界
[17/72] e2e/admin-web.spec.ts:1102:5 › FE-19 Chromium 22 个生产路由：zh-CN / 375px
[18/72] e2e/admin-web.spec.ts:1102:5 › FE-19 Chromium 22 个生产路由：zh-CN / 768px
[19/72] e2e/admin-web.spec.ts:1102:5 › FE-19 Chromium 22 个生产路由：zh-CN / 1440px
[20/72] e2e/admin-web.spec.ts:1102:5 › FE-19 Chromium 22 个生产路由：en / 375px
[21/72] e2e/admin-web.spec.ts:1102:5 › FE-19 Chromium 22 个生产路由：en / 768px
[22/72] e2e/admin-web.spec.ts:1102:5 › FE-19 Chromium 22 个生产路由：en / 1440px
[23/72] e2e/admin-web.spec.ts:1123:1 › FE-19 语言选择在刷新后保持
[24/72] e2e/admin-web.spec.ts:1135:1 › QA-09 设备管理长别名和序列号在375px完整换行且不裁切
[25/72] e2e/qa05-workflows.spec.ts:33:3 › QA05 role route and button matrix PlatformSuperAdmin
[26/72] e2e/qa05-workflows.spec.ts:33:3 › QA05 role route and button matrix PlatformOperator
[27/72] e2e/qa05-workflows.spec.ts:33:3 › QA05 role route and button matrix Auditor
[28/72] e2e/qa05-workflows.spec.ts:33:3 › QA05 role route and button matrix CustomerAdmin
[29/72] e2e/qa05-workflows.spec.ts:33:3 › QA05 role route and button matrix CustomerViewer
[30/72] e2e/qa05-workflows.spec.ts:80:1 › QA05 login SRP MFA error success logout without persisting password
[31/72] e2e/qa05-workflows.spec.ts:146:1 › QA05 ESG cursor totals export snapshot timezone and empty state
[32/72] e2e/qa05-workflows.spec.ts:216:1 › QA05 Command dangerous confirmation terminal result and publish failure
[33/72] e2e/qa05-workflows.spec.ts:271:1 › QA05 Media expiry renew 403 and audit read-only zero writes
[34/72] e2e/ui-redesign.spec.ts:12:3 › UI redesign: all business routes at 1366x768
[35/72] e2e/ui-redesign.spec.ts:12:3 › UI redesign: all business routes at 1440x900
[36/72] e2e/ui-redesign.spec.ts:12:3 › UI redesign: all business routes at 1920x1080


[37/72] e2e/admin-web.spec.ts:15:1 › H-01 API 拒绝停用会话后清除浏览器会话并返回登录
[38/72] e2e/admin-web.spec.ts:42:1 › M-01 CustomerViewer 从菜单查询设备用户详情，全部写入口隐藏
[39/72] e2e/admin-web.spec.ts:88:1 › 无 Token 安全回登录；五角色菜单和受限路由均由组合根守卫
[40/72] e2e/admin-web.spec.ts:116:1 › 刷新失败清会话，API 403 保留会话并呈现无权
[41/72] e2e/admin-web.spec.ts:138:1 › Customer scope 与 Dashboard 离线/无 entitlement 动作在真实浏览器失败关闭
[42/72] e2e/admin-web.spec.ts:175:1 › Onboarding 审批双击只提交一次，展示录入来源和证书状态
[43/72] e2e/admin-web.spec.ts:220:1 › Customer/Site CRUD 关键路径：创建、非法时区、关联停用提示与 409
[44/72] e2e/admin-web.spec.ts:343:1 › 1440/768/375 响应式布局、横向表格和对话框键盘边界
[45/72] e2e/admin-web.spec.ts:429:1 › FE-06 至 FE-10 六个生产路由可运行，并覆盖成功、空态、分页入口、时区与响应式
[46/72] e2e/admin-web.spec.ts:471:1 › FE-06 至 FE-10 在 403/404、Customer scope、详情焦点与重复提交场景失败关闭
[47/72] e2e/admin-web.spec.ts:547:1 › FE-11 至 FE-15 七个生产路由由真实控制器驱动，并覆盖媒体签发与审计详情
[48/72] e2e/admin-web.spec.ts:611:1 › FE-11 至 FE-15 API 403 与路由角色边界在真实浏览器失败关闭
[49/72] e2e/admin-web.spec.ts:628:1 › FE-17 新建权限与零设备第二阶段在真实浏览器失败关闭
[50/72] e2e/admin-web.spec.ts:699:1 › FE-18 Chromium 覆盖 unknown/stale、联系人按需零预载与申请状态机
[51/72] e2e/admin-web.spec.ts:803:1 › FE-16 Chromium 覆盖邀请、角色、Scope、重置与设置 409 回源
[52/72] e2e/admin-web.spec.ts:927:1 › FE-17 Chromium 覆盖绑定、解绑、续约与终止并保留 License 边界
[53/72] e2e/admin-web.spec.ts:1102:5 › FE-19 Chromium 22 个生产路由：zh-CN / 375px


[54/72] e2e/admin-web.spec.ts:1102:5 › FE-19 Chromium 22 个生产路由：zh-CN / 768px
[55/72] e2e/admin-web.spec.ts:1102:5 › FE-19 Chromium 22 个生产路由：zh-CN / 1440px
[56/72] e2e/admin-web.spec.ts:1102:5 › FE-19 Chromium 22 个生产路由：en / 375px
[57/72] e2e/admin-web.spec.ts:1102:5 › FE-19 Chromium 22 个生产路由：en / 768px
[58/72] e2e/admin-web.spec.ts:1102:5 › FE-19 Chromium 22 个生产路由：en / 1440px
[59/72] e2e/admin-web.spec.ts:1123:1 › FE-19 语言选择在刷新后保持
[60/72] e2e/admin-web.spec.ts:1135:1 › QA-09 设备管理长别名和序列号在375px完整换行且不裁切
[61/72] e2e/qa05-workflows.spec.ts:33:3 › QA05 role route and button matrix PlatformSuperAdmin
[62/72] e2e/qa05-workflows.spec.ts:33:3 › QA05 role route and button matrix PlatformOperator
[63/72] e2e/qa05-workflows.spec.ts:33:3 › QA05 role route and button matrix Auditor
[64/72] e2e/qa05-workflows.spec.ts:33:3 › QA05 role route and button matrix CustomerAdmin
[65/72] e2e/qa05-workflows.spec.ts:33:3 › QA05 role route and button matrix CustomerViewer
[66/72] e2e/qa05-workflows.spec.ts:80:1 › QA05 login SRP MFA error success logout without persisting password
[67/72] e2e/qa05-workflows.spec.ts:146:1 › QA05 ESG cursor totals export snapshot timezone and empty state
[68/72] e2e/qa05-workflows.spec.ts:216:1 › QA05 Command dangerous confirmation terminal result and publish failure
[69/72] e2e/qa05-workflows.spec.ts:271:1 › QA05 Media expiry renew 403 and audit read-only zero writes
[70/72] e2e/ui-redesign.spec.ts:12:3 › UI redesign: all business routes at 1366x768
[71/72] e2e/ui-redesign.spec.ts:12:3 › UI redesign: all business routes at 1440x900
[72/72] e2e/ui-redesign.spec.ts:12:3 › UI redesign: all business routes at 1920x1080
  72 passed (1.5m)
QA05 phase=parallel-repeat durationMs=91537

> food-digester-platform@0.0.0 test:security-suite /Users/anray/Documents/project/hiddenjoyacom/food-digester-platform
> node --import tsx scripts/run-security-suite.mjs /tmp/fdp-security-gate.json


 RUN  v4.1.11 /Users/anray/Documents/project/hiddenjoyacom/food-digester-platform

 ✓ packages/database/test/db03.test.ts (10 tests) 1124ms
 ✓ packages/auth/test/device-mtls.test.ts (11 tests) 1223ms
 ✓ packages/auth/test/secure-package.test.ts (14 tests) 1283ms
 ✓ packages/auth/test/cognito.test.ts (14 tests) 125ms
 ✓ packages/auth/test/qa06-jwt-security.test.ts (1 test) 86ms
 ✓ packages/observability/test/redaction.test.ts (8 tests) 13ms
 ✓ apps/cloud-api/test/admin-lambda-composition.test.ts (12 tests) 631ms
 ✓ apps/cloud-api/test/device-lambda-composition.test.ts (13 tests) 6ms
 ✓ packages/aws-clients/test/iot-device-policy.test.ts (12 tests) 7ms
 ✓ packages/auth/test/guard.test.ts (10 tests) 8ms
 ✓ apps/cloud-api/test/admin-audit.test.ts (7 tests) 2370ms
 ✓ apps/cloud-api/test/admin-settings.test.ts (10 tests) 2376ms
 ✓ apps/cloud-api/test/media.test.ts (12 tests) 2437ms
 ✓ apps/cloud-api/test/admin-command.test.ts (15 tests) 2498ms
 ✓ apps/cloud-api/test/csr-onboarding.test.ts (1 test) 2464ms
 ✓ apps/cloud-api/test/admin-device-user.test.ts (8 tests) 2539ms
 ✓ apps/cloud-api/test/ota-dispatch.test.ts (16 tests) 2721ms
 ✓ apps/cloud-api/test/admin-user.test.ts (31 tests) 2793ms
 ✓ apps/cloud-api/test/certificate-rotate.test.ts (8 tests) 3347ms
 ✓ apps/cloud-api/test/qa06-security.test.ts (4 tests) 3598ms
   ✓ QA06 signed tenant scope and SQL JSON injection cannot cross boundaries or corrupt business state  2229ms
   ✓ QA06 malicious media filenames and metadata reject before signing or persistence  597ms
   ✓ QA06 raw canaries are absent from actual logger trace audit and snapshot artifacts  558ms

 Test Files  20 passed (20)
      Tests  217 passed (217)
   Start at  14:48:11
   Duration  4.95s (transform 7.45s, setup 191ms, import 14.22s, tests 31.65s, environment 1ms)

JSON report written to /var/folders/k8/_4hymb6j59s0c8xntb11ktmc0000gn/T/qa06-security-rmZXoK/vitest.json

> food-digester-platform@0.0.0 test:reliability-suite /Users/anray/Documents/project/hiddenjoyacom/food-digester-platform
> node --import tsx scripts/run-reliability-suite.mjs /tmp/fdp-reliability-gate.json

JSON report written to /var/folders/k8/_4hymb6j59s0c8xntb11ktmc0000gn/T/qa07-reliability-CUlDP4/vitest.json

> food-digester-platform@0.0.0 test:prototype-regression /Users/anray/Documents/project/hiddenjoyacom/food-digester-platform
> node scripts/run-prototype-regression.mjs /tmp/fdp-prototype-regression-gate.json







Running 24 tests using 1 worker



[1/24] e2e/qa08-prototype.spec.ts:461:5 › QA08 dashboard 375
[2/24] e2e/qa08-prototype.spec.ts:461:5 › QA08 device-view 375
[3/24] e2e/qa08-prototype.spec.ts:461:5 › QA08 device-operate 375
[4/24] e2e/qa08-prototype.spec.ts:461:5 › QA08 device-group 375
[5/24] e2e/qa08-prototype.spec.ts:461:5 › QA08 device-manage 375
[6/24] e2e/qa08-prototype.spec.ts:461:5 › QA08 device-consumable 375
[7/24] e2e/qa08-prototype.spec.ts:461:5 › QA08 contract-modify 375
[8/24] e2e/qa08-prototype.spec.ts:461:5 › QA08 contract-new 375
[9/24] e2e/qa08-prototype.spec.ts:461:5 › QA08 contract-detail 375
[10/24] e2e/qa08-prototype.spec.ts:461:5 › QA08 esg-overview 375
[11/24] e2e/qa08-prototype.spec.ts:461:5 › QA08 esg-device 375
[12/24] e2e/qa08-prototype.spec.ts:461:5 › QA08 settings 375
[13/24] e2e/qa08-prototype.spec.ts:461:5 › QA08 dashboard 1440
[14/24] e2e/qa08-prototype.spec.ts:461:5 › QA08 device-view 1440
[15/24] e2e/qa08-prototype.spec.ts:461:5 › QA08 device-operate 1440
[16/24] e2e/qa08-prototype.spec.ts:461:5 › QA08 device-group 1440
[17/24] e2e/qa08-prototype.spec.ts:461:5 › QA08 device-manage 1440
[18/24] e2e/qa08-prototype.spec.ts:461:5 › QA08 device-consumable 1440
[19/24] e2e/qa08-prototype.spec.ts:461:5 › QA08 contract-modify 1440
[20/24] e2e/qa08-prototype.spec.ts:461:5 › QA08 contract-new 1440
[21/24] e2e/qa08-prototype.spec.ts:461:5 › QA08 contract-detail 1440
[22/24] e2e/qa08-prototype.spec.ts:461:5 › QA08 esg-overview 1440
[23/24] e2e/qa08-prototype.spec.ts:461:5 › QA08 esg-device 1440
[24/24] e2e/qa08-prototype.spec.ts:461:5 › QA08 settings 1440
  24 passed (1.9m)
