
 RUN  v4.1.11 /Users/anray/Documents/project/hiddenjoyacom/food-digester-platform

stdout | apps/cloud-api/test/admin-runtime-initialization.test.ts > failed secret never publishes runtime/client; later request retries initialization without business work
{"event":"data-path.phase.completed","lambdaRequestId":"unknown","gatewayRequestId":"unknown","operationId":"listContracts","sqsMessageId":"unknown","deviceId":"unknown","messageId":"unknown","topicType":"unknown","coldStart":true,"phase":"runtime-database-secret","durationMs":0,"outcome":"PASS","errorCode":"NONE","startedAt":"2026-10-07T06:38:37.406Z","completedAt":"2026-10-07T06:38:37.406Z","includesConnectionWait":false}
{"event":"data-path.phase.completed","lambdaRequestId":"unknown","gatewayRequestId":"unknown","operationId":"listContracts","sqsMessageId":"unknown","deviceId":"unknown","messageId":"unknown","topicType":"unknown","coldStart":true,"phase":"runtime-license-secret","durationMs":0,"outcome":"FAIL","errorCode":"DATA_PATH_PHASE_FAILED","startedAt":"2026-10-07T06:38:37.406Z","completedAt":"2026-10-07T06:38:37.406Z","includesConnectionWait":false}

stdout | apps/cloud-api/test/admin-runtime-initialization.test.ts > failed secret never publishes runtime/client; later request retries initialization without business work
{"event":"data-path.phase.completed","lambdaRequestId":"unknown","gatewayRequestId":"unknown","operationId":"listContracts","sqsMessageId":"unknown","deviceId":"unknown","messageId":"unknown","topicType":"unknown","coldStart":true,"phase":"runtime-initialize","durationMs":0,"outcome":"FAIL","errorCode":"DATA_PATH_PHASE_FAILED","startedAt":"2026-10-07T06:38:37.405Z","completedAt":"2026-10-07T06:38:37.406Z","includesConnectionWait":false}

stdout | apps/cloud-api/test/admin-runtime-initialization.test.ts > failed secret never publishes runtime/client; later request retries initialization without business work
{"event":"admin.request.completed","gatewayRequestId":"unknown","gatewayExtendedRequestId":"unknown","lambdaRequestId":"unknown","operationId":"listContracts","status":500,"elapsedMs":0}

stdout | apps/cloud-api/test/admin-runtime-initialization.test.ts > failed secret never publishes runtime/client; later request retries initialization without business work
{"event":"data-path.phase.completed","lambdaRequestId":"unknown","gatewayRequestId":"unknown","operationId":"listContracts","sqsMessageId":"unknown","deviceId":"unknown","messageId":"unknown","topicType":"unknown","coldStart":true,"phase":"runtime-database-secret","durationMs":0,"outcome":"PASS","errorCode":"NONE","startedAt":"2026-10-07T06:38:37.406Z","completedAt":"2026-10-07T06:38:37.406Z","includesConnectionWait":false}
{"event":"data-path.phase.completed","lambdaRequestId":"unknown","gatewayRequestId":"unknown","operationId":"listContracts","sqsMessageId":"unknown","deviceId":"unknown","messageId":"unknown","topicType":"unknown","coldStart":true,"phase":"runtime-license-secret","durationMs":0,"outcome":"PASS","errorCode":"NONE","startedAt":"2026-10-07T06:38:37.406Z","completedAt":"2026-10-07T06:38:37.406Z","includesConnectionWait":false}

stdout | apps/cloud-api/test/admin-runtime-initialization.test.ts > failed secret never publishes runtime/client; later request retries initialization without business work
{"event":"data-path.phase.completed","lambdaRequestId":"unknown","gatewayRequestId":"unknown","operationId":"listContracts","sqsMessageId":"unknown","deviceId":"unknown","messageId":"unknown","topicType":"unknown","coldStart":true,"phase":"runtime-client-construct","processCpuUserUs":13098,"processCpuSystemUs":1795,"processCpuScope":"PROCESS_ALL_THREADS","durationMs":6,"outcome":"PASS","errorCode":"NONE","startedAt":"2026-10-07T06:38:37.406Z","completedAt":"2026-10-07T06:38:37.412Z","includesConnectionWait":false}
{"event":"data-path.phase.completed","lambdaRequestId":"unknown","gatewayRequestId":"unknown","operationId":"listContracts","sqsMessageId":"unknown","deviceId":"unknown","messageId":"unknown","topicType":"unknown","coldStart":true,"phase":"runtime-route-assembly","processCpuUserUs":10020,"processCpuSystemUs":282,"processCpuScope":"PROCESS_ALL_THREADS","durationMs":9,"outcome":"PASS","errorCode":"NONE","startedAt":"2026-10-07T06:38:37.412Z","completedAt":"2026-10-07T06:38:37.422Z","includesConnectionWait":false}

stdout | apps/cloud-api/test/admin-runtime-initialization.test.ts > failed secret never publishes runtime/client; later request retries initialization without business work
{"event":"data-path.phase.completed","lambdaRequestId":"unknown","gatewayRequestId":"unknown","operationId":"listContracts","sqsMessageId":"unknown","deviceId":"unknown","messageId":"unknown","topicType":"unknown","coldStart":true,"phase":"runtime-initialize","durationMs":16,"outcome":"PASS","errorCode":"NONE","startedAt":"2026-10-07T06:38:37.406Z","completedAt":"2026-10-07T06:38:37.422Z","includesConnectionWait":false}

stdout | apps/cloud-api/test/admin-runtime-initialization.test.ts > failed secret never publishes runtime/client; later request retries initialization without business work
{"event":"data-path.phase.completed","lambdaRequestId":"unknown","gatewayRequestId":"unknown","operationId":"listContracts","sqsMessageId":"unknown","deviceId":"unknown","messageId":"unknown","topicType":"unknown","coldStart":true,"phase":"admin-authenticate","durationMs":0,"outcome":"FAIL","errorCode":"DATA_PATH_PHASE_FAILED","startedAt":"2026-10-07T06:38:37.422Z","completedAt":"2026-10-07T06:38:37.422Z","includesConnectionWait":false}

stdout | apps/cloud-api/test/admin-runtime-initialization.test.ts > failed secret never publishes runtime/client; later request retries initialization without business work
{"event":"data-path.phase.completed","lambdaRequestId":"unknown","gatewayRequestId":"unknown","operationId":"listContracts","sqsMessageId":"unknown","deviceId":"unknown","messageId":"unknown","topicType":"unknown","coldStart":true,"phase":"response-serialize","durationMs":0,"outcome":"PASS","errorCode":"NONE","startedAt":"2026-10-07T06:38:37.422Z","completedAt":"2026-10-07T06:38:37.422Z","includesConnectionWait":false}

stdout | apps/cloud-api/test/admin-runtime-initialization.test.ts > failed secret never publishes runtime/client; later request retries initialization without business work
{"event":"admin.request.completed","gatewayRequestId":"unknown","gatewayExtendedRequestId":"unknown","lambdaRequestId":"unknown","operationId":"listContracts","status":401,"elapsedMs":16}

stdout | apps/cloud-api/test/admin-runtime-initialization.test.ts > concurrent initialization shares one handler/client and warm bad JWT never triggers engine preparation
{"event":"data-path.phase.completed","lambdaRequestId":"unknown","gatewayRequestId":"unknown","operationId":"listContracts","sqsMessageId":"unknown","deviceId":"unknown","messageId":"unknown","topicType":"unknown","coldStart":true,"phase":"runtime-license-secret","durationMs":0,"outcome":"PASS","errorCode":"NONE","startedAt":"2026-10-07T06:38:37.433Z","completedAt":"2026-10-07T06:38:37.433Z","includesConnectionWait":false}
{"event":"data-path.phase.completed","lambdaRequestId":"unknown","gatewayRequestId":"unknown","operationId":"listContracts","sqsMessageId":"unknown","deviceId":"unknown","messageId":"unknown","topicType":"unknown","coldStart":true,"phase":"runtime-database-secret","durationMs":0,"outcome":"PASS","errorCode":"NONE","startedAt":"2026-10-07T06:38:37.433Z","completedAt":"2026-10-07T06:38:37.433Z","includesConnectionWait":false}

stdout | apps/cloud-api/test/admin-runtime-initialization.test.ts > concurrent initialization shares one handler/client and warm bad JWT never triggers engine preparation
{"event":"data-path.phase.completed","lambdaRequestId":"unknown","gatewayRequestId":"unknown","operationId":"listContracts","sqsMessageId":"unknown","deviceId":"unknown","messageId":"unknown","topicType":"unknown","coldStart":true,"phase":"runtime-client-construct","processCpuUserUs":3171,"processCpuSystemUs":40,"processCpuScope":"PROCESS_ALL_THREADS","durationMs":2,"outcome":"PASS","errorCode":"NONE","startedAt":"2026-10-07T06:38:37.433Z","completedAt":"2026-10-07T06:38:37.436Z","includesConnectionWait":false}
{"event":"data-path.phase.completed","lambdaRequestId":"unknown","gatewayRequestId":"unknown","operationId":"listContracts","sqsMessageId":"unknown","deviceId":"unknown","messageId":"unknown","topicType":"unknown","coldStart":true,"phase":"runtime-route-assembly","processCpuUserUs":2308,"processCpuSystemUs":228,"processCpuScope":"PROCESS_ALL_THREADS","durationMs":1,"outcome":"PASS","errorCode":"NONE","startedAt":"2026-10-07T06:38:37.436Z","completedAt":"2026-10-07T06:38:37.437Z","includesConnectionWait":false}

stdout | apps/cloud-api/test/admin-runtime-initialization.test.ts > concurrent initialization shares one handler/client and warm bad JWT never triggers engine preparation
{"event":"data-path.phase.completed","lambdaRequestId":"unknown","gatewayRequestId":"unknown","operationId":"listContracts","sqsMessageId":"unknown","deviceId":"unknown","messageId":"unknown","topicType":"unknown","coldStart":true,"phase":"runtime-initialize","durationMs":4,"outcome":"PASS","errorCode":"NONE","startedAt":"2026-10-07T06:38:37.433Z","completedAt":"2026-10-07T06:38:37.437Z","includesConnectionWait":false}

stdout | apps/cloud-api/test/admin-runtime-initialization.test.ts > concurrent initialization shares one handler/client and warm bad JWT never triggers engine preparation
{"event":"data-path.phase.completed","lambdaRequestId":"unknown","gatewayRequestId":"unknown","operationId":"listContracts","sqsMessageId":"unknown","deviceId":"unknown","messageId":"unknown","topicType":"unknown","coldStart":true,"phase":"admin-authenticate","durationMs":0,"outcome":"FAIL","errorCode":"DATA_PATH_PHASE_FAILED","startedAt":"2026-10-07T06:38:37.437Z","completedAt":"2026-10-07T06:38:37.437Z","includesConnectionWait":false}
{"event":"data-path.phase.completed","lambdaRequestId":"unknown","gatewayRequestId":"unknown","operationId":"listContracts","sqsMessageId":"unknown","deviceId":"unknown","messageId":"unknown","topicType":"unknown","coldStart":true,"phase":"admin-authenticate","durationMs":0,"outcome":"FAIL","errorCode":"DATA_PATH_PHASE_FAILED","startedAt":"2026-10-07T06:38:37.437Z","completedAt":"2026-10-07T06:38:37.437Z","includesConnectionWait":false}
{"event":"data-path.phase.completed","lambdaRequestId":"unknown","gatewayRequestId":"unknown","operationId":"listContracts","sqsMessageId":"unknown","deviceId":"unknown","messageId":"unknown","topicType":"unknown","coldStart":true,"phase":"response-serialize","durationMs":0,"outcome":"PASS","errorCode":"NONE","startedAt":"2026-10-07T06:38:37.437Z","completedAt":"2026-10-07T06:38:37.437Z","includesConnectionWait":false}
{"event":"data-path.phase.completed","lambdaRequestId":"unknown","gatewayRequestId":"unknown","operationId":"listContracts","sqsMessageId":"unknown","deviceId":"unknown","messageId":"unknown","topicType":"unknown","coldStart":true,"phase":"response-serialize","durationMs":0,"outcome":"PASS","errorCode":"NONE","startedAt":"2026-10-07T06:38:37.437Z","completedAt":"2026-10-07T06:38:37.437Z","includesConnectionWait":false}

stdout | apps/cloud-api/test/admin-runtime-initialization.test.ts > concurrent initialization shares one handler/client and warm bad JWT never triggers engine preparation
{"event":"admin.request.completed","gatewayRequestId":"unknown","gatewayExtendedRequestId":"unknown","lambdaRequestId":"unknown","operationId":"listContracts","status":401,"elapsedMs":4}
{"event":"admin.request.completed","gatewayRequestId":"unknown","gatewayExtendedRequestId":"unknown","lambdaRequestId":"unknown","operationId":"listContracts","status":401,"elapsedMs":4}

stdout | apps/cloud-api/test/admin-runtime-initialization.test.ts > client construction failure retains safe runtime failure and later attempt can initialize
{"event":"data-path.phase.completed","lambdaRequestId":"unknown","gatewayRequestId":"unknown","operationId":"listContracts","sqsMessageId":"unknown","deviceId":"unknown","messageId":"unknown","topicType":"unknown","coldStart":true,"phase":"runtime-database-secret","durationMs":0,"outcome":"PASS","errorCode":"NONE","startedAt":"2026-10-07T06:38:37.451Z","completedAt":"2026-10-07T06:38:37.451Z","includesConnectionWait":false}
{"event":"data-path.phase.completed","lambdaRequestId":"unknown","gatewayRequestId":"unknown","operationId":"listContracts","sqsMessageId":"unknown","deviceId":"unknown","messageId":"unknown","topicType":"unknown","coldStart":true,"phase":"runtime-license-secret","durationMs":0,"outcome":"PASS","errorCode":"NONE","startedAt":"2026-10-07T06:38:37.451Z","completedAt":"2026-10-07T06:38:37.451Z","includesConnectionWait":false}

stdout | apps/cloud-api/test/admin-runtime-initialization.test.ts > client construction failure retains safe runtime failure and later attempt can initialize
{"event":"data-path.phase.completed","lambdaRequestId":"unknown","gatewayRequestId":"unknown","operationId":"listContracts","sqsMessageId":"unknown","deviceId":"unknown","messageId":"unknown","topicType":"unknown","coldStart":true,"phase":"runtime-client-construct","processCpuUserUs":11758,"processCpuSystemUs":1930,"processCpuScope":"PROCESS_ALL_THREADS","durationMs":6,"outcome":"PASS","errorCode":"NONE","startedAt":"2026-10-07T06:38:37.451Z","completedAt":"2026-10-07T06:38:37.458Z","includesConnectionWait":false}
{"event":"data-path.phase.completed","lambdaRequestId":"unknown","gatewayRequestId":"unknown","operationId":"listContracts","sqsMessageId":"unknown","deviceId":"unknown","messageId":"unknown","topicType":"unknown","coldStart":true,"phase":"runtime-route-assembly","processCpuUserUs":1407,"processCpuSystemUs":41,"processCpuScope":"PROCESS_ALL_THREADS","durationMs":1,"outcome":"PASS","errorCode":"NONE","startedAt":"2026-10-07T06:38:37.458Z","completedAt":"2026-10-07T06:38:37.458Z","includesConnectionWait":false}

stdout | apps/cloud-api/test/admin-runtime-initialization.test.ts > client construction failure retains safe runtime failure and later attempt can initialize
{"event":"data-path.phase.completed","lambdaRequestId":"unknown","gatewayRequestId":"unknown","operationId":"listContracts","sqsMessageId":"unknown","deviceId":"unknown","messageId":"unknown","topicType":"unknown","coldStart":true,"phase":"runtime-initialize","durationMs":7,"outcome":"PASS","errorCode":"NONE","startedAt":"2026-10-07T06:38:37.451Z","completedAt":"2026-10-07T06:38:37.459Z","includesConnectionWait":false}

stdout | apps/cloud-api/test/admin-runtime-initialization.test.ts > client construction failure retains safe runtime failure and later attempt can initialize
{"event":"data-path.phase.completed","lambdaRequestId":"unknown","gatewayRequestId":"unknown","operationId":"listContracts","sqsMessageId":"unknown","deviceId":"unknown","messageId":"unknown","topicType":"unknown","coldStart":true,"phase":"admin-authenticate","durationMs":0,"outcome":"FAIL","errorCode":"DATA_PATH_PHASE_FAILED","startedAt":"2026-10-07T06:38:37.459Z","completedAt":"2026-10-07T06:38:37.459Z","includesConnectionWait":false}

stdout | apps/cloud-api/test/admin-runtime-initialization.test.ts > client construction failure retains safe runtime failure and later attempt can initialize
{"event":"data-path.phase.completed","lambdaRequestId":"unknown","gatewayRequestId":"unknown","operationId":"listContracts","sqsMessageId":"unknown","deviceId":"unknown","messageId":"unknown","topicType":"unknown","coldStart":true,"phase":"response-serialize","durationMs":0,"outcome":"PASS","errorCode":"NONE","startedAt":"2026-10-07T06:38:37.459Z","completedAt":"2026-10-07T06:38:37.459Z","includesConnectionWait":false}

stdout | apps/cloud-api/test/admin-runtime-initialization.test.ts > client construction failure retains safe runtime failure and later attempt can initialize
{"event":"admin.request.completed","gatewayRequestId":"unknown","gatewayExtendedRequestId":"unknown","lambdaRequestId":"unknown","operationId":"listContracts","status":401,"elapsedMs":7}

 ❯ apps/cloud-api/test/admin-runtime-initialization.test.ts (6 tests | 4 failed) 669ms
   × failed secret never publishes runtime/client; later request retries initialization without business work 25ms
   × concurrent initialization shares one handler/client and warm bad JWT never triggers engine preparation 13ms
   × actual initialization emits client/assembly CPU once in cold scope; warm invalid JWT does no preparation 9ms
   × client construction failure retains safe runtime failure and later attempt can initialize 12ms

 Test Files  1 failed (1)
      Tests  4 failed | 2 passed (6)
   Start at  14:38:36
   Duration  769ms (transform 383ms, setup 11ms, import 16ms, tests 669ms, environment 0ms)

