Refreshing run status every 30 seconds. Press Ctrl+C to quit.

* main Deploy test API · 37581550274
Triggered via workflow_dispatch about 1 minute ago

JOBS
* deploy-test (ID 112662151107)
  ✓ Set up job
  ✓ Run actions/checkout@v7
  ✓ Run pnpm/action-setup@v6
  ✓ Run actions/setup-node@v5
  ✓ Resolve and record exact deployment inputs
  ✓ Run actions/upload-artifact@v7
  ✓ Run pnpm install --frozen-lockfile
  ✓ Run pnpm exec playwright install --with-deps chromium
  * Run pnpm verify
  * Run aws-actions/configure-aws-credentials@v6.3.0
  * Verify target account and exact commit
  * Run node scripts/esgiot-cdk.mjs diff AppDependencies
  * Run node scripts/esgiot-cdk.mjs deploy AppDependencies
  * Post Run actions/setup-node@v5
  * Post Run pnpm/action-setup@v6
  * Post Run actions/checkout@v7
Refreshing run status every 30 seconds. Press Ctrl+C to quit.

* main Deploy test API · 37581550274
Triggered via workflow_dispatch about 1 minute ago

JOBS
* deploy-test (ID 112662151107)
  ✓ Set up job
  ✓ Run actions/checkout@v7
  ✓ Run pnpm/action-setup@v6
  ✓ Run actions/setup-node@v5
  ✓ Resolve and record exact deployment inputs
  ✓ Run actions/upload-artifact@v7
  ✓ Run pnpm install --frozen-lockfile
  ✓ Run pnpm exec playwright install --with-deps chromium
  * Run pnpm verify
  * Run aws-actions/configure-aws-credentials@v6.3.0
  * Verify target account and exact commit
  * Run node scripts/esgiot-cdk.mjs diff AppDependencies
  * Run node scripts/esgiot-cdk.mjs deploy AppDependencies
  * Post Run actions/setup-node@v5
  * Post Run pnpm/action-setup@v6
  * Post Run actions/checkout@v7
Refreshing run status every 30 seconds. Press Ctrl+C to quit.

* main Deploy test API · 37581550274
Triggered via workflow_dispatch about 2 minutes ago

JOBS
* deploy-test (ID 112662151107)
  ✓ Set up job
  ✓ Run actions/checkout@v7
  ✓ Run pnpm/action-setup@v6
  ✓ Run actions/setup-node@v5
  ✓ Resolve and record exact deployment inputs
  ✓ Run actions/upload-artifact@v7
  ✓ Run pnpm install --frozen-lockfile
  ✓ Run pnpm exec playwright install --with-deps chromium
  * Run pnpm verify
  * Run aws-actions/configure-aws-credentials@v6.3.0
  * Verify target account and exact commit
  * Run node scripts/esgiot-cdk.mjs diff AppDependencies
  * Run node scripts/esgiot-cdk.mjs deploy AppDependencies
  * Post Run actions/setup-node@v5
  * Post Run pnpm/action-setup@v6
  * Post Run actions/checkout@v7
Refreshing run status every 30 seconds. Press Ctrl+C to quit.

* main Deploy test API · 37581550274
Triggered via workflow_dispatch about 2 minutes ago

JOBS
* deploy-test (ID 112662151107)
  ✓ Set up job
  ✓ Run actions/checkout@v7
  ✓ Run pnpm/action-setup@v6
  ✓ Run actions/setup-node@v5
  ✓ Resolve and record exact deployment inputs
  ✓ Run actions/upload-artifact@v7
  ✓ Run pnpm install --frozen-lockfile
  ✓ Run pnpm exec playwright install --with-deps chromium
  * Run pnpm verify
  * Run aws-actions/configure-aws-credentials@v6.3.0
  * Verify target account and exact commit
  * Run node scripts/esgiot-cdk.mjs diff AppDependencies
  * Run node scripts/esgiot-cdk.mjs deploy AppDependencies
  * Post Run actions/setup-node@v5
  * Post Run pnpm/action-setup@v6
  * Post Run actions/checkout@v7
Refreshing run status every 30 seconds. Press Ctrl+C to quit.

* main Deploy test API · 37581550274
Triggered via workflow_dispatch about 3 minutes ago

JOBS
* deploy-test (ID 112662151107)
  ✓ Set up job
  ✓ Run actions/checkout@v7
  ✓ Run pnpm/action-setup@v6
  ✓ Run actions/setup-node@v5
  ✓ Resolve and record exact deployment inputs
  ✓ Run actions/upload-artifact@v7
  ✓ Run pnpm install --frozen-lockfile
  ✓ Run pnpm exec playwright install --with-deps chromium
  * Run pnpm verify
  * Run aws-actions/configure-aws-credentials@v6.3.0
  * Verify target account and exact commit
  * Run node scripts/esgiot-cdk.mjs diff AppDependencies
  * Run node scripts/esgiot-cdk.mjs deploy AppDependencies
  * Post Run actions/setup-node@v5
  * Post Run pnpm/action-setup@v6
  * Post Run actions/checkout@v7
Refreshing run status every 30 seconds. Press Ctrl+C to quit.

* main Deploy test API · 37581550274
Triggered via workflow_dispatch about 3 minutes ago

JOBS
* deploy-test (ID 112662151107)
  ✓ Set up job
  ✓ Run actions/checkout@v7
  ✓ Run pnpm/action-setup@v6
  ✓ Run actions/setup-node@v5
  ✓ Resolve and record exact deployment inputs
  ✓ Run actions/upload-artifact@v7
  ✓ Run pnpm install --frozen-lockfile
  ✓ Run pnpm exec playwright install --with-deps chromium
  * Run pnpm verify
  * Run aws-actions/configure-aws-credentials@v6.3.0
  * Verify target account and exact commit
  * Run node scripts/esgiot-cdk.mjs diff AppDependencies
  * Run node scripts/esgiot-cdk.mjs deploy AppDependencies
  * Post Run actions/setup-node@v5
  * Post Run pnpm/action-setup@v6
  * Post Run actions/checkout@v7
Refreshing run status every 30 seconds. Press Ctrl+C to quit.

* main Deploy test API · 37581550274
Triggered via workflow_dispatch about 4 minutes ago

JOBS
* deploy-test (ID 112662151107)
  ✓ Set up job
  ✓ Run actions/checkout@v7
  ✓ Run pnpm/action-setup@v6
  ✓ Run actions/setup-node@v5
  ✓ Resolve and record exact deployment inputs
  ✓ Run actions/upload-artifact@v7
  ✓ Run pnpm install --frozen-lockfile
  ✓ Run pnpm exec playwright install --with-deps chromium
  * Run pnpm verify
  * Run aws-actions/configure-aws-credentials@v6.3.0
  * Verify target account and exact commit
  * Run node scripts/esgiot-cdk.mjs diff AppDependencies
  * Run node scripts/esgiot-cdk.mjs deploy AppDependencies
  * Post Run actions/setup-node@v5
  * Post Run pnpm/action-setup@v6
  * Post Run actions/checkout@v7
Refreshing run status every 30 seconds. Press Ctrl+C to quit.

* main Deploy test API · 37581550274
Triggered via workflow_dispatch about 4 minutes ago

JOBS
* deploy-test (ID 112662151107)
  ✓ Set up job
  ✓ Run actions/checkout@v7
  ✓ Run pnpm/action-setup@v6
  ✓ Run actions/setup-node@v5
  ✓ Resolve and record exact deployment inputs
  ✓ Run actions/upload-artifact@v7
  ✓ Run pnpm install --frozen-lockfile
  ✓ Run pnpm exec playwright install --with-deps chromium
  * Run pnpm verify
  * Run aws-actions/configure-aws-credentials@v6.3.0
  * Verify target account and exact commit
  * Run node scripts/esgiot-cdk.mjs diff AppDependencies
  * Run node scripts/esgiot-cdk.mjs deploy AppDependencies
  * Post Run actions/setup-node@v5
  * Post Run pnpm/action-setup@v6
  * Post Run actions/checkout@v7
Refreshing run status every 30 seconds. Press Ctrl+C to quit.

* main Deploy test API · 37581550274
Triggered via workflow_dispatch about 5 minutes ago

JOBS
* deploy-test (ID 112662151107)
  ✓ Set up job
  ✓ Run actions/checkout@v7
  ✓ Run pnpm/action-setup@v6
  ✓ Run actions/setup-node@v5
  ✓ Resolve and record exact deployment inputs
  ✓ Run actions/upload-artifact@v7
  ✓ Run pnpm install --frozen-lockfile
  ✓ Run pnpm exec playwright install --with-deps chromium
  * Run pnpm verify
  * Run aws-actions/configure-aws-credentials@v6.3.0
  * Verify target account and exact commit
  * Run node scripts/esgiot-cdk.mjs diff AppDependencies
  * Run node scripts/esgiot-cdk.mjs deploy AppDependencies
  * Post Run actions/setup-node@v5
  * Post Run pnpm/action-setup@v6
  * Post Run actions/checkout@v7
Refreshing run status every 30 seconds. Press Ctrl+C to quit.

* main Deploy test API · 37581550274
Triggered via workflow_dispatch about 6 minutes ago

JOBS
* deploy-test (ID 112662151107)
  ✓ Set up job
  ✓ Run actions/checkout@v7
  ✓ Run pnpm/action-setup@v6
  ✓ Run actions/setup-node@v5
  ✓ Resolve and record exact deployment inputs
  ✓ Run actions/upload-artifact@v7
  ✓ Run pnpm install --frozen-lockfile
  ✓ Run pnpm exec playwright install --with-deps chromium
  * Run pnpm verify
  * Run aws-actions/configure-aws-credentials@v6.3.0
  * Verify target account and exact commit
  * Run node scripts/esgiot-cdk.mjs diff AppDependencies
  * Run node scripts/esgiot-cdk.mjs deploy AppDependencies
  * Post Run actions/setup-node@v5
  * Post Run pnpm/action-setup@v6
  * Post Run actions/checkout@v7
Refreshing run status every 30 seconds. Press Ctrl+C to quit.

* main Deploy test API · 37581550274
Triggered via workflow_dispatch about 6 minutes ago

JOBS
* deploy-test (ID 112662151107)
  ✓ Set up job
  ✓ Run actions/checkout@v7
  ✓ Run pnpm/action-setup@v6
  ✓ Run actions/setup-node@v5
  ✓ Resolve and record exact deployment inputs
  ✓ Run actions/upload-artifact@v7
  ✓ Run pnpm install --frozen-lockfile
  ✓ Run pnpm exec playwright install --with-deps chromium
  * Run pnpm verify
  * Run aws-actions/configure-aws-credentials@v6.3.0
  * Verify target account and exact commit
  * Run node scripts/esgiot-cdk.mjs diff AppDependencies
  * Run node scripts/esgiot-cdk.mjs deploy AppDependencies
  * Post Run actions/setup-node@v5
  * Post Run pnpm/action-setup@v6
  * Post Run actions/checkout@v7
Refreshing run status every 30 seconds. Press Ctrl+C to quit.

* main Deploy test API · 37581550274
Triggered via workflow_dispatch about 7 minutes ago

JOBS
* deploy-test (ID 112662151107)
  ✓ Set up job
  ✓ Run actions/checkout@v7
  ✓ Run pnpm/action-setup@v6
  ✓ Run actions/setup-node@v5
  ✓ Resolve and record exact deployment inputs
  ✓ Run actions/upload-artifact@v7
  ✓ Run pnpm install --frozen-lockfile
  ✓ Run pnpm exec playwright install --with-deps chromium
  * Run pnpm verify
  * Run aws-actions/configure-aws-credentials@v6.3.0
  * Verify target account and exact commit
  * Run node scripts/esgiot-cdk.mjs diff AppDependencies
  * Run node scripts/esgiot-cdk.mjs deploy AppDependencies
  * Post Run actions/setup-node@v5
  * Post Run pnpm/action-setup@v6
  * Post Run actions/checkout@v7
Refreshing run status every 30 seconds. Press Ctrl+C to quit.

* main Deploy test API · 37581550274
Triggered via workflow_dispatch about 7 minutes ago

JOBS
* deploy-test (ID 112662151107)
  ✓ Set up job
  ✓ Run actions/checkout@v7
  ✓ Run pnpm/action-setup@v6
  ✓ Run actions/setup-node@v5
  ✓ Resolve and record exact deployment inputs
  ✓ Run actions/upload-artifact@v7
  ✓ Run pnpm install --frozen-lockfile
  ✓ Run pnpm exec playwright install --with-deps chromium
  * Run pnpm verify
  * Run aws-actions/configure-aws-credentials@v6.3.0
  * Verify target account and exact commit
  * Run node scripts/esgiot-cdk.mjs diff AppDependencies
  * Run node scripts/esgiot-cdk.mjs deploy AppDependencies
  * Post Run actions/setup-node@v5
  * Post Run pnpm/action-setup@v6
  * Post Run actions/checkout@v7
X main Deploy test API · 37581550274
Triggered via workflow_dispatch about 8 minutes ago

JOBS
X deploy-test in 7m52s (ID 112662151107)
  ✓ Set up job
  ✓ Run actions/checkout@v7
  ✓ Run pnpm/action-setup@v6
  ✓ Run actions/setup-node@v5
  ✓ Resolve and record exact deployment inputs
  ✓ Run actions/upload-artifact@v7
  ✓ Run pnpm install --frozen-lockfile
  ✓ Run pnpm exec playwright install --with-deps chromium
  X Run pnpm verify
  - Run aws-actions/configure-aws-credentials@v6.3.0
  - Verify target account and exact commit
  - Run node scripts/esgiot-cdk.mjs diff AppDependencies
  - Run node scripts/esgiot-cdk.mjs deploy AppDependencies
  - Post Run actions/setup-node@v5
  ✓ Post Run pnpm/action-setup@v6
  ✓ Post Run actions/checkout@v7
  ✓ Complete job

ANNOTATIONS
X Process completed with exit code 1.
deploy-test: .github#1634

X AssertionError: expected 401 to equal 500

- Expected
+ Received

- 500
+ 401

 ❯ apps/cloud-api/test/admin-runtime-initialization.test.ts:131:10


deploy-test: apps/cloud-api/test/admin-runtime-initialization.test.ts#131

X Error: The vi.spyOn() function could not find an object to spy upon. The first argument must be defined.
 ❯ apps/cloud-api/test/admin-runtime-initialization.test.ts:111:24


deploy-test: apps/cloud-api/test/admin-runtime-initialization.test.ts#111

X AssertionError: expected +0 to equal 1

- Expected
+ Received

- 1
+ 0

 ❯ apps/cloud-api/test/admin-runtime-initialization.test.ts:76:10


deploy-test: apps/cloud-api/test/admin-runtime-initialization.test.ts#76

X AssertionError: expected +0 to equal 1

- Expected
+ Received

- 1
+ 0

 ❯ apps/cloud-api/test/admin-runtime-initialization.test.ts:54:10


deploy-test: apps/cloud-api/test/admin-runtime-initialization.test.ts#54

- "The ubuntu-latest label will migrate to Ubuntu 26 beginning October 19, 2026. For more information, see https://github.com/actions/runner-images/issues/14748"
deploy-test: .github#1

