
> food-digester-platform@0.0.0 test:scripts /Users/anray/Documents/project/hiddenjoyacom/food-digester-platform
> node --import tsx --test scripts/*.test.mjs

✔ bootstrap input is bound to the normalized email and never accepts a password (0.758083ms)
✔ successful bootstrap creates Cognito identity before committing linked database user (0.206667ms)
✔ non-pristine Cognito or database fails before any mutation (0.200417ms)
✔ database failure deletes Cognito identity and records compensated failure (0.185166ms)
✔ failed Cognito compensation keeps reconciliation required (0.10875ms)
✔ source approval requires exact SHA and packager embeds committed SHA (6197.166583ms)
✔ runner without approved source fails closed without leaking configuration (27.6645ms)
✔ serial and parallel repeated browser receipts are validated (6.342708ms)
✔ fail closed: missing required flow (0.17525ms)
✔ fail closed: skipped execution (0.10375ms)
✔ fail closed: flaky execution (0.084625ms)
✔ fail closed: retry hides failure (0.084834ms)
✔ fail closed: unexpected error (0.084333ms)
✔ fail closed: missing isolated trace (0.0815ms)
✔ fail closed: data prefix reused (1.400709ms)
✔ fail closed: context cleanup failed (0.12975ms)
✔ fail closed: unmocked network request (0.137959ms)
✔ fail closed: missing role proof (0.181834ms)
✔ fail closed: wrong route permission (0.178625ms)
✔ fail closed: Auditor OTA write enabled (0.149917ms)
✔ fail closed: missing MFA assertion (0.169708ms)
✔ fail closed: missing conflict response (0.161292ms)
✔ fail closed: missing forbidden response (0.1515ms)
✔ fail closed: missing repeat (0.070833ms)
✔ repeat traces cannot duplicate the first execution (0.145375ms)
✔ manifest exactly matches independent Playwright discovery (459.767541ms)
✔ discovery fails closed: missing case (0.221209ms)
✔ discovery fails closed: extra case (0.082958ms)
✔ discovery fails closed: duplicate replacing required case (0.077625ms)
✔ old Viewer permission cannot pass the updated matrix (0.184125ms)
✔ required behavioral proof cannot be missing: QA-09 设备管理长别名和序列号在375px完整换行且不裁切 (0.294083ms)
✔ required behavioral proof cannot be missing: H-01 API 拒绝停用会话后清除浏览器会话并返回登录 (0.206292ms)
✔ required behavioral proof cannot be missing: M-01 CustomerViewer 从菜单查询设备用户详情，全部写入口隐藏 (0.137375ms)
✔ required behavioral proof cannot be missing: UI redesign: all business routes at 1366x768 (0.145ms)
✔ required behavioral proof cannot be missing: UI redesign: all business routes at 1440x900 (0.850875ms)
✔ required behavioral proof cannot be missing: UI redesign: all business routes at 1920x1080 (0.148625ms)
✔ required behavioral proof cannot be missing: QA05 login SRP MFA error success logout without persisting password (0.122084ms)
✔ required behavioral proof cannot be missing: QA05 ESG cursor totals export snapshot timezone and empty state (0.104625ms)
✔ required behavioral proof cannot be missing: QA05 Command dangerous confirmation terminal result and publish failure (0.100458ms)
✔ required behavioral proof cannot be missing: QA05 Media expiry renew 403 and audit read-only zero writes (0.109667ms)
✔ serial and repeated phases require all 108 independent prefixes (0.372417ms)
✔ phase budget accounts for startup, executions and worker slots, with a finite ceiling (0.048083ms)
✔ invalid phase budget rejected: repeat=0 workers=1 (0.054625ms)
✔ invalid phase budget rejected: repeat=1 workers=0 (0.023958ms)
✔ invalid phase budget rejected: repeat=0.5 workers=1 (0.024667ms)
✔ invalid phase budget rejected: repeat=1 workers=0.5 (0.022292ms)
✔ invalid phase budget rejected: repeat=Infinity workers=1 (0.019959ms)
✔ invalid phase budget rejected: repeat=1 workers=NaN (0.019417ms)
✔ real child-process timeout is classified and cannot create a successful phase (54.858ms)
✔ failed/killed process cannot pass: status=1 (0.058584ms)
✔ failed/killed process cannot pass: status=null (0.029916ms)
✔ spawn errors reject without disclosing raw process error details (0.951291ms)
✔ successful process may proceed to the strict report and trace validator (0.214166ms)
✔ 真实 OpenAPI 片段可确定性打包且无外部引用 (53.07925ms)
✔ bundle 新鲜度检查拒绝缺失或过期产物 (112.707584ms)
✔ 失败示例：非法 OpenAPI 版本与缺少 responses 被拒绝 (0.173166ms)
✔ 失败示例：全局重复 operationId 被拒绝 (0.077375ms)
✔ 失败示例：非法 parameter 与 Schema 被拒绝 (0.114875ms)
✔ 仓库提交的统一 bundle 与当前片段一致 (10.771334ms)
✔ scoped Gate accepts the archived real-target receipt, without promoting full acceptance (25.142041ms)
✔ scoped Gate rejects missing role (30.247917ms)
✔ scoped Gate rejects wrong SHA (11.213083ms)
✔ scoped Gate rejects unverified Lambda (9.30225ms)
✔ scoped Gate rejects runtime drift (6.669375ms)
✔ scoped Gate rejects mocked API (7.718333ms)
✔ scoped Gate rejects empty tenant (12.560167ms)
✔ scoped Gate rejects cross-Customer list leak (6.462625ms)
✔ scoped Gate rejects Viewer mutation accepted (6.332ms)
✔ scoped Gate rejects expired old Token (8.851583ms)
✔ scoped Gate rejects two duplicate successes (6.202375ms)
✔ scoped Gate rejects two optimistic successes (6.850917ms)
✔ scoped Gate rejects bundled Firefox (8.341708ms)
✔ scoped Gate rejects missing browser-role case (6.064041ms)
✔ scoped Gate rejects persisted edit belongs to another record (6.289542ms)
✔ scoped Gate rejects forbidden page rendered as business page (8.087958ms)
✔ scoped Gate rejects missing screenshot (1.977ms)
✔ scoped Gate rejects cleanup duplicate hides missing ID (8.051417ms)
✔ scoped Gate rejects cleanup incomplete (7.280209ms)
✔ scoped Gate rejects private credentials retained (6.372667ms)
✔ scoped Gate rejects scope promoted (8.235916ms)
✔ 当前管理后台源代码满足入口与组合根交付约束 (15.208959ms)
✔ 缺少入口和构建产物时失败关闭 (0.288667ms)
✔ FE-06 至 FE-19 任一任务或路由从事实源缺失时失败关闭 (4.12525ms)
✔ FE-11 至 FE-15 任一任务、路由或页面标识缺失时失败关闭 (3.955875ms)
✔ FE-06 至 FE-15 任一控制器或 operationId 缺失时失败关闭 (3.120708ms)
✔ FE-11 至 FE-15 控制器或 operationId 缺失时失败关闭 (2.988334ms)
✔ FE-16 至 FE-19 任一任务、路由、控制器、页面标识或 operationId 缺失时失败关闭 (3.650666ms)
✔ App 移除显式页面分支时失败关闭 (3.171416ms)
✔ 完整目标回执覆盖双提交、隔离环境、五角色、七路由、五闭环与清理 (72.216375ms)
✔ 缺路由、角色、闭环或审计拒绝角色时失败关闭 (52.229417ms)
✔ mock、泄露、短链持久化、危险操作与只读写请求均失败关闭 (24.631625ms)
✔ 缺失回执、双部署提交漂移、HEAD 不一致与未清理均失败关闭 (46.945ms)
✔ 目标 Gate 是显式发布步骤且不进入普通 verify (0.215542ms)
✔ 完整回执覆盖双提交、隔离环境、五角色、五路由、四闭环、隐私、双语布局与清理 (103.311917ms)
✔ 缺路由、角色、闭环、locale 或 viewport 时失败关闭 (36.676625ms)
✔ mock、权限、并发、泄露或布局不合格时失败关闭 (43.940917ms)
✔ 缺失回执、双部署提交漂移、HEAD 不一致与未清理均失败关闭 (17.979083ms)
✔ 目标 Gate 是显式发布步骤且不进入普通 verify (0.227458ms)
✔ 完整路由、五角色、五业务闭环、租户、并发、敏感字段与清理回执通过 (0.768125ms)
✔ 缺路由、角色或业务闭环时失败关闭 (0.149166ms)
✔ Cognito、部署 API、跨租户、并发与敏感字段证据不满足约束时失败关闭 (0.09475ms)
✔ 缺失回执、部署提交或 sourceCommit 不一致时失败关闭 (0.447583ms)
✔ 完整的 58 API、五角色、并发、ESG 与清理目标 AWS 回执通过 (0.900625ms)
✔ 58 个回执 operationId 与九份正式业务 OpenAPI 精确一致 (3.116166ms)
✔ API 缺项、角色缺项与跨 Customer 放行均失败关闭 (0.257042ms)
✔ 并发或 ESG 证据不满足生产约束时失败关闭 (3.34625ms)
✔ 缺失回执与 sourceCommit 不匹配均失败关闭 (0.9495ms)
✔ 完整覆盖 25 API、五角色、竞态、退役与导出的隔离 AWS 回执通过 (0.844959ms)
✔ 缺 operation、跨租户放行、竞态双成功、证书未失活与 MQTT/S3 缺口均失败关闭 (0.190292ms)
✔ operation 成功状态与负向状态集合不完整时失败关闭 (0.092625ms)
✔ 回执缺失、非法 JSON 或 sourceCommit 不一致时独立发布 Gate 失败 (0.841084ms)
✔ 完整 Archive、Replay、Summary 目标 AWS 回执通过 (2.035333ms)
✔ 缺探针、重复归档、Replay 复制业务行和空 Summary 均失败关闭 (0.257958ms)
✔ 缺少回执或提交不一致时独立 Gate 失败 (0.5295ms)
✔ 完整隔离 AWS 回执覆盖 8 Topic、负向路径、QA-03 与清理时通过 (0.803042ms)
✔ 缺 Topic、未知 Topic 命中、Error Action 未恢复和原文漂移均失败关闭 (0.157584ms)
✔ 未提供目标 AWS 回执时独立发布 Gate 明确失败 (0.421042ms)
✔ 回执必须对应待发布的精确 Git 提交 (0.31875ms)
✔ 完整的 15 API、角色、Cognito、并发、S3、Dashboard、审计与清理回执通过 (0.887583ms)
✔ 15 个 operationId 与六份正式 OpenAPI 精确一致 (0.727958ms)
✔ API、角色、租户或安全/并发探针缺口均失败关闭 (0.242583ms)
✔ 缺失回执与 sourceCommit 不匹配均失败关闭 (1.396625ms)
✔ 干净的依赖图通过检查 (1.5035ms)
✔ 共享包反向依赖 apps 被识别为边界违规 (0.813417ms)
✔ contracts 反向依赖 apps 被识别为边界违规 (0.570417ms)
✔ apps 之间互相依赖被识别为边界违规 (0.531083ms)
✔ 工作区循环依赖被检出 (0.839166ms)
✔ 非工作区依赖（外部 npm 包）不参与检查 (0.395667ms)
✔ 当前仓库通过边界与循环依赖检查 (2.366334ms)
✔ CDK WARNING 与规则校验编号会触发 Gate (0.536417ms)
✔ 正常 synth 输出不会误报 (0.341541ms)
✔ 已交付 Lambda 缺失或回退到内联 501 占位时 Gate 失败 (0.144209ms)
✔ 已交付 Lambda 使用 S3 asset 时 Gate 通过 (0.052917ms)
✔ CMD/OTA 生产接线 Gate 对 Worker/调度任一缺失均失败关闭 (0.186792ms)
✔ CMD/OTA 生产接线 Gate 对 IoT/S3/KMS 权限缺失失败关闭 (0.220458ms)
✔ 真实登记文件：结构校验通过，并准确识别当前未决 DEC (3.069125ms)
✔ 真实契约版本文件：decisionRegisterVersion 与登记一致 (1.301334ms)
✔ 契约版本不一致被拒绝 (1.034084ms)
✔ 重复决策 ID 被拒绝（已知冲突必须有唯一决策 ID） (0.402042ms)
✔ 原则与决策之间 ID 也全局唯一 (0.369667ms)
✔ pending 决策携带批准人被拒绝 (0.101083ms)
✔ frozen 决策必须有批准人、批准时间和 >=1.0.0 版本 (0.125167ms)
✔ blockingTasks 为空或格式非法被拒绝 (0.0775ms)
✔ history 必须非空且末条版本与条目版本一致 (0.077916ms)
✔ 非 UTC 时间戳被拒绝 (0.08825ms)
✔ CLI validate 模式：真实文件退出码 0 且输出实际未决数；--fail-on-pending 按实际未决数返回 (1.349875ms)
✔ CLI：结构错误退出码 1 (0.769083ms)
✔ 追溯校验：合法 x-decision-versions 引用通过（Schema 可追溯到决策版本） (1.441458ms)
✔ 追溯校验：不存在的决策 ID 被拒绝 (0.644292ms)
✔ 追溯校验：引用版本与登记版本不一致被拒绝 (0.588875ms)
✔ 追溯校验：缺少 x-decision-versions 或格式非法被拒绝 (0.741667ms)
✔ 追溯校验：嵌套在 OpenAPI info 下的 x-decision-versions 可被递归发现 (0.622791ms)
✔ 已交付 API（含管理后台 P1）的 129 个 OpenAPI operation 与生产路由双向一致 (10.714417ms)
✔ 版本化已交付清单缺失、重复或引用不存在文件时失败关闭 (0.886292ms)
✔ 缺失、额外、重复及 method/path 漂移均失败关闭 (0.137042ms)
✔ CMD/OTA 治理 Gate 校验四份 REST 契约及 DEC-022/023 冻结状态 (4.457417ms)
✔ 有效链接、无易漂移计数且工具链配对正确时通过 (1.554292ms)
✔ 损坏的仓库内 Markdown 链接被拒绝 (0.708375ms)
✔ 陈旧测试计数或不兼容工具链声明被拒绝 (0.593208ms)
✔ 当前仓库 ENG/DB/DOM 与 IAC/AUTH/SEC 任务文档证据一致 (27.39075ms)
✔ BE-IOT-01～08 文档全部纳入默认链接与证据门禁 (0.108625ms)
✔ BE-ARC/RPL/ESG 四份文档及 P2 回归纳入默认证据门禁 (0.05025ms)
✔ 11 份管理后台业务文档全部纳入默认链接与证据门禁 (0.043333ms)
✔ BE-MED/RBAC/AUD/DASH/SET 五份文档纳入状态与 AWS 证据门禁 (0.0435ms)
✔ FE-06～FE-10 五份前端文档纳入四层状态与目标回执门禁 (0.051458ms)
✔ FE-11～FE-15 五份前端文档纳入四层状态与独立目标回执门禁 (0.078209ms)
✔ 前端任务文档拒绝缺层级、问题责任字段、目标 Gate 和 P1 陈旧描述 (0.089292ms)
✔ FE-11～FE-15 文档拒绝旧缺陷、任务级勾选及旧目标 Gate (0.068167ms)
✔ BE-MED/RBAC/AUD/DASH/SET 文档拒绝缺状态层、陈旧参数和设置生效误述 (0.054709ms)
✔ 管理后台业务文档拒绝缺证据引用和陈旧决策或部署说法 (0.051291ms)
✔ BE-ARC/RPL/ESG 文档拒绝缺审计快照和生产接线边界外旧说法 (0.06625ms)
✔ BE-IOT 文档拒绝缺少审计快照、Report P2002 与 Media 另路由旧说法 (0.059833ms)
✔ BE-IOT 严格负向探针必须保留为可定位的永久回归 (1.216375ms)
✔ 安全任务文档拒绝历史计数、缺少 verify 命令与陈旧 DEC-012 状态 (0.191125ms)
✔ 安全任务文档接受当前命令、审计快照引用与 frozen 决策 (0.097583ms)
✔ 当前仓库（DB-01 已落地）Migration 结构通过 (8.522166ms)
✔ schema.prisma 未落地时跳过并通过（骨架期行为） (0.226958ms)
✔ 失败示例：Schema 已存在但无任何 Migration（未提交 Migration） (0.472833ms)
✔ 失败示例：migrations/ 为空且缺少 migration_lock.toml (0.498209ms)
✔ 失败示例：Migration 目录名非法与空 migration.sql (2.581958ms)
✔ 合法 Migration 结构通过 (1.802666ms)
✔ 失败示例：已有旧 Migration 但 Schema 已变化且未登记快照 (2.015125ms)
✔ 真实矩阵通过完整性检查 (2.080125ms)
✔ 真实引用集合：41 个矩阵 API 与 13 个 routeId 全部可解析 (0.388875ms)
✔ index19.html 源清单：9 个菜单、12 个页面、128 个元素与矩阵双向覆盖 (0.324292ms)
✔ 真实矩阵：9 菜单、12 页面、每项均有处置结论 (0.245333ms)
✔ 被拒绝的实时流、明文密码、状态混用不携带实现任务 (0.23775ms)
✔ 矩阵的 x-decision-versions 可追溯到决策登记（DEC-007~012） (1.789792ms)
✔ 缺少菜单或页面被拒绝 (0.296875ms)
✔ 重复元素 ID 被拒绝 (0.084292ms)
✔ Adapt/Reject 缺少依据被拒绝 (0.087375ms)
✔ Adopt/Adapt 生产字段缺少 API 来源被拒绝 (0.108875ms)
✔ rejectCategory 项非 Reject 或携带实现任务被拒绝 (0.08075ms)
✔ 未知角色被拒绝（R7） (0.088ms)
✔ 格式合法但不存在的 operationId、routeId 与响应字段被拒绝 (0.929958ms)
✔ planned operation 的任务归属漂移被拒绝 (0.303416ms)
✔ 源清单与矩阵任一侧删除元素均被双向覆盖检查拒绝 (1.697833ms)
✔ index19.html 内容变化但未重新盘点源清单时失败关闭 (1.429833ms)
✔ 重复 operationId 与 routeId 被引用索引拒绝 (0.786ms)
✔ CLI：真实矩阵退出码 0，违规矩阵退出码 1 (20.182125ms)
✔ remaining scope cannot replace full core, Active acceptance or failed cleanups (0.46925ms)
✔ 当前仓库全部 Schema、OpenAPI 片段与统一 bundle 通过引用校验 (88.143041ms)
✔ 失败示例：悬空内部 $ref 被拒绝 (0.680875ms)
✔ 失败示例：同目录相对 $ref 目标文件不存在被拒绝 (0.426ms)
✔ 失败示例：JSON 语法损坏的 Schema 被拒绝 (0.327375ms)
✔ 失败示例：JSON Schema 2020-12 非法 type 被元 Schema 拒绝 (0.803041ms)
✔ 失败示例：OpenAPI 基座缺少 paths 被拒绝 (1.521417ms)
✔ 同目录相对 $ref 可解析时通过 (1.723542ms)
✔ 失败示例：PEM 私钥块被检出 (0.723084ms)
✔ 失败示例：AWS Access Key ID 被检出 (0.092667ms)
✔ 失败示例：GitHub 令牌被检出 (0.062833ms)
✔ 失败示例：Slack 令牌被检出 (0.047041ms)
✔ 正常内容不误报 (0.390834ms)
✔ 失败示例：未跟踪且未忽略文件中的私钥也被扫描 (36.725375ms)
✔ 当前仓库通过敏感信息扫描 (2860.577875ms)
✔ 生产源码直接 console 与 raw trace API 均被拒绝 (1.291042ms)
✔ 测试目录可使用 console，生产统一 logger 允许 (0.805ms)
✔ 当前仓库生产源码通过 sink 门禁 (164.787208ms)
✔ QA-02 MQTT heartbeat: all valid/invalid fixtures, missing meta and type mutation (22.938459ms)
✔ QA-02 MQTT telemetry: all valid/invalid fixtures, missing meta and type mutation (2.070875ms)
✔ QA-02 MQTT report: all valid/invalid fixtures, missing meta and type mutation (1.958542ms)
✔ QA-02 MQTT alarm: all valid/invalid fixtures, missing meta and type mutation (1.327291ms)
✔ QA-02 MQTT event: all valid/invalid fixtures, missing meta and type mutation (0.795875ms)
✔ QA-02 MQTT ack: all valid/invalid fixtures, missing meta and type mutation (1.078125ms)
✔ QA-02 MQTT tamper: all valid/invalid fixtures, missing meta and type mutation (0.957792ms)
✔ QA-02 MQTT media: all valid/invalid fixtures, missing meta and type mutation (1.487208ms)
✔ QA-02 MQTT cmd: all valid/invalid fixtures, missing meta and type mutation (3.397708ms)
✔ QA-02 MQTT ota: all valid/invalid fixtures, missing meta and type mutation (3.661417ms)
✔ QA-02 MQTT notification: all valid/invalid fixtures, missing meta and type mutation (3.234ms)
✔ MQTT semantic hash, discriminator and UTC calendar errors fail closed (0.731541ms)
✔ full REST response: field deletion/type mutation/envelope/date/errors/status/headers are enforced (5.200958ms)
✔ REST request validation: required body/path/query/header, optional Sync, bodyless Deactivate, no type coercion in JSON (3.798042ms)
✔ all device operations and declared response JSON Schemas compile; stable error catalog has no duplicates (33.979ms)
✔ predecessor MQTT is compatible; known REST break requires exact version and frozen DEC approvals (22.090375ms)
✔ breaking contract mutations fail: removing fields/operations/status, changing type/required/security (98.934792ms)
✔ receipt coverage gate fails closed for missing operations/statuses, no valid request and forged records (0.294ms)
✔ archived CSR upgrade mapping still verifies original baselines without rewriting history (2.341125ms)
✔ QA04 coverage Gate accepts complete matrix and proofs (0.792209ms)
✔ QA04 coverage Gate rejects missing domain (0.215541ms)
✔ QA04 coverage Gate rejects no negative path (0.11075ms)
✔ QA04 coverage Gate rejects untrusted handler (0.758584ms)
✔ QA04 coverage Gate rejects missing role (0.186292ms)
✔ QA04 coverage Gate rejects cross-tenant leak (0.133709ms)
✔ QA04 coverage Gate rejects two write winners (0.125917ms)
✔ QA04 coverage Gate rejects duplicate audit (0.107959ms)
✔ QA04 coverage Gate rejects rollback missing (0.120583ms)
✔ QA04 coverage Gate rejects unclean resource (0.136125ms)
✔ QA04 coverage Gate rejects reused isolation (0.100417ms)
✔ QA04 coverage Gate rejects no observed replay (0.142334ms)
✔ QA04 required acceptance cases are enforced (0.544833ms)
✔ QA04 skipped assertion fails execution Gate (0.050375ms)
✔ QA04 removed state-machine assertion fails coverage Gate (0.384833ms)
✔ migration source requires exact approved commit (0.445209ms)
✔ migration connection requires complete secret and verified TLS; special credentials are encoded (0.172917ms)
✔ database verification derives every mapped Prisma table (0.43675ms)
✔ runner without approved source fails without reporting credentials or driver details (33.767083ms)
✔ source packager archives committed tree, includes exact SHA and refuses overwriting ZIP (5966.047042ms)
✔ local TLS broker: 10 independent certificate sessions, QoS1, downlinks, reconnect and broker ACL rejection (807.343959ms)
✔ 10 concurrent sessions: all topics, exact 5% duplicates / 2% delayed telemetry, replay and isolated bad Schema (133.966125ms)
✔ cross-device publish, subscribe, receive and wildcard denied (0.484334ms)
✔ invalid configuration, OTA transitions and test credential gate fail closed (0.49975ms)
✔ scripted failed command, missing target mapping and illegal downlink do not generate mixed ACK (0.252667ms)
✔ all sessions close when one transport fails; no successful receipt (79.358375ms)
✔ MQTT adapter rejects SUBACK denial and connection failures (0.221541ms)
✔ CLI creates offline receipt and refuses ungated mqtts before reading credential paths (337.545208ms)
✔ CDK wrapper accepts synth/diff and requires explicit deploy stack (0.7445ms)
✔ CDK wrapper builds the whole workspace and fails closed on build errors (0.11275ms)
✔ CDK wrapper uses local SSO but requires OIDC credentials in GitHub Actions (0.067541ms)
✔ QA03 Gate accepts complete local integration receipt (0.553834ms)
✔ QA03 Gate rejects missing scenario (0.60275ms)
✔ QA03 Gate rejects unclean resources (0.097958ms)
✔ QA03 Gate rejects reused isolation prefix (0.087875ms)
✔ QA03 Gate rejects lost message (0.092292ms)
✔ QA03 Gate rejects duplicate business record (0.111667ms)
✔ QA03 Gate rejects missing raw proof (0.540583ms)
✔ QA03 Gate rejects missing fault probe (0.116459ms)
✔ receipt covers all 128 decisions in two viewports (2.254542ms)
✔ fail closed: missing page (0.290125ms)
✔ fail closed: skipped case (0.606667ms)
✔ fail closed: flaky success (0.220667ms)
✔ fail closed: retry (0.210292ms)
✔ fail closed: unexpected external network (0.1855ms)
✔ fail closed: fixture collision (0.175625ms)
✔ fail closed: missing cleanup (0.1695ms)
✔ fail closed: updated baseline masquerades as regression (0.178833ms)
✔ fail closed: missing group (0.226708ms)
✔ fail closed: duplicate group (0.182041ms)
✔ fail closed: missing rejection assertion (0.206583ms)
✔ fail closed: missing menu (0.183208ms)
✔ fail closed: missing behavior guard (1.464458ms)
✔ fail closed: wrong viewport (0.538958ms)
✔ fail closed: snapshot hash mismatch (0.222ms)
✔ binding omission, duplication and reject implementation fail closed (0.286ms)
✔ actual config guard accepts R0/R1 and final false restore without declaring business/P95 (0.543625ms)
✔ config rejects accountReadCandidate drift (0.119583ms)
✔ config rejects pool drift (0.059625ms)
✔ config rejects memory drift (0.04625ms)
✔ config rejects preconnect drift (0.050958ms)
✔ config rejects engineCpu drift (0.051791ms)
✔ config rejects envName drift (0.05675ms)
✔ config rejects revisionId drift (0.050042ms)
✔ config rejects codeSha256 drift (0.050167ms)
✔ config rejects state drift (0.079291ms)
✔ config rejects architecture drift (0.044375ms)
✔ config rejects source, inventory and concurrency drift (0.09775ms)
✔ new detail receipts require explicit matching actual flag, including false restore (0.111125ms)
✔ real gzip bytes bind exact own devices, raw outbox hash and canonical published hash (2.934292ms)
✔ scope expansion, unknown customer/device, modified bytes and missing archive fail closed (1.68975ms)
✔ IoT normalized raw body binds outbox bytes while original publication binds canonical payload (8.908584ms)
✔ quick MQTT profile requires exact additional telemetry ledger and cannot waive missing archives (4.236042ms)
✔ archive deadline uses actual S3 modification times and cannot green an eventual late archive (4.69175ms)
✔ redelivery rejects foreign archives, unbounded inventories and unbound certificates before AWS operations (1.620708ms)
✔ C1 waits for both branches then independent query/checkout; C0 refuses candidate signal; warm absent is null (2.504167ms)
✔ preconnect proof rejects missing (0.081791ms)
✔ preconnect proof rejects duplicate (0.056792ms)
✔ preconnect proof rejects failed (0.058375ms)
✔ preconnect proof rejects foreign (0.064125ms)
✔ preconnect proof rejects bad timestamp (0.073375ms)
✔ preconnect proof rejects dispatch instead of settlement (0.062875ms)
✔ preconnect proof rejects not connection wait (0.127333ms)
✔ preconnect proof rejects query before preparation (0.112709ms)
✔ preconnect proof rejects checkout steals readiness (0.109917ms)
✔ preconnect proof rejects outside hook (0.07225ms)
✔ preconnect proof rejects invalid duration (0.072625ms)
✔ preconnect proof rejects orphan (0.057458ms)
✔ preconnect proof rejects consistently empty invocation identities (0.164625ms)
✔ nominal 30x profile cannot conceal a slower real publish window (21.294625ms)
✔ version proof requires CI deploy Amplify exact commit and 19 distinct verified artifact bytes (0.364458ms)
✔ own-fixture fault grant rejects shared changes and unknown faults while retaining deployment boundary (14.259375ms)
✔ database proof rejects foreign build, source, role and nonzero cleanup instead of trusting child PASS (18.19425ms)
✔ target gates reject missing finish cleanup required case and foreign device before live calls (0.585125ms)
✔ business cleanup preserves outside rows, rejects baseline drift and deletes own dependent rows atomically (1651.46875ms)
✔ fault injection rejects missing authorization and foreign export identity without mutation (0.528667ms)
✔ assertion-only validation cannot stand in for cleanup or whole target acceptance (0.147292ms)
✔ nonActive scope cannot enter the full wave that contains Active dependent probes (1.035458ms)
✔ foundation mode cannot be mistaken for full core or browser acceptance (0.112042ms)
✔ complete intermediate/root chain matches truststore and private key (18.574416ms)
✔ missing root is distinguished from valid signing certificate and key (0.402041ms)
✔ wrong parent, expired chain and wrong private key fail independently (0.896542ms)
✔ oversized worker chain, malformed values and arbitrary canaries never leak (1.198583ms)
✔ receipt gate accepts completed diagnostic with invalid chain, rejects data leak and missing cleanup (5.744833ms)
✔ approved exact Worker, Secret, KMS and original expiry scope is accepted (0.667541ms)
✔ removing role condition, wildcard Secret or extended expiry is rejected (0.711791ms)
✔ unrestricted KMS, different context or extra secret permissions are rejected (0.460375ms)
✔ repair gate requires retained versions, exact output binding and all cleanup (3.155042ms)
✔ only root field changes, original version remains immutable and AWSPREVIOUS (28.793334ms)
✔ baseline drift prevents all writes (0.109458ms)
✔ wrong fixed root prevents all writes (0.317958ms)
✔ unknown put outcome recovers immutable token without a second put (1.16775ms)
✔ candidate mutation fails before promotion (0.318625ms)
✔ concurrent current movement after candidate write is preserved (0.577333ms)
✔ unknown promotion response is recovered from current stages (0.865708ms)
✔ post-promotion failed readback rolls back only the known current candidate (0.62425ms)
✔ invalid version token rejects before accessing any secret (0.2335ms)
✔ rollback refuses to overwrite a concurrent foreign current version (0.730208ms)
✔ unknown AWS errors are returned as fixed codes without secret exception text (0.092375ms)
✔ successful promotion waits for metadata visibility without repeating stage writes (0.916ms)
✔ existing current candidate is verified using read-only store without new versions or stage writes (0.784167ms)
✔ read-only recovery rejects changed fields without rolling back an existing current version (0.268875ms)
✔ capacity planning includes operational and rotation idle overlap and rejects naive concurrency increase (0.472375ms)
✔ read recovery preserves original timeout, reads only one started ID and never replays a mutation (25.228459ms)
✔ known authorization, expired SSO, invalid JSON and unknown failures never retry (68.961875ms)
✔ two read recoveries are the global bound, repeated timeout remains FAIL (10.176833ms)
✔ started Build waiting is bounded by polls and elapsed time; non-success terminal status never admits cleanup (29.45375ms)
✔ every cloud ownership field and raw Plan is required before reading results (11.581625ms)
✔ CLI failure records exit/signal/timing, classifies recognized errors and stores no stderr or credentials (1.015333ms)
✔ cleanup observer persists each success/failure and preserves failure identity without raw message, stack or input (0.304459ms)
✔ sign-out failure still deletes and verifies own identity, retains failure and cannot admit cleanup PASS (0.306333ms)
✔ only UserNotFound proves absence, failed delete is retained, and surviving identity fails closed (0.260625ms)
✔ partition preserves 722ms without treating CPU as exclusive scheduling or compiler time (1.47425ms)
✔ split rejects missing setup (0.088458ms)
✔ split rejects setup gap (0.092834ms)
✔ split rejects setup wrong boundary (0.063459ms)
✔ split rejects missing (0.059958ms)
✔ split rejects duplicate (0.050333ms)
✔ split rejects foreign (0.056209ms)
✔ split rejects invalid CPU (0.051333ms)
✔ split rejects no CPU (0.064792ms)
✔ split rejects wrong boundary (0.093083ms)
✔ split rejects failed (0.773292ms)
✔ split rejects gap (0.26175ms)
✔ split rejects overlap (0.149583ms)
✔ split rejects fake duration (0.108ms)
✔ split rejects connection claim (0.077042ms)
✔ target observer setup gap remains rejected: 737ms/17ms (0.157042ms)
✔ target observer setup gap remains rejected: 498ms/18ms (0.065208ms)
✔ target observer setup gap remains rejected: 40ms/20ms (0.073042ms)
✔ explicit setup covers 17ms without shifting original entrance (0.129708ms)
✔ explicit setup covers 18ms without shifting original entrance (0.09725ms)
✔ explicit setup covers 20ms without shifting original entrance (0.094667ms)
✔ range reads keep the original default and permit bounded slow-link retry (0.344709ms)
✔ range reads reject unbounded, ambiguous and below-default timeouts (0.182709ms)
✔ read-only asset concurrency stays bounded independently of DB/API capacity (0.106208ms)
✔ cold sampler collector binds exact own REPORT and safe client metrics: patch (52.631417ms)
✔ cold sampler collector binds exact own REPORT and safe client metrics: audit (51.550375ms)
✔ two batches preserve six own contracts, six winners/conflicts and audits with a hard concurrency/request bound (23.686917ms)
✔ unknown write drains siblings and waits for Lambda quiescence without retry or false PASS (11.585875ms)
✔ audit drift fails closed: audit-id (10.157166ms)
✔ audit drift fails closed: foreign-list (15.868708ms)
✔ foreign context, missing baseline or excess batches fail before any dispatch/receipt (0.557917ms)
✔ sampling correlation ledger rejects foreign or missing HTTP rows even with a valid business result (45.531333ms)
✔ DLQ scope requires closed ledger, 20 exact IDs and fresh empty database proof (0.762625ms)
✔ one-shot worker deletes only exact retired pointers, restores unknown visibility, and exports no bodies or handles (16.151625ms)
✔ six exact request/time/status/extended/Lambda links pass without saving unrelated fields or requests (48.991375ms)
✔ correlation refuses complete proof for time (50.358167ms)
✔ correlation refuses complete proof for lambda-id (56.811666ms)
✔ correlation refuses complete proof for duplicate (70.881ms)
✔ correlation refuses complete proof for missing-http (48.134584ms)
✔ audit GET binds list/detail operation and timeout UUID without claiming client success (101.949ms)
✔ public child proof retains legacy partition and never implies compiler/server/P95 attribution (2.359583ms)
✔ detail rejects missing (0.14075ms)
✔ detail rejects duplicate (0.110125ms)
✔ detail rejects foreign (0.084417ms)
✔ detail rejects failed (0.078708ms)
✔ detail rejects boundary (0.062917ms)
✔ detail rejects CPU (0.061625ms)
✔ detail rejects negative CPU (0.06075ms)
✔ detail rejects fraction (0.094584ms)
✔ detail rejects wait (0.110875ms)
✔ detail rejects wrong wait (0.077625ms)
✔ detail rejects gap (0.062709ms)
✔ detail rejects overlap (0.053041ms)
✔ detail rejects coverage (0.05325ms)
✔ detail rejects invalid time (0.059ms)
✔ detail rejects off (0.049417ms)
✔ detail rejects two pg (0.043833ms)
✔ detail rejects unsettled (0.04625ms)
✔ detail rejects root (0.047834ms)
✔ fresh planner preserves fixed budget, demands both detail modes, never dispatches (0.225125ms)
✔ legacy manifests cannot be promoted to detailed target proof (0.576209ms)
✔ hosted detail input byte binding is explicit and rejects run, mode, budget, context and hash drift (0.808417ms)
✔ driver partition separates controlled wait and result access without causal claims (1.572333ms)
✔ reject crossed boundary (0.254ms)
✔ reject nonfinite boundary (0.113542ms)
✔ reject missing boundary (0.097125ms)
✔ reject wrong sample order (0.105167ms)
✔ reject extra sample (0.579791ms)
✔ reject hidden query retry (0.062833ms)
✔ reject unreleased connection (0.054625ms)
✔ reject extra pool (0.058917ms)
✔ reject target equivalence (0.092584ms)
✔ reject compiler-only claim (0.062292ms)
✔ reject server-only claim (0.050417ms)
✔ reject wrong controlled recipe (0.049833ms)
✔ reject wrong account mode (0.041708ms)
✔ reject unproved phases (0.050875ms)
✔ cold summary requires exact transactional physical proof and never copies payloads (16.327833ms)
✔ strict load split preserves 5ms coverage and only public boundary attribution (0.128459ms)
✔ rejects foreign request (0.080375ms)
✔ rejects duplicate (0.057333ms)
✔ rejects missing model boundary (0.063125ms)
✔ rejects multiple SQL (0.055375ms)
✔ rejects root query (0.054167ms)
✔ rejects duplicate ownership (0.042541ms)
✔ rejects CPU attribution (0.06275ms)
✔ rejects boundary guess (0.09925ms)
✔ rejects gap (0.063125ms)
✔ rejects overlap (0.051792ms)
✔ rejects failure (0.048709ms)
✔ rejects invalid wait (0.037541ms)
✔ phase proof covers success, conditional conflict and all audit reads without declaring latency/cleanup acceptance (1.260791ms)
✔ cold 409 gate requires matching cold phase flags and successful runtime initialization (2.316791ms)
✔ new account gate requires nested hook, Prisma query, first driver query and checkout on every request (0.230208ms)
✔ account gate rejects missing (0.202542ms)
✔ account gate rejects duplicate (0.159583ms)
✔ account gate rejects failure (0.285584ms)
✔ account gate rejects wait-boundary (0.188667ms)
✔ account gate rejects timestamp (1.543083ms)
✔ account gate rejects outside-hook (0.197875ms)
✔ phase proof rejects foreign-invocation (0.149292ms)
✔ phase proof rejects missing-transaction (0.091625ms)
✔ phase proof rejects conflict-code (0.085ms)
✔ phase proof rejects missing-http (0.043542ms)
✔ phase proof rejects other-run (0.03225ms)
✔ bounded sampler requires physical Init Duration as well as application cold phases and retains client metrics (0.745958ms)
✔ bounded sampler rejects foreign-report (0.491125ms)
✔ bounded sampler rejects duplicate-report (0.159042ms)
✔ bounded sampler rejects no-socket-metrics (0.4285ms)
✔ bounded sampler rejects missing-body (0.362166ms)
✔ bounded sampler rejects over-budget (0.327208ms)
✔ bounded sampler rejects missing-audit (0.281792ms)
✔ client preparation requires actual dispatch, cold adapter suffix and leaves warm adapter timings absent (0.637875ms)
✔ client preparation rejects missing prepare (0.413458ms)
✔ client preparation rejects settlement is not driver dispatch (0.210792ms)
✔ client preparation rejects preparation after driver start (0.185666ms)
✔ client preparation rejects cold missing suffix (0.176833ms)
✔ client preparation rejects suffix outside preparation (0.185333ms)
✔ client preparation rejects wrong invocation (0.157083ms)
✔ client preparation cannot bypass account phase checks (0.132583ms)
✔ engine CPU mode proves preparation before model, preserves driver boundary and refuses old lazy ownership (1.556083ms)
✔ runtime assembly opt-in preserves both engine ownership modes and rejects old partial runtime receipts (1.701208ms)
✔ parent phase Gate requires engine/runtime and C1 settlement before queries; C0 refuses candidate phases (0.830875ms)
✔ new contract-load split opt-in cannot reuse an older unsplit target receipt (0.091292ms)
✔ success audits bind precisely and conflicts never have a success audit (0.901709ms)
✔ audit proof rejects duplicate (0.215084ms)
✔ audit proof rejects wrong-version (0.068625ms)
✔ audit proof rejects conflict-success (0.071709ms)
✔ Gateway overlap cannot conceal serialized Lambda executions (0.334625ms)
✔ three races accept either winner, bind every successful write to audit and advance once per version (22.79125ms)
✔ early failure still drains the late sibling before readback and never retries or reports PASS (4.549041ms)
✔ race fails closed for double-winner (6.172375ms)
✔ race fails closed for gateway-id (4.810375ms)
✔ race fails closed for audit-id (16.8725ms)
✔ foreign context fails before dispatch or receipt writes (0.426375ms)
✔ historical read scope rejects any resource outside the exact sealed old contract before live calls (0.105167ms)
✔ read-only completion accepts only all six settled exact successful PATCH receipts (0.720375ms)
✔ cleanup/completion guard rejects unknown-write (0.186041ms)
✔ cleanup/completion guard rejects foreign-site (0.087541ms)
✔ cleanup/completion guard rejects wrong-account (0.073541ms)
✔ cleanup/completion guard rejects unfinished (0.079042ms)
✔ cleanup/completion guard rejects gateway-id (0.081875ms)
✔ log projection redacts payload/error details and rejects unrecognized events (0.473083ms)
✔ serialized AWS log projection preserves closed event names through the 20-sequence Gate (2.562375ms)
✔ specific redelivery needs matching SQS ID, final disposition and durable duplicate receipt (0.177917ms)
✔ 20 sequence stage Gate rejects incomplete coverage and unrelated device evidence (0.716334ms)
✔ completed Build result tolerates delayed/truncated CloudWatch visibility and transient read failure without rerunning SQL (0.755834ms)
✔ wrong/multiple/failed frames and AccessDenied reject immediately, absent result fails closed after bounded reads (0.47275ms)
✔ expired SSO is a terminal authentication condition, never a transient log retry (0.07275ms)
✔ CloudWatch 250000-character fragments reassemble exact source-bound metadata without accepting truncation or another frame (6.17825ms)
✔ large fixture observations round-trip through bounded gzip without losing metadata (16.43475ms)
✔ compressed fixture frames reject corruption, noncanonical data and decompression bombs (37.051291ms)
✔ compressed metadata still requires the exact expected source/build/action binding (1.728959ms)
✔ fixed manifest rejects unsafe SQL identifiers, missing hash and duplicates (1.595666ms)
✔ migration comparison distinguishes missing, tampered, unfinished and rolled-back migrations (0.893125ms)
✔ snapshot uses repeatable read/read only, timeouts, fixed SELECTs and always rolls back (0.464375ms)
✔ writable transaction rejected before business queries and rolled back (0.201667ms)
✔ query failure rolls back instead of yielding partial PASS (0.121541ms)
✔ dedicated query project never changes migration project or passes StartBuild overrides (21.387584ms)
✔ legacy onboarding rows without CSR columns require reconciliation before migration (0.117ms)
✔ query success preserves real migration BLOCKED instead of promoting readiness (0.751208ms)
✔ wrong build, writable transaction, unbound hash and fabricated migration PASS rejected (0.255333ms)
✔ missing table count cannot become complete SQL evidence (0.744333ms)
✔ explicit manual false overrides repository true and preserves capacity/immediate context (0.733125ms)
✔ manual deployment rejects branch/SHA, missing mode, phase drift and unsupported events before cloud work (0.407542ms)
✔ push keeps existing resolved defaults but cannot ignore explicit invalid input (0.080292ms)
✔ input pair gate never implies target acceptance and rejects SHA/config/context/duplicate run drift (0.341583ms)
✔ workflow records input receipt before verification/AWS and never interpolates manual input into shell (1.710042ms)
✔ C0/C1 same SHA and engine=true differ only preconnect; push cannot turn candidate on (1.258417ms)
✔ R0/R1 input pair binds same SHA and budget, differs only account read; push always off (0.722125ms)
✔ detail is off on push, manual detail requires guarded preconnect and round trips both R inputs (0.326708ms)
✔ entity merge requires actual decisions on both viewports, scoped devices, versions and cleanup (0.690167ms)
✔ certificate merge cannot use review-only parent to claim real dual-channel certificate entity (0.119ms)
✔ parent snapshot covers every executed child source before any cloud fixture starts (2.904917ms)
✔ pre-start rejection is persisted and never retried; no started receipt or SQL is invented (1381.324459ms)
✔ post-start authorization rejection retains exact Build receipt and failed read with no restart (463.529833ms)
✔ terminal failed Build remains FAIL, is known terminal and never reads successful frame (458.715291ms)
✔ in-budget transient read recovers the same Build, retains original FAIL and runs mutation once (2467.37775ms)
✔ lost start response is UNKNOWN, never assumed unstarted, restarted or attributed to an invented Build (396.1035ms)
✔ request UUID is durable before a single dispatch and credentials never enter receipts (15.595667ms)
✔ failed AWAIT_HEADERS preserves correlation without retry (0.354208ms)
✔ failed READ_BODY preserves correlation without retry (0.115583ms)
✔ malformed JSON cannot become a successful HTTP receipt (0.178333ms)
✔ socket events split DNS/TCP/TLS; receipts contain no URL, authorization or socket details (1.235458ms)
✔ real delayed body is measured separately; a reused connection has absent DNS/TCP/TLS, not invented zeros (184.778458ms)
✔ total deadline aborts an unfinished response body; no complete-body receipt or retry (4.18775ms)
✔ injected fetch cannot masquerade as detailed socket observation (0.27075ms)
✔ layout diagnostic fails closed before AWS calls for foreign, finished or unbound fixtures (0.606917ms)
✔ diagnostic cleanup retains all actions and fails closed: absent (0.511459ms)
✔ diagnostic cleanup retains all actions and fails closed: still-present (0.050375ms)
✔ diagnostic cleanup retains all actions and fails closed: read-denied (0.05175ms)
✔ diagnostic cleanup retains all actions and fails closed: signout-failed (0.05925ms)
✔ diagnostic cleanup retains all actions and fails closed: delete-failed (0.064875ms)
✔ snapshot must be available encrypted manual and exact whitelist cannot expand (0.424625ms)
✔ real local SQL retires exactly two jobs/requests and preserves every other table (1353.492875ms)
✔ live status drift aborts with original rows intact (519.665417ms)
✔ unexpected cascade/trigger changing a preserved table rolls back all deletes (475.3235ms)
✔ valid HTTP writes cannot be inflated by malformed, wrong role, wrong method or failed requests (1.019917ms)
✔ target License wire sequence proves ExpiringSoon renewal and Renewed activation using real handlers and PostgreSQL (1582.467708ms)
✔ planner never dispatches and matchable inputs never accept P95 or causal benefit (0.698334ms)
✔ pair rejects drift or missing proof sourceCommit (0.132333ms)
✔ pair rejects drift or missing proof memoryMiB (0.065917ms)
✔ pair rejects drift or missing proof architecture (0.049292ms)
✔ pair rejects drift or missing proof poolMax (0.057709ms)
✔ pair rejects drift or missing proof actorRole (0.042208ms)
✔ pair rejects drift or missing proof accountState (0.039625ms)
✔ pair rejects drift or missing proof operationId (0.042042ms)
✔ pair rejects drift or missing proof expectedStatus (0.059125ms)
✔ pair rejects drift or missing proof authenticatedPreconnect (0.092375ms)
✔ pair rejects drift or missing proof engineCpuDiagnosis (0.05375ms)
✔ pair rejects drift or missing proof artifactSetSha256 (0.04025ms)
✔ pair rejects drift or missing proof lambdaCount (0.062625ms)
✔ pair rejects drift or missing proof cleanupGate (0.035333ms)
✔ pair rejects drift or missing proof source (0.030333ms)
✔ pair rejects drift or missing proof coldProofGroup (0.025709ms)
✔ pair rejects drift or missing proof naturalCold409Count (0.03525ms)
✔ pair rejects drift or missing proof platformInitDurationMs (0.036875ms)
✔ pair rejects drift or missing proof clientSplitGate (0.062041ms)
✔ pair rejects drift or missing proof firstCheckoutOwned (0.055708ms)
✔ pair rejects drift or missing proof startedAt (0.027792ms)
✔ actual receipt loader rejects byte drift and directory escape before reading semantic proof (1.815333ms)
✔ matched independent sampling stays distinct from baseline and cannot accept a missing group (0.116375ms)
✔ recovery sub-gate checks all preserved tables without accepting full QA09 (1.050417ms)
✔ version mismatch, missing migration and changed certificate/other business data fail closed (0.374792ms)
✔ retirement evidence cannot hide wrong deleted IDs or lose preservation proof (0.272792ms)
✔ retirement project has fixed source and never modifies readonly/migration runner (26.870167ms)
✔ real Sync observation redacts secret domains and cannot treat delivery as firmware verification (0.498208ms)
✔ receipt runner sends only RECEIVED and redacts complete snapshots even with device password hashes (0.413583ms)
✔ receipt runner fails closed for mismatched snapshots and refused confirmation (0.133292ms)
✔ 117 elements require both real viewport receipts (31.682625ms)
✔ one failure fails all elements in the affected behavior group (0.518792ms)
✔ Active dependent operations are explicit NOT_RUN, not successful disabled checks (0.540625ms)
✔ duplicate, foreign and invalid viewport receipts fail closed (3.525084ms)
✔ Defer and Reject failures also block the browser Gate (1.597ms)
✔ CSV proof rejects empty, foreign and malformed downloads while parsing quoted data (0.311541ms)
✔ reopens own TLS session after same-clientId negative probe and closes on failure (0.715166ms)
✔ foreign MQTT scope is rejected before connection (0.092875ms)
✔ S3 fallback accepts exact owned version cleanup and rejects bucket, customer and pagination expansion (0.687417ms)
✔ export scope rejects a foreign device before API, AWS or output writes (0.563958ms)
✔ domain cleanup refuses live run, foreign customer name, missing DB cleanup and out-of-scope objects (0.646375ms)
✔ unseeded identity cleanup rejects unfinished, foreign, seeded and pre-existing admin ledgers (0.482458ms)
✔ Cognito canonical UUID is allowed only with exact own email and creation within this failed run (0.191792ms)
✔ P95 uses all actual samples and rejects empty or invalid measurements (0.436709ms)
✔ complete P95 excludes censored timeouts and refuses partial sample acceptance (0.118375ms)
✔ performance summary refuses to report P95 PASS for missing or incomplete actual samples (80.636833ms)
✔ read-only pool probe distinguishes one connection, recovery and incomplete capacity acceptance (2.961542ms)
✔ observed connection-budget violation refuses a pool PASS receipt (0.617542ms)
✔ foreign probe application name is rejected before database access (0.058584ms)
✔ CPU ancestry attributes minified constructor and compile samples exclusively (0.40925ms)
✔ curl metrics differences preserve boundaries and reject bad ordering or nonfinite values (0.465ms)
✔ curl probes are six bounded verified GETs with no credential/config/retry path; proxy prevents dispatch (1.332625ms)
✔ curl failures retain siblings and discard raw error text (0.185ms)
✔ scheduled publishing overlaps slow PUBACK and drains failures without abandoning in-flight writes (18.84825ms)
✔ only exact test account and readonly role accepted (0.494166ms)
✔ stack identity, region, project and test tag fail closed (0.101833ms)
✔ permission denial is unverified, never classified as absent (0.106625ms)
✔ metadata health never promotes missing business evidence to AWS PASS (0.295375ms)
✔ five groups with unconfirmed or disabled users do not prove usable identities (0.09975ms)
✔ missing target receipts and version mismatch remain blockers (0.078666ms)
✔ existing test environment requires neither new account nor stack and retains real-response/cleanup boundaries (0.2465ms)
✔ real sub-scope acceptance cannot claim whole QA09 (0.965ms)
✔ unfinished execution, missing role probe and failed assertion rejected (0.140792ms)
✔ missing cleanup, wrong target, secrets and source tampering rejected (0.888166ms)
✔ identity cleanup only accepts this run and the five known role identities (0.440125ms)
✔ record cleanup requires exact run namespace, not merely a partial prefix (0.091833ms)
✔ recovery excludes explicitly later own SLO records without waiving original bytes or deadlines (11.486333ms)
✔ later record exemption never includes other devices or customers (4.93725ms)
✔ site compensation rejects foreign-route before any AWS command (159.008625ms)
✔ site compensation rejects failed-cleanup before any AWS command (162.864375ms)
✔ site compensation rejects unbound-parent before any AWS command (134.407084ms)
✔ remaining target rejects foreign fixture before an API or database call (0.944792ms)
✔ unproved license activation fails legal stage and independent stage failures remain explicit without credentials (1.230916ms)
✔ per-request service throttling requires both unique IDs and bound access-row time/status, never minute metrics (0.348875ms)
✔ QA09 rollout separates logging, budget and event publication and rejects silent phase mistakes (0.755ms)
✔ engine CPU diagnosis is explicit and only allowed after pool budget rollout (0.093167ms)
✔ runtime assembly has ordered nested CPU intervals without additive initialization totals (2.510542ms)
✔ runtime proof rejects absent, duplicate, failed, foreign IDs, overlap, bad CPU and invalid durations (0.773583ms)
✔ security retest rejects foreign fixture before any credential or live API access (0.538166ms)
✔ six tampered tokens require HTTP rejection and keep credentials out of receipt (0.682041ms)
✔ unknown seed outcome requires observed complete own set or proven empty set, never a blind retry (0.571083ms)
✔ semantic SQL creates two scoped read models without lifecycle or authentication claims and refuses reuse (1212.329ms)
✔ semantic SQL refuses scope/state drift: lifecycle_status='Active' (173.1345ms)
✔ semantic SQL refuses scope/state drift: site_id=NULL (182.172542ms)
✔ semantic SQL refuses scope/state drift: customer_id='22222222-2222-2222-2222-222222222222' WHERE customer_id='11111111-1111-1111-1111-111111111111' (169.180833ms)
✔ semantic SQL refuses scope/state drift: name='outside' (163.988625ms)
✔ platform exports require the exact ledger and own frozen filters; foreign jobs remain unchanged (225.581333ms)
✔ business session cleanup never accepts a foreign email id role scope or lifecycle (0.591333ms)
✔ session fixtures require exact own customer and site binding before cleanup (0.114291ms)
✔ complete narrow real-environment scope never accepts full QA09 (1.277125ms)
✔ missing mTLS, shared keys, different ingress/archive bytes and missing cleanup fail closed (0.697917ms)
✔ CodeBuild inline source fits service limit and decompresses to exact reviewed bytes (42.698292ms)
✔ exact own-ten plan rejects expansion, historical identity and wrong customer namespace (15.409791ms)
✔ real SQL creates exact fixtures and cleanup preserves original devices/certificates (847.47675ms)
✔ unexpected original-data trigger mutation rolls back fixture creation (483.114333ms)
✔ processing provisioning job prevents cleanup without deleting any own devices (450.649834ms)
✔ CSR proofs bind method, path, request ID, timestamp, nonce and independent key (79.208ms)
✔ closed-fixture audit and request outbox cleanup require ledger and preserve unrelated events (441.678416ms)
✔ closed-fixture access rejects missing approval audit and live customer (422.099458ms)
✔ unseeded capacity attempt has read-only empty audit with deleted customers and fixed original baseline (433.824667ms)
✔ business-only Onboarded fixtures preserve original rows, refuse reuse and make no certificate/authentication claim (430.331875ms)
✔ unseeded timeout audit reads only exact prefix and cannot mutate original or retry customer creation (422.4755ms)
✔ active lifecycle fixture changes exactly two own states and never claims a natural path (408.818416ms)
✔ capacity probe executes a read-only transaction and leaves fixture and original rows unchanged (401.089667ms)
✔ review-only mode cannot run without an explicit review hook or with unknown options (0.388ms)
✔ fixture CLI distinguishes expired SSO from authorization rejection and transport timeouts (0.153792ms)
✔ TLS diagnostic bounds independent reads to 12 and six concurrent; fake observations cannot claim real target source (46.427708ms)
✔ TLS diagnostic retains settled siblings, missing samples and unexpected HTTP/authentication as PARTIAL (0.469625ms)
✔ version binding preserves prior defaults and accepts exact new target (1.686ms)
✔ invalid version input is rejected before any AWS operation (0.202583ms)
✔ all delivered writes have an explicit permission and own or absent object path (0.708708ms)
✔ identical claims still change signed payload bytes rather than unused base64 signature bits (0.131ms)
✔ Gateway 403 rejects tampered signatures while protected 2xx must fail (4.384583ms)
✔ quick has exact cadence, 24 historical hours, 30x burst, 5% duplicates and 2% delayed delivery (12.573ms)
✔ full plan contains 86400 historical Telemetry samples for 10 devices at 10-second cadence (181.174791ms)
✔ unknown profile fails closed (0.166125ms)
✔ P95 uses nearest rank and does not mutate input (0.12375ms)
✔ invalid latency  rejected (0.06275ms)
✔ invalid latency NaN rejected (0.033084ms)
✔ invalid latency Infinity rejected (0.039041ms)
✔ invalid latency -1 rejected (0.045916ms)
✔ independent checker verifies count average min max and UTC buckets (0.232917ms)
✔ complete reliability proof passes (0.601167ms)
✔ Gate rejects missing trace (0.374958ms)
✔ Gate rejects duplicate trace (0.344458ms)
✔ Gate rejects failed cleanup (0.320917ms)
✔ Gate rejects wrong profile (0.341792ms)
✔ Gate rejects wrong cadence (0.327917ms)
✔ Gate rejects untracked loss (0.309291ms)
✔ Gate rejects duplicate business row (0.298542ms)
✔ Gate rejects missing archive (0.293541ms)
✔ Gate rejects missing reorder (0.304667ms)
✔ Gate rejects missing retry (0.296792ms)
✔ Gate rejects unresolved gap (0.291166ms)
✔ Gate rejects worker not paused (0.292667ms)
✔ Gate rejects no backlog (0.292333ms)
✔ Gate rejects unscoped replay (0.273666ms)
✔ Gate rejects duplicate MQTT publish (0.280917ms)
✔ Gate rejects late ACK changed terminal state (0.314ms)
✔ Gate rejects telemetry P95 failed (0.310416ms)
✔ Gate rejects command P95 failed (0.32175ms)
✔ Gate rejects NaN P95 (0.316375ms)
✔ Gate rejects missing latency samples (0.344ms)
✔ security receipt accepts complete execution and all observed acceptance proofs (3.106667ms)
✔ execution fails closed: deleted required test (0.929875ms)
✔ execution fails closed: missing file (0.0925ms)
✔ execution fails closed: pending test (0.074042ms)
✔ execution fails closed: failed test (2.517708ms)
✔ proof fails closed: missing proof (0.799583ms)
✔ proof fails closed: reused prefix (0.292583ms)
✔ proof fails closed: cleanup incomplete (0.106917ms)
✔ proof fails closed: expired JWT accepted (0.108666ms)
✔ proof fails closed: missing write operation (0.127041ms)
✔ proof fails closed: forged identity accepted (0.102458ms)
✔ proof fails closed: route resolved before auth (0.065875ms)
✔ proof fails closed: cross tenant allowed (0.089666ms)
✔ proof fails closed: unauthorized side effect (0.694333ms)
✔ proof fails closed: prototype pollution (0.264792ms)
✔ proof fails closed: malicious media signed (0.299583ms)
✔ proof fails closed: malicious media persisted (0.134625ms)
✔ proof fails closed: leak ignored (0.08825ms)
✔ proof fails closed: unscanned audit (0.141625ms)
✔ proof fails closed: unscanned snapshot (0.118ms)
✔ proof fails closed: partial response scan (0.078791ms)
✔ independent scanner rejects nested secrets raw JWT Error private key and signed URL without echoing values (0.86ms)
✔ scanner detects opaque canary leakage and permits null redacted values and public certificate (0.044208ms)
ℹ tests 734
ℹ suites 0
ℹ pass 734
ℹ fail 0
ℹ cancelled 0
ℹ skipped 0
ℹ todo 0
ℹ duration_ms 7711.197125
