
> food-digester-platform@0.0.0 test:contracts /Users/anray/Documents/project/hiddenjoyacom/food-digester-platform
> pnpm --filter @fdp/contracts test


> @fdp/contracts@0.0.0 test /Users/anray/Documents/project/hiddenjoyacom/food-digester-platform/contracts
> node --import tsx --test mqtt/*.test.ts mqtt/*.test.mjs domain/*.test.ts lifecycle/*.test.ts media/*.test.ts security/*.test.ts rest/*.test.ts iot/*.test.mjs archive/*.test.mjs configuration/*.test.ts settings/*.test.ts

✔ 合法 Manifest fixtures 通过校验 (0.794ms)
✔ 非法 Manifest fixtures 被拒绝 (0.217917ms)
✔ DEC-016 已冻结且策略覆盖全部阻塞任务 (0.624833ms)
✔ 三类来源使用独立 Envelope 与互斥前缀 (0.141334ms)
✔ License/OTA 禁止伪装为 MQTT 原文，OTA 记录类型封闭 (0.066791ms)
✔ 归档 Envelope 判别字段和版本固定 (3.104ms)
✔ DEC-018 策略结构有效、已冻结且覆盖全部阻塞任务 (2.519792ms)
✔ V1 只允许四字段，范围、单位、默认值与冻结值一致 (0.111875ms)
✔ Admin Configuration 与 Device Sync OpenAPI 逐字段匹配统一策略 (0.165208ms)
✔ TS 常量与 JSON 策略一致 (0.059708ms)
✔ 策略 JSON 通过自身 JSON Schema 结构校验 (0.702792ms)
✔ 负向结构：实时流启用、非法范围/刷新模式与缺失字段被 Schema 拒绝 (0.37225ms)
✔ x-decision-versions 引用 DEC-009 且版本与决策登记一致；prototype-traceability.yaml 同步 (0.083625ms)
✔ 冻结值定性规则可执行：仅最新授权 Media、手动刷新、禁实时流 (0.079458ms)
✔ 策略消费者均为合法任务 ID 且覆盖 DEC-009 阻塞任务 (0.161292ms)
✔ TS 常量与 camera-interaction-policy.json 完全一致 (0.109833ms)
✔ 策略 JSON 通过自身 JSON Schema 结构校验 (0.795375ms)
✔ 负向结构：数据来源篡改与缺失字段被 Schema 拒绝 (0.341417ms)
✔ x-decision-versions 引用 DEC-008 且版本与决策登记一致；prototype-traceability.yaml 同步 (0.062375ms)
✔ 冻结值定性规则可执行：封闭类型集合、仅设备上报、禁云端臆测 (0.101625ms)
✔ 冻结参数可执行：正式名称、阈值和 24 小时过期规则 (0.208375ms)
✔ 策略消费者均为合法任务 ID 且覆盖 DEC-008 阻塞任务 (0.122208ms)
✔ TS 常量与 consumables-policy.json 完全一致 (0.084541ms)
✔ 策略 JSON 通过自身 JSON Schema 结构校验 (0.930041ms)
✔ 负向结构：联动规则反转与缺失字段被 Schema 拒绝 (0.312875ms)
✔ x-decision-versions 引用 DEC-007 且版本与决策登记一致；prototype-traceability.yaml 同步 (0.069083ms)
✔ 冻结值定性规则可执行：职责划分、联动与展示 (0.115459ms)
✔ 策略消费者均为合法任务 ID 且覆盖 DEC-007 阻塞任务与关联任务 (0.13675ms)
✔ TS 常量与 contract-license-relation.json 完全一致 (0.076959ms)
✔ DEC-019 alias 策略已冻结且无待定参数 (0.551167ms)
✔ TS、JSON 与 Admin Device OpenAPI 使用同一 alias 规则 (0.099291ms)
✔ 策略 JSON 通过自身 JSON Schema 结构校验 (0.731084ms)
✔ 负向结构：单字段混用、独立存储"启用"与缺失字段被 Schema 拒绝 (0.329292ms)
✔ x-decision-versions 引用 DEC-010 且版本与决策登记一致；prototype-traceability.yaml 同步 (0.064333ms)
✔ 冻结值定性规则可执行：四轴分离、禁单字段混用、派生原则 (0.100542ms)
✔ 冻结参数可执行：启用由 Active 生命周期和有效 License 派生 (0.052375ms)
✔ 策略消费者均为合法任务 ID 且覆盖 DEC-010 阻塞任务与关联任务 (0.120583ms)
✔ TS 常量与 device-status-axes-policy.json 完全一致 (0.066417ms)
✔ 策略 JSON 通过自身 JSON Schema 结构校验 (0.752ms)
✔ 负向结构：设备地域真值与缺失字段被 Schema 拒绝 (0.227417ms)
✔ x-decision-versions 引用 DEC-011 且版本与决策登记一致；prototype-traceability.yaml 同步 (0.063625ms)
✔ 冻结值定性规则可执行：层级链、Site 属性、设备仅关联 Site (0.105292ms)
✔ 策略消费者均为合法任务 ID 且覆盖 DEC-011 阻塞任务 (0.1155ms)
✔ TS 常量与 geo-model-policy.json 完全一致 (0.062625ms)
✔ 策略 JSON 通过自身 JSON Schema 结构校验 (0.707292ms)
✔ 负向结构：AWS 授权、矩阵可编辑与缺失字段被 Schema 拒绝 (0.280833ms)
✔ x-decision-versions 引用 DEC-012 且版本与决策登记一致；prototype-traceability.yaml 同步 (0.063125ms)
✔ 冻结值定性规则可执行：封闭映射、界面名、AWS 权限与矩阵规则 (0.137916ms)
✔ 策略消费者均为合法任务 ID 且覆盖 DEC-012 阻塞任务 (0.113958ms)
✔ TS 常量与 role-mapping-policy.json 完全一致 (0.068833ms)
✔ Envelope 必填五个 iot* 上下文字段，Payload 平铺透传 (22.9955ms)
✔ iotType 枚举与 topic-catalog 上行类型严格一致（8 个） (0.113042ms)
✔ 所有合法 Fixture 通过校验（含 Payload 内不可信身份字段的样本） (0.328792ms)
✔ 所有非法 Fixture 被稳定拒绝且错误路径正确 (0.130667ms)
✔ 矩阵 JSON 通过自身 JSON Schema 结构校验 (0.884042ms)
✔ 负向结构：缺失必填字段、非法枚举与额外行为键被 Schema 拒绝 (0.445709ms)
✔ x-decision-versions 引用 DEC-001 且版本与决策登记一致 (0.056625ms)
✔ 冻结值：独立状态；允许维护、同步、遥测、告警和 OTA (0.072125ms)
✔ Maintenance Sync 节奏为 15 分钟（Suspended 节奏） (0.05375ms)
✔ 失败关闭：未知行为拒绝并抛出稳定错误 (0.192708ms)
✔ 命令策略与 command-catalog 一致：Maintenance 允许集合 == Suspended 允许集合 (0.108667ms)
✔ 行为条目消费者均为合法任务 ID 且覆盖 DEC-001 阻塞任务 (0.11225ms)
✔ TS 常量与 maintenance-behavior-matrix.json 完全一致 (0.117125ms)
✔ DEC-017 策略结构有效、已冻结且覆盖全部阻塞任务 (0.812334ms)
✔ 24 小时截止从证书包存储开始，截止边界包含在超时内 (1.711ms)
✔ 超时处置、迟到 Heartbeat 与重新申请规则失败关闭 (0.077708ms)
✔ TS 常量与 JSON 策略一致 (0.066792ms)
✔ 策略 JSON 通过自身 JSON Schema 结构校验 (0.723209ms)
✔ 负向结构：存储位置篡改、非法处置行为与缺失字段被 Schema 拒绝 (0.345583ms)
✔ x-decision-versions 引用 DEC-005 且版本与决策登记一致 (0.068667ms)
✔ 冻结值定性规则可执行：RDS 元数据 / S3 文件分离 (0.060916ms)
✔ 冻结参数可执行：元数据 365 天、文件 90 天且删除文件保留元数据 (0.070167ms)
✔ 策略消费者均为合法任务 ID 且覆盖 DEC-005 阻塞任务与关联任务 (0.125541ms)
✔ TS 常量与 media-retention-policy.json 完全一致 (0.106333ms)
✔ 策略 JSON 通过自身 JSON Schema 结构校验 (0.697375ms)
✔ 负向结构：客户端指定 Key、篡改冻结 TTL/配额与缺失字段被 Schema 拒绝 (0.348958ms)
✔ 锁定规则：mediaTypes 与 CT-03 media.schema.json 枚举一致；客户端不得指定 Key (0.134916ms)
✔ DEC-024 冻结值可执行且无待定参数 (0.066042ms)
✔ TS 常量与 media-upload-policy.json 完全一致 (0.132041ms)
✔ 22 个 Command 全部唯一且覆盖六大分类 (0.679792ms)
✔ 13 个 Notification 全部唯一且有设备动作映射 (0.122459ms)
✔ 高风险标记与文档一致（EMERGENCY_STOP/FACTORY_RESET/SHUTDOWN/全部加热、排料、电机控制） (0.070792ms)
✔ 允许状态矩阵无遗漏：22 命令 × 4 状态 (0.096167ms)
✔ Suspended 仅允许安全停止、诊断、同步和维护/恢复类命令 (0.066209ms)
✔ MAINTENANCE 按 Suspended 限制（DEC-001 冻结值） (0.047583ms)
✔ 未知命令/通知在运行时被拒绝 (0.194416ms)
✔ denyReason 稳定且允许时返回 null (0.051792ms)
✔ TS 常量与 command-catalog.json / notification-catalog.json 完全一致 (0.104208ms)
✔ Schema 枚举与目录一致（cmd/ack command、notification type） (0.314417ms)
✔ 策略 JSON 通过自身 JSON Schema 结构校验 (0.736291ms)
✔ 负向结构：非法取值与缺失字段被 Schema 拒绝 (1.921083ms)
✔ x-decision-versions 引用 DEC-006 且版本与决策登记一致 (0.087209ms)
✔ 冻结值可执行：V1 下行 seq 可选、上行必填、Command 以 meta.id 幂等 (0.075541ms)
✔ 策略与 common.schema.json 一致：下行 metaBase 不要求 seq、id 必填；上行 metaSeq 要求 seq (0.069375ms)
✔ 下行/上行 Schema 的 meta 引用与策略一致 (0.560417ms)
✔ 策略消费者均为合法任务 ID 且覆盖 DEC-006 阻塞任务 (0.159209ms)
✔ TS 常量与 downlink-policy.json 完全一致 (0.118791ms)
✔ DEC-015 策略冻结、可追溯且覆盖全部阻塞任务 (0.634125ms)
✔ 唯一通道为既有 ACK；Topic 总数和 IoT 权限面不扩大 (0.068084ms)
✔ ACK 判别字段、关联键和 OTA 状态与冻结策略一致 (0.072458ms)
✔ 状态机只允许冻结的单向迁移；相同状态幂等 (0.065125ms)
✔ TS 常量与 JSON 策略完全一致 (0.0735ms)
✔ DEC-013 策略 JSON 通过自身 Schema 且覆盖登记阻塞任务 (0.788542ms)
✔ DEC-013 策略关键值被 Schema 锁定，篡改时失败关闭 (0.18475ms)
✔ DEC-013 策略冻结且无待定参数 (0.05125ms)
✔ Heartbeat 旧嵌套结构在兼容期转换为正式扁平结构且不修改原对象 (0.188959ms)
✔ Telemetry motorCurrentAmp 在兼容期转换为 currentAmp；同值并存允许、冲突失败关闭 (0.264667ms)
✔ 兼容截止边界起拒绝嵌套结构、motorCurrentAmp 与 DISCHARING (0.09075ms)
✔ RFC 8785 固定向量与 audit.hash 覆盖 {meta,data} (0.18025ms)
✔ 11 类消息均有 Schema 和 Fixture，且每类 >=1 合法 + >=3 非法 (0.875958ms)
✔ 所有合法 Fixture 通过校验 (1.466375ms)
✔ 所有非法 Fixture 被稳定拒绝并返回明确错误路径 (0.832292ms)
✔ 非法枚举被稳定拒绝且路径明确 (0.129208ms)
✔ 单位/类型错误被拒绝（integer 不接受小数与字符串） (0.294083ms)
✔ 缺少必填字段被拒绝（meta.id、上行 seq、Heartbeat 必填 data 字段） (0.201125ms)
✔ 额外身份字段（customerId/tenantId/deviceId）在各层均被拒绝 (0.185625ms)
✔ 下行消息 meta.seq 可选（DEC-006），上行强制 (0.756416ms)
✔ Telemetry/Report/Tamper 强制 audit.hash；Command 禁止 audit（DEC-002） (0.277458ms)
✔ DEC-013：Audited 合法 Fixture 携带可复算的 RFC 8785 audit.hash (0.429792ms)
✔ schemaVer 缺省按 1.0 归一化；非法 schemaVer 被拒绝 (0.187583ms)
✔ meta.id 字符集与长度固定 (0.079375ms)
✔ payloads.ts 与 Schema 保持一致（生成器新鲜度） (0.928833ms)
✔ 全部 Schema 的 x-decision-versions 可追溯到决策登记 (0.940333ms)
✔ Telemetry current (0.353959ms)
✔ Telemetry past 300s (0.045542ms)
✔ Telemetry past 301s (0.0365ms)
✔ Telemetry past 24h inclusive (0.041125ms)
✔ Telemetry past 24h plus 1ms (0.039666ms)
✔ Telemetry future 300s inclusive (0.076875ms)
✔ Telemetry future 300s plus 1ms (0.052541ms)
✔ other topics retain symmetric 300-second tolerance (0.073292ms)
✔ configured tolerance affects future bound but cannot enlarge Telemetry history (0.054333ms)
✔ invalid numeric policy inputs fail closed (0.093708ms)
✔ Tier 登记 JSON 通过自身 JSON Schema 结构校验 (0.934708ms)
✔ 负向结构：非法 Tier、未知 Topic 键与缺失字段被 Schema 拒绝 (0.457333ms)
✔ x-decision-versions 引用 DEC-002 且版本与决策登记一致 (0.067458ms)
✔ 冻结值：Telemetry/Report/Tamper 为 AUDITED，Command 及其余为 STANDARD (0.139291ms)
✔ Tier 与 topic-catalog.json 的 payloadEnvelope 完全一致 (0.059333ms)
✔ Tier 与 11 个 MQTT Schema 的 audit 强制完全一致 (0.431458ms)
✔ 失败关闭：未知 Topic 拒绝并抛出稳定错误 (0.195417ms)
✔ Tier 条目消费者均为合法任务 ID 且覆盖 DEC-002 阻塞任务 (0.144667ms)
✔ 登记覆盖全部 11 个 Topic 且 TS 常量与 topic-tier.json 完全一致 (0.091333ms)
✔ catalog 恰好包含 8 个上行和 3 个下行 Topic (0.688125ms)
✔ 11 个 Topic 的方向与 QoS 矩阵全部符合契约 (0.119042ms)
✔ TS 常量与 topic-catalog.json 完全一致 (0.090416ms)
✔ 合法 Topic 可解析出 deviceId/type/direction (0.110584ms)
✔ buildTopic 与 parseTopic 往返一致 (0.081583ms)
✔ 未知层级和空 deviceId 被拒绝 (0.221417ms)
✔ buildTopic 拒绝空和非法 deviceId (0.075709ms)
✔ 权限模板：设备只能发布自身上行、只能订阅自身下行 (0.096959ms)
✔ 权限模板拒绝非法 deviceId (0.05925ms)
✔ 六个端点齐备且 CognitoJwt 认证；响应码齐备 (1.012834ms)
✔ 筛选参数齐备：severity/status/device/site/时间范围 + 游标分页 (0.102167ms)
✔ Schema 封闭：Alarm 处理字段（操作者/原因/时间）与 replayed 齐备；确认/清除强制 reason (0.073958ms)
✔ 所有 $ref 可解析（内部引用 + 同目录相对引用 openapi-base.json） (0.328375ms)
✔ 端点齐备且 CognitoJwt 认证：列表 + 详情 (1.045958ms)
✔ 只读 API：不存在任何写路由（post/put/patch/delete） (0.076333ms)
✔ 筛选参数齐备（actor/Customer/对象/动作/结果/时间 + 游标分页）；响应不暴露敏感字段 (0.122458ms)
✔ 所有 $ref 可解析（内部引用 + openapi-base.json） (1.151958ms)
✔ 端点存在且 Cognito 认证；轮换请求视图为七字段且不含密钥材料 (0.57925ms)
✔ 所有 $ref 可解析（内部引用 + 同目录相对引用 openapi-base.json） (0.702541ms)
✔ 端点齐备且 CognitoJwt 认证；201 创建 + 200 幂等重放 + 409 冲突/状态门 (0.613916ms)
✔ 命令枚举与 CT-04 目录 22 个白名单一致；确认凭证与 timeoutSec 边界齐备 (0.095708ms)
✔ 响应 Schema 封闭且含 requestedBy/expiresAt/replayed/confirmedBy (0.059666ms)
✔ BE-CMD-03 查询端点齐备：列表/详情 + 状态枚举 + attempts/acks 时间线 (0.104166ms)
✔ 所有 $ref 可解析（内部引用 + 同目录相对引用 openapi-base.json） (0.29275ms)
✔ 七个端点齐备且 Cognito 认证；operationId 与响应码齐备 (1.547666ms)
✔ Schema 封闭：DEC-018 冻结 V1 四字段、单位、范围与默认值 (0.194375ms)
✔ 所有 $ref 可解析（内部引用 + 同目录相对引用 openapi-base.json） (1.642291ms)
✔ 列表与按需联系人端点齐备且 Cognito 认证；筛选参数齐备 (0.639333ms)
✔ Schema 封闭：两种耗材列恒在；列表零联系人 PII；按需联系人独立；百分比 0~100 (0.098416ms)
✔ 所有 $ref 可解析（内部引用 + 同目录相对引用 openapi-base.json） (27.974625ms)
✔ 六个端点齐备且 Cognito 认证；状态迁移强制 If-Match (8.044041ms)
✔ Schema 封闭：四态枚举/source 固定 ADMIN/幂等 replayed/完整历史字段 (0.150042ms)
✔ 所有 $ref 可解析（内部引用 + 同目录相对引用 openapi-base.json） (0.314625ms)
✔ 八个端点齐备且 Cognito 认证；写操作强制 If-Match (2.382292ms)
✔ Schema 封闭：五态枚举/唯一编号/强制原因/派生状态/最小权限 contact (0.259958ms)
✔ 所有 $ref 可解析（内部引用 + 同目录相对引用 openapi-base.json） (0.36275ms)
✔ 五个端点齐备且 Cognito 认证；operationId 与响应码齐备 (1.039083ms)
✔ Schema 封闭：设备视图字段齐备/关联窗口/强制原因/批量语义 (0.097375ms)
✔ 所有 $ref 可解析（内部引用 + 同目录相对引用 openapi-base.json） (0.283125ms)
✔ 六端点齐备且 Cognito 认证；写操作声明 If-Match；响应码齐备 (0.67675ms)
✔ Customer 视图六字段封闭；status 枚举 ACTIVE|SUSPENDED；请求体封闭 (1.179ms)
✔ 所有 $ref 可解析（内部引用 + 同目录相对引用 openapi-base.json） (0.720333ms)
✔ 端点齐备且 CognitoJwt 认证：仅 GET 总览（只读，无写路由） (0.572666ms)
✔ 总览 DTO 齐备：Contract/设备分布/在线率/今日 ESG/最新告警/设备卡片；四轴分离不合并 (0.963667ms)
✔ 所有 $ref 可解析（内部引用 + openapi-base.json） (0.234167ms)
✔ 列表/详情端点存在且 Cognito 认证；筛选参数齐备；响应码齐备 (0.707625ms)
✔ Device 视图字段封闭（原型设备群表格字段均有来源）；证书仅摘要 (0.167709ms)
✔ BE-DEV-06 元数据 PATCH 端点：白名单仅 alias + If-Match 乐观锁 + 409 冲突语义 (0.09325ms)
✔ 所有 $ref 可解析（内部引用 + 同目录相对引用 openapi-base.json） (0.290417ms)
✔ 分配/历史端点齐备且 Cognito 认证；响应码齐备 (0.584334ms)
✔ DeviceAssignment 视图封闭：授权窗口（assignedAt/endedAt）+ 幂等/通知字段齐备 (0.085958ms)
✔ 所有 $ref 可解析（内部引用 + 同目录相对引用 openapi-base.json） (2.13375ms)
✔ 端点齐备且 CognitoJwt 认证：console/activities/export/导出详情 (1.045333ms)
✔ 四轴分离 + 数据块 observedAt/stale/单位；最新 Media 可选块稳定可空 (0.116042ms)
✔ 不透传 MQTT 原始消息、不含实时流/运维字段；所有 $ref 可解析 (0.345417ms)
✔ retire/force-complete 端点齐备且 Cognito 认证；响应码齐备 (0.568208ms)
✔ 请求体封闭：retire 强制原因 + confirm 恒 true；视图封闭且通知枚举正确 (0.086ms)
✔ 所有 $ref 可解析（内部引用 + 同目录相对引用 openapi-base.json） (0.855333ms)
✔ suspend/reactivate 端点齐备且 Cognito 认证；响应码齐备 (0.577708ms)
✔ 请求体封闭：挂起强制原因；恢复强制原因 + issueResolved 恒 true；通知枚举正确 (0.0795ms)
✔ 所有 $ref 可解析（内部引用 + 同目录相对引用 openapi-base.json） (5.067916ms)
✔ 七个端点齐备且 Cognito 认证；写操作强制 If-Match (0.688666ms)
✔ Schema 封闭：管理 DTO 无 PHC；写接口只受控接收 writeOnly password (0.641042ms)
✔ 所有 $ref 可解析（内部引用 + 同目录相对引用 openapi-base.json） (0.3205ms)
✔ 八个端点齐备且 CognitoJwt 认证；导出创建返回 202 (5.983334ms)
✔ 查询筛选参数齐备（customerId/siteId/deviceId/时间范围 + 游标）；reports 含 reportType (0.104166ms)
✔ Schema 封闭：导出数据集枚举、短期 URL 过期字段、CSV 一致性字段 (0.079542ms)
✔ 所有 $ref 可解析（内部引用 + 同目录相对引用 openapi-base.json） (0.367416ms)
✔ 八个端点齐备且 Cognito 认证；operationId 与响应码齐备 (1.53975ms)
✔ Schema 封闭：七态枚举/Entitlement 三码/签名字段/强制原因/幂等与派生字段 (0.239042ms)
✔ 所有 $ref 可解析（内部引用 + 同目录相对引用 openapi-base.json） (1.171333ms)
✔ 四个审批端点存在且使用 Cognito JWT 认证 (0.55525ms)
✔ approve/reject 强制 If-Match；reject 强制 reason (0.09625ms)
✔ 申请 DTO 不含 CSR 原文 (0.052666ms)
✔ 管理端明确暴露内部 TIMED_OUT，列表状态过滤为封闭枚举 (0.054917ms)
✔ 所有 $ref 可解析（内部引用 + 同目录相对引用 openapi-base.json） (5.106834ms)
✔ 端点齐备且 CognitoJwt 认证：创建/列表/详情/targets/扩大批次/pause/resume/cancel/retry (1.809375ms)
✔ 首批强制恰好 1 台；最终全量审批契约封闭；状态机枚举封闭 (0.141ms)
✔ 视图封闭且不泄露内部字段；批次/重试结果结构稳定 (0.0845ms)
✔ 所有 $ref 可解析（内部引用 + 同目录相对引用 openapi-base.json） (0.390334ms)
✔ 端点齐备且 CognitoJwt 认证：上传会话/complete/列表/详情 (1.463166ms)
✔ packageType/sha256 与 CT-03 OTA Schema 一致；创建字段封闭且签名必填 (0.109083ms)
✔ 状态机封闭：UPLOADED/VERIFIED/RETIRED；可发布=VERIFIED；视图不泄露信任根 (0.116625ms)
✔ 所有 $ref 可解析（内部引用 + 同目录相对引用 openapi-base.json） (3.578ms)
✔ 端点存在且 Cognito 认证；三端点（create/list/detail）响应码齐备 (0.6025ms)
✔ ReplayJob 视图七字段封闭；状态枚举与统计字段齐备；scope 封闭 (0.0915ms)
✔ 所有 $ref 可解析（内部引用 + 同目录相对引用 openapi-base.json） (1.140791ms)
✔ 端点齐备且 CognitoJwt 认证：列表/读取/更新（无删除与新建路由） (0.606166ms)
✔ 封闭 key 集与乐观锁版本控制；固定枚举不可经 API 改写 (0.111042ms)
✔ 所有 $ref 可解析（内部引用 + openapi-base.json） (3.564917ms)
✔ 六端点齐备且 Cognito 认证；写操作声明 If-Match；响应码齐备 (0.648792ms)
✔ Site 视图字段封闭（含 deviceCount/version）；status 枚举；请求体封闭且更新体不含 customerId (1.891417ms)
✔ 所有 $ref 可解析（内部引用 + 同目录相对引用 openapi-base.json） (0.341375ms)
✔ 端点齐备且 CognitoJwt 认证：列表/邀请/角色/scope/停用/密码重置 (8.93ms)
✔ 角色封闭集与 DEC-012 映射；输入不含密码字段；响应不含凭证材料 (0.12875ms)
✔ 所有 $ref 可解析（内部引用 + openapi-base.json） (0.271042ms)
✔ 端点存在且使用 Device mTLS 认证 (0.553583ms)
✔ 轮换契约：请求强制 currentCertificateId；响应五字段；409/403/400/401 齐整 (0.65025ms)
✔ 状态契约为四态枚举且响应不含 PEM/私钥字段 (0.069709ms)
✔ 状态查询由 mTLS 身份定位证书，不增加源稿未定义的 deviceId Query (0.046375ms)
✔ 所有 $ref 可解析（内部引用 + 同目录相对引用 openapi-base.json） (0.189709ms)
✔ deactivate 端点齐备且 DeviceMtls 认证；响应码齐备 (0.628166ms)
✔ 响应视图封闭：退役记录 + 证书摘要（无证书材料字段）；幂等字段齐备 (0.160625ms)
✔ 所有 $ref 可解析（内部引用 + 同目录相对引用 openapi-base.json） (1.267666ms)
✔ BE-ONB-01 端点存在且 CSR 首次申请无需预置 Token (0.990333ms)
✔ 请求体包含设备资料和必填 CSR (0.090416ms)
✔ 成功响应含 requestId 与 PENDING 状态（200 幂等重放 / 201 新建） (0.060375ms)
✔ 匿名申请负向响应覆盖稳定错误码语义：400/404/409/429/500 (0.064083ms)
✔ 所有 $ref 可解析（内部引用 + 同目录相对引用 openapi-base.json） (0.223333ms)
✔ BE-ONB-03 status 端点：requestId 与 CSR 私钥签名，三态响应不含设备私钥 (0.08975ms)
✔ BE-OTA-03 下载兑换必须使用 Device mTLS 且绑定 target/token (0.5445ms)
✔ 一次性兑换响应禁止缓存，并封闭安全失败状态 (0.081791ms)
✔ 六个设备 Endpoint 的 Method、Path 完整且认证方式符合 DEC-025 (0.644792ms)
✔ Onboarding 按 DEC-026 增加 chain 与 REST，保留顶层结构，不使用 data/meta 包裹 (0.06725ms)
✔ Certificate 与 Sync 关键字段遵循源稿日期、枚举、用户和配置结构 (0.080584ms)
✔ 管理端 License/Device 投影不把源稿 OTA entitlement 改名为 OTA_UPDATE (0.036834ms)
✔ 所有 REST OpenAPI 使用当前正式决策登记版本且无非法 SEC 决策引用 (5.312292ms)
✔ sync 端点齐备且 DeviceMtls 认证；响应码齐备 (0.647958ms)
✔ 请求体封闭：lastSyncTime 与可选许可证确认 (0.060083ms)
✔ 快照顶层与源稿六域同形，兼容元数据不成为必填线协议 (0.175167ms)
✔ Retired 退役确认待处理设备仍可 Sync，契约不在认证层全局拒绝 (0.061417ms)
✔ 所有 $ref 可解析（内部引用 + 同目录相对引用 openapi-base.json） (0.219625ms)
✔ 许可证确认绑定版本与快照，规范验签输入保留完整UTC时间 (0.051084ms)
✔ 基座 SuccessResponse 结构：data + meta(requestId, UTC timestamp) (1.398875ms)
✔ 游标分页响应与往返解析 (0.127583ms)
✔ 非法游标返回 CURSOR_INVALID（400） (0.154ms)
✔ limit 归一化：默认 50，范围 1~100 (0.070958ms)
✔ Idempotency-Key：缺失/非法被拒绝，合法值透传 (0.088875ms)
✔ If-Match 并发版本冲突返回确定的 409 (0.184084ms)
✔ 验证失败有确定响应（400 + VALIDATION_FAILED） (0.095875ms)
✔ 异常映射器不泄露堆栈、SQL 或 AWS 内部错误 (0.056084ms)
✔ 错误码目录、HTTP 状态映射与 OpenAPI ErrorCode 枚举三者一致 (0.092417ms)
✔ OpenAPI 基座结构有效：四个 API 分组与安全方案 (0.093541ms)
✔ OpenAPI 基座所有内部 $ref 均可解析（无悬空引用） (0.136625ms)
✔ 设备端：上传会话端点齐备且 DeviceMtls 认证；输入封闭；objectPath 由服务端签发 (0.656167ms)
✔ 管理端：列表/下载端点齐备且 CognitoJwt 认证；视图不泄露内部存储信息 (0.141125ms)
✔ Media 状态枚举封闭（AVAILABLE/DELETED）；配额/大小/TTL 引用 DEC-024 冻结值 (0.096042ms)
✔ 所有 $ref 可解析（内部引用 + openapi-base.json） (0.272667ms)
✔ 策略 JSON 通过自身 JSON Schema 结构校验 (0.711542ms)
✔ 负向结构：非法枚举、非空待冻结参数与缺失字段被 Schema 拒绝 (0.326458ms)
✔ x-decision-versions 引用 DEC-003 且版本与决策登记一致 (0.0565ms)
✔ 暂定值定性规则可执行：KMS 信封、一次性领取、成功即销毁、丢失重签 (0.064ms)
✔ 冻结参数可直接执行：24 小时、一次成功领取、无待定参数 (0.06475ms)
✔ 策略消费者均为合法任务 ID 且覆盖 DEC-003 阻塞任务与 SEC-01 (0.121208ms)
✔ TS 常量与 certificate-package-policy.json 完全一致 (0.113625ms)
✔ 策略 JSON 通过自身 JSON Schema 结构校验 (1.2685ms)
✔ 负向结构：复用云端 Hash、非独立 salt 与非法字段被 Schema 拒绝 (0.6415ms)
✔ x-decision-versions 引用 DEC-004 且版本与决策登记一致 (0.076709ms)
✔ 暂定值定性规则可执行：设备本地专用、禁复用云端 Hash、每用户 salt、仅 Sync 下发 (0.11475ms)
✔ 冻结参数可直接执行：Argon2id PHC、固定参数与长度 (0.086375ms)
✔ 策略消费者均为合法任务 ID 且覆盖 DEC-004 阻塞任务 (0.135375ms)
✔ TS 常量与 device-user-verifier-policy.json 完全一致 (0.09275ms)
✔ 策略 JSON 通过自身 JSON Schema 结构校验 (0.755084ms)
✔ 负向结构：跳过服务端验签、非失败关闭与内嵌信任根被 Schema 拒绝 (0.401542ms)
✔ 暂定值定性规则可执行：服务端验签强制、失败关闭、载荷字段锁定、信任根带外分发 (0.113375ms)
✔ DEC-022 冻结算法、信任根类型、编码且无待定参数 (0.060666ms)
✔ DEC-022 固定 RSA/SHA-256 测试向量可复验 (0.599458ms)
✔ 策略消费者均为合法任务 ID 且覆盖 BE-OTA-01 (0.100875ms)
✔ TS 常量与 ota-package-signature-policy.json 完全一致 (0.077042ms)
✔ 四类业务设置共享版本化 JSON Schema 与运行时校验器 (23.501958ms)
ℹ tests 302
ℹ suites 0
ℹ pass 302
ℹ fail 0
ℹ cancelled 0
ℹ skipped 0
ℹ todo 0
ℹ duration_ms 574.77225
