
> food-digester-platform@0.0.0 test:device-contracts /Users/anray/Documents/project/hiddenjoyacom/food-digester-platform
> node --import tsx scripts/run-contract-suite.mjs docs/audit/evidence/qa-09-lifecycle-telemetry-2026-10-05/device-contract-gate.json

✔ QA-02 MQTT heartbeat: all valid/invalid fixtures, missing meta and type mutation (4.362ms)
✔ QA-02 MQTT telemetry: all valid/invalid fixtures, missing meta and type mutation (1.696917ms)
✔ QA-02 MQTT report: all valid/invalid fixtures, missing meta and type mutation (1.634667ms)
✔ QA-02 MQTT alarm: all valid/invalid fixtures, missing meta and type mutation (1.128375ms)
✔ QA-02 MQTT event: all valid/invalid fixtures, missing meta and type mutation (0.677375ms)
✔ QA-02 MQTT ack: all valid/invalid fixtures, missing meta and type mutation (1.111708ms)
✔ QA-02 MQTT tamper: all valid/invalid fixtures, missing meta and type mutation (1.49825ms)
✔ QA-02 MQTT media: all valid/invalid fixtures, missing meta and type mutation (0.946292ms)
✔ QA-02 MQTT cmd: all valid/invalid fixtures, missing meta and type mutation (1.051791ms)
✔ QA-02 MQTT ota: all valid/invalid fixtures, missing meta and type mutation (1.022708ms)
✔ QA-02 MQTT notification: all valid/invalid fixtures, missing meta and type mutation (0.888916ms)
✔ MQTT semantic hash, discriminator and UTC calendar errors fail closed (0.358708ms)
✔ full REST response: field deletion/type mutation/envelope/date/errors/status/headers are enforced (2.102834ms)
✔ REST request validation: required body/path/query/header, optional Sync, bodyless Deactivate, no type coercion in JSON (2.688666ms)
✔ all device operations and declared response JSON Schemas compile; stable error catalog has no duplicates (16.120916ms)
✔ predecessor MQTT is compatible; known REST break requires exact version and frozen DEC approvals (15.911083ms)
✔ breaking contract mutations fail: removing fields/operations/status, changing type/required/security (34.055667ms)
✔ receipt coverage gate fails closed for missing operations/statuses, no valid request and forged records (0.242333ms)
✔ archived CSR upgrade mapping still verifies original baselines without rewriting history (2.007833ms)
ℹ tests 19
ℹ suites 0
ℹ pass 19
ℹ fail 0
ℹ cancelled 0
ℹ skipped 0
ℹ todo 0
ℹ duration_ms 207.022417

 RUN  v4.1.11 /Users/anray/Documents/project/hiddenjoyacom/food-digester-platform


 Test Files  10 passed (10)
      Tests  98 passed (98)
   Start at  00:27:09
   Duration  3.71s (transform 3.73s, setup 79ms, import 7.66s, tests 14.36s, environment 0ms)

QA-02 PASS: 11 MQTT schemas, 8 device operations, 168 checked Handler responses
