
> food-digester-platform@0.0.0 test:scripts /Users/anray/Documents/project/hiddenjoyacom/food-digester-platform
> node --import tsx --test scripts/*.test.mjs

✔ bootstrap input is bound to the normalized email and never accepts a password (0.776208ms)
✔ successful bootstrap creates Cognito identity before committing linked database user (0.193875ms)
✔ non-pristine Cognito or database fails before any mutation (0.179416ms)
✔ database failure deletes Cognito identity and records compensated failure (0.177459ms)
✔ failed Cognito compensation keeps reconciliation required (0.108917ms)
✔ source approval requires exact SHA and packager embeds committed SHA (2955.166083ms)
✔ runner without approved source fails closed without leaking configuration (27.816958ms)
✔ serial and parallel repeated browser receipts are validated (17.598292ms)
✔ fail closed: missing required flow (0.19075ms)
✔ fail closed: skipped execution (0.102625ms)
✔ fail closed: flaky execution (0.079209ms)
✔ fail closed: retry hides failure (0.092208ms)
✔ fail closed: unexpected error (0.07625ms)
✔ fail closed: missing isolated trace (0.085958ms)
✔ fail closed: data prefix reused (10.149166ms)
✔ fail closed: context cleanup failed (0.133792ms)
✔ fail closed: unmocked network request (0.143834ms)
✔ fail closed: missing role proof (0.186083ms)
✔ fail closed: wrong route permission (0.167ms)
✔ fail closed: Auditor OTA write enabled (0.159875ms)
✔ fail closed: missing MFA assertion (0.168959ms)
✔ fail closed: missing conflict response (0.158667ms)
✔ fail closed: missing forbidden response (0.150125ms)
✔ fail closed: missing repeat (0.115292ms)
✔ repeat traces cannot duplicate the first execution (0.137292ms)
✔ manifest exactly matches independent Playwright discovery (580.446792ms)
✔ discovery fails closed: missing case (0.478291ms)
✔ discovery fails closed: extra case (0.219708ms)
✔ discovery fails closed: duplicate replacing required case (0.154583ms)
✔ old Viewer permission cannot pass the updated matrix (0.812208ms)
✔ required behavioral proof cannot be missing: H-01 API 拒绝停用会话后清除浏览器会话并返回登录 (0.60875ms)
✔ required behavioral proof cannot be missing: M-01 CustomerViewer 从菜单查询设备用户详情，全部写入口隐藏 (0.2355ms)
✔ required behavioral proof cannot be missing: UI redesign: all business routes at 1366x768 (0.167958ms)
✔ required behavioral proof cannot be missing: UI redesign: all business routes at 1440x900 (0.142334ms)
✔ required behavioral proof cannot be missing: UI redesign: all business routes at 1920x1080 (0.859166ms)
✔ required behavioral proof cannot be missing: QA05 login SRP MFA error success logout without persisting password (0.128042ms)
✔ required behavioral proof cannot be missing: QA05 ESG cursor totals export snapshot timezone and empty state (0.140792ms)
✔ required behavioral proof cannot be missing: QA05 Command dangerous confirmation terminal result and publish failure (0.101417ms)
✔ required behavioral proof cannot be missing: QA05 Media expiry renew 403 and audit read-only zero writes (0.36125ms)
✔ serial and repeated phases require all 105 independent prefixes (0.747125ms)
✔ phase budget accounts for startup, executions and worker slots, with a finite ceiling (0.160375ms)
✔ invalid phase budget rejected: repeat=0 workers=1 (0.107292ms)
✔ invalid phase budget rejected: repeat=1 workers=0 (0.090792ms)
✔ invalid phase budget rejected: repeat=0.5 workers=1 (0.0475ms)
✔ invalid phase budget rejected: repeat=1 workers=0.5 (0.03775ms)
✔ invalid phase budget rejected: repeat=Infinity workers=1 (0.035125ms)
✔ invalid phase budget rejected: repeat=1 workers=NaN (0.020125ms)
✔ real child-process timeout is classified and cannot create a successful phase (61.84225ms)
✔ failed/killed process cannot pass: status=1 (0.083375ms)
✔ failed/killed process cannot pass: status=null (0.026667ms)
✔ spawn errors reject without disclosing raw process error details (0.551583ms)
✔ successful process may proceed to the strict report and trace validator (0.14325ms)
✔ 真实 OpenAPI 片段可确定性打包且无外部引用 (45.007875ms)
✔ bundle 新鲜度检查拒绝缺失或过期产物 (100.580542ms)
✔ 失败示例：非法 OpenAPI 版本与缺少 responses 被拒绝 (0.156125ms)
✔ 失败示例：全局重复 operationId 被拒绝 (0.069666ms)
✔ 失败示例：非法 parameter 与 Schema 被拒绝 (0.111083ms)
✖ 仓库提交的统一 bundle 与当前片段一致 (17.082542ms)
✔ scoped Gate accepts the archived real-target receipt, without promoting full acceptance (27.478375ms)
✔ scoped Gate rejects missing role (7.104375ms)
✔ scoped Gate rejects wrong SHA (39.324375ms)
✔ scoped Gate rejects unverified Lambda (18.79025ms)
✔ scoped Gate rejects runtime drift (7.561125ms)
✔ scoped Gate rejects mocked API (7.756375ms)
✔ scoped Gate rejects empty tenant (8.985625ms)
✔ scoped Gate rejects cross-Customer list leak (10.796125ms)
✔ scoped Gate rejects Viewer mutation accepted (6.418708ms)
✔ scoped Gate rejects expired old Token (52.597667ms)
✔ scoped Gate rejects two duplicate successes (7.726541ms)
✔ scoped Gate rejects two optimistic successes (26.480667ms)
✔ scoped Gate rejects bundled Firefox (6.646792ms)
✔ scoped Gate rejects missing browser-role case (6.308417ms)
✔ scoped Gate rejects persisted edit belongs to another record (6.62025ms)
✔ scoped Gate rejects forbidden page rendered as business page (6.735958ms)
✔ scoped Gate rejects missing screenshot (1.705625ms)
✔ scoped Gate rejects cleanup duplicate hides missing ID (16.887416ms)
✔ scoped Gate rejects cleanup incomplete (7.922125ms)
✔ scoped Gate rejects private credentials retained (6.437666ms)
✔ scoped Gate rejects scope promoted (7.16975ms)
✔ 当前管理后台源代码满足入口与组合根交付约束 (9.629333ms)
✔ 缺少入口和构建产物时失败关闭 (0.43975ms)
✔ FE-06 至 FE-19 任一任务或路由从事实源缺失时失败关闭 (5.02775ms)
✔ FE-11 至 FE-15 任一任务、路由或页面标识缺失时失败关闭 (4.645833ms)
✔ FE-06 至 FE-15 任一控制器或 operationId 缺失时失败关闭 (2.770541ms)
✔ FE-11 至 FE-15 控制器或 operationId 缺失时失败关闭 (2.833375ms)
✔ FE-16 至 FE-19 任一任务、路由、控制器、页面标识或 operationId 缺失时失败关闭 (3.308834ms)
✔ App 移除显式页面分支时失败关闭 (4.067708ms)
✔ 完整目标回执覆盖双提交、隔离环境、五角色、七路由、五闭环与清理 (66.64575ms)
✔ 缺路由、角色、闭环或审计拒绝角色时失败关闭 (70.954208ms)
✔ mock、泄露、短链持久化、危险操作与只读写请求均失败关闭 (20.598ms)
✔ 缺失回执、双部署提交漂移、HEAD 不一致与未清理均失败关闭 (13.558084ms)
✔ 目标 Gate 是显式发布步骤且不进入普通 verify (0.210917ms)
✔ 完整回执覆盖双提交、隔离环境、五角色、五路由、四闭环、隐私、双语布局与清理 (72.120375ms)
✔ 缺路由、角色、闭环、locale 或 viewport 时失败关闭 (27.322125ms)
✔ mock、权限、并发、泄露或布局不合格时失败关闭 (19.391791ms)
✔ 缺失回执、双部署提交漂移、HEAD 不一致与未清理均失败关闭 (18.266458ms)
✔ 目标 Gate 是显式发布步骤且不进入普通 verify (0.228042ms)
✔ 完整路由、五角色、五业务闭环、租户、并发、敏感字段与清理回执通过 (0.855958ms)
✔ 缺路由、角色或业务闭环时失败关闭 (0.168375ms)
✔ Cognito、部署 API、跨租户、并发与敏感字段证据不满足约束时失败关闭 (0.099834ms)
✔ 缺失回执、部署提交或 sourceCommit 不一致时失败关闭 (0.477916ms)
✔ 完整的 58 API、五角色、并发、ESG 与清理目标 AWS 回执通过 (0.821458ms)
✔ 58 个回执 operationId 与九份正式业务 OpenAPI 精确一致 (6.086625ms)
✔ API 缺项、角色缺项与跨 Customer 放行均失败关闭 (0.285167ms)
✔ 并发或 ESG 证据不满足生产约束时失败关闭 (0.107834ms)
✔ 缺失回执与 sourceCommit 不匹配均失败关闭 (0.588791ms)
✔ 完整覆盖 25 API、五角色、竞态、退役与导出的隔离 AWS 回执通过 (0.853ms)
✔ 缺 operation、跨租户放行、竞态双成功、证书未失活与 MQTT/S3 缺口均失败关闭 (0.185292ms)
✔ operation 成功状态与负向状态集合不完整时失败关闭 (0.095417ms)
✔ 回执缺失、非法 JSON 或 sourceCommit 不一致时独立发布 Gate 失败 (0.640917ms)
✔ 完整 Archive、Replay、Summary 目标 AWS 回执通过 (2.998417ms)
✔ 缺探针、重复归档、Replay 复制业务行和空 Summary 均失败关闭 (0.62575ms)
✔ 缺少回执或提交不一致时独立 Gate 失败 (2.049125ms)
✔ 完整隔离 AWS 回执覆盖 8 Topic、负向路径、QA-03 与清理时通过 (0.847208ms)
✔ 缺 Topic、未知 Topic 命中、Error Action 未恢复和原文漂移均失败关闭 (0.160458ms)
✔ 未提供目标 AWS 回执时独立发布 Gate 明确失败 (0.450292ms)
✔ 回执必须对应待发布的精确 Git 提交 (0.312292ms)
✔ 完整的 15 API、角色、Cognito、并发、S3、Dashboard、审计与清理回执通过 (0.882291ms)
✔ 15 个 operationId 与六份正式 OpenAPI 精确一致 (0.747834ms)
✔ API、角色、租户或安全/并发探针缺口均失败关闭 (0.240083ms)
✔ 缺失回执与 sourceCommit 不匹配均失败关闭 (2.287125ms)
✔ 干净的依赖图通过检查 (1.610458ms)
✔ 共享包反向依赖 apps 被识别为边界违规 (0.802625ms)
✔ contracts 反向依赖 apps 被识别为边界违规 (2.711167ms)
✔ apps 之间互相依赖被识别为边界违规 (0.596417ms)
✔ 工作区循环依赖被检出 (0.730208ms)
✔ 非工作区依赖（外部 npm 包）不参与检查 (0.342792ms)
✔ 当前仓库通过边界与循环依赖检查 (0.642625ms)
✔ CDK WARNING 与规则校验编号会触发 Gate (0.900667ms)
✔ 正常 synth 输出不会误报 (0.426833ms)
✔ 已交付 Lambda 缺失或回退到内联 501 占位时 Gate 失败 (0.238ms)
✔ 已交付 Lambda 使用 S3 asset 时 Gate 通过 (0.082167ms)
✔ CMD/OTA 生产接线 Gate 对 Worker/调度任一缺失均失败关闭 (0.2225ms)
✔ CMD/OTA 生产接线 Gate 对 IoT/S3/KMS 权限缺失失败关闭 (0.245292ms)
✔ 真实登记文件：结构校验通过，并准确识别当前未决 DEC (4.575666ms)
✔ 真实契约版本文件：decisionRegisterVersion 与登记一致 (0.503ms)
✔ 契约版本不一致被拒绝 (0.387125ms)
✔ 重复决策 ID 被拒绝（已知冲突必须有唯一决策 ID） (0.166333ms)
✔ 原则与决策之间 ID 也全局唯一 (0.1ms)
✔ pending 决策携带批准人被拒绝 (0.059625ms)
✔ frozen 决策必须有批准人、批准时间和 >=1.0.0 版本 (0.095958ms)
✔ blockingTasks 为空或格式非法被拒绝 (0.073625ms)
✔ history 必须非空且末条版本与条目版本一致 (0.0745ms)
✔ 非 UTC 时间戳被拒绝 (0.085708ms)
✔ CLI validate 模式：真实文件退出码 0 且输出实际未决数；--fail-on-pending 按实际未决数返回 (0.997667ms)
✔ CLI：结构错误退出码 1 (0.72825ms)
✔ 追溯校验：合法 x-decision-versions 引用通过（Schema 可追溯到决策版本） (4.057958ms)
✔ 追溯校验：不存在的决策 ID 被拒绝 (0.928583ms)
✔ 追溯校验：引用版本与登记版本不一致被拒绝 (0.665625ms)
✔ 追溯校验：缺少 x-decision-versions 或格式非法被拒绝 (1.111917ms)
✔ 追溯校验：嵌套在 OpenAPI info 下的 x-decision-versions 可被递归发现 (0.67775ms)
✔ 已交付 API（含管理后台 P1）的 129 个 OpenAPI operation 与生产路由双向一致 (8.483666ms)
✔ 版本化已交付清单缺失、重复或引用不存在文件时失败关闭 (1.169334ms)
✔ 缺失、额外、重复及 method/path 漂移均失败关闭 (0.144542ms)
✔ CMD/OTA 治理 Gate 校验四份 REST 契约及 DEC-022/023 冻结状态 (3.871666ms)
✔ 有效链接、无易漂移计数且工具链配对正确时通过 (1.879ms)
✔ 损坏的仓库内 Markdown 链接被拒绝 (1.042417ms)
✔ 陈旧测试计数或不兼容工具链声明被拒绝 (0.694708ms)
✔ 当前仓库 ENG/DB/DOM 与 IAC/AUTH/SEC 任务文档证据一致 (24.652458ms)
✔ BE-IOT-01～08 文档全部纳入默认链接与证据门禁 (0.167917ms)
✔ BE-ARC/RPL/ESG 四份文档及 P2 回归纳入默认证据门禁 (0.103458ms)
✔ 11 份管理后台业务文档全部纳入默认链接与证据门禁 (0.060583ms)
✔ BE-MED/RBAC/AUD/DASH/SET 五份文档纳入状态与 AWS 证据门禁 (0.044583ms)
✔ FE-06～FE-10 五份前端文档纳入四层状态与目标回执门禁 (0.057541ms)
✔ FE-11～FE-15 五份前端文档纳入四层状态与独立目标回执门禁 (0.084958ms)
✔ 前端任务文档拒绝缺层级、问题责任字段、目标 Gate 和 P1 陈旧描述 (0.093333ms)
✔ FE-11～FE-15 文档拒绝旧缺陷、任务级勾选及旧目标 Gate (0.060375ms)
✔ BE-MED/RBAC/AUD/DASH/SET 文档拒绝缺状态层、陈旧参数和设置生效误述 (0.053667ms)
✔ 管理后台业务文档拒绝缺证据引用和陈旧决策或部署说法 (0.0485ms)
✔ BE-ARC/RPL/ESG 文档拒绝缺审计快照和生产接线边界外旧说法 (0.048416ms)
✔ BE-IOT 文档拒绝缺少审计快照、Report P2002 与 Media 另路由旧说法 (0.051375ms)
✔ BE-IOT 严格负向探针必须保留为可定位的永久回归 (0.935917ms)
✔ 安全任务文档拒绝历史计数、缺少 verify 命令与陈旧 DEC-012 状态 (0.082917ms)
✔ 安全任务文档接受当前命令、审计快照引用与 frozen 决策 (0.038291ms)
✔ 当前仓库（DB-01 已落地）Migration 结构通过 (8.234ms)
✔ schema.prisma 未落地时跳过并通过（骨架期行为） (0.492ms)
✔ 失败示例：Schema 已存在但无任何 Migration（未提交 Migration） (0.507166ms)
✔ 失败示例：migrations/ 为空且缺少 migration_lock.toml (0.875791ms)
✔ 失败示例：Migration 目录名非法与空 migration.sql (0.910709ms)
✔ 合法 Migration 结构通过 (0.86575ms)
✔ 失败示例：已有旧 Migration 但 Schema 已变化且未登记快照 (0.807584ms)
✔ 真实矩阵通过完整性检查 (2.482417ms)
✔ 真实引用集合：41 个矩阵 API 与 13 个 routeId 全部可解析 (0.925625ms)
✔ index19.html 源清单：9 个菜单、12 个页面、128 个元素与矩阵双向覆盖 (0.779208ms)
✔ 真实矩阵：9 菜单、12 页面、每项均有处置结论 (0.699333ms)
✔ 被拒绝的实时流、明文密码、状态混用不携带实现任务 (0.592584ms)
✔ 矩阵的 x-decision-versions 可追溯到决策登记（DEC-007~012） (1.793291ms)
✔ 缺少菜单或页面被拒绝 (0.281459ms)
✔ 重复元素 ID 被拒绝 (0.084625ms)
✔ Adapt/Reject 缺少依据被拒绝 (0.080917ms)
✔ Adopt/Adapt 生产字段缺少 API 来源被拒绝 (0.1185ms)
✔ rejectCategory 项非 Reject 或携带实现任务被拒绝 (0.084ms)
✔ 未知角色被拒绝（R7） (0.075542ms)
✔ 格式合法但不存在的 operationId、routeId 与响应字段被拒绝 (0.952334ms)
✔ planned operation 的任务归属漂移被拒绝 (0.299083ms)
✔ 源清单与矩阵任一侧删除元素均被双向覆盖检查拒绝 (1.825667ms)
✔ index19.html 内容变化但未重新盘点源清单时失败关闭 (2.583583ms)
✔ 重复 operationId 与 routeId 被引用索引拒绝 (0.831583ms)
✔ CLI：真实矩阵退出码 0，违规矩阵退出码 1 (44.273042ms)
✔ 当前仓库全部 Schema、OpenAPI 片段与统一 bundle 通过引用校验 (152.13475ms)
✔ 失败示例：悬空内部 $ref 被拒绝 (0.712792ms)
✔ 失败示例：同目录相对 $ref 目标文件不存在被拒绝 (0.427ms)
✔ 失败示例：JSON 语法损坏的 Schema 被拒绝 (0.385416ms)
✔ 失败示例：JSON Schema 2020-12 非法 type 被元 Schema 拒绝 (0.465958ms)
✔ 失败示例：OpenAPI 基座缺少 paths 被拒绝 (2.22ms)
✔ 同目录相对 $ref 可解析时通过 (0.765458ms)
✔ 失败示例：PEM 私钥块被检出 (0.537833ms)
✔ 失败示例：AWS Access Key ID 被检出 (0.06975ms)
✔ 失败示例：GitHub 令牌被检出 (0.05025ms)
✔ 失败示例：Slack 令牌被检出 (0.043375ms)
✔ 正常内容不误报 (0.364667ms)
✔ 失败示例：未跟踪且未忽略文件中的私钥也被扫描 (54.675417ms)
✔ 当前仓库通过敏感信息扫描 (889.276459ms)
✔ 生产源码直接 console 与 raw trace API 均被拒绝 (1.467083ms)
✔ 测试目录可使用 console，生产统一 logger 允许 (0.944167ms)
✔ 当前仓库生产源码通过 sink 门禁 (48.234417ms)
✔ QA-02 MQTT heartbeat: all valid/invalid fixtures, missing meta and type mutation (9.285375ms)
✔ QA-02 MQTT telemetry: all valid/invalid fixtures, missing meta and type mutation (4.871042ms)
✔ QA-02 MQTT report: all valid/invalid fixtures, missing meta and type mutation (5.508417ms)
✔ QA-02 MQTT alarm: all valid/invalid fixtures, missing meta and type mutation (1.570375ms)
✔ QA-02 MQTT event: all valid/invalid fixtures, missing meta and type mutation (0.865792ms)
✔ QA-02 MQTT ack: all valid/invalid fixtures, missing meta and type mutation (2.878041ms)
✔ QA-02 MQTT tamper: all valid/invalid fixtures, missing meta and type mutation (2.302458ms)
✔ QA-02 MQTT media: all valid/invalid fixtures, missing meta and type mutation (3.158292ms)
✔ QA-02 MQTT cmd: all valid/invalid fixtures, missing meta and type mutation (1.385542ms)
✔ QA-02 MQTT ota: all valid/invalid fixtures, missing meta and type mutation (6.249625ms)
✔ QA-02 MQTT notification: all valid/invalid fixtures, missing meta and type mutation (1.42175ms)
✔ MQTT semantic hash, discriminator and UTC calendar errors fail closed (0.430292ms)
✔ full REST response: field deletion/type mutation/envelope/date/errors/status/headers are enforced (3.025208ms)
✔ REST request validation: required body/path/query/header, optional Sync, bodyless Deactivate, no type coercion in JSON (4.192167ms)
✔ all device operations and declared response JSON Schemas compile; stable error catalog has no duplicates (25.374833ms)
✖ predecessor MQTT is compatible; known REST break requires exact version and frozen DEC approvals (7.643833ms)
✔ breaking contract mutations fail: removing fields/operations/status, changing type/required/security (85.04675ms)
✔ receipt coverage gate fails closed for missing operations/statuses, no valid request and forged records (0.279917ms)
✔ QA04 coverage Gate accepts complete matrix and proofs (0.759875ms)
✔ QA04 coverage Gate rejects missing domain (0.211375ms)
✔ QA04 coverage Gate rejects no negative path (0.103958ms)
✔ QA04 coverage Gate rejects untrusted handler (0.085542ms)
✔ QA04 coverage Gate rejects missing role (1.031292ms)
✔ QA04 coverage Gate rejects cross-tenant leak (0.167958ms)
✔ QA04 coverage Gate rejects two write winners (0.137708ms)
✔ QA04 coverage Gate rejects duplicate audit (0.102458ms)
✔ QA04 coverage Gate rejects rollback missing (0.116458ms)
✔ QA04 coverage Gate rejects unclean resource (0.130709ms)
✔ QA04 coverage Gate rejects reused isolation (0.104875ms)
✔ QA04 coverage Gate rejects no observed replay (0.118209ms)
✔ QA04 required acceptance cases are enforced (0.597125ms)
✔ QA04 skipped assertion fails execution Gate (0.061625ms)
✔ QA04 removed state-machine assertion fails coverage Gate (0.417125ms)
✔ migration source requires exact approved commit (0.979708ms)
✔ migration connection requires complete secret and verified TLS; special credentials are encoded (0.544875ms)
✔ database verification derives every mapped Prisma table (0.807958ms)
✔ runner without approved source fails without reporting credentials or driver details (46.650542ms)
✔ source packager archives committed tree, includes exact SHA and refuses overwriting ZIP (2686.159625ms)
✖ local TLS broker: 10 independent certificate sessions, QoS1, downlinks, reconnect and broker ACL rejection (96.387125ms)
✔ 10 concurrent sessions: all topics, exact 5% duplicates / 2% delayed telemetry, replay and isolated bad Schema (147.538375ms)
✔ cross-device publish, subscribe, receive and wildcard denied (1.209959ms)
✔ invalid configuration, OTA transitions and test credential gate fail closed (1.9405ms)
✔ scripted failed command, missing target mapping and illegal downlink do not generate mixed ACK (0.315584ms)
✔ all sessions close when one transport fails; no successful receipt (97.116792ms)
✔ MQTT adapter rejects SUBACK denial and connection failures (0.221541ms)
✔ CLI creates offline receipt and refuses ungated mqtts before reading credential paths (451.261875ms)
✔ CDK wrapper accepts synth/diff and requires explicit deploy stack (0.761ms)
✔ CDK wrapper builds the whole workspace and fails closed on build errors (0.1155ms)
✔ CDK wrapper uses local SSO but requires OIDC credentials in GitHub Actions (0.073167ms)
✔ QA03 Gate accepts complete local integration receipt (0.525708ms)
✔ QA03 Gate rejects missing scenario (0.172542ms)
✔ QA03 Gate rejects unclean resources (0.077666ms)
✔ QA03 Gate rejects reused isolation prefix (0.082083ms)
✔ QA03 Gate rejects lost message (0.084917ms)
✔ QA03 Gate rejects duplicate business record (0.110584ms)
✔ QA03 Gate rejects missing raw proof (0.637834ms)
✔ QA03 Gate rejects missing fault probe (0.164667ms)
✔ receipt covers all 128 decisions in two viewports (2.228084ms)
✔ fail closed: missing page (0.315166ms)
✔ fail closed: skipped case (0.755542ms)
✔ fail closed: flaky success (0.22975ms)
✔ fail closed: retry (0.18825ms)
✔ fail closed: unexpected external network (0.18125ms)
✔ fail closed: fixture collision (0.174125ms)
✔ fail closed: missing cleanup (0.181375ms)
✔ fail closed: updated baseline masquerades as regression (0.181666ms)
✔ fail closed: missing group (0.230375ms)
✔ fail closed: duplicate group (0.182542ms)
✔ fail closed: missing rejection assertion (0.244083ms)
✔ fail closed: missing menu (0.181291ms)
✔ fail closed: missing behavior guard (0.178333ms)
✔ fail closed: wrong viewport (0.180625ms)
✔ fail closed: snapshot hash mismatch (0.174167ms)
✔ binding omission, duplication and reject implementation fail closed (0.280292ms)
✔ real gzip bytes bind exact own devices, raw outbox hash and canonical published hash (4.334083ms)
✔ scope expansion, unknown customer/device, modified bytes and missing archive fail closed (1.792792ms)
✔ IoT normalized raw body binds outbox bytes while original publication binds canonical payload (1.719333ms)
✔ quick MQTT profile requires exact additional telemetry ledger and cannot waive missing archives (2.926959ms)
✔ archive deadline uses actual S3 modification times and cannot green an eventual late archive (1.115083ms)
✔ redelivery rejects foreign archives, unbounded inventories and unbound certificates before AWS operations (1.200666ms)
✔ nominal 30x profile cannot conceal a slower real publish window (5.505833ms)
✔ version proof requires CI deploy Amplify exact commit and 19 distinct verified artifact bytes (0.3885ms)
✔ own-fixture fault grant rejects shared changes and unknown faults while retaining deployment boundary (0.12875ms)
✔ database proof rejects foreign build, source, role and nonzero cleanup instead of trusting child PASS (0.311667ms)
✔ target gates reject missing finish cleanup required case and foreign device before live calls (0.579583ms)
✔ business cleanup preserves outside rows, rejects baseline drift and deletes own dependent rows atomically (1168.079666ms)
✔ fault injection rejects missing authorization and foreign export identity without mutation (0.505709ms)
✔ assertion-only validation cannot stand in for cleanup or whole target acceptance (0.155167ms)
✔ complete intermediate/root chain matches truststore and private key (4.023375ms)
✔ missing root is distinguished from valid signing certificate and key (0.662416ms)
✔ wrong parent, expired chain and wrong private key fail independently (0.93975ms)
✔ oversized worker chain, malformed values and arbitrary canaries never leak (1.225333ms)
✔ receipt gate accepts completed diagnostic with invalid chain, rejects data leak and missing cleanup (2.661959ms)
✔ approved exact Worker, Secret, KMS and original expiry scope is accepted (1.938833ms)
✔ removing role condition, wildcard Secret or extended expiry is rejected (0.355167ms)
✔ unrestricted KMS, different context or extra secret permissions are rejected (0.16575ms)
✔ repair gate requires retained versions, exact output binding and all cleanup (1.408542ms)
✔ only root field changes, original version remains immutable and AWSPREVIOUS (6.559542ms)
✔ baseline drift prevents all writes (0.102542ms)
✔ wrong fixed root prevents all writes (0.311875ms)
✔ unknown put outcome recovers immutable token without a second put (1.1715ms)
✔ candidate mutation fails before promotion (0.382542ms)
✔ concurrent current movement after candidate write is preserved (0.600583ms)
✔ unknown promotion response is recovered from current stages (0.872625ms)
✔ post-promotion failed readback rolls back only the known current candidate (0.691083ms)
✔ invalid version token rejects before accessing any secret (0.290708ms)
✔ rollback refuses to overwrite a concurrent foreign current version (0.859375ms)
✔ unknown AWS errors are returned as fixed codes without secret exception text (0.106875ms)
✔ successful promotion waits for metadata visibility without repeating stage writes (1.0315ms)
✔ existing current candidate is verified using read-only store without new versions or stage writes (2.911042ms)
✔ read-only recovery rejects changed fields without rolling back an existing current version (0.514333ms)
✔ capacity planning includes operational and rotation idle overlap and rejects naive concurrency increase (0.457ms)
✔ range reads keep the original default and permit bounded slow-link retry (0.359708ms)
✔ range reads reject unbounded, ambiguous and below-default timeouts (0.183333ms)
✔ read-only asset concurrency stays bounded independently of DB/API capacity (0.100417ms)
✔ DLQ scope requires closed ledger, 20 exact IDs and fresh empty database proof (0.830084ms)
✔ one-shot worker deletes only exact retired pointers, restores unknown visibility, and exports no bodies or handles (2.730042ms)
✔ log projection redacts payload/error details and rejects unrecognized events (0.485708ms)
✔ specific redelivery needs matching SQS ID, final disposition and durable duplicate receipt (0.120208ms)
✔ 20 sequence stage Gate rejects incomplete coverage and unrelated device evidence (0.588834ms)
✔ completed Build result tolerates delayed/truncated CloudWatch visibility and transient read failure without rerunning SQL (0.57025ms)
✔ wrong/multiple/failed frames and AccessDenied reject immediately, absent result fails closed after bounded reads (0.38975ms)
✔ CloudWatch 250000-character fragments reassemble exact source-bound metadata without accepting truncation or another frame (8.278334ms)
✔ large fixture observations round-trip through bounded gzip without losing metadata (8.938166ms)
✔ compressed fixture frames reject corruption, noncanonical data and decompression bombs (24.919334ms)
✔ compressed metadata still requires the exact expected source/build/action binding (4.465875ms)
✔ fixed manifest rejects unsafe SQL identifiers, missing hash and duplicates (1.29325ms)
✔ migration comparison distinguishes missing, tampered, unfinished and rolled-back migrations (0.363792ms)
✔ snapshot uses repeatable read/read only, timeouts, fixed SELECTs and always rolls back (0.834834ms)
✔ writable transaction rejected before business queries and rolled back (1.3395ms)
✔ query failure rolls back instead of yielding partial PASS (0.19975ms)
✔ dedicated query project never changes migration project or passes StartBuild overrides (24.461834ms)
✔ legacy onboarding rows without CSR columns require reconciliation before migration (0.121625ms)
✔ query success preserves real migration BLOCKED instead of promoting readiness (0.699458ms)
✔ wrong build, writable transaction, unbound hash and fabricated migration PASS rejected (0.897959ms)
✔ missing table count cannot become complete SQL evidence (0.344792ms)
✔ snapshot must be available encrypted manual and exact whitelist cannot expand (0.412417ms)
✔ real local SQL retires exactly two jobs/requests and preserves every other table (1073.991166ms)
✔ live status drift aborts with original rows intact (470.590459ms)
✔ unexpected cascade/trigger changing a preserved table rolls back all deletes (458.754958ms)
✔ target License wire sequence proves ExpiringSoon renewal and Renewed activation using real handlers and PostgreSQL (1156.429833ms)
✔ recovery sub-gate checks all preserved tables without accepting full QA09 (1.068042ms)
✔ version mismatch, missing migration and changed certificate/other business data fail closed (0.389375ms)
✔ retirement evidence cannot hide wrong deleted IDs or lose preservation proof (0.254708ms)
✔ retirement project has fixed source and never modifies readonly/migration runner (22.776209ms)
✔ real Sync observation redacts secret domains and cannot treat delivery as firmware verification (0.503542ms)
✔ receipt runner sends only RECEIVED and redacts complete snapshots even with device password hashes (0.417ms)
✔ receipt runner fails closed for mismatched snapshots and refused confirmation (0.139541ms)
✔ S3 fallback accepts exact owned version cleanup and rejects bucket, customer and pagination expansion (0.507417ms)
✔ domain cleanup refuses live run, foreign customer name, missing DB cleanup and out-of-scope objects (1.147375ms)
✔ unseeded identity cleanup rejects unfinished, foreign, seeded and pre-existing admin ledgers (0.484333ms)
✔ Cognito canonical UUID is allowed only with exact own email and creation within this failed run (0.186625ms)
✔ P95 uses all actual samples and rejects empty or invalid measurements (0.432667ms)
✔ complete P95 excludes censored timeouts and refuses partial sample acceptance (0.107209ms)
✔ performance summary refuses to report P95 PASS for missing or incomplete actual samples (92.083167ms)
✔ read-only pool probe distinguishes one connection, recovery and incomplete capacity acceptance (1.95225ms)
✔ observed connection-budget violation refuses a pool PASS receipt (0.563ms)
✔ foreign probe application name is rejected before database access (0.063208ms)
✔ scheduled publishing overlaps slow PUBACK and drains failures without abandoning in-flight writes (18.118375ms)
✔ only exact test account and readonly role accepted (0.474625ms)
✔ stack identity, region, project and test tag fail closed (0.104958ms)
✔ permission denial is unverified, never classified as absent (0.106041ms)
✔ metadata health never promotes missing business evidence to AWS PASS (0.226625ms)
✔ five groups with unconfirmed or disabled users do not prove usable identities (0.078542ms)
✔ missing target receipts and version mismatch remain blockers (0.068625ms)
✔ existing test environment requires neither new account nor stack and retains real-response/cleanup boundaries (0.253166ms)
✔ real sub-scope acceptance cannot claim whole QA09 (1.018834ms)
✔ unfinished execution, missing role probe and failed assertion rejected (0.237875ms)
✔ missing cleanup, wrong target, secrets and source tampering rejected (0.810084ms)
✔ identity cleanup only accepts this run and the five known role identities (1.287292ms)
✔ record cleanup requires exact run namespace, not merely a partial prefix (0.549708ms)
✔ recovery excludes explicitly later own SLO records without waiving original bytes or deadlines (4.891834ms)
✔ later record exemption never includes other devices or customers (17.255125ms)
✔ per-request service throttling requires both unique IDs and bound access-row time/status, never minute metrics (0.356875ms)
✔ QA09 rollout separates logging, budget and event publication and rejects silent phase mistakes (0.666833ms)
✔ business session cleanup never accepts a foreign email id role scope or lifecycle (0.561416ms)
✔ session fixtures require exact own customer and site binding before cleanup (0.110208ms)
✔ complete narrow real-environment scope never accepts full QA09 (1.308875ms)
✔ missing mTLS, shared keys, different ingress/archive bytes and missing cleanup fail closed (0.736708ms)
✔ CodeBuild inline source fits service limit and decompresses to exact reviewed bytes (25.858875ms)
✔ exact own-ten plan rejects expansion, historical identity and wrong customer namespace (13.345417ms)
✔ real SQL creates exact fixtures and cleanup preserves original devices/certificates (829.790125ms)
✔ unexpected original-data trigger mutation rolls back fixture creation (489.4695ms)
✔ processing provisioning job prevents cleanup without deleting any own devices (458.718875ms)
✔ CSR proofs bind method, path, request ID, timestamp, nonce and independent key (99.318916ms)
✔ closed-fixture audit and request outbox cleanup require ledger and preserve unrelated events (445.804833ms)
✔ closed-fixture access rejects missing approval audit and live customer (421.752292ms)
✔ unseeded capacity attempt has read-only empty audit with deleted customers and fixed original baseline (418.102458ms)
✔ business-only Onboarded fixtures preserve original rows, refuse reuse and make no certificate/authentication claim (423.468959ms)
✔ unseeded timeout audit reads only exact prefix and cannot mutate original or retry customer creation (428.356625ms)
✔ active lifecycle fixture changes exactly two own states and never claims a natural path (427.299042ms)
✔ capacity probe executes a read-only transaction and leaves fixture and original rows unchanged (403.229542ms)
✔ version binding preserves prior defaults and accepts exact new target (0.615833ms)
✔ invalid version input is rejected before any AWS operation (0.144375ms)
✔ all delivered writes have an explicit permission and own or absent object path (0.658917ms)
✔ identical claims still change signed payload bytes rather than unused base64 signature bits (0.126167ms)
✔ quick has exact cadence, 24 historical hours, 30x burst, 5% duplicates and 2% delayed delivery (3.377333ms)
✔ full plan contains 86400 historical Telemetry samples for 10 devices at 10-second cadence (509.807083ms)
✔ unknown profile fails closed (0.195375ms)
✔ P95 uses nearest rank and does not mutate input (0.131291ms)
✔ invalid latency  rejected (0.064958ms)
✔ invalid latency NaN rejected (0.035916ms)
✔ invalid latency Infinity rejected (0.034166ms)
✔ invalid latency -1 rejected (0.041709ms)
✔ independent checker verifies count average min max and UTC buckets (2.738958ms)
✔ complete reliability proof passes (0.80925ms)
✔ Gate rejects missing trace (0.519416ms)
✔ Gate rejects duplicate trace (0.422625ms)
✔ Gate rejects failed cleanup (0.510458ms)
✔ Gate rejects wrong profile (0.787792ms)
✔ Gate rejects wrong cadence (0.468291ms)
✔ Gate rejects untracked loss (0.4205ms)
✔ Gate rejects duplicate business row (0.437333ms)
✔ Gate rejects missing archive (0.41ms)
✔ Gate rejects missing reorder (0.395042ms)
✔ Gate rejects missing retry (0.398875ms)
✔ Gate rejects unresolved gap (0.39475ms)
✔ Gate rejects worker not paused (0.475791ms)
✔ Gate rejects no backlog (0.6015ms)
✔ Gate rejects unscoped replay (0.327916ms)
✔ Gate rejects duplicate MQTT publish (0.367625ms)
✔ Gate rejects late ACK changed terminal state (0.338125ms)
✔ Gate rejects telemetry P95 failed (0.325917ms)
✔ Gate rejects command P95 failed (0.312292ms)
✔ Gate rejects NaN P95 (0.305041ms)
✔ Gate rejects missing latency samples (0.310166ms)
✔ security receipt accepts complete execution and all observed acceptance proofs (1.958125ms)
✔ execution fails closed: deleted required test (0.827042ms)
✔ execution fails closed: missing file (0.075916ms)
✔ execution fails closed: pending test (0.064708ms)
✔ execution fails closed: failed test (1.071458ms)
✔ proof fails closed: missing proof (0.221208ms)
✔ proof fails closed: reused prefix (0.128417ms)
✔ proof fails closed: cleanup incomplete (0.093542ms)
✔ proof fails closed: expired JWT accepted (0.105208ms)
✔ proof fails closed: missing write operation (0.116875ms)
✔ proof fails closed: forged identity accepted (0.088459ms)
✔ proof fails closed: route resolved before auth (0.058917ms)
✔ proof fails closed: cross tenant allowed (0.085667ms)
✔ proof fails closed: unauthorized side effect (0.100625ms)
✔ proof fails closed: prototype pollution (0.080625ms)
✔ proof fails closed: malicious media signed (0.078166ms)
✔ proof fails closed: malicious media persisted (0.065166ms)
✔ proof fails closed: leak ignored (0.066709ms)
✔ proof fails closed: unscanned audit (0.106584ms)
✔ proof fails closed: unscanned snapshot (0.118916ms)
✔ proof fails closed: partial response scan (0.067667ms)
✔ independent scanner rejects nested secrets raw JWT Error private key and signed URL without echoing values (0.787834ms)
✔ scanner detects opaque canary leakage and permits null redacted values and public certificate (0.040584ms)
ℹ tests 465
ℹ suites 0
ℹ pass 462
ℹ fail 3
ℹ cancelled 0
ℹ skipped 0
ℹ todo 0
ℹ duration_ms 6368.055708

✖ failing tests:

test at scripts/build-openapi.test.mjs:105:1
✖ 仓库提交的统一 bundle 与当前片段一致 (17.082542ms)
  AssertionError [ERR_ASSERTION]: Expected values to be strictly equal:
  + actual - expected
  ... Skipped lines
  
    '{\n' +
      '  "openapi": "3.1.0",\n' +
      '  "info": {\n' +
      '    "title": "Bio-Nexa CMP REST API Base Contract — Unified Bundle",\n' +
      '    "version": "0.2.0",\n' +
  ...
      '        "file": "device-sync-api.json",\n' +
  +   '        "sha256": "d9288f69c2bcf836a3ea8d9d7beeaae94b84775d279e9eb1f6231fa41875b710",\n' +
  -   '        "sha256": "e0ebeb838730bd6667a5d5421b30ddbd41ebe33d1012a27cca283b5f75c4ebee",\n' +
      '        "status": "implemented"\n' +
      '      },\n' +
      '      {\n' +
      '        "file": "prototype-planned-api.json",\n' +
      '        "sha256": "4f117296338261fe916afc80cb1ba2d4e67853ce6e188aa99243d59d881b3407",\n' +
  
      at TestContext.<anonymous> (file:///Users/anray/Documents/project/hiddenjoyacom/food-digester-platform/scripts/build-openapi.test.mjs:106:10)
      at Test.runInAsyncScope (node:async_hooks:214:14)
      at Test.run (node:internal/test_runner/test:1106:25)
      at Test.processPendingSubtests (node:internal/test_runner/test:788:18)
      at Test.postRun (node:internal/test_runner/test:1235:19)
      at Test.run (node:internal/test_runner/test:1163:12)
      at async Test.processPendingSubtests (node:internal/test_runner/test:788:7) {
    generatedMessage: true,
    code: 'ERR_ASSERTION',
    actual: '{\n  "openapi": "3.1.0",\n  "info": {\n    "title": "Bio-Nexa CMP REST API Base Contract — Unified Bundle",\n    "version": "0.2.0",\n    "description": "REST 通用契约基座（CT-05）：统一错误响应、requestId、UTC timestamp、游标分页、Idempotency-Key、If-Match 与稳定错误码；管理端/内部接口默认使用 data+meta 成功响应。Device-Cloud Communication Design 已给出成功载荷示例的 6 个设备接口保持源稿顶层结构，不强制 data+meta 包裹。",\n    "x-decision-versions": [\n      "PRI-001@1.0.0",\n      "ADP-001@1.0.0"\n    ],\n    "x-decision-register-version": "1.36.0",\n    "x-bundle-sources": [\n      {\n        "file": "admin-alarm-api.json",\n        "sha256": "e5a38948a23f8c26474b942164055e5e1ddf5bd20e31934e3f2e40c33beacd1c",\n        "status": "implemented"\n      },\n      {\n        "file": "admin-audit-api.json",\n        "sha256": "4e909555e2bd23d5877cf2334987c14692be186a29070b0b2cbc3d8a6c372d11",\n        "status": "implemented"\n      },\n      {\n        "file": "admin-certificate-rotation-api.json",\n        "sha256": "5373f3c76a6d6d48b76201d51ba8cc4113f4b0a9c211378ca2ca6f76d0ad3a7d",\n        "status": "implemented"\n      },\n      {\n        "file": "admin-command-api.json",\n        "sha256": "02ebd69c1554e63afb1665b0daf637bd191fd22460f10145528e01c1918170b1",\n        "status": "implemented"\n      },\n      {\n        "file": "admin-configuration-api.json",\n        "sha256": "f007393aff01b2654ef999196d7867034ea98e0e261b57eac9ae5ae968567950",\n        "status": "implemented"\n      },\n      {\n        "file": "admin-consumable-api.json",\n        "sha256": "9f5a03e7830585b558c3872a133a4ef4f4a3c501eae18c20ee736fd051cbc1bf",\n        "status": "implemented"\n      },\n      {\n        "file": "admin-consumable-request-api.json",\n        "sha256": "2d5f87127788057a07318038f401b5054f369ea272ad0d1033c1b3446499c058",\n        "status": "implemented"\n      },\n      {\n        "file": "admin-contract-api.json",\n        "sha256": "c6909f470545dbf322f009bfd9cdba2e2db99b0bb6503f391bd6ae3d260b4c2a",\n        "status": "implemented"\n      },\n      {\n        "file": "admin-contract-device-api.json",\n        "sha256": "a2aed6bf44b097e3838ed194f233aaf976dfaa5ca385dc3f2d743483a688734f",\n        "status": "implemented"\n      },\n      {\n        "file": "admin-customer-api.json",\n        "sha256": "2e6a36762ba0d0b2669eb75b54553919934762b20f1f4cee2c89f3f7836080f2",\n        "status": "implemented"\n      },\n      {\n        "file": "admin-dashboard-api.json",\n        "sha256": "049197506386709008dc2c236747132a855a0d4f35c571ace9f2269bef497350",\n        "status": "implemented"\n      },\n      {\n        "file": "admin-device-api.json",\n        "sha256": "0d7dd60f87e090d2687397ecf29107fc721e67636ab5e5c0a296c94d2752bd44",\n        "status": "implemented"\n      },\n      {\n        "file": "admin-device-assignment-api.json",\n        "sha256": "8f813cb690286f6d2c1e9dd11c0ee5ca09cf59aecd34f01a2d52f02510135f7e",\n        "status": "implemented"\n      },\n      {\n        "file": "admin-device-console-api.json",\n        "sha256": "74010a4cb938e1edd54516900ebe4b982379e29e92ef66f038f8881c76d3f524",\n        "status": "implemented"\n      },\n      {\n        "file": "admin-device-retirement-api.json",\n        "sha256": "82106e630a9300b44ccdb411e6d1e25c3f0994bffc5cfbf041b89daf3b7dab31",\n        "status": "implemented"\n      },\n      {\n        "file": "admin-device-status-api.json",\n        "sha256": "04150d12ec48b641de225d80cfe8d2dd3a277f1b7a29cccab443ec0b983bdd6a",\n        "status": "implemented"\n      },\n      {\n        "file": "admin-device-user-api.json",\n        "sha256": "2f3b6bbb08a0915145c1f1fb14acdecd9fdf5bf003219360d7d04d347ac6c502",\n        "status": "implemented"\n      },\n      {\n        "file": "admin-esg-api.json",\n        "sha256": "5dadd0885e6a775377fcc7f6f16f5b3882f1912c06c77de2e5eb43890994873a",\n        "status": "implemented"\n      },\n      {\n        "file": "admin-license-api.json",\n        "sha256": "49ee6ec477e90ee13d3c18dfac0d47eb6d85a29889648a14cf186c653ecaf9f8",\n        "status": "implemented"\n      },\n      {\n        "file": "admin-media-api.json",\n        "sha256": "86ca3f1496bc1ce7aafce7847429b8bb6f027a075d38f02e4fed98c594329258",\n        "status": "implemented"\n      },\n      {\n        "file": "admin-onboarding-api.json",\n        "sha256": "fe1e65b3beb05d8b97ead75f9943cc5124d036fc7ecf6acc48a0fbb0df6d989f",\n        "status": "implemented"\n      },\n      {\n        "file": "admin-ota-campaign-api.json",\n        "sha256": "d6bbc80b31f94c4c2d0549b613dba15c985abd24c06ec92db8d9e95a3a86d3fe",\n        "status": "implemented"\n      },\n      {\n        "file": "admin-ota-package-api.json",\n        "sha256": "7840a8e47ebc94075ae826f370a3786ba9238055658127efb72a1733dba2452c",\n        "status": "implemented"\n      },\n      {\n        "file": "admin-replay-api.json",\n        "sha256": "26fdff9e767ec919606a38f39dc004c25e87c00d9621267a1f7e2ae6a2624d8c",\n        "status": "implemented"\n      },\n      {\n        "file": "admin-settings-api.json",\n        "sha256": "f52f024f94147e059dcc7393152c656085d47e3c3b4e574b887fc26d1d39c9c7",\n        "status": "implemented"\n      },\n      {\n        "file": "admin-site-api.json",\n        "sha256": "5cce0ade76ed2cb6d8b1ab5d15ffa2b87d652841bf3f39aa696dae6d12977c95",\n        "status": "implemented"\n      },\n      {\n        "file": "admin-user-api.json",\n        "sha256": "84dbafeeb1807d6d9f88e11815d58dbfb436ea71a85afaf8824c5b4dfdbbfcfd",\n        "status": "implemented"\n      },\n      {\n        "file": "device-certificate-api.json",\n        "sha256": "09301e426aa06dcdc6bd03bd91e23b794b57b026ee040a0b02c37ce938a57805",\n        "status": "implemented"\n      },\n      {\n        "file": "device-deactivate-api.json",\n        "sha256": "6219f9345a40c490ae1ce34f5ba30c51350b6d1a47fd3e418ab4fb9260637644",\n        "status": "implemented"\n      },\n      {\n        "file": "device-media-api.json",\n        "sha256": "e3bb7248c1b77eb2336f1663baa0053d00977e4954ced80e10aa014386a4bc1e",\n        "status": "implemented"\n      },\n      {\n        "file": "device-onboarding-api.json",\n        "sha256": "2823630e09d9cf9610bff7019d6cc97301d1eed341ae3c07bfc683aed42af8b9",\n        "status": "implemented"\n      },\n      {\n        "file": "device-ota-api.json",\n        "sha256": "30746025a116aeaa350b8bda27396ffcf6e8dc97ae746b72fea95017f8ec5020",\n        "status": "implemented"\n      },\n      {\n        "file": "device-sync-api.json",\n        "sha256": "d9288f69c2bcf836a3ea8d9d7beeaae94b84775d279e9eb1f6231fa41875b710",\n        "status": "implemented"\n      },\n      {\n        "file": "prototype-planned-api.json",\n        "sha256": "4f117296338261fe916afc80cb1ba2d4e67853ce6e188aa99243d59d881b3407",\n        "status": "planned"\n      }\n    ]\n  },\n  "jsonSchemaDialect": "https://json-schema.org/draft/2020-12/schema",\n  "servers": [\n    {\n      "url": "/"\n    }\n  ],\n  "tags": [\n    {\n      "name": "device",\n      "description": "/api/v1/device/* 设备 mTLS API",\n      "x-path-prefix": "/api/v1/device",\n      "x-auth": "DeviceMtls"\n    },\n    {\n      "name": "admin",\n      "description": "/api/v1/admin/* 平台管理 API",\n      "x-path-prefix": "/api/v1/admin",\n      "x-auth": "CognitoJwt"\n    },\n    {\n      "name": "customer",\n      "description": "/api/v1/customer/* Customer 业务 API",\n      "x-path-prefix": "/api/v1/customer",\n      "x-auth": "CognitoJwt"\n    },\n    {\n      "name": "internal",\n      "description": "/api/v1/internal/* 仅限云端任务调用",\n      "x-path-prefix": "/api/v1/internal",\n      "x-auth": "InternalKey"\n    }\n  ],\n  "paths": {\n    "/api/v1/admin/alarms": {\n      "get": {\n        "tags": [\n          "admin"\n        ],\n        "operationId": "listAlarms",\n        "summary": "Alarm 列表（severity/status/device/site/时间范围筛选 + 游标分页）",\n        "security": [\n          {\n            "CognitoJwt": []\n          }\n        ],\n        "parameters": [\n          {\n            "name": "customerId",\n            "in": "query",\n            "required": false,\n            "schema": {\n              "type": "string",\n              "description": "平台角色可用；Customer 角色强制本 Customer"\n            }\n          },\n          {\n            "name": "siteId",\n            "in": "query",\n            "required": false,\n            "schema": {\n              "type": "string",\n              "description": "经设备归属解析"\n            }\n          },\n          {\n            "name": "deviceId",\n            "in": "query",\n            "required": false,\n            "schema": {\n              "type": "string"\n            }\n          },\n          {\n            "name": "severity",\n            "in": "query",\n            "required": false,\n            "schema": {\n              "type": "string",\n              "enum": [\n                "INFO",\n                "WARNING",\n                "MAJOR",\n                "CRITICAL"\n              ]\n            }\n          },\n          {\n            "name": "status",\n            "in": "query",\n            "required": false,\n            "schema": {\n              "type": "string",\n              "enum": [\n                "ACTIVE",\n                "ACKNOWLEDGED",\n                "CLEARED"\n              ]\n            }\n          },\n          {\n            "name": "from",\n            "in": "query",\n            "required": false,\n            "schema": {\n              "$ref": "#/components/schemas/UtcTimestamp"\n            },\n            "description": "detectedTime 下限（含）"\n          },\n          {\n            "name": "to",\n            "in": "query",\n            "required": false,\n            "schema": {\n              "$ref": "#/components/schemas/UtcTimestamp"\n            },\n            "description": "detectedTime 上限（含）"\n          },\n          {\n            "$ref": "#/components/parameters/Cursor"\n          },\n          {\n            "$ref": "#/components/parameters/Limit"\n          }\n        ],\n        "responses": {\n          "200": {\n            "description": "Alarm 列表",\n            "content": {\n              "application/json": {\n                "schema": {\n                  "$ref": "#/components/schemas/AdminAlarmApi__AlarmListSuccess"\n                }\n              }\n            }\n          },\n    '... 565194 more characters,
    expected: '{\n  "openapi": "3.1.0",\n  "info": {\n    "title": "Bio-Nexa CMP REST API Base Contract — Unified Bundle",\n    "version": "0.2.0",\n    "description": "REST 通用契约基座（CT-05）：统一错误响应、requestId、UTC timestamp、游标分页、Idempotency-Key、If-Match 与稳定错误码；管理端/内部接口默认使用 data+meta 成功响应。Device-Cloud Communication Design 已给出成功载荷示例的 6 个设备接口保持源稿顶层结构，不强制 data+meta 包裹。",\n    "x-decision-versions": [\n      "PRI-001@1.0.0",\n      "ADP-001@1.0.0"\n    ],\n    "x-decision-register-version": "1.36.0",\n    "x-bundle-sources": [\n      {\n        "file": "admin-alarm-api.json",\n        "sha256": "e5a38948a23f8c26474b942164055e5e1ddf5bd20e31934e3f2e40c33beacd1c",\n        "status": "implemented"\n      },\n      {\n        "file": "admin-audit-api.json",\n        "sha256": "4e909555e2bd23d5877cf2334987c14692be186a29070b0b2cbc3d8a6c372d11",\n        "status": "implemented"\n      },\n      {\n        "file": "admin-certificate-rotation-api.json",\n        "sha256": "5373f3c76a6d6d48b76201d51ba8cc4113f4b0a9c211378ca2ca6f76d0ad3a7d",\n        "status": "implemented"\n      },\n      {\n        "file": "admin-command-api.json",\n        "sha256": "02ebd69c1554e63afb1665b0daf637bd191fd22460f10145528e01c1918170b1",\n        "status": "implemented"\n      },\n      {\n        "file": "admin-configuration-api.json",\n        "sha256": "f007393aff01b2654ef999196d7867034ea98e0e261b57eac9ae5ae968567950",\n        "status": "implemented"\n      },\n      {\n        "file": "admin-consumable-api.json",\n        "sha256": "9f5a03e7830585b558c3872a133a4ef4f4a3c501eae18c20ee736fd051cbc1bf",\n        "status": "implemented"\n      },\n      {\n        "file": "admin-consumable-request-api.json",\n        "sha256": "2d5f87127788057a07318038f401b5054f369ea272ad0d1033c1b3446499c058",\n        "status": "implemented"\n      },\n      {\n        "file": "admin-contract-api.json",\n        "sha256": "c6909f470545dbf322f009bfd9cdba2e2db99b0bb6503f391bd6ae3d260b4c2a",\n        "status": "implemented"\n      },\n      {\n        "file": "admin-contract-device-api.json",\n        "sha256": "a2aed6bf44b097e3838ed194f233aaf976dfaa5ca385dc3f2d743483a688734f",\n        "status": "implemented"\n      },\n      {\n        "file": "admin-customer-api.json",\n        "sha256": "2e6a36762ba0d0b2669eb75b54553919934762b20f1f4cee2c89f3f7836080f2",\n        "status": "implemented"\n      },\n      {\n        "file": "admin-dashboard-api.json",\n        "sha256": "049197506386709008dc2c236747132a855a0d4f35c571ace9f2269bef497350",\n        "status": "implemented"\n      },\n      {\n        "file": "admin-device-api.json",\n        "sha256": "0d7dd60f87e090d2687397ecf29107fc721e67636ab5e5c0a296c94d2752bd44",\n        "status": "implemented"\n      },\n      {\n        "file": "admin-device-assignment-api.json",\n        "sha256": "8f813cb690286f6d2c1e9dd11c0ee5ca09cf59aecd34f01a2d52f02510135f7e",\n        "status": "implemented"\n      },\n      {\n        "file": "admin-device-console-api.json",\n        "sha256": "74010a4cb938e1edd54516900ebe4b982379e29e92ef66f038f8881c76d3f524",\n        "status": "implemented"\n      },\n      {\n        "file": "admin-device-retirement-api.json",\n        "sha256": "82106e630a9300b44ccdb411e6d1e25c3f0994bffc5cfbf041b89daf3b7dab31",\n        "status": "implemented"\n      },\n      {\n        "file": "admin-device-status-api.json",\n        "sha256": "04150d12ec48b641de225d80cfe8d2dd3a277f1b7a29cccab443ec0b983bdd6a",\n        "status": "implemented"\n      },\n      {\n        "file": "admin-device-user-api.json",\n        "sha256": "2f3b6bbb08a0915145c1f1fb14acdecd9fdf5bf003219360d7d04d347ac6c502",\n        "status": "implemented"\n      },\n      {\n        "file": "admin-esg-api.json",\n        "sha256": "5dadd0885e6a775377fcc7f6f16f5b3882f1912c06c77de2e5eb43890994873a",\n        "status": "implemented"\n      },\n      {\n        "file": "admin-license-api.json",\n        "sha256": "49ee6ec477e90ee13d3c18dfac0d47eb6d85a29889648a14cf186c653ecaf9f8",\n        "status": "implemented"\n      },\n      {\n        "file": "admin-media-api.json",\n        "sha256": "86ca3f1496bc1ce7aafce7847429b8bb6f027a075d38f02e4fed98c594329258",\n        "status": "implemented"\n      },\n      {\n        "file": "admin-onboarding-api.json",\n        "sha256": "fe1e65b3beb05d8b97ead75f9943cc5124d036fc7ecf6acc48a0fbb0df6d989f",\n        "status": "implemented"\n      },\n      {\n        "file": "admin-ota-campaign-api.json",\n        "sha256": "d6bbc80b31f94c4c2d0549b613dba15c985abd24c06ec92db8d9e95a3a86d3fe",\n        "status": "implemented"\n      },\n      {\n        "file": "admin-ota-package-api.json",\n        "sha256": "7840a8e47ebc94075ae826f370a3786ba9238055658127efb72a1733dba2452c",\n        "status": "implemented"\n      },\n      {\n        "file": "admin-replay-api.json",\n        "sha256": "26fdff9e767ec919606a38f39dc004c25e87c00d9621267a1f7e2ae6a2624d8c",\n        "status": "implemented"\n      },\n      {\n        "file": "admin-settings-api.json",\n        "sha256": "f52f024f94147e059dcc7393152c656085d47e3c3b4e574b887fc26d1d39c9c7",\n        "status": "implemented"\n      },\n      {\n        "file": "admin-site-api.json",\n        "sha256": "5cce0ade76ed2cb6d8b1ab5d15ffa2b87d652841bf3f39aa696dae6d12977c95",\n        "status": "implemented"\n      },\n      {\n        "file": "admin-user-api.json",\n        "sha256": "84dbafeeb1807d6d9f88e11815d58dbfb436ea71a85afaf8824c5b4dfdbbfcfd",\n        "status": "implemented"\n      },\n      {\n        "file": "device-certificate-api.json",\n        "sha256": "09301e426aa06dcdc6bd03bd91e23b794b57b026ee040a0b02c37ce938a57805",\n        "status": "implemented"\n      },\n      {\n        "file": "device-deactivate-api.json",\n        "sha256": "6219f9345a40c490ae1ce34f5ba30c51350b6d1a47fd3e418ab4fb9260637644",\n        "status": "implemented"\n      },\n      {\n        "file": "device-media-api.json",\n        "sha256": "e3bb7248c1b77eb2336f1663baa0053d00977e4954ced80e10aa014386a4bc1e",\n        "status": "implemented"\n      },\n      {\n        "file": "device-onboarding-api.json",\n        "sha256": "2823630e09d9cf9610bff7019d6cc97301d1eed341ae3c07bfc683aed42af8b9",\n        "status": "implemented"\n      },\n      {\n        "file": "device-ota-api.json",\n        "sha256": "30746025a116aeaa350b8bda27396ffcf6e8dc97ae746b72fea95017f8ec5020",\n        "status": "implemented"\n      },\n      {\n        "file": "device-sync-api.json",\n        "sha256": "e0ebeb838730bd6667a5d5421b30ddbd41ebe33d1012a27cca283b5f75c4ebee",\n        "status": "implemented"\n      },\n      {\n        "file": "prototype-planned-api.json",\n        "sha256": "4f117296338261fe916afc80cb1ba2d4e67853ce6e188aa99243d59d881b3407",\n        "status": "planned"\n      }\n    ]\n  },\n  "jsonSchemaDialect": "https://json-schema.org/draft/2020-12/schema",\n  "servers": [\n    {\n      "url": "/"\n    }\n  ],\n  "tags": [\n    {\n      "name": "device",\n      "description": "/api/v1/device/* 设备 mTLS API",\n      "x-path-prefix": "/api/v1/device",\n      "x-auth": "DeviceMtls"\n    },\n    {\n      "name": "admin",\n      "description": "/api/v1/admin/* 平台管理 API",\n      "x-path-prefix": "/api/v1/admin",\n      "x-auth": "CognitoJwt"\n    },\n    {\n      "name": "customer",\n      "description": "/api/v1/customer/* Customer 业务 API",\n      "x-path-prefix": "/api/v1/customer",\n      "x-auth": "CognitoJwt"\n    },\n    {\n      "name": "internal",\n      "description": "/api/v1/internal/* 仅限云端任务调用",\n      "x-path-prefix": "/api/v1/internal",\n      "x-auth": "InternalKey"\n    }\n  ],\n  "paths": {\n    "/api/v1/admin/alarms": {\n      "get": {\n        "tags": [\n          "admin"\n        ],\n        "operationId": "listAlarms",\n        "summary": "Alarm 列表（severity/status/device/site/时间范围筛选 + 游标分页）",\n        "security": [\n          {\n            "CognitoJwt": []\n          }\n        ],\n        "parameters": [\n          {\n            "name": "customerId",\n            "in": "query",\n            "required": false,\n            "schema": {\n              "type": "string",\n              "description": "平台角色可用；Customer 角色强制本 Customer"\n            }\n          },\n          {\n            "name": "siteId",\n            "in": "query",\n            "required": false,\n            "schema": {\n              "type": "string",\n              "description": "经设备归属解析"\n            }\n          },\n          {\n            "name": "deviceId",\n            "in": "query",\n            "required": false,\n            "schema": {\n              "type": "string"\n            }\n          },\n          {\n            "name": "severity",\n            "in": "query",\n            "required": false,\n            "schema": {\n              "type": "string",\n              "enum": [\n                "INFO",\n                "WARNING",\n                "MAJOR",\n                "CRITICAL"\n              ]\n            }\n          },\n          {\n            "name": "status",\n            "in": "query",\n            "required": false,\n            "schema": {\n              "type": "string",\n              "enum": [\n                "ACTIVE",\n                "ACKNOWLEDGED",\n                "CLEARED"\n              ]\n            }\n          },\n          {\n            "name": "from",\n            "in": "query",\n            "required": false,\n            "schema": {\n              "$ref": "#/components/schemas/UtcTimestamp"\n            },\n            "description": "detectedTime 下限（含）"\n          },\n          {\n            "name": "to",\n            "in": "query",\n            "required": false,\n            "schema": {\n              "$ref": "#/components/schemas/UtcTimestamp"\n            },\n            "description": "detectedTime 上限（含）"\n          },\n          {\n            "$ref": "#/components/parameters/Cursor"\n          },\n          {\n            "$ref": "#/components/parameters/Limit"\n          }\n        ],\n        "responses": {\n          "200": {\n            "description": "Alarm 列表",\n            "content": {\n              "application/json": {\n                "schema": {\n                  "$ref": "#/components/schemas/AdminAlarmApi__AlarmListSuccess"\n                }\n              }\n            }\n          },\n    '... 565194 more characters,
    operator: 'strictEqual',
    diff: 'simple'
  }

test at scripts/contract-suite.test.mjs:133:1
✖ predecessor MQTT is compatible; known REST break requires exact version and frozen DEC approvals (7.643833ms)
  Error: CONTRACT_CHANGED_UPDATE_VERSION_DECISION_AND_BASELINE
      at checkBaselines (/Users/anray/Documents/project/hiddenjoyacom/food-digester-platform/scripts/contract-suite/baseline.mjs:54:11)
      at async TestContext.<anonymous> (file:///Users/anray/Documents/project/hiddenjoyacom/food-digester-platform/scripts/contract-suite.test.mjs:134:19)
      at async Test.run (node:internal/test_runner/test:1113:7)
      at async Test.processPendingSubtests (node:internal/test_runner/test:788:7)

test at scripts/device-simulator-mtls.test.mjs:15:1
✖ local TLS broker: 10 independent certificate sessions, QoS1, downlinks, reconnect and broker ACL rejection (96.387125ms)
  Error: listen EPERM: operation not permitted ::1
      at Server.setupListenHandle [as _listen2] (node:net:1918:21)
      at listenInCluster (node:net:1997:12)
      at GetAddrInfoReqWrap.callback (node:net:2206:7)
      at GetAddrInfoReqWrap.onlookupall [as oncomplete] (node:dns:134:8) {
    code: 'EPERM',
    errno: -1,
    syscall: 'listen',
    address: '::1'
  }
 ELIFECYCLE  Command failed with exit code 1.
