
> food-digester-platform@0.0.0 test:scripts /Users/anray/Documents/project/hiddenjoyacom/food-digester-platform
> node --import tsx --test scripts/*.test.mjs

✔ bootstrap input is bound to the normalized email and never accepts a password (0.854208ms)
✔ successful bootstrap creates Cognito identity before committing linked database user (0.20775ms)
✔ non-pristine Cognito or database fails before any mutation (0.187375ms)
✔ database failure deletes Cognito identity and records compensated failure (0.194084ms)
✔ failed Cognito compensation keeps reconciliation required (0.129167ms)
✔ source approval requires exact SHA and packager embeds committed SHA (2661.801667ms)
✔ runner without approved source fails closed without leaking configuration (27.374167ms)
✔ serial and parallel repeated browser receipts are validated (1.872542ms)
✔ fail closed: missing required flow (0.152792ms)
✔ fail closed: skipped execution (0.08525ms)
✔ fail closed: flaky execution (0.080208ms)
✔ fail closed: retry hides failure (0.08075ms)
✔ fail closed: unexpected error (0.072083ms)
✔ fail closed: missing isolated trace (0.07825ms)
✔ fail closed: data prefix reused (0.682875ms)
✔ fail closed: context cleanup failed (0.143667ms)
✔ fail closed: unmocked network request (3.302125ms)
✔ fail closed: missing role proof (0.191667ms)
✔ fail closed: wrong route permission (0.164084ms)
✔ fail closed: Auditor OTA write enabled (0.138125ms)
✔ fail closed: missing MFA assertion (0.14525ms)
✔ fail closed: missing conflict response (0.167208ms)
✔ fail closed: missing forbidden response (0.145708ms)
✔ fail closed: missing repeat (0.076916ms)
✔ repeat traces cannot duplicate the first execution (0.128209ms)
✔ manifest exactly matches independent Playwright discovery (584.190833ms)
✔ discovery fails closed: missing case (0.20375ms)
✔ discovery fails closed: extra case (0.074667ms)
✔ discovery fails closed: duplicate replacing required case (0.063416ms)
✔ old Viewer permission cannot pass the updated matrix (0.550166ms)
✔ required behavioral proof cannot be missing: H-01 API 拒绝停用会话后清除浏览器会话并返回登录 (0.212542ms)
✔ required behavioral proof cannot be missing: M-01 CustomerViewer 从菜单查询设备用户详情，全部写入口隐藏 (0.179584ms)
✔ required behavioral proof cannot be missing: UI redesign: all business routes at 1366x768 (0.125584ms)
✔ required behavioral proof cannot be missing: UI redesign: all business routes at 1440x900 (0.192541ms)
✔ required behavioral proof cannot be missing: UI redesign: all business routes at 1920x1080 (0.783959ms)
✔ required behavioral proof cannot be missing: QA05 login SRP MFA error success logout without persisting password (0.40075ms)
✔ required behavioral proof cannot be missing: QA05 ESG cursor totals export snapshot timezone and empty state (0.393542ms)
✔ required behavioral proof cannot be missing: QA05 Command dangerous confirmation terminal result and publish failure (0.401417ms)
✔ required behavioral proof cannot be missing: QA05 Media expiry renew 403 and audit read-only zero writes (0.304583ms)
✔ serial and repeated phases require all 105 independent prefixes (0.965125ms)
✔ phase budget accounts for startup, executions and worker slots, with a finite ceiling (0.063125ms)
✔ invalid phase budget rejected: repeat=0 workers=1 (0.048584ms)
✔ invalid phase budget rejected: repeat=1 workers=0 (0.026958ms)
✔ invalid phase budget rejected: repeat=0.5 workers=1 (0.023083ms)
✔ invalid phase budget rejected: repeat=1 workers=0.5 (0.020459ms)
✔ invalid phase budget rejected: repeat=Infinity workers=1 (0.019375ms)
✔ invalid phase budget rejected: repeat=1 workers=NaN (0.019084ms)
✔ real child-process timeout is classified and cannot create a successful phase (51.836584ms)
✔ failed/killed process cannot pass: status=1 (0.055291ms)
✔ failed/killed process cannot pass: status=null (0.02625ms)
✔ spawn errors reject without disclosing raw process error details (0.186125ms)
✔ successful process may proceed to the strict report and trace validator (0.051333ms)
✔ 真实 OpenAPI 片段可确定性打包且无外部引用 (89.4455ms)
✔ bundle 新鲜度检查拒绝缺失或过期产物 (98.376875ms)
✔ 失败示例：非法 OpenAPI 版本与缺少 responses 被拒绝 (0.164459ms)
✔ 失败示例：全局重复 operationId 被拒绝 (0.073334ms)
✔ 失败示例：非法 parameter 与 Schema 被拒绝 (0.10725ms)
✔ 仓库提交的统一 bundle 与当前片段一致 (25.964542ms)
✔ scoped Gate accepts the archived real-target receipt, without promoting full acceptance (7.951125ms)
✔ scoped Gate rejects missing role (10.722708ms)
✔ scoped Gate rejects wrong SHA (9.372791ms)
✔ scoped Gate rejects unverified Lambda (8.804959ms)
✔ scoped Gate rejects runtime drift (8.23325ms)
✔ scoped Gate rejects mocked API (10.052417ms)
✔ scoped Gate rejects empty tenant (24.605792ms)
✔ scoped Gate rejects cross-Customer list leak (6.591833ms)
✔ scoped Gate rejects Viewer mutation accepted (6.313792ms)
✔ scoped Gate rejects expired old Token (89.157875ms)
✔ scoped Gate rejects two duplicate successes (6.118291ms)
✔ scoped Gate rejects two optimistic successes (6.036291ms)
✔ scoped Gate rejects bundled Firefox (6.479ms)
✔ scoped Gate rejects missing browser-role case (6.359667ms)
✔ scoped Gate rejects persisted edit belongs to another record (7.039458ms)
✔ scoped Gate rejects forbidden page rendered as business page (11.275875ms)
✔ scoped Gate rejects missing screenshot (2.224ms)
✔ scoped Gate rejects cleanup duplicate hides missing ID (88.746459ms)
✔ scoped Gate rejects cleanup incomplete (14.653709ms)
✔ scoped Gate rejects private credentials retained (6.130334ms)
✔ scoped Gate rejects scope promoted (9.375125ms)
✔ 当前管理后台源代码满足入口与组合根交付约束 (5.812833ms)
✔ 缺少入口和构建产物时失败关闭 (0.310875ms)
✔ FE-06 至 FE-19 任一任务或路由从事实源缺失时失败关闭 (3.940916ms)
✔ FE-11 至 FE-15 任一任务、路由或页面标识缺失时失败关闭 (19.370875ms)
✔ FE-06 至 FE-15 任一控制器或 operationId 缺失时失败关闭 (2.777916ms)
✔ FE-11 至 FE-15 控制器或 operationId 缺失时失败关闭 (2.983083ms)
✔ FE-16 至 FE-19 任一任务、路由、控制器、页面标识或 operationId 缺失时失败关闭 (3.333125ms)
✔ App 移除显式页面分支时失败关闭 (10.473959ms)
✔ 完整目标回执覆盖双提交、隔离环境、五角色、七路由、五闭环与清理 (94.092417ms)
✔ 缺路由、角色、闭环或审计拒绝角色时失败关闭 (28.518042ms)
✔ mock、泄露、短链持久化、危险操作与只读写请求均失败关闭 (25.938167ms)
✔ 缺失回执、双部署提交漂移、HEAD 不一致与未清理均失败关闭 (11.735125ms)
✔ 目标 Gate 是显式发布步骤且不进入普通 verify (0.193917ms)
✔ 完整回执覆盖双提交、隔离环境、五角色、五路由、四闭环、隐私、双语布局与清理 (74.5255ms)
✔ 缺路由、角色、闭环、locale 或 viewport 时失败关闭 (49.654208ms)
✔ mock、权限、并发、泄露或布局不合格时失败关闭 (19.256459ms)
✔ 缺失回执、双部署提交漂移、HEAD 不一致与未清理均失败关闭 (63.079916ms)
✔ 目标 Gate 是显式发布步骤且不进入普通 verify (0.23725ms)
✔ 完整路由、五角色、五业务闭环、租户、并发、敏感字段与清理回执通过 (0.809667ms)
✔ 缺路由、角色或业务闭环时失败关闭 (0.161334ms)
✔ Cognito、部署 API、跨租户、并发与敏感字段证据不满足约束时失败关闭 (0.107583ms)
✔ 缺失回执、部署提交或 sourceCommit 不一致时失败关闭 (0.806791ms)
✔ 完整的 58 API、五角色、并发、ESG 与清理目标 AWS 回执通过 (18.679542ms)
✔ 58 个回执 operationId 与九份正式业务 OpenAPI 精确一致 (2.616958ms)
✔ API 缺项、角色缺项与跨 Customer 放行均失败关闭 (1.517791ms)
✔ 并发或 ESG 证据不满足生产约束时失败关闭 (1.067625ms)
✔ 缺失回执与 sourceCommit 不匹配均失败关闭 (4.8835ms)
✔ 完整覆盖 25 API、五角色、竞态、退役与导出的隔离 AWS 回执通过 (0.863625ms)
✔ 缺 operation、跨租户放行、竞态双成功、证书未失活与 MQTT/S3 缺口均失败关闭 (0.192584ms)
✔ operation 成功状态与负向状态集合不完整时失败关闭 (0.094417ms)
✔ 回执缺失、非法 JSON 或 sourceCommit 不一致时独立发布 Gate 失败 (0.936167ms)
✔ 完整 Archive、Replay、Summary 目标 AWS 回执通过 (0.913916ms)
✔ 缺探针、重复归档、Replay 复制业务行和空 Summary 均失败关闭 (0.2335ms)
✔ 缺少回执或提交不一致时独立 Gate 失败 (0.573041ms)
✔ 完整隔离 AWS 回执覆盖 8 Topic、负向路径、QA-03 与清理时通过 (0.865917ms)
✔ 缺 Topic、未知 Topic 命中、Error Action 未恢复和原文漂移均失败关闭 (0.161583ms)
✔ 未提供目标 AWS 回执时独立发布 Gate 明确失败 (0.448291ms)
✔ 回执必须对应待发布的精确 Git 提交 (0.308666ms)
✔ 完整的 15 API、角色、Cognito、并发、S3、Dashboard、审计与清理回执通过 (0.841541ms)
✔ 15 个 operationId 与六份正式 OpenAPI 精确一致 (0.70775ms)
✔ API、角色、租户或安全/并发探针缺口均失败关闭 (0.205666ms)
✔ 缺失回执与 sourceCommit 不匹配均失败关闭 (24.440166ms)
✔ 干净的依赖图通过检查 (1.430708ms)
✔ 共享包反向依赖 apps 被识别为边界违规 (0.67775ms)
✔ contracts 反向依赖 apps 被识别为边界违规 (0.497333ms)
✔ apps 之间互相依赖被识别为边界违规 (1.784208ms)
✔ 工作区循环依赖被检出 (1.281625ms)
✔ 非工作区依赖（外部 npm 包）不参与检查 (0.691792ms)
✔ 当前仓库通过边界与循环依赖检查 (1.330834ms)
✔ CDK WARNING 与规则校验编号会触发 Gate (1.983041ms)
✔ 正常 synth 输出不会误报 (0.432125ms)
✔ 已交付 Lambda 缺失或回退到内联 501 占位时 Gate 失败 (0.164125ms)
✔ 已交付 Lambda 使用 S3 asset 时 Gate 通过 (0.059084ms)
✔ CMD/OTA 生产接线 Gate 对 Worker/调度任一缺失均失败关闭 (0.197667ms)
✔ CMD/OTA 生产接线 Gate 对 IoT/S3/KMS 权限缺失失败关闭 (0.232583ms)
✔ 真实登记文件：结构校验通过，并准确识别当前未决 DEC (1.532625ms)
✔ 真实契约版本文件：decisionRegisterVersion 与登记一致 (1.179417ms)
✔ 契约版本不一致被拒绝 (0.344916ms)
✔ 重复决策 ID 被拒绝（已知冲突必须有唯一决策 ID） (0.147458ms)
✔ 原则与决策之间 ID 也全局唯一 (0.097333ms)
✔ pending 决策携带批准人被拒绝 (0.05625ms)
✔ frozen 决策必须有批准人、批准时间和 >=1.0.0 版本 (0.099208ms)
✔ blockingTasks 为空或格式非法被拒绝 (0.070208ms)
✔ history 必须非空且末条版本与条目版本一致 (0.069416ms)
✔ 非 UTC 时间戳被拒绝 (0.081042ms)
✔ CLI validate 模式：真实文件退出码 0 且输出实际未决数；--fail-on-pending 按实际未决数返回 (0.881291ms)
✔ CLI：结构错误退出码 1 (0.669334ms)
✔ 追溯校验：合法 x-decision-versions 引用通过（Schema 可追溯到决策版本） (1.252209ms)
✔ 追溯校验：不存在的决策 ID 被拒绝 (0.580417ms)
✔ 追溯校验：引用版本与登记版本不一致被拒绝 (0.570208ms)
✔ 追溯校验：缺少 x-decision-versions 或格式非法被拒绝 (0.740333ms)
✔ 追溯校验：嵌套在 OpenAPI info 下的 x-decision-versions 可被递归发现 (0.592458ms)
✔ 已交付 API（含管理后台 P1）的 129 个 OpenAPI operation 与生产路由双向一致 (6.625917ms)
✔ 版本化已交付清单缺失、重复或引用不存在文件时失败关闭 (0.863958ms)
✔ 缺失、额外、重复及 method/path 漂移均失败关闭 (0.176667ms)
✔ CMD/OTA 治理 Gate 校验四份 REST 契约及 DEC-022/023 冻结状态 (3.295167ms)
✔ 有效链接、无易漂移计数且工具链配对正确时通过 (4.131709ms)
✔ 损坏的仓库内 Markdown 链接被拒绝 (0.900875ms)
✔ 陈旧测试计数或不兼容工具链声明被拒绝 (0.668208ms)
✔ 当前仓库 ENG/DB/DOM 与 IAC/AUTH/SEC 任务文档证据一致 (6.521084ms)
✔ BE-IOT-01～08 文档全部纳入默认链接与证据门禁 (0.080958ms)
✔ BE-ARC/RPL/ESG 四份文档及 P2 回归纳入默认证据门禁 (0.046209ms)
✔ 11 份管理后台业务文档全部纳入默认链接与证据门禁 (0.041959ms)
✔ BE-MED/RBAC/AUD/DASH/SET 五份文档纳入状态与 AWS 证据门禁 (0.03625ms)
✔ FE-06～FE-10 五份前端文档纳入四层状态与目标回执门禁 (0.042916ms)
✔ FE-11～FE-15 五份前端文档纳入四层状态与独立目标回执门禁 (0.072625ms)
✔ 前端任务文档拒绝缺层级、问题责任字段、目标 Gate 和 P1 陈旧描述 (0.075959ms)
✔ FE-11～FE-15 文档拒绝旧缺陷、任务级勾选及旧目标 Gate (0.0535ms)
✔ BE-MED/RBAC/AUD/DASH/SET 文档拒绝缺状态层、陈旧参数和设置生效误述 (0.05025ms)
✔ 管理后台业务文档拒绝缺证据引用和陈旧决策或部署说法 (0.04525ms)
✔ BE-ARC/RPL/ESG 文档拒绝缺审计快照和生产接线边界外旧说法 (0.040167ms)
✔ BE-IOT 文档拒绝缺少审计快照、Report P2002 与 Media 另路由旧说法 (0.05375ms)
✔ BE-IOT 严格负向探针必须保留为可定位的永久回归 (2.5985ms)
✔ 安全任务文档拒绝历史计数、缺少 verify 命令与陈旧 DEC-012 状态 (11.519709ms)
✔ 安全任务文档接受当前命令、审计快照引用与 frozen 决策 (0.091125ms)
✔ 当前仓库（DB-01 已落地）Migration 结构通过 (7.428875ms)
✔ schema.prisma 未落地时跳过并通过（骨架期行为） (0.209292ms)
✔ 失败示例：Schema 已存在但无任何 Migration（未提交 Migration） (0.42775ms)
✔ 失败示例：migrations/ 为空且缺少 migration_lock.toml (0.46725ms)
✔ 失败示例：Migration 目录名非法与空 migration.sql (1.834917ms)
✔ 合法 Migration 结构通过 (1.195416ms)
✔ 失败示例：已有旧 Migration 但 Schema 已变化且未登记快照 (0.957375ms)
✔ 真实矩阵通过完整性检查 (7.752125ms)
✔ 真实引用集合：41 个矩阵 API 与 13 个 routeId 全部可解析 (0.383834ms)
✔ index19.html 源清单：9 个菜单、12 个页面、128 个元素与矩阵双向覆盖 (0.324375ms)
✔ 真实矩阵：9 菜单、12 页面、每项均有处置结论 (0.23725ms)
✔ 被拒绝的实时流、明文密码、状态混用不携带实现任务 (0.220625ms)
✔ 矩阵的 x-decision-versions 可追溯到决策登记（DEC-007~012） (0.933875ms)
✔ 缺少菜单或页面被拒绝 (0.246ms)
✔ 重复元素 ID 被拒绝 (0.072958ms)
✔ Adapt/Reject 缺少依据被拒绝 (0.083834ms)
✔ Adopt/Adapt 生产字段缺少 API 来源被拒绝 (0.106875ms)
✔ rejectCategory 项非 Reject 或携带实现任务被拒绝 (0.079125ms)
✔ 未知角色被拒绝（R7） (0.071583ms)
✔ 格式合法但不存在的 operationId、routeId 与响应字段被拒绝 (1.30625ms)
✔ planned operation 的任务归属漂移被拒绝 (0.286292ms)
✔ 源清单与矩阵任一侧删除元素均被双向覆盖检查拒绝 (2.1425ms)
✔ index19.html 内容变化但未重新盘点源清单时失败关闭 (1.627125ms)
✔ 重复 operationId 与 routeId 被引用索引拒绝 (1.338333ms)
✔ CLI：真实矩阵退出码 0，违规矩阵退出码 1 (18.003291ms)
✔ 当前仓库全部 Schema、OpenAPI 片段与统一 bundle 通过引用校验 (102.307792ms)
✔ 失败示例：悬空内部 $ref 被拒绝 (0.743875ms)
✔ 失败示例：同目录相对 $ref 目标文件不存在被拒绝 (0.321958ms)
✔ 失败示例：JSON 语法损坏的 Schema 被拒绝 (0.500708ms)
✔ 失败示例：JSON Schema 2020-12 非法 type 被元 Schema 拒绝 (0.438084ms)
✔ 失败示例：OpenAPI 基座缺少 paths 被拒绝 (0.4115ms)
✔ 同目录相对 $ref 可解析时通过 (0.488166ms)
✔ 失败示例：PEM 私钥块被检出 (0.551542ms)
✔ 失败示例：AWS Access Key ID 被检出 (0.06825ms)
✔ 失败示例：GitHub 令牌被检出 (0.052959ms)
✔ 失败示例：Slack 令牌被检出 (0.046834ms)
✔ 正常内容不误报 (0.355583ms)
✔ 失败示例：未跟踪且未忽略文件中的私钥也被扫描 (35.753458ms)
✔ 当前仓库通过敏感信息扫描 (421.594291ms)
✔ 生产源码直接 console 与 raw trace API 均被拒绝 (1.283334ms)
✔ 测试目录可使用 console，生产统一 logger 允许 (0.6585ms)
✔ 当前仓库生产源码通过 sink 门禁 (40.126042ms)
✔ QA-02 MQTT heartbeat: all valid/invalid fixtures, missing meta and type mutation (37.922917ms)
✔ QA-02 MQTT telemetry: all valid/invalid fixtures, missing meta and type mutation (7.802166ms)
✔ QA-02 MQTT report: all valid/invalid fixtures, missing meta and type mutation (2.114875ms)
✔ QA-02 MQTT alarm: all valid/invalid fixtures, missing meta and type mutation (4.855417ms)
✔ QA-02 MQTT event: all valid/invalid fixtures, missing meta and type mutation (5.383792ms)
✔ QA-02 MQTT ack: all valid/invalid fixtures, missing meta and type mutation (1.322708ms)
✔ QA-02 MQTT tamper: all valid/invalid fixtures, missing meta and type mutation (1.116667ms)
✔ QA-02 MQTT media: all valid/invalid fixtures, missing meta and type mutation (0.967542ms)
✔ QA-02 MQTT cmd: all valid/invalid fixtures, missing meta and type mutation (1.28325ms)
✔ QA-02 MQTT ota: all valid/invalid fixtures, missing meta and type mutation (33.979583ms)
✔ QA-02 MQTT notification: all valid/invalid fixtures, missing meta and type mutation (1.437709ms)
✔ MQTT semantic hash, discriminator and UTC calendar errors fail closed (0.457ms)
✔ full REST response: field deletion/type mutation/envelope/date/errors/status/headers are enforced (11.124542ms)
✔ REST request validation: required body/path/query/header, optional Sync, bodyless Deactivate, no type coercion in JSON (4.75175ms)
✔ all device operations and declared response JSON Schemas compile; stable error catalog has no duplicates (64.06525ms)
✔ predecessor MQTT is compatible; known REST break requires exact version and frozen DEC approvals (54.669458ms)
✔ breaking contract mutations fail: removing fields/operations/status, changing type/required/security (82.900208ms)
✔ receipt coverage gate fails closed for missing operations/statuses, no valid request and forged records (0.298875ms)
✔ archived CSR upgrade mapping still verifies original baselines without rewriting history (25.532084ms)
✔ QA04 coverage Gate accepts complete matrix and proofs (0.802208ms)
✔ QA04 coverage Gate rejects missing domain (0.231416ms)
✔ QA04 coverage Gate rejects no negative path (0.1205ms)
✔ QA04 coverage Gate rejects untrusted handler (0.581541ms)
✔ QA04 coverage Gate rejects missing role (0.137958ms)
✔ QA04 coverage Gate rejects cross-tenant leak (0.106792ms)
✔ QA04 coverage Gate rejects two write winners (0.117792ms)
✔ QA04 coverage Gate rejects duplicate audit (0.102667ms)
✔ QA04 coverage Gate rejects rollback missing (0.114125ms)
✔ QA04 coverage Gate rejects unclean resource (0.133875ms)
✔ QA04 coverage Gate rejects reused isolation (0.106917ms)
✔ QA04 coverage Gate rejects no observed replay (0.116792ms)
✔ QA04 required acceptance cases are enforced (0.556417ms)
✔ QA04 skipped assertion fails execution Gate (0.057ms)
✔ QA04 removed state-machine assertion fails coverage Gate (0.378583ms)
✔ migration source requires exact approved commit (0.428834ms)
✔ migration connection requires complete secret and verified TLS; special credentials are encoded (0.161958ms)
✔ database verification derives every mapped Prisma table (0.427834ms)
✔ runner without approved source fails without reporting credentials or driver details (37.515167ms)
✔ source packager archives committed tree, includes exact SHA and refuses overwriting ZIP (2554.559791ms)
✔ local TLS broker: 10 independent certificate sessions, QoS1, downlinks, reconnect and broker ACL rejection (854.910792ms)
✔ 10 concurrent sessions: all topics, exact 5% duplicates / 2% delayed telemetry, replay and isolated bad Schema (190.495292ms)
✔ cross-device publish, subscribe, receive and wildcard denied (0.471708ms)
✔ invalid configuration, OTA transitions and test credential gate fail closed (0.556208ms)
✔ scripted failed command, missing target mapping and illegal downlink do not generate mixed ACK (0.259417ms)
✔ all sessions close when one transport fails; no successful receipt (96.109875ms)
✔ MQTT adapter rejects SUBACK denial and connection failures (0.233292ms)
✔ CLI creates offline receipt and refuses ungated mqtts before reading credential paths (371.939542ms)
✔ CDK wrapper accepts synth/diff and requires explicit deploy stack (0.71375ms)
✔ CDK wrapper builds the whole workspace and fails closed on build errors (0.112958ms)
✔ CDK wrapper uses local SSO but requires OIDC credentials in GitHub Actions (0.072208ms)
✔ QA03 Gate accepts complete local integration receipt (0.548083ms)
✔ QA03 Gate rejects missing scenario (0.161834ms)
✔ QA03 Gate rejects unclean resources (0.079917ms)
✔ QA03 Gate rejects reused isolation prefix (0.080791ms)
✔ QA03 Gate rejects lost message (0.086125ms)
✔ QA03 Gate rejects duplicate business record (0.120791ms)
✔ QA03 Gate rejects missing raw proof (0.083167ms)
✔ QA03 Gate rejects missing fault probe (0.108375ms)
✔ receipt covers all 128 decisions in two viewports (3.28ms)
✔ fail closed: missing page (0.906833ms)
✔ fail closed: skipped case (0.252ms)
✔ fail closed: flaky success (0.23675ms)
✔ fail closed: retry (0.197875ms)
✔ fail closed: unexpected external network (0.1945ms)
✔ fail closed: fixture collision (0.177167ms)
✔ fail closed: missing cleanup (0.304625ms)
✔ fail closed: updated baseline masquerades as regression (0.217542ms)
✔ fail closed: missing group (0.247584ms)
✔ fail closed: duplicate group (0.19875ms)
✔ fail closed: missing rejection assertion (0.213833ms)
✔ fail closed: missing menu (0.183958ms)
✔ fail closed: missing behavior guard (0.179333ms)
✔ fail closed: wrong viewport (0.180792ms)
✔ fail closed: snapshot hash mismatch (0.192334ms)
✔ binding omission, duplication and reject implementation fail closed (0.29575ms)
✔ real gzip bytes bind exact own devices, raw outbox hash and canonical published hash (7.338667ms)
✔ scope expansion, unknown customer/device, modified bytes and missing archive fail closed (1.860375ms)
✔ IoT normalized raw body binds outbox bytes while original publication binds canonical payload (1.330667ms)
✔ quick MQTT profile requires exact additional telemetry ledger and cannot waive missing archives (2.017417ms)
✔ archive deadline uses actual S3 modification times and cannot green an eventual late archive (7.500792ms)
✔ redelivery rejects foreign archives, unbounded inventories and unbound certificates before AWS operations (0.883792ms)
✔ nominal 30x profile cannot conceal a slower real publish window (6.921917ms)
✔ version proof requires CI deploy Amplify exact commit and 19 distinct verified artifact bytes (0.385167ms)
✔ own-fixture fault grant rejects shared changes and unknown faults while retaining deployment boundary (0.126875ms)
✔ database proof rejects foreign build, source, role and nonzero cleanup instead of trusting child PASS (0.284ms)
✔ target gates reject missing finish cleanup required case and foreign device before live calls (0.585292ms)
✔ business cleanup preserves outside rows, rejects baseline drift and deletes own dependent rows atomically (1282.1885ms)
✔ fault injection rejects missing authorization and foreign export identity without mutation (0.437291ms)
✔ assertion-only validation cannot stand in for cleanup or whole target acceptance (0.1395ms)
✔ complete intermediate/root chain matches truststore and private key (2.60575ms)
✔ missing root is distinguished from valid signing certificate and key (0.381833ms)
✔ wrong parent, expired chain and wrong private key fail independently (0.887167ms)
✔ oversized worker chain, malformed values and arbitrary canaries never leak (1.236916ms)
✔ receipt gate accepts completed diagnostic with invalid chain, rejects data leak and missing cleanup (1.56825ms)
✔ approved exact Worker, Secret, KMS and original expiry scope is accepted (0.930209ms)
✔ removing role condition, wildcard Secret or extended expiry is rejected (0.321708ms)
✔ unrestricted KMS, different context or extra secret permissions are rejected (0.157458ms)
✔ repair gate requires retained versions, exact output binding and all cleanup (1.102625ms)
✔ only root field changes, original version remains immutable and AWSPREVIOUS (6.283084ms)
✔ baseline drift prevents all writes (0.117667ms)
✔ wrong fixed root prevents all writes (0.322959ms)
✔ unknown put outcome recovers immutable token without a second put (1.176667ms)
✔ candidate mutation fails before promotion (0.318625ms)
✔ concurrent current movement after candidate write is preserved (0.573875ms)
✔ unknown promotion response is recovered from current stages (1.518875ms)
✔ post-promotion failed readback rolls back only the known current candidate (0.715125ms)
✔ invalid version token rejects before accessing any secret (0.257292ms)
✔ rollback refuses to overwrite a concurrent foreign current version (0.682791ms)
✔ unknown AWS errors are returned as fixed codes without secret exception text (0.090417ms)
✔ successful promotion waits for metadata visibility without repeating stage writes (0.857291ms)
✔ existing current candidate is verified using read-only store without new versions or stage writes (0.759875ms)
✔ read-only recovery rejects changed fields without rolling back an existing current version (0.261041ms)
✔ capacity planning includes operational and rotation idle overlap and rejects naive concurrency increase (0.46075ms)
✔ range reads keep the original default and permit bounded slow-link retry (0.371375ms)
✔ range reads reject unbounded, ambiguous and below-default timeouts (0.186625ms)
✔ read-only asset concurrency stays bounded independently of DB/API capacity (0.104041ms)
✔ DLQ scope requires closed ledger, 20 exact IDs and fresh empty database proof (0.80125ms)
✔ one-shot worker deletes only exact retired pointers, restores unknown visibility, and exports no bodies or handles (2.572958ms)
✔ log projection redacts payload/error details and rejects unrecognized events (0.4445ms)
✔ specific redelivery needs matching SQS ID, final disposition and durable duplicate receipt (0.120791ms)
✔ 20 sequence stage Gate rejects incomplete coverage and unrelated device evidence (0.840708ms)
✔ completed Build result tolerates delayed/truncated CloudWatch visibility and transient read failure without rerunning SQL (2.663791ms)
✔ wrong/multiple/failed frames and AccessDenied reject immediately, absent result fails closed after bounded reads (0.477375ms)
✔ CloudWatch 250000-character fragments reassemble exact source-bound metadata without accepting truncation or another frame (9.119167ms)
✔ large fixture observations round-trip through bounded gzip without losing metadata (10.263459ms)
✔ compressed fixture frames reject corruption, noncanonical data and decompression bombs (29.390291ms)
✔ compressed metadata still requires the exact expected source/build/action binding (1.466583ms)
✔ fixed manifest rejects unsafe SQL identifiers, missing hash and duplicates (0.532333ms)
✔ migration comparison distinguishes missing, tampered, unfinished and rolled-back migrations (0.135416ms)
✔ snapshot uses repeatable read/read only, timeouts, fixed SELECTs and always rolls back (0.334417ms)
✔ writable transaction rejected before business queries and rolled back (0.169459ms)
✔ query failure rolls back instead of yielding partial PASS (0.110083ms)
✔ dedicated query project never changes migration project or passes StartBuild overrides (23.83375ms)
✔ legacy onboarding rows without CSR columns require reconciliation before migration (0.143542ms)
✔ query success preserves real migration BLOCKED instead of promoting readiness (0.713458ms)
✔ wrong build, writable transaction, unbound hash and fabricated migration PASS rejected (0.242042ms)
✔ missing table count cannot become complete SQL evidence (1.609709ms)
✔ snapshot must be available encrypted manual and exact whitelist cannot expand (0.420625ms)
✔ real local SQL retires exactly two jobs/requests and preserves every other table (1211.318583ms)
✔ live status drift aborts with original rows intact (506.655459ms)
✔ unexpected cascade/trigger changing a preserved table rolls back all deletes (446.162208ms)
✔ target License wire sequence proves ExpiringSoon renewal and Renewed activation using real handlers and PostgreSQL (1297.665667ms)
✔ recovery sub-gate checks all preserved tables without accepting full QA09 (1.103958ms)
✔ version mismatch, missing migration and changed certificate/other business data fail closed (0.355542ms)
✔ retirement evidence cannot hide wrong deleted IDs or lose preservation proof (0.238ms)
✔ retirement project has fixed source and never modifies readonly/migration runner (19.2785ms)
✔ real Sync observation redacts secret domains and cannot treat delivery as firmware verification (2.3805ms)
✔ receipt runner sends only RECEIVED and redacts complete snapshots even with device password hashes (1.66925ms)
✔ receipt runner fails closed for mismatched snapshots and refused confirmation (0.163625ms)
✔ S3 fallback accepts exact owned version cleanup and rejects bucket, customer and pagination expansion (0.495875ms)
✔ domain cleanup refuses live run, foreign customer name, missing DB cleanup and out-of-scope objects (0.616291ms)
✔ unseeded identity cleanup rejects unfinished, foreign, seeded and pre-existing admin ledgers (0.93875ms)
✔ Cognito canonical UUID is allowed only with exact own email and creation within this failed run (0.215167ms)
✔ P95 uses all actual samples and rejects empty or invalid measurements (0.432916ms)
✔ complete P95 excludes censored timeouts and refuses partial sample acceptance (0.12175ms)
✔ performance summary refuses to report P95 PASS for missing or incomplete actual samples (54.034958ms)
✔ read-only pool probe distinguishes one connection, recovery and incomplete capacity acceptance (1.664709ms)
✔ observed connection-budget violation refuses a pool PASS receipt (0.558041ms)
✔ foreign probe application name is rejected before database access (0.061667ms)
✔ scheduled publishing overlaps slow PUBACK and drains failures without abandoning in-flight writes (27.709125ms)
✔ only exact test account and readonly role accepted (0.85075ms)
✔ stack identity, region, project and test tag fail closed (0.117209ms)
✔ permission denial is unverified, never classified as absent (0.110542ms)
✔ metadata health never promotes missing business evidence to AWS PASS (0.23625ms)
✔ five groups with unconfirmed or disabled users do not prove usable identities (0.075875ms)
✔ missing target receipts and version mismatch remain blockers (0.071ms)
✔ existing test environment requires neither new account nor stack and retains real-response/cleanup boundaries (0.242791ms)
✔ real sub-scope acceptance cannot claim whole QA09 (0.965541ms)
✔ unfinished execution, missing role probe and failed assertion rejected (0.168459ms)
✔ missing cleanup, wrong target, secrets and source tampering rejected (16.932584ms)
✔ identity cleanup only accepts this run and the five known role identities (0.454292ms)
✔ record cleanup requires exact run namespace, not merely a partial prefix (0.095291ms)
✔ recovery excludes explicitly later own SLO records without waiving original bytes or deadlines (5.02575ms)
✔ later record exemption never includes other devices or customers (2.059583ms)
✔ per-request service throttling requires both unique IDs and bound access-row time/status, never minute metrics (0.371083ms)
✔ QA09 rollout separates logging, budget and event publication and rejects silent phase mistakes (0.66925ms)
✔ business session cleanup never accepts a foreign email id role scope or lifecycle (0.582041ms)
✔ session fixtures require exact own customer and site binding before cleanup (0.10975ms)
✔ complete narrow real-environment scope never accepts full QA09 (8.713042ms)
✔ missing mTLS, shared keys, different ingress/archive bytes and missing cleanup fail closed (43.356084ms)
✔ CodeBuild inline source fits service limit and decompresses to exact reviewed bytes (30.559792ms)
✔ exact own-ten plan rejects expansion, historical identity and wrong customer namespace (19.295083ms)
✔ real SQL creates exact fixtures and cleanup preserves original devices/certificates (817.916958ms)
✔ unexpected original-data trigger mutation rolls back fixture creation (477.907375ms)
✔ processing provisioning job prevents cleanup without deleting any own devices (446.004875ms)
✔ CSR proofs bind method, path, request ID, timestamp, nonce and independent key (63.081458ms)
✔ closed-fixture audit and request outbox cleanup require ledger and preserve unrelated events (428.431083ms)
✔ closed-fixture access rejects missing approval audit and live customer (419.569375ms)
✔ unseeded capacity attempt has read-only empty audit with deleted customers and fixed original baseline (425.732791ms)
✔ business-only Onboarded fixtures preserve original rows, refuse reuse and make no certificate/authentication claim (428.436625ms)
✔ unseeded timeout audit reads only exact prefix and cannot mutate original or retry customer creation (425.550625ms)
✔ active lifecycle fixture changes exactly two own states and never claims a natural path (425.686292ms)
✔ capacity probe executes a read-only transaction and leaves fixture and original rows unchanged (419.80225ms)
✔ version binding preserves prior defaults and accepts exact new target (0.662333ms)
✔ invalid version input is rejected before any AWS operation (0.144459ms)
✔ all delivered writes have an explicit permission and own or absent object path (9.621875ms)
✔ identical claims still change signed payload bytes rather than unused base64 signature bits (0.238625ms)
✔ quick has exact cadence, 24 historical hours, 30x burst, 5% duplicates and 2% delayed delivery (9.034541ms)
✔ full plan contains 86400 historical Telemetry samples for 10 devices at 10-second cadence (215.732958ms)
✔ unknown profile fails closed (0.178375ms)
✔ P95 uses nearest rank and does not mutate input (0.127458ms)
✔ invalid latency  rejected (0.06375ms)
✔ invalid latency NaN rejected (0.035625ms)
✔ invalid latency Infinity rejected (0.03825ms)
✔ invalid latency -1 rejected (0.046625ms)
✔ independent checker verifies count average min max and UTC buckets (0.237084ms)
✔ complete reliability proof passes (0.721042ms)
✔ Gate rejects missing trace (0.436833ms)
✔ Gate rejects duplicate trace (0.378959ms)
✔ Gate rejects failed cleanup (0.685834ms)
✔ Gate rejects wrong profile (0.427458ms)
✔ Gate rejects wrong cadence (0.394333ms)
✔ Gate rejects untracked loss (0.379708ms)
✔ Gate rejects duplicate business row (0.381292ms)
✔ Gate rejects missing archive (0.39425ms)
✔ Gate rejects missing reorder (0.404167ms)
✔ Gate rejects missing retry (0.415167ms)
✔ Gate rejects unresolved gap (0.381625ms)
✔ Gate rejects worker not paused (0.359584ms)
✔ Gate rejects no backlog (0.366375ms)
✔ Gate rejects unscoped replay (5.478166ms)
✔ Gate rejects duplicate MQTT publish (0.455042ms)
✔ Gate rejects late ACK changed terminal state (0.598583ms)
✔ Gate rejects telemetry P95 failed (0.452333ms)
✔ Gate rejects command P95 failed (0.395083ms)
✔ Gate rejects NaN P95 (0.383042ms)
✔ Gate rejects missing latency samples (0.382333ms)
✔ security receipt accepts complete execution and all observed acceptance proofs (2.224208ms)
✔ execution fails closed: deleted required test (0.461625ms)
✔ execution fails closed: missing file (0.136292ms)
✔ execution fails closed: pending test (0.094584ms)
✔ execution fails closed: failed test (1.361584ms)
✔ proof fails closed: missing proof (0.193209ms)
✔ proof fails closed: reused prefix (0.305917ms)
✔ proof fails closed: cleanup incomplete (0.132083ms)
✔ proof fails closed: expired JWT accepted (0.107084ms)
✔ proof fails closed: missing write operation (0.123042ms)
✔ proof fails closed: forged identity accepted (0.087041ms)
✔ proof fails closed: route resolved before auth (0.059167ms)
✔ proof fails closed: cross tenant allowed (0.077625ms)
✔ proof fails closed: unauthorized side effect (0.088375ms)
✔ proof fails closed: prototype pollution (0.069125ms)
✔ proof fails closed: malicious media signed (0.070208ms)
✔ proof fails closed: malicious media persisted (0.058125ms)
✔ proof fails closed: leak ignored (0.080458ms)
✔ proof fails closed: unscanned audit (0.101292ms)
✔ proof fails closed: unscanned snapshot (0.13925ms)
✔ proof fails closed: partial response scan (0.075542ms)
✔ independent scanner rejects nested secrets raw JWT Error private key and signed URL without echoing values (0.7795ms)
✔ scanner detects opaque canary leakage and permits null redacted values and public certificate (0.043166ms)
ℹ tests 466
ℹ suites 0
ℹ pass 466
ℹ fail 0
ℹ cancelled 0
ℹ skipped 0
ℹ todo 0
ℹ duration_ms 6472.6465
