business-baseline: PROVISIONING
business-baseline: DOWNLOAD_SOURCE
business-baseline: BUILD
business-baseline: COMPLETED
business-cleanup: PROVISIONING
business-cleanup: DOWNLOAD_SOURCE
business-cleanup: BUILD
business-cleanup: COMPLETED
business-audit: PROVISIONING
business-audit: DOWNLOAD_SOURCE
business-audit: BUILD
business-audit: COMPLETED
observe: PROVISIONING
observe: DOWNLOAD_SOURCE
observe: BUILD
observe: FINALIZING
observe: COMPLETED
cleanup: PROVISIONING
cleanup: DOWNLOAD_SOURCE
cleanup: BUILD
cleanup: COMPLETED
observe: PROVISIONING
observe: DOWNLOAD_SOURCE
observe: INSTALL
observe: BUILD
observe: COMPLETED
{"gate":"PASS","prefix":"qa09-40435a924991333a","cleanup":[{"type":"esg-object","key":"esg-exports/928a2ccd-a09f-4903-8952-d23ff4082a56.csv","remainingVersions":0,"result":"PASS"},{"type":"esg-object","key":"esg-exports/a34aa2fc-6311-479a-9fcf-d4a3b098aab8.csv","remainingVersions":0,"result":"PASS"},{"type":"esg-object","key":"esg-exports/4259f14b-befe-4692-884c-3285b4469967.csv","remainingVersions":0,"result":"PASS"},{"type":"esg-object","key":"esg-exports/06945239-a7ce-4bff-a425-f90494094695.csv","remainingVersions":0,"result":"PASS"},{"type":"business-fixtures","result":"PASS","deleted":{"business_outbox":11,"outbox_events":10,"command_acks":0,"command_attempts":0,"device_commands":0,"device_retirements":0,"device_user_sync_receipts":0,"device_user_assignments":1,"device_users":4,"license_history":4,"license_entitlements":2,"contract_devices":4,"licenses":1,"contracts":4,"configuration_versions":3,"device_configurations":1,"consumable_requests":5,"esg_export_jobs":4,"device_activity_export_jobs":0,"telemetry_hourly":2,"telemetry_daily":2,"device_events":2,"esg_reports":2,"esg_daily_summary":2,"consumable_projections":2,"device_latest_state":2,"device_assignments":10}},{"type":"database-fixtures","count":10,"result":"PASS"},{"type":"site","id":"f5527413-0e20-46a4-b3d8-08855eec61d8","result":"PASS","gatewayRequestId":"e73f72b3-f97d-459a-88ed-8e7360659b38"},{"type":"site","id":"5f8c3e19-6dbe-40b0-9fab-e636485ec44a","result":"PASS","gatewayRequestId":"54bc015c-c6f2-4729-8902-e664c9bf13ef"},{"type":"customer","id":"99678846-7e8b-4a3f-9bf7-e06d93271ce0","result":"PASS","gatewayRequestId":"aa8d9616-d6f2-4b0b-a73f-fdb8dcf89871"},{"type":"customer","id":"52c4c05d-a938-42e3-bc6d-996fce15caa6","result":"PASS","gatewayRequestId":"73226219-88a2-4017-9e78-c9b07d93ce12"},{"type":"license-domain-archive","result":"PASS","deleted":8},{"type":"recovery-identity","username":"qa09-40435a924991333a-business-recovery-admin@example.invalid","result":"PASS"}]}
