
> food-digester-platform@0.0.0 test:scripts /Users/anray/Documents/project/hiddenjoyacom/food-digester-platform
> node --import tsx --test scripts/*.test.mjs

✔ bootstrap input is bound to the normalized email and never accepts a password (0.762916ms)
✔ successful bootstrap creates Cognito identity before committing linked database user (0.203542ms)
✔ non-pristine Cognito or database fails before any mutation (0.208709ms)
✔ database failure deletes Cognito identity and records compensated failure (0.183917ms)
✔ failed Cognito compensation keeps reconciliation required (0.107959ms)
✔ source approval requires exact SHA and packager embeds committed SHA (2990.269375ms)
✔ runner without approved source fails closed without leaking configuration (28.432542ms)
✔ serial and parallel repeated browser receipts are validated (2.014542ms)
✔ fail closed: missing required flow (0.158292ms)
✔ fail closed: skipped execution (0.093875ms)
✔ fail closed: flaky execution (0.081375ms)
✔ fail closed: retry hides failure (0.081667ms)
✔ fail closed: unexpected error (0.075542ms)
✔ fail closed: missing isolated trace (0.072792ms)
✔ fail closed: data prefix reused (0.515584ms)
✔ fail closed: context cleanup failed (0.09425ms)
✔ fail closed: unmocked network request (0.119667ms)
✔ fail closed: missing role proof (0.165334ms)
✔ fail closed: wrong route permission (0.157416ms)
✔ fail closed: Auditor OTA write enabled (0.140708ms)
✔ fail closed: missing MFA assertion (0.15525ms)
✔ fail closed: missing conflict response (0.14925ms)
✔ fail closed: missing forbidden response (0.136166ms)
✔ fail closed: missing repeat (0.065292ms)
✔ repeat traces cannot duplicate the first execution (0.1465ms)
✔ manifest exactly matches independent Playwright discovery (517.197583ms)
✔ discovery fails closed: missing case (0.505917ms)
✔ discovery fails closed: extra case (0.242583ms)
✔ discovery fails closed: duplicate replacing required case (0.156041ms)
✔ old Viewer permission cannot pass the updated matrix (0.392209ms)
✔ required behavioral proof cannot be missing: QA-09 设备管理长别名和序列号在375px完整换行且不裁切 (0.367416ms)
✔ required behavioral proof cannot be missing: H-01 API 拒绝停用会话后清除浏览器会话并返回登录 (0.365584ms)
✔ required behavioral proof cannot be missing: M-01 CustomerViewer 从菜单查询设备用户详情，全部写入口隐藏 (0.376084ms)
✔ required behavioral proof cannot be missing: UI redesign: all business routes at 1366x768 (0.173583ms)
✔ required behavioral proof cannot be missing: UI redesign: all business routes at 1440x900 (0.374875ms)
✔ required behavioral proof cannot be missing: UI redesign: all business routes at 1920x1080 (0.127041ms)
✔ required behavioral proof cannot be missing: QA05 login SRP MFA error success logout without persisting password (0.106625ms)
✔ required behavioral proof cannot be missing: QA05 ESG cursor totals export snapshot timezone and empty state (0.095208ms)
✔ required behavioral proof cannot be missing: QA05 Command dangerous confirmation terminal result and publish failure (0.09375ms)
✔ required behavioral proof cannot be missing: QA05 Media expiry renew 403 and audit read-only zero writes (0.097666ms)
✔ serial and repeated phases require all 108 independent prefixes (0.3575ms)
✔ phase budget accounts for startup, executions and worker slots, with a finite ceiling (0.055083ms)
✔ invalid phase budget rejected: repeat=0 workers=1 (0.041875ms)
✔ invalid phase budget rejected: repeat=1 workers=0 (0.023584ms)
✔ invalid phase budget rejected: repeat=0.5 workers=1 (0.025958ms)
✔ invalid phase budget rejected: repeat=1 workers=0.5 (0.0245ms)
✔ invalid phase budget rejected: repeat=Infinity workers=1 (0.021042ms)
✔ invalid phase budget rejected: repeat=1 workers=NaN (0.019167ms)
✔ real child-process timeout is classified and cannot create a successful phase (53.892792ms)
✔ failed/killed process cannot pass: status=1 (0.055542ms)
✔ failed/killed process cannot pass: status=null (0.03ms)
✔ spawn errors reject without disclosing raw process error details (0.182208ms)
✔ successful process may proceed to the strict report and trace validator (0.0745ms)
✔ 真实 OpenAPI 片段可确定性打包且无外部引用 (51.714708ms)
✔ bundle 新鲜度检查拒绝缺失或过期产物 (65.649541ms)
✔ 失败示例：非法 OpenAPI 版本与缺少 responses 被拒绝 (0.155791ms)
✔ 失败示例：全局重复 operationId 被拒绝 (0.070958ms)
✔ 失败示例：非法 parameter 与 Schema 被拒绝 (0.115ms)
✔ 仓库提交的统一 bundle 与当前片段一致 (12.231042ms)
✔ scoped Gate accepts the archived real-target receipt, without promoting full acceptance (20.411333ms)
✔ scoped Gate rejects missing role (7.245667ms)
✔ scoped Gate rejects wrong SHA (11.170334ms)
✔ scoped Gate rejects unverified Lambda (11.024292ms)
✔ scoped Gate rejects runtime drift (14.283833ms)
✔ scoped Gate rejects mocked API (8.217459ms)
✔ scoped Gate rejects empty tenant (6.476917ms)
✔ scoped Gate rejects cross-Customer list leak (6.170084ms)
✔ scoped Gate rejects Viewer mutation accepted (8.125334ms)
✔ scoped Gate rejects expired old Token (8.823792ms)
✔ scoped Gate rejects two duplicate successes (6.342ms)
✔ scoped Gate rejects two optimistic successes (7.998958ms)
✔ scoped Gate rejects bundled Firefox (7.031667ms)
✔ scoped Gate rejects missing browser-role case (5.625541ms)
✔ scoped Gate rejects persisted edit belongs to another record (6.206833ms)
✔ scoped Gate rejects forbidden page rendered as business page (6.191792ms)
✔ scoped Gate rejects missing screenshot (1.95875ms)
✔ scoped Gate rejects cleanup duplicate hides missing ID (8.697584ms)
✔ scoped Gate rejects cleanup incomplete (6.602416ms)
✔ scoped Gate rejects private credentials retained (7.861583ms)
✔ scoped Gate rejects scope promoted (6.636167ms)
✔ 当前管理后台源代码满足入口与组合根交付约束 (8.907334ms)
✔ 缺少入口和构建产物时失败关闭 (0.279417ms)
✔ FE-06 至 FE-19 任一任务或路由从事实源缺失时失败关闭 (8.217375ms)
✔ FE-11 至 FE-15 任一任务、路由或页面标识缺失时失败关闭 (6.523709ms)
✔ FE-06 至 FE-15 任一控制器或 operationId 缺失时失败关闭 (3.805334ms)
✔ FE-11 至 FE-15 控制器或 operationId 缺失时失败关闭 (5.038417ms)
✔ FE-16 至 FE-19 任一任务、路由、控制器、页面标识或 operationId 缺失时失败关闭 (3.295292ms)
✔ App 移除显式页面分支时失败关闭 (3.636208ms)
✔ 完整目标回执覆盖双提交、隔离环境、五角色、七路由、五闭环与清理 (48.937583ms)
✔ 缺路由、角色、闭环或审计拒绝角色时失败关闭 (17.288666ms)
✔ mock、泄露、短链持久化、危险操作与只读写请求均失败关闭 (12.747625ms)
✔ 缺失回执、双部署提交漂移、HEAD 不一致与未清理均失败关闭 (18.54075ms)
✔ 目标 Gate 是显式发布步骤且不进入普通 verify (0.203708ms)
✔ 完整回执覆盖双提交、隔离环境、五角色、五路由、四闭环、隐私、双语布局与清理 (52.079084ms)
✔ 缺路由、角色、闭环、locale 或 viewport 时失败关闭 (16.326167ms)
✔ mock、权限、并发、泄露或布局不合格时失败关闭 (10.065875ms)
✔ 缺失回执、双部署提交漂移、HEAD 不一致与未清理均失败关闭 (26.997584ms)
✔ 目标 Gate 是显式发布步骤且不进入普通 verify (0.258625ms)
✔ 完整路由、五角色、五业务闭环、租户、并发、敏感字段与清理回执通过 (0.800833ms)
✔ 缺路由、角色或业务闭环时失败关闭 (0.144625ms)
✔ Cognito、部署 API、跨租户、并发与敏感字段证据不满足约束时失败关闭 (0.092959ms)
✔ 缺失回执、部署提交或 sourceCommit 不一致时失败关闭 (0.781625ms)
✔ 完整的 58 API、五角色、并发、ESG 与清理目标 AWS 回执通过 (0.892958ms)
✔ 58 个回执 operationId 与九份正式业务 OpenAPI 精确一致 (1.877291ms)
✔ API 缺项、角色缺项与跨 Customer 放行均失败关闭 (0.226167ms)
✔ 并发或 ESG 证据不满足生产约束时失败关闭 (0.08975ms)
✔ 缺失回执与 sourceCommit 不匹配均失败关闭 (0.614917ms)
✔ 完整覆盖 25 API、五角色、竞态、退役与导出的隔离 AWS 回执通过 (0.860333ms)
✔ 缺 operation、跨租户放行、竞态双成功、证书未失活与 MQTT/S3 缺口均失败关闭 (0.190291ms)
✔ operation 成功状态与负向状态集合不完整时失败关闭 (0.092ms)
✔ 回执缺失、非法 JSON 或 sourceCommit 不一致时独立发布 Gate 失败 (0.658333ms)
✔ 完整 Archive、Replay、Summary 目标 AWS 回执通过 (0.749208ms)
✔ 缺探针、重复归档、Replay 复制业务行和空 Summary 均失败关闭 (0.208459ms)
✔ 缺少回执或提交不一致时独立 Gate 失败 (0.506292ms)
✔ 完整隔离 AWS 回执覆盖 8 Topic、负向路径、QA-03 与清理时通过 (0.804667ms)
✔ 缺 Topic、未知 Topic 命中、Error Action 未恢复和原文漂移均失败关闭 (2.278542ms)
✔ 未提供目标 AWS 回执时独立发布 Gate 明确失败 (0.46475ms)
✔ 回执必须对应待发布的精确 Git 提交 (0.34825ms)
✔ 完整的 15 API、角色、Cognito、并发、S3、Dashboard、审计与清理回执通过 (0.879083ms)
✔ 15 个 operationId 与六份正式 OpenAPI 精确一致 (0.75875ms)
✔ API、角色、租户或安全/并发探针缺口均失败关闭 (0.377291ms)
✔ 缺失回执与 sourceCommit 不匹配均失败关闭 (1.262125ms)
✔ 干净的依赖图通过检查 (1.45175ms)
✔ 共享包反向依赖 apps 被识别为边界违规 (0.676125ms)
✔ contracts 反向依赖 apps 被识别为边界违规 (0.564ms)
✔ apps 之间互相依赖被识别为边界违规 (3.97325ms)
✔ 工作区循环依赖被检出 (1.595625ms)
✔ 非工作区依赖（外部 npm 包）不参与检查 (0.5015ms)
✔ 当前仓库通过边界与循环依赖检查 (0.718667ms)
✔ CDK WARNING 与规则校验编号会触发 Gate (0.560792ms)
✔ 正常 synth 输出不会误报 (0.363375ms)
✔ 已交付 Lambda 缺失或回退到内联 501 占位时 Gate 失败 (0.156084ms)
✔ 已交付 Lambda 使用 S3 asset 时 Gate 通过 (0.054792ms)
✔ CMD/OTA 生产接线 Gate 对 Worker/调度任一缺失均失败关闭 (0.199ms)
✔ CMD/OTA 生产接线 Gate 对 IoT/S3/KMS 权限缺失失败关闭 (0.220667ms)
✔ 真实登记文件：结构校验通过，并准确识别当前未决 DEC (1.551542ms)
✔ 真实契约版本文件：decisionRegisterVersion 与登记一致 (0.422792ms)
✔ 契约版本不一致被拒绝 (0.338542ms)
✔ 重复决策 ID 被拒绝（已知冲突必须有唯一决策 ID） (0.130875ms)
✔ 原则与决策之间 ID 也全局唯一 (0.096166ms)
✔ pending 决策携带批准人被拒绝 (0.055292ms)
✔ frozen 决策必须有批准人、批准时间和 >=1.0.0 版本 (0.095042ms)
✔ blockingTasks 为空或格式非法被拒绝 (0.073583ms)
✔ history 必须非空且末条版本与条目版本一致 (0.074833ms)
✔ 非 UTC 时间戳被拒绝 (0.083416ms)
✔ CLI validate 模式：真实文件退出码 0 且输出实际未决数；--fail-on-pending 按实际未决数返回 (0.924417ms)
✔ CLI：结构错误退出码 1 (0.67325ms)
✔ 追溯校验：合法 x-decision-versions 引用通过（Schema 可追溯到决策版本） (1.969125ms)
✔ 追溯校验：不存在的决策 ID 被拒绝 (0.660167ms)
✔ 追溯校验：引用版本与登记版本不一致被拒绝 (0.60275ms)
✔ 追溯校验：缺少 x-decision-versions 或格式非法被拒绝 (1.309958ms)
✔ 追溯校验：嵌套在 OpenAPI info 下的 x-decision-versions 可被递归发现 (0.819583ms)
✔ 已交付 API（含管理后台 P1）的 129 个 OpenAPI operation 与生产路由双向一致 (11.067ms)
✔ 版本化已交付清单缺失、重复或引用不存在文件时失败关闭 (2.870417ms)
✔ 缺失、额外、重复及 method/path 漂移均失败关闭 (0.153292ms)
✔ CMD/OTA 治理 Gate 校验四份 REST 契约及 DEC-022/023 冻结状态 (3.640875ms)
✔ 有效链接、无易漂移计数且工具链配对正确时通过 (1.573834ms)
✔ 损坏的仓库内 Markdown 链接被拒绝 (0.88675ms)
✔ 陈旧测试计数或不兼容工具链声明被拒绝 (3.943458ms)
✔ 当前仓库 ENG/DB/DOM 与 IAC/AUTH/SEC 任务文档证据一致 (23.804416ms)
✔ BE-IOT-01～08 文档全部纳入默认链接与证据门禁 (0.097167ms)
✔ BE-ARC/RPL/ESG 四份文档及 P2 回归纳入默认证据门禁 (0.053084ms)
✔ 11 份管理后台业务文档全部纳入默认链接与证据门禁 (0.0415ms)
✔ BE-MED/RBAC/AUD/DASH/SET 五份文档纳入状态与 AWS 证据门禁 (0.035917ms)
✔ FE-06～FE-10 五份前端文档纳入四层状态与目标回执门禁 (0.043709ms)
✔ FE-11～FE-15 五份前端文档纳入四层状态与独立目标回执门禁 (0.080583ms)
✔ 前端任务文档拒绝缺层级、问题责任字段、目标 Gate 和 P1 陈旧描述 (0.079209ms)
✔ FE-11～FE-15 文档拒绝旧缺陷、任务级勾选及旧目标 Gate (0.053625ms)
✔ BE-MED/RBAC/AUD/DASH/SET 文档拒绝缺状态层、陈旧参数和设置生效误述 (0.050292ms)
✔ 管理后台业务文档拒绝缺证据引用和陈旧决策或部署说法 (0.052208ms)
✔ BE-ARC/RPL/ESG 文档拒绝缺审计快照和生产接线边界外旧说法 (0.04625ms)
✔ BE-IOT 文档拒绝缺少审计快照、Report P2002 与 Media 另路由旧说法 (0.048709ms)
✔ BE-IOT 严格负向探针必须保留为可定位的永久回归 (0.714ms)
✔ 安全任务文档拒绝历史计数、缺少 verify 命令与陈旧 DEC-012 状态 (0.057541ms)
✔ 安全任务文档接受当前命令、审计快照引用与 frozen 决策 (0.038416ms)
✔ 当前仓库（DB-01 已落地）Migration 结构通过 (7.369458ms)
✔ schema.prisma 未落地时跳过并通过（骨架期行为） (0.216083ms)
✔ 失败示例：Schema 已存在但无任何 Migration（未提交 Migration） (0.488917ms)
✔ 失败示例：migrations/ 为空且缺少 migration_lock.toml (0.506625ms)
✔ 失败示例：Migration 目录名非法与空 migration.sql (1.349833ms)
✔ 合法 Migration 结构通过 (1.916833ms)
✔ 失败示例：已有旧 Migration 但 Schema 已变化且未登记快照 (1.166542ms)
✔ 真实矩阵通过完整性检查 (2.029125ms)
✔ 真实引用集合：41 个矩阵 API 与 13 个 routeId 全部可解析 (0.391333ms)
✔ index19.html 源清单：9 个菜单、12 个页面、128 个元素与矩阵双向覆盖 (0.3085ms)
✔ 真实矩阵：9 菜单、12 页面、每项均有处置结论 (0.226333ms)
✔ 被拒绝的实时流、明文密码、状态混用不携带实现任务 (0.218333ms)
✔ 矩阵的 x-decision-versions 可追溯到决策登记（DEC-007~012） (1.009375ms)
✔ 缺少菜单或页面被拒绝 (1.245166ms)
✔ 重复元素 ID 被拒绝 (0.29375ms)
✔ Adapt/Reject 缺少依据被拒绝 (0.234083ms)
✔ Adopt/Adapt 生产字段缺少 API 来源被拒绝 (0.266292ms)
✔ rejectCategory 项非 Reject 或携带实现任务被拒绝 (0.584ms)
✔ 未知角色被拒绝（R7） (0.092041ms)
✔ 格式合法但不存在的 operationId、routeId 与响应字段被拒绝 (0.904791ms)
✔ planned operation 的任务归属漂移被拒绝 (0.283458ms)
✔ 源清单与矩阵任一侧删除元素均被双向覆盖检查拒绝 (1.646458ms)
✔ index19.html 内容变化但未重新盘点源清单时失败关闭 (1.408042ms)
✔ 重复 operationId 与 routeId 被引用索引拒绝 (0.750083ms)
✔ CLI：真实矩阵退出码 0，违规矩阵退出码 1 (20.892625ms)
✔ 当前仓库全部 Schema、OpenAPI 片段与统一 bundle 通过引用校验 (82.280375ms)
✔ 失败示例：悬空内部 $ref 被拒绝 (0.569417ms)
✔ 失败示例：同目录相对 $ref 目标文件不存在被拒绝 (0.292916ms)
✔ 失败示例：JSON 语法损坏的 Schema 被拒绝 (0.272542ms)
✔ 失败示例：JSON Schema 2020-12 非法 type 被元 Schema 拒绝 (0.344ms)
✔ 失败示例：OpenAPI 基座缺少 paths 被拒绝 (0.387042ms)
✔ 同目录相对 $ref 可解析时通过 (0.496ms)
✔ 失败示例：PEM 私钥块被检出 (0.540709ms)
✔ 失败示例：AWS Access Key ID 被检出 (0.065791ms)
✔ 失败示例：GitHub 令牌被检出 (0.048791ms)
✔ 失败示例：Slack 令牌被检出 (0.047375ms)
✔ 正常内容不误报 (0.33875ms)
✔ 失败示例：未跟踪且未忽略文件中的私钥也被扫描 (30.104ms)
✔ 当前仓库通过敏感信息扫描 (378.659666ms)
✔ 生产源码直接 console 与 raw trace API 均被拒绝 (1.512875ms)
✔ 测试目录可使用 console，生产统一 logger 允许 (0.793417ms)
✔ 当前仓库生产源码通过 sink 门禁 (111.398584ms)
✔ QA-02 MQTT heartbeat: all valid/invalid fixtures, missing meta and type mutation (28.24775ms)
✔ QA-02 MQTT telemetry: all valid/invalid fixtures, missing meta and type mutation (2.212709ms)
✔ QA-02 MQTT report: all valid/invalid fixtures, missing meta and type mutation (11.625333ms)
✔ QA-02 MQTT alarm: all valid/invalid fixtures, missing meta and type mutation (1.421166ms)
✔ QA-02 MQTT event: all valid/invalid fixtures, missing meta and type mutation (0.823791ms)
✔ QA-02 MQTT ack: all valid/invalid fixtures, missing meta and type mutation (1.0785ms)
✔ QA-02 MQTT tamper: all valid/invalid fixtures, missing meta and type mutation (1.058209ms)
✔ QA-02 MQTT media: all valid/invalid fixtures, missing meta and type mutation (0.947792ms)
✔ QA-02 MQTT cmd: all valid/invalid fixtures, missing meta and type mutation (20.682458ms)
✔ QA-02 MQTT ota: all valid/invalid fixtures, missing meta and type mutation (15.37125ms)
✔ QA-02 MQTT notification: all valid/invalid fixtures, missing meta and type mutation (1.785667ms)
✔ MQTT semantic hash, discriminator and UTC calendar errors fail closed (0.412417ms)
✔ full REST response: field deletion/type mutation/envelope/date/errors/status/headers are enforced (2.542459ms)
✔ REST request validation: required body/path/query/header, optional Sync, bodyless Deactivate, no type coercion in JSON (3.078209ms)
✔ all device operations and declared response JSON Schemas compile; stable error catalog has no duplicates (78.012125ms)
✔ predecessor MQTT is compatible; known REST break requires exact version and frozen DEC approvals (27.035708ms)
✔ breaking contract mutations fail: removing fields/operations/status, changing type/required/security (45.521125ms)
✔ receipt coverage gate fails closed for missing operations/statuses, no valid request and forged records (0.282417ms)
✔ archived CSR upgrade mapping still verifies original baselines without rewriting history (4.455125ms)
✔ QA04 coverage Gate accepts complete matrix and proofs (0.769167ms)
✔ QA04 coverage Gate rejects missing domain (0.218208ms)
✔ QA04 coverage Gate rejects no negative path (0.110458ms)
✔ QA04 coverage Gate rejects untrusted handler (0.085417ms)
✔ QA04 coverage Gate rejects missing role (3.888208ms)
✔ QA04 coverage Gate rejects cross-tenant leak (3.444208ms)
✔ QA04 coverage Gate rejects two write winners (1.427542ms)
✔ QA04 coverage Gate rejects duplicate audit (0.5325ms)
✔ QA04 coverage Gate rejects rollback missing (0.381959ms)
✔ QA04 coverage Gate rejects unclean resource (0.502792ms)
✔ QA04 coverage Gate rejects reused isolation (0.134375ms)
✔ QA04 coverage Gate rejects no observed replay (0.124583ms)
✔ QA04 required acceptance cases are enforced (0.581375ms)
✔ QA04 skipped assertion fails execution Gate (0.053292ms)
✔ QA04 removed state-machine assertion fails coverage Gate (0.413042ms)
✔ migration source requires exact approved commit (0.427416ms)
✔ migration connection requires complete secret and verified TLS; special credentials are encoded (0.16725ms)
✔ database verification derives every mapped Prisma table (0.416875ms)
✔ runner without approved source fails without reporting credentials or driver details (35.786ms)
✔ source packager archives committed tree, includes exact SHA and refuses overwriting ZIP (2720.713166ms)
✔ local TLS broker: 10 independent certificate sessions, QoS1, downlinks, reconnect and broker ACL rejection (727.214042ms)
✔ 10 concurrent sessions: all topics, exact 5% duplicates / 2% delayed telemetry, replay and isolated bad Schema (140.332667ms)
✔ cross-device publish, subscribe, receive and wildcard denied (0.489042ms)
✔ invalid configuration, OTA transitions and test credential gate fail closed (3.129167ms)
✔ scripted failed command, missing target mapping and illegal downlink do not generate mixed ACK (0.43275ms)
✔ all sessions close when one transport fails; no successful receipt (71.417ms)
✔ MQTT adapter rejects SUBACK denial and connection failures (0.233375ms)
✔ CLI creates offline receipt and refuses ungated mqtts before reading credential paths (414.523917ms)
✔ CDK wrapper accepts synth/diff and requires explicit deploy stack (0.737625ms)
✔ CDK wrapper builds the whole workspace and fails closed on build errors (0.11075ms)
✔ CDK wrapper uses local SSO but requires OIDC credentials in GitHub Actions (0.071042ms)
✔ QA03 Gate accepts complete local integration receipt (0.540084ms)
✔ QA03 Gate rejects missing scenario (0.161875ms)
✔ QA03 Gate rejects unclean resources (0.075708ms)
✔ QA03 Gate rejects reused isolation prefix (0.087958ms)
✔ QA03 Gate rejects lost message (0.083542ms)
✔ QA03 Gate rejects duplicate business record (0.44375ms)
✔ QA03 Gate rejects missing raw proof (0.079875ms)
✔ QA03 Gate rejects missing fault probe (0.111208ms)
✔ receipt covers all 128 decisions in two viewports (4.739167ms)
✔ fail closed: missing page (0.752333ms)
✔ fail closed: skipped case (0.210917ms)
✔ fail closed: flaky success (0.200958ms)
✔ fail closed: retry (0.202625ms)
✔ fail closed: unexpected external network (0.212083ms)
✔ fail closed: fixture collision (0.181125ms)
✔ fail closed: missing cleanup (0.174583ms)
✔ fail closed: updated baseline masquerades as regression (0.180375ms)
✔ fail closed: missing group (0.221583ms)
✔ fail closed: duplicate group (0.194ms)
✔ fail closed: missing rejection assertion (0.205416ms)
✔ fail closed: missing menu (0.179833ms)
✔ fail closed: missing behavior guard (0.195083ms)
✔ fail closed: wrong viewport (0.186833ms)
✔ fail closed: snapshot hash mismatch (0.183875ms)
✔ binding omission, duplication and reject implementation fail closed (0.292667ms)
✔ real gzip bytes bind exact own devices, raw outbox hash and canonical published hash (4.962666ms)
✔ scope expansion, unknown customer/device, modified bytes and missing archive fail closed (2.13275ms)
✔ IoT normalized raw body binds outbox bytes while original publication binds canonical payload (3.3315ms)
✔ quick MQTT profile requires exact additional telemetry ledger and cannot waive missing archives (3.213375ms)
✔ archive deadline uses actual S3 modification times and cannot green an eventual late archive (1.799583ms)
✔ redelivery rejects foreign archives, unbounded inventories and unbound certificates before AWS operations (0.941042ms)
✔ nominal 30x profile cannot conceal a slower real publish window (37.820625ms)
✔ version proof requires CI deploy Amplify exact commit and 19 distinct verified artifact bytes (0.384125ms)
✔ own-fixture fault grant rejects shared changes and unknown faults while retaining deployment boundary (0.132208ms)
✔ database proof rejects foreign build, source, role and nonzero cleanup instead of trusting child PASS (0.294625ms)
✔ target gates reject missing finish cleanup required case and foreign device before live calls (0.601ms)
✔ business cleanup preserves outside rows, rejects baseline drift and deletes own dependent rows atomically (1154.220458ms)
✔ fault injection rejects missing authorization and foreign export identity without mutation (0.652708ms)
✔ assertion-only validation cannot stand in for cleanup or whole target acceptance (0.142083ms)
✔ nonActive scope cannot enter the full wave that contains Active dependent probes (0.912417ms)
✔ complete intermediate/root chain matches truststore and private key (14.063792ms)
✔ missing root is distinguished from valid signing certificate and key (0.380375ms)
✔ wrong parent, expired chain and wrong private key fail independently (0.930833ms)
✔ oversized worker chain, malformed values and arbitrary canaries never leak (1.220292ms)
✔ receipt gate accepts completed diagnostic with invalid chain, rejects data leak and missing cleanup (1.498375ms)
✔ approved exact Worker, Secret, KMS and original expiry scope is accepted (4.0025ms)
✔ removing role condition, wildcard Secret or extended expiry is rejected (1.189708ms)
✔ unrestricted KMS, different context or extra secret permissions are rejected (0.1975ms)
✔ repair gate requires retained versions, exact output binding and all cleanup (1.292458ms)
✔ only root field changes, original version remains immutable and AWSPREVIOUS (4.603917ms)
✔ baseline drift prevents all writes (0.10925ms)
✔ wrong fixed root prevents all writes (0.316417ms)
✔ unknown put outcome recovers immutable token without a second put (1.187333ms)
✔ candidate mutation fails before promotion (0.319916ms)
✔ concurrent current movement after candidate write is preserved (0.58525ms)
✔ unknown promotion response is recovered from current stages (0.859959ms)
✔ post-promotion failed readback rolls back only the known current candidate (0.571167ms)
✔ invalid version token rejects before accessing any secret (0.211583ms)
✔ rollback refuses to overwrite a concurrent foreign current version (0.623917ms)
✔ unknown AWS errors are returned as fixed codes without secret exception text (0.088875ms)
✔ successful promotion waits for metadata visibility without repeating stage writes (0.885417ms)
✔ existing current candidate is verified using read-only store without new versions or stage writes (0.764917ms)
✔ read-only recovery rejects changed fields without rolling back an existing current version (0.259792ms)
✔ capacity planning includes operational and rotation idle overlap and rejects naive concurrency increase (0.433791ms)
✔ range reads keep the original default and permit bounded slow-link retry (0.356875ms)
✔ range reads reject unbounded, ambiguous and below-default timeouts (0.179167ms)
✔ read-only asset concurrency stays bounded independently of DB/API capacity (0.105542ms)
✔ DLQ scope requires closed ledger, 20 exact IDs and fresh empty database proof (0.786208ms)
✔ one-shot worker deletes only exact retired pointers, restores unknown visibility, and exports no bodies or handles (2.745875ms)
✔ log projection redacts payload/error details and rejects unrecognized events (0.462667ms)
✔ serialized AWS log projection preserves closed event names through the 20-sequence Gate (2.17775ms)
✔ specific redelivery needs matching SQS ID, final disposition and durable duplicate receipt (0.531375ms)
✔ 20 sequence stage Gate rejects incomplete coverage and unrelated device evidence (0.7445ms)
✔ completed Build result tolerates delayed/truncated CloudWatch visibility and transient read failure without rerunning SQL (0.542417ms)
✔ wrong/multiple/failed frames and AccessDenied reject immediately, absent result fails closed after bounded reads (0.38875ms)
✔ CloudWatch 250000-character fragments reassemble exact source-bound metadata without accepting truncation or another frame (6.205792ms)
✔ large fixture observations round-trip through bounded gzip without losing metadata (10.097958ms)
✔ compressed fixture frames reject corruption, noncanonical data and decompression bombs (27.360666ms)
✔ compressed metadata still requires the exact expected source/build/action binding (5.387125ms)
✔ fixed manifest rejects unsafe SQL identifiers, missing hash and duplicates (0.538167ms)
✔ migration comparison distinguishes missing, tampered, unfinished and rolled-back migrations (0.148791ms)
✔ snapshot uses repeatable read/read only, timeouts, fixed SELECTs and always rolls back (0.333542ms)
✔ writable transaction rejected before business queries and rolled back (0.181958ms)
✔ query failure rolls back instead of yielding partial PASS (0.110041ms)
✔ dedicated query project never changes migration project or passes StartBuild overrides (16.279791ms)
✔ legacy onboarding rows without CSR columns require reconciliation before migration (0.115459ms)
✔ query success preserves real migration BLOCKED instead of promoting readiness (0.722167ms)
✔ wrong build, writable transaction, unbound hash and fabricated migration PASS rejected (0.245125ms)
✔ missing table count cannot become complete SQL evidence (0.264375ms)
✔ entity merge requires actual decisions on both viewports, scoped devices, versions and cleanup (0.718833ms)
✔ certificate merge cannot use review-only parent to claim real dual-channel certificate entity (0.292792ms)
✔ layout diagnostic fails closed before AWS calls for foreign, finished or unbound fixtures (0.617458ms)
✔ diagnostic cleanup retains all actions and fails closed: absent (0.502041ms)
✔ diagnostic cleanup retains all actions and fails closed: still-present (0.05275ms)
✔ diagnostic cleanup retains all actions and fails closed: read-denied (0.050791ms)
✔ diagnostic cleanup retains all actions and fails closed: signout-failed (0.060125ms)
✔ diagnostic cleanup retains all actions and fails closed: delete-failed (0.08125ms)
✔ snapshot must be available encrypted manual and exact whitelist cannot expand (0.40575ms)
✔ real local SQL retires exactly two jobs/requests and preserves every other table (1122.659834ms)
✔ live status drift aborts with original rows intact (485.934792ms)
✔ unexpected cascade/trigger changing a preserved table rolls back all deletes (433.636875ms)
✔ valid HTTP writes cannot be inflated by malformed, wrong role, wrong method or failed requests (1.031416ms)
✔ target License wire sequence proves ExpiringSoon renewal and Renewed activation using real handlers and PostgreSQL (1308.973083ms)
✔ recovery sub-gate checks all preserved tables without accepting full QA09 (1.080792ms)
✔ version mismatch, missing migration and changed certificate/other business data fail closed (0.36275ms)
✔ retirement evidence cannot hide wrong deleted IDs or lose preservation proof (0.241375ms)
✔ retirement project has fixed source and never modifies readonly/migration runner (33.21175ms)
✔ real Sync observation redacts secret domains and cannot treat delivery as firmware verification (0.490959ms)
✔ receipt runner sends only RECEIVED and redacts complete snapshots even with device password hashes (0.388209ms)
✔ receipt runner fails closed for mismatched snapshots and refused confirmation (0.1385ms)
✔ 117 elements require both real viewport receipts (2.870208ms)
✔ one failure fails all elements in the affected behavior group (0.50125ms)
✔ Active dependent operations are explicit NOT_RUN, not successful disabled checks (0.46575ms)
✔ duplicate, foreign and invalid viewport receipts fail closed (0.524958ms)
✔ Defer and Reject failures also block the browser Gate (0.490292ms)
✔ CSV proof rejects empty, foreign and malformed downloads while parsing quoted data (0.225958ms)
✔ S3 fallback accepts exact owned version cleanup and rejects bucket, customer and pagination expansion (0.519666ms)
✔ domain cleanup refuses live run, foreign customer name, missing DB cleanup and out-of-scope objects (0.65825ms)
✔ unseeded identity cleanup rejects unfinished, foreign, seeded and pre-existing admin ledgers (0.485292ms)
✔ Cognito canonical UUID is allowed only with exact own email and creation within this failed run (0.183708ms)
✔ P95 uses all actual samples and rejects empty or invalid measurements (0.430375ms)
✔ complete P95 excludes censored timeouts and refuses partial sample acceptance (0.112292ms)
✔ performance summary refuses to report P95 PASS for missing or incomplete actual samples (51.994041ms)
✔ read-only pool probe distinguishes one connection, recovery and incomplete capacity acceptance (2.011875ms)
✔ observed connection-budget violation refuses a pool PASS receipt (1.025167ms)
✔ foreign probe application name is rejected before database access (0.068792ms)
✔ scheduled publishing overlaps slow PUBACK and drains failures without abandoning in-flight writes (26.739709ms)
✔ only exact test account and readonly role accepted (0.46075ms)
✔ stack identity, region, project and test tag fail closed (0.099292ms)
✔ permission denial is unverified, never classified as absent (0.103ms)
✔ metadata health never promotes missing business evidence to AWS PASS (0.225708ms)
✔ five groups with unconfirmed or disabled users do not prove usable identities (0.075166ms)
✔ missing target receipts and version mismatch remain blockers (0.076042ms)
✔ existing test environment requires neither new account nor stack and retains real-response/cleanup boundaries (0.2265ms)
✔ real sub-scope acceptance cannot claim whole QA09 (1.016833ms)
✔ unfinished execution, missing role probe and failed assertion rejected (0.140375ms)
✔ missing cleanup, wrong target, secrets and source tampering rejected (0.750334ms)
✔ identity cleanup only accepts this run and the five known role identities (0.461583ms)
✔ record cleanup requires exact run namespace, not merely a partial prefix (0.117834ms)
✔ recovery excludes explicitly later own SLO records without waiving original bytes or deadlines (4.515ms)
✔ later record exemption never includes other devices or customers (8.474292ms)
✔ per-request service throttling requires both unique IDs and bound access-row time/status, never minute metrics (0.374209ms)
✔ QA09 rollout separates logging, budget and event publication and rejects silent phase mistakes (0.639584ms)
✔ semantic SQL creates two scoped read models without lifecycle or authentication claims and refuses reuse (1113.217125ms)
✔ semantic SQL refuses scope/state drift: lifecycle_status='Active' (558.295791ms)
✔ semantic SQL refuses scope/state drift: site_id=NULL (523.920792ms)
✔ semantic SQL refuses scope/state drift: customer_id='22222222-2222-2222-2222-222222222222' WHERE customer_id='11111111-1111-1111-1111-111111111111' (515.286125ms)
✔ semantic SQL refuses scope/state drift: name='outside' (505.09325ms)
✔ business session cleanup never accepts a foreign email id role scope or lifecycle (0.590916ms)
✔ session fixtures require exact own customer and site binding before cleanup (0.110917ms)
✔ complete narrow real-environment scope never accepts full QA09 (1.286542ms)
✔ missing mTLS, shared keys, different ingress/archive bytes and missing cleanup fail closed (0.732ms)
✔ CodeBuild inline source fits service limit and decompresses to exact reviewed bytes (39.566167ms)
✔ exact own-ten plan rejects expansion, historical identity and wrong customer namespace (51.713958ms)
✔ real SQL creates exact fixtures and cleanup preserves original devices/certificates (866.138625ms)
✔ unexpected original-data trigger mutation rolls back fixture creation (506.2205ms)
✔ processing provisioning job prevents cleanup without deleting any own devices (434.18875ms)
✔ CSR proofs bind method, path, request ID, timestamp, nonce and independent key (86.135875ms)
✔ closed-fixture audit and request outbox cleanup require ledger and preserve unrelated events (426.960792ms)
✔ closed-fixture access rejects missing approval audit and live customer (415.189083ms)
✔ unseeded capacity attempt has read-only empty audit with deleted customers and fixed original baseline (411.082666ms)
✔ business-only Onboarded fixtures preserve original rows, refuse reuse and make no certificate/authentication claim (403.976334ms)
✔ unseeded timeout audit reads only exact prefix and cannot mutate original or retry customer creation (394.768916ms)
✔ active lifecycle fixture changes exactly two own states and never claims a natural path (389.4465ms)
✔ capacity probe executes a read-only transaction and leaves fixture and original rows unchanged (392.149458ms)
✔ review-only mode cannot run without an explicit review hook or with unknown options (0.395292ms)
✔ version binding preserves prior defaults and accepts exact new target (0.683666ms)
✔ invalid version input is rejected before any AWS operation (0.148375ms)
✔ all delivered writes have an explicit permission and own or absent object path (0.642334ms)
✔ identical claims still change signed payload bytes rather than unused base64 signature bits (0.505ms)
✔ quick has exact cadence, 24 historical hours, 30x burst, 5% duplicates and 2% delayed delivery (3.275958ms)
✔ full plan contains 86400 historical Telemetry samples for 10 devices at 10-second cadence (466.1985ms)
✔ unknown profile fails closed (0.173708ms)
✔ P95 uses nearest rank and does not mutate input (0.12225ms)
✔ invalid latency  rejected (0.06225ms)
✔ invalid latency NaN rejected (0.035333ms)
✔ invalid latency Infinity rejected (0.034916ms)
✔ invalid latency -1 rejected (0.041792ms)
✔ independent checker verifies count average min max and UTC buckets (0.23025ms)
✔ complete reliability proof passes (0.717208ms)
✔ Gate rejects missing trace (0.426917ms)
✔ Gate rejects duplicate trace (0.413583ms)
✔ Gate rejects failed cleanup (0.379125ms)
✔ Gate rejects wrong profile (0.418833ms)
✔ Gate rejects wrong cadence (0.382125ms)
✔ Gate rejects untracked loss (0.375791ms)
✔ Gate rejects duplicate business row (0.382209ms)
✔ Gate rejects missing archive (0.396083ms)
✔ Gate rejects missing reorder (5.22225ms)
✔ Gate rejects missing retry (0.433083ms)
✔ Gate rejects unresolved gap (0.382875ms)
✔ Gate rejects worker not paused (0.390417ms)
✔ Gate rejects no backlog (1.874458ms)
✔ Gate rejects unscoped replay (0.559834ms)
✔ Gate rejects duplicate MQTT publish (0.408791ms)
✔ Gate rejects late ACK changed terminal state (0.402125ms)
✔ Gate rejects telemetry P95 failed (0.377ms)
✔ Gate rejects command P95 failed (0.375791ms)
✔ Gate rejects NaN P95 (0.379916ms)
✔ Gate rejects missing latency samples (0.367083ms)
✔ security receipt accepts complete execution and all observed acceptance proofs (2.500958ms)
✔ execution fails closed: deleted required test (0.466834ms)
✔ execution fails closed: missing file (0.094875ms)
✔ execution fails closed: pending test (0.071125ms)
✔ execution fails closed: failed test (0.832875ms)
✔ proof fails closed: missing proof (0.113375ms)
✔ proof fails closed: reused prefix (0.078583ms)
✔ proof fails closed: cleanup incomplete (0.091291ms)
✔ proof fails closed: expired JWT accepted (0.101542ms)
✔ proof fails closed: missing write operation (0.109125ms)
✔ proof fails closed: forged identity accepted (0.175666ms)
✔ proof fails closed: route resolved before auth (0.088917ms)
✔ proof fails closed: cross tenant allowed (0.121875ms)
✔ proof fails closed: unauthorized side effect (0.124417ms)
✔ proof fails closed: prototype pollution (0.091541ms)
✔ proof fails closed: malicious media signed (1.315166ms)
✔ proof fails closed: malicious media persisted (0.43475ms)
✔ proof fails closed: leak ignored (0.55875ms)
✔ proof fails closed: unscanned audit (0.422583ms)
✔ proof fails closed: unscanned snapshot (0.402209ms)
✔ proof fails closed: partial response scan (0.276542ms)
✔ independent scanner rejects nested secrets raw JWT Error private key and signed URL without echoing values (2.838833ms)
✔ scanner detects opaque canary leakage and permits null redacted values and public certificate (0.08625ms)
ℹ tests 490
ℹ suites 0
ℹ pass 490
ℹ fail 0
ℹ cancelled 0
ℹ skipped 0
ℹ todo 0
ℹ duration_ms 6360.768167
