exitCode=2
docs/audit/evidence/qa-09-nonactive-data-2026-10-05/accepted/business.json.browser.json.esg-1440-06945239-a7ce-4bff-a425-f90494094695.csv:1: trailing whitespace.
+reportId,deviceId,customerId,reportType,periodStartTime,periodEndTime,feedingWeightKg,dischargeWeightKg,reductionWeightKg,cycleCount,processingMinutes,powerConsumptionKwh,avgPowerKw,avgO2Pct,avgCo2Ppm,avgCh4Ppm,avgN2oPpm,carbonReductionKg,carbonReductionMethod,dataCompletenessPct,missingRecordCount,calculationVersionId
docs/audit/evidence/qa-09-nonactive-data-2026-10-05/accepted/business.json.browser.json.esg-1440-06945239-a7ce-4bff-a425-f90494094695.csv:2: trailing whitespace.
+e147a38f-7d30-416b-83d9-c1a7ee956164,qa09-40435a924991333a-01,99678846-7e8b-4a3f-9bf7-e06d93271ce0,DAILY,2026-10-05T00:00:00.000Z,2026-10-05T09:15:09.023Z,12,4,8,,,3,,20,400,2,1,5,QA09_SYNTHETIC_ESTIMATE,100,,
docs/audit/evidence/qa-09-nonactive-data-2026-10-05/accepted/business.json.browser.json.esg-1440-4259f14b-befe-4692-884c-3285b4469967.csv:1: trailing whitespace.
+deviceId,customerId,summaryDate,feedingWeightKg,dischargeWeightKg,reductionWeightKg,powerConsumptionKwh,carbonReductionKg,dataCompletenessPct,missingRecordCount,calculationVersionId
docs/audit/evidence/qa-09-nonactive-data-2026-10-05/accepted/business.json.browser.json.esg-1440-4259f14b-befe-4692-884c-3285b4469967.csv:2: trailing whitespace.
+qa09-40435a924991333a-01,99678846-7e8b-4a3f-9bf7-e06d93271ce0,2026-10-05T00:00:00.000Z,12,4,8,3,5,100,,
docs/audit/evidence/qa-09-nonactive-data-2026-10-05/accepted/business.json.browser.json.esg-375-928a2ccd-a09f-4903-8952-d23ff4082a56.csv:1: trailing whitespace.
+deviceId,customerId,summaryDate,feedingWeightKg,dischargeWeightKg,reductionWeightKg,powerConsumptionKwh,carbonReductionKg,dataCompletenessPct,missingRecordCount,calculationVersionId
docs/audit/evidence/qa-09-nonactive-data-2026-10-05/accepted/business.json.browser.json.esg-375-928a2ccd-a09f-4903-8952-d23ff4082a56.csv:2: trailing whitespace.
+qa09-40435a924991333a-01,99678846-7e8b-4a3f-9bf7-e06d93271ce0,2026-10-05T00:00:00.000Z,12,4,8,3,5,100,,
docs/audit/evidence/qa-09-nonactive-data-2026-10-05/accepted/business.json.browser.json.esg-375-a34aa2fc-6311-479a-9fcf-d4a3b098aab8.csv:1: trailing whitespace.
+reportId,deviceId,customerId,reportType,periodStartTime,periodEndTime,feedingWeightKg,dischargeWeightKg,reductionWeightKg,cycleCount,processingMinutes,powerConsumptionKwh,avgPowerKw,avgO2Pct,avgCo2Ppm,avgCh4Ppm,avgN2oPpm,carbonReductionKg,carbonReductionMethod,dataCompletenessPct,missingRecordCount,calculationVersionId
docs/audit/evidence/qa-09-nonactive-data-2026-10-05/accepted/business.json.browser.json.esg-375-a34aa2fc-6311-479a-9fcf-d4a3b098aab8.csv:2: trailing whitespace.
+e147a38f-7d30-416b-83d9-c1a7ee956164,qa09-40435a924991333a-01,99678846-7e8b-4a3f-9bf7-e06d93271ce0,DAILY,2026-10-05T00:00:00.000Z,2026-10-05T09:15:09.023Z,12,4,8,,,3,,20,400,2,1,5,QA09_SYNTHETIC_ESTIMATE,100,,
docs/audit/evidence/qa-09-nonactive-data-2026-10-05/final/business.json.browser.json.activity-1440-1402b7fd-acef-46f2-b0ad-f47baf195187.csv:1: trailing whitespace.
+activityId,kind,level,occurredAt,summary,eventType,source,userId,username,remarks,code,status,message,currentValue,threshold,unit
docs/audit/evidence/qa-09-nonactive-data-2026-10-05/final/business.json.browser.json.activity-1440-1402b7fd-acef-46f2-b0ad-f47baf195187.csv:2: trailing whitespace.
+023d0cdf-f7bc-443b-9c73-d84579e6a6fd,EVENT,INFO,2026-10-05T10:03:21.866Z,QA09_SYNTHETIC_ACTIVITY,QA09_SYNTHETIC_ACTIVITY,QA09_DATABASE_FIXTURE,,,qa09-df756bdbb9ee2f1a,,,,,,
docs/audit/evidence/qa-09-nonactive-data-2026-10-05/final/business.json.browser.json.activity-375-2a6d60c3-c543-4cc8-8ea6-438ae2b47968.csv:1: trailing whitespace.
+activityId,kind,level,occurredAt,summary,eventType,source,userId,username,remarks,code,status,message,currentValue,threshold,unit
docs/audit/evidence/qa-09-nonactive-data-2026-10-05/final/business.json.browser.json.activity-375-2a6d60c3-c543-4cc8-8ea6-438ae2b47968.csv:2: trailing whitespace.
+023d0cdf-f7bc-443b-9c73-d84579e6a6fd,EVENT,INFO,2026-10-05T10:03:21.866Z,QA09_SYNTHETIC_ACTIVITY,QA09_SYNTHETIC_ACTIVITY,QA09_DATABASE_FIXTURE,,,qa09-df756bdbb9ee2f1a,,,,,,
docs/audit/evidence/qa-09-nonactive-data-2026-10-05/final/business.json.browser.json.esg-1440-2d8447df-f2a0-41ce-808f-dc774c4327a1.csv:1: trailing whitespace.
+deviceId,customerId,summaryDate,feedingWeightKg,dischargeWeightKg,reductionWeightKg,powerConsumptionKwh,carbonReductionKg,dataCompletenessPct,missingRecordCount,calculationVersionId
docs/audit/evidence/qa-09-nonactive-data-2026-10-05/final/business.json.browser.json.esg-1440-2d8447df-f2a0-41ce-808f-dc774c4327a1.csv:2: trailing whitespace.
+qa09-df756bdbb9ee2f1a-01,0ca62472-2ac9-4659-a928-b8f3d71afb38,2026-10-05T00:00:00.000Z,12,4,8,3,5,100,,
docs/audit/evidence/qa-09-nonactive-data-2026-10-05/final/business.json.browser.json.esg-1440-7bec1913-c55d-4f9e-b22d-4105b4d0101e.csv:1: trailing whitespace.
+reportId,deviceId,customerId,reportType,periodStartTime,periodEndTime,feedingWeightKg,dischargeWeightKg,reductionWeightKg,cycleCount,processingMinutes,powerConsumptionKwh,avgPowerKw,avgO2Pct,avgCo2Ppm,avgCh4Ppm,avgN2oPpm,carbonReductionKg,carbonReductionMethod,dataCompletenessPct,missingRecordCount,calculationVersionId
docs/audit/evidence/qa-09-nonactive-data-2026-10-05/final/business.json.browser.json.esg-1440-7bec1913-c55d-4f9e-b22d-4105b4d0101e.csv:2: trailing whitespace.
+1114da7a-0bec-495c-a3a8-b142870bd4cb,qa09-df756bdbb9ee2f1a-01,0ca62472-2ac9-4659-a928-b8f3d71afb38,DAILY,2026-10-05T00:00:00.000Z,2026-10-05T10:03:21.866Z,12,4,8,,,3,,20,400,2,1,5,QA09_SYNTHETIC_ESTIMATE,100,,
docs/audit/evidence/qa-09-nonactive-data-2026-10-05/final/business.json.browser.json.esg-375-cbcc9e06-d355-48b1-8525-df1181d9a8e1.csv:1: trailing whitespace.
+reportId,deviceId,customerId,reportType,periodStartTime,periodEndTime,feedingWeightKg,dischargeWeightKg,reductionWeightKg,cycleCount,processingMinutes,powerConsumptionKwh,avgPowerKw,avgO2Pct,avgCo2Ppm,avgCh4Ppm,avgN2oPpm,carbonReductionKg,carbonReductionMethod,dataCompletenessPct,missingRecordCount,calculationVersionId
docs/audit/evidence/qa-09-nonactive-data-2026-10-05/final/business.json.browser.json.esg-375-cbcc9e06-d355-48b1-8525-df1181d9a8e1.csv:2: trailing whitespace.
+1114da7a-0bec-495c-a3a8-b142870bd4cb,qa09-df756bdbb9ee2f1a-01,0ca62472-2ac9-4659-a928-b8f3d71afb38,DAILY,2026-10-05T00:00:00.000Z,2026-10-05T10:03:21.866Z,12,4,8,,,3,,20,400,2,1,5,QA09_SYNTHETIC_ESTIMATE,100,,
docs/audit/evidence/qa-09-nonactive-data-2026-10-05/final/business.json.browser.json.esg-375-ce3eceeb-e4a1-4204-8784-cdaff51ed5b3.csv:1: trailing whitespace.
+deviceId,customerId,summaryDate,feedingWeightKg,dischargeWeightKg,reductionWeightKg,powerConsumptionKwh,carbonReductionKg,dataCompletenessPct,missingRecordCount,calculationVersionId
docs/audit/evidence/qa-09-nonactive-data-2026-10-05/final/business.json.browser.json.esg-375-ce3eceeb-e4a1-4204-8784-cdaff51ed5b3.csv:2: trailing whitespace.
+qa09-df756bdbb9ee2f1a-01,0ca62472-2ac9-4659-a928-b8f3d71afb38,2026-10-05T00:00:00.000Z,12,4,8,3,5,100,,
docs/audit/evidence/qa-09-nonactive-data-2026-10-05/local-full-lint.log:4: new blank line at EOF.
docs/audit/evidence/qa-09-nonactive-data-2026-10-05/local-lint-final.log:4: new blank line at EOF.
docs/audit/evidence/qa-09-nonactive-data-2026-10-05/verified/business.json.browser.json.activity-1440-af463626-ecf3-4b2a-b7f8-548acb242615.csv:1: trailing whitespace.
+activityId,kind,level,occurredAt,summary,eventType,source,userId,username,remarks,code,status,message,currentValue,threshold,unit
docs/audit/evidence/qa-09-nonactive-data-2026-10-05/verified/business.json.browser.json.activity-1440-af463626-ecf3-4b2a-b7f8-548acb242615.csv:2: trailing whitespace.
+0f4adb2c-c415-4e3f-9feb-a6149e3993e0,EVENT,INFO,2026-10-05T10:35:20.995Z,QA09_SYNTHETIC_ACTIVITY,QA09_SYNTHETIC_ACTIVITY,QA09_DATABASE_FIXTURE,,,qa09-de00a1e65a129c22,,,,,,
docs/audit/evidence/qa-09-nonactive-data-2026-10-05/verified/business.json.browser.json.activity-375-245d8309-6159-4b83-8858-5750bc33cf54.csv:1: trailing whitespace.
+activityId,kind,level,occurredAt,summary,eventType,source,userId,username,remarks,code,status,message,currentValue,threshold,unit
docs/audit/evidence/qa-09-nonactive-data-2026-10-05/verified/business.json.browser.json.activity-375-245d8309-6159-4b83-8858-5750bc33cf54.csv:2: trailing whitespace.
+0f4adb2c-c415-4e3f-9feb-a6149e3993e0,EVENT,INFO,2026-10-05T10:35:20.995Z,QA09_SYNTHETIC_ACTIVITY,QA09_SYNTHETIC_ACTIVITY,QA09_DATABASE_FIXTURE,,,qa09-de00a1e65a129c22,,,,,,
docs/audit/evidence/qa-09-nonactive-data-2026-10-05/verified/business.json.browser.json.esg-1440-59071e48-7c9a-41af-ba13-5a0d4f16eaf2.csv:1: trailing whitespace.
+reportId,deviceId,customerId,reportType,periodStartTime,periodEndTime,feedingWeightKg,dischargeWeightKg,reductionWeightKg,cycleCount,processingMinutes,powerConsumptionKwh,avgPowerKw,avgO2Pct,avgCo2Ppm,avgCh4Ppm,avgN2oPpm,carbonReductionKg,carbonReductionMethod,dataCompletenessPct,missingRecordCount,calculationVersionId
docs/audit/evidence/qa-09-nonactive-data-2026-10-05/verified/business.json.browser.json.esg-1440-59071e48-7c9a-41af-ba13-5a0d4f16eaf2.csv:2: trailing whitespace.
+d862f703-64cf-441d-8cf8-07f84566153c,qa09-de00a1e65a129c22-01,900a4214-bd03-4659-a38e-d307b5d12767,DAILY,2026-10-05T00:00:00.000Z,2026-10-05T10:35:20.995Z,12,4,8,,,3,,20,400,2,1,5,QA09_SYNTHETIC_ESTIMATE,100,,
docs/audit/evidence/qa-09-nonactive-data-2026-10-05/verified/business.json.browser.json.esg-1440-a2e468e5-a04b-459b-9d07-b0c45405d774.csv:1: trailing whitespace.
+deviceId,customerId,summaryDate,feedingWeightKg,dischargeWeightKg,reductionWeightKg,powerConsumptionKwh,carbonReductionKg,dataCompletenessPct,missingRecordCount,calculationVersionId
docs/audit/evidence/qa-09-nonactive-data-2026-10-05/verified/business.json.browser.json.esg-1440-a2e468e5-a04b-459b-9d07-b0c45405d774.csv:2: trailing whitespace.
+qa09-de00a1e65a129c22-01,900a4214-bd03-4659-a38e-d307b5d12767,2026-10-05T00:00:00.000Z,12,4,8,3,5,100,0,8a14a912-9561-4a15-a764-52331eb618f5
docs/audit/evidence/qa-09-nonactive-data-2026-10-05/verified/business.json.browser.json.esg-375-1bb3f8a6-73a0-4c76-800b-305a62166671.csv:1: trailing whitespace.
+reportId,deviceId,customerId,reportType,periodStartTime,periodEndTime,feedingWeightKg,dischargeWeightKg,reductionWeightKg,cycleCount,processingMinutes,powerConsumptionKwh,avgPowerKw,avgO2Pct,avgCo2Ppm,avgCh4Ppm,avgN2oPpm,carbonReductionKg,carbonReductionMethod,dataCompletenessPct,missingRecordCount,calculationVersionId
docs/audit/evidence/qa-09-nonactive-data-2026-10-05/verified/business.json.browser.json.esg-375-1bb3f8a6-73a0-4c76-800b-305a62166671.csv:2: trailing whitespace.
+d862f703-64cf-441d-8cf8-07f84566153c,qa09-de00a1e65a129c22-01,900a4214-bd03-4659-a38e-d307b5d12767,DAILY,2026-10-05T00:00:00.000Z,2026-10-05T10:35:20.995Z,12,4,8,,,3,,20,400,2,1,5,QA09_SYNTHETIC_ESTIMATE,100,,
docs/audit/evidence/qa-09-nonactive-data-2026-10-05/verified/business.json.browser.json.esg-375-cd558db5-efd4-463b-9aad-b8c903eaded4.csv:1: trailing whitespace.
+deviceId,customerId,summaryDate,feedingWeightKg,dischargeWeightKg,reductionWeightKg,powerConsumptionKwh,carbonReductionKg,dataCompletenessPct,missingRecordCount,calculationVersionId
docs/audit/evidence/qa-09-nonactive-data-2026-10-05/verified/business.json.browser.json.esg-375-cd558db5-efd4-463b-9aad-b8c903eaded4.csv:2: trailing whitespace.
+qa09-de00a1e65a129c22-01,900a4214-bd03-4659-a38e-d307b5d12767,2026-10-05T00:00:00.000Z,12,4,8,3,5,100,0,8a14a912-9561-4a15-a764-52331eb618f5
