observe: PROVISIONING
observe: DOWNLOAD_SOURCE
observe: BUILD
observe: COMPLETED
seed: PROVISIONING
seed: DOWNLOAD_SOURCE
seed: INSTALL
seed: BUILD
seed: COMPLETED
Ten CSR requests approved; waiting for real scheduled provisioning.
Ten real MQTT sessions and heartbeats published; observing RDS.
observe: PROVISIONING
observe: DOWNLOAD_SOURCE
observe: INSTALL
observe: BUILD
observe: COMPLETED
Telemetry and identical QoS1 duplicates published; observing ingestion/outbox.
observe: PROVISIONING
observe: DOWNLOAD_SOURCE
observe: BUILD
observe: COMPLETED
observe: PROVISIONING
observe: DOWNLOAD_SOURCE
observe: BUILD
observe: COMPLETED
cleanup: PROVISIONING
cleanup: DOWNLOAD_SOURCE
cleanup: INSTALL
cleanup: BUILD
cleanup: COMPLETED
{"gate":"FAIL","prefix":"qa09-e10cf2811fc5d57f","executions":2,"errorCode":"ENTITY_PARENT_OR_CLEANUP_FAILED"}
