✔ partition preserves 722ms without treating CPU as exclusive scheduling or compiler time (1.313167ms)
✔ split rejects missing setup (0.080833ms)
✔ split rejects setup gap (0.093583ms)
✔ split rejects setup wrong boundary (0.08025ms)
✔ split rejects missing (0.046625ms)
✔ split rejects duplicate (0.042209ms)
✔ split rejects foreign (0.044833ms)
✔ split rejects invalid CPU (0.0435ms)
✔ split rejects no CPU (0.053667ms)
✔ split rejects wrong boundary (0.081416ms)
✔ split rejects failed (0.059958ms)
✔ split rejects gap (0.08575ms)
✔ split rejects overlap (0.049ms)
✔ split rejects fake duration (0.059708ms)
✔ split rejects connection claim (0.046583ms)
✔ target observer setup gap remains rejected: 737ms/17ms (0.063083ms)
✔ target observer setup gap remains rejected: 498ms/18ms (0.029375ms)
✔ target observer setup gap remains rejected: 40ms/20ms (0.030583ms)
✔ explicit setup covers 17ms without shifting original entrance (0.056ms)
✔ explicit setup covers 18ms without shifting original entrance (0.038542ms)
✔ explicit setup covers 20ms without shifting original entrance (0.039ms)
✔ cold sampler collector binds exact own REPORT and safe client metrics: patch (37.184167ms)
✔ cold sampler collector binds exact own REPORT and safe client metrics: audit (33.09375ms)
✔ planner never dispatches and matchable inputs never accept P95 or causal benefit (0.960542ms)
✔ pair rejects drift or missing proof sourceCommit (0.090667ms)
✔ pair rejects drift or missing proof memoryMiB (0.056834ms)
✔ pair rejects drift or missing proof architecture (0.040291ms)
✔ pair rejects drift or missing proof poolMax (0.051875ms)
✔ pair rejects drift or missing proof actorRole (0.039042ms)
✔ pair rejects drift or missing proof accountState (0.03675ms)
✔ pair rejects drift or missing proof operationId (0.037416ms)
✔ pair rejects drift or missing proof expectedStatus (0.046708ms)
✔ pair rejects drift or missing proof authenticatedPreconnect (0.076875ms)
✔ pair rejects drift or missing proof engineCpuDiagnosis (0.046292ms)
✔ pair rejects drift or missing proof artifactSetSha256 (0.03675ms)
✔ pair rejects drift or missing proof lambdaCount (0.046125ms)
✔ pair rejects drift or missing proof cleanupGate (0.043791ms)
✔ pair rejects drift or missing proof source (0.0305ms)
✔ pair rejects drift or missing proof coldProofGroup (0.0315ms)
✔ pair rejects drift or missing proof naturalCold409Count (0.029708ms)
✔ pair rejects drift or missing proof platformInitDurationMs (0.06425ms)
✔ pair rejects drift or missing proof clientSplitGate (0.0495ms)
✔ pair rejects drift or missing proof firstCheckoutOwned (0.030083ms)
✔ pair rejects drift or missing proof startedAt (0.021875ms)
✔ actual receipt loader rejects byte drift and directory escape before reading semantic proof (1.871875ms)
✔ matched independent sampling stays distinct from baseline and cannot accept a missing group (0.059791ms)
ℹ tests 46
ℹ suites 0
ℹ pass 46
ℹ fail 0
ℹ cancelled 0
ℹ skipped 0
ℹ todo 0
ℹ duration_ms 126.638084
