observe: QUEUED
observe: PROVISIONING
observe: DOWNLOAD_SOURCE
observe: BUILD
observe: COMPLETED
business-seed-devices: PROVISIONING
business-seed-devices: DOWNLOAD_SOURCE
business-seed-devices: BUILD
business-seed-devices: COMPLETED
business-baseline: PROVISIONING
business-baseline: DOWNLOAD_SOURCE
business-baseline: BUILD
business-baseline: COMPLETED
business-cleanup: PROVISIONING
business-cleanup: DOWNLOAD_SOURCE
business-cleanup: INSTALL
business-cleanup: BUILD
business-cleanup: COMPLETED
business-audit: PROVISIONING
business-audit: DOWNLOAD_SOURCE
business-audit: BUILD
business-audit: COMPLETED
{"gate":"PASS","stages":{"foundation":"PASS","remaining":"PASS"},"checks":123,"cleanupComplete":true}
observe: PROVISIONING
observe: DOWNLOAD_SOURCE
observe: INSTALL
observe: BUILD
observe: COMPLETED
cleanup: PROVISIONING
cleanup: DOWNLOAD_SOURCE
cleanup: BUILD
cleanup: COMPLETED
{"task":"QA-09","scope":"OWN_BOUNDED_COLD409_SAMPLING","sourceCommit":"f341f684a9bb16e76788a0ba8a0c45317ac0fc3a","prefix":"qa09-71f7f46f4a778982","fullQa09Accepted":false,"gate":"PASS","checks":115,"cleanup":"PASS","fixtureMode":"REAL_RDS_ONBOARDED_STATE_FOR_BUSINESS_APIS_NO_DEVICE_AUTH_CLAIM","sourceReceipt":"docs/audit/evidence/qa-09-f341f68-bounded-cold409-target-2026-10-06/sample.json.sources.json","sourceReceiptSha256":"28dfc1af86453758629987268bcf3bf845e14664ad978a700b34ba404d20f356","cold409Gate":"NOT_EVALUATED","maxConcurrency":6,"maxPatchRequests":12,"remainingCoverage":"No real device authentication, natural Active, native browser, full 117 behavior or full QA09 acceptance claim"}
