verify	Run pnpm verify	﻿2026-10-08T13:36:04.6628081Z ##[group]Run pnpm verify
verify	Run pnpm verify	2026-10-08T13:36:04.6628613Z ^[[36;1mpnpm verify^[[0m
verify	Run pnpm verify	2026-10-08T13:36:04.6712753Z shell: /usr/bin/bash -e {0}
verify	Run pnpm verify	2026-10-08T13:36:04.6713172Z env:
verify	Run pnpm verify	2026-10-08T13:36:04.6713582Z   PNPM_HOME: /home/runner/setup-pnpm/node_modules/.bin
verify	Run pnpm verify	2026-10-08T13:36:04.6714140Z ##[endgroup]
verify	Run pnpm verify	2026-10-08T13:36:04.9611953Z 
verify	Run pnpm verify	2026-10-08T13:36:04.9613240Z > food-digester-platform@0.0.0 verify /home/runner/work/food-digester-platform/food-digester-platform
verify	Run pnpm verify	2026-10-08T13:36:04.9620942Z > pnpm lint && pnpm format:check && pnpm typecheck && pnpm openapi:check && pnpm test && pnpm build && pnpm check:boundaries && pnpm check:schemas && pnpm check:migrations && pnpm check:evidence && pnpm check:secrets && pnpm check:sensitive-sinks && pnpm check:admin-web-delivery && pnpm check:admin-web-e2e && pnpm check:cmd-ota-delivery && pnpm test:device-contracts /tmp/fdp-device-contracts-gate.json && pnpm test:iot-integration /tmp/fdp-iot-integration-gate.json && pnpm test:core-api-integration /tmp/fdp-core-api-integration-gate.json && pnpm test:admin-e2e-suite /tmp/fdp-admin-e2e-gate.json && pnpm test:security-suite /tmp/fdp-security-gate.json && pnpm test:reliability-suite /tmp/fdp-reliability-gate.json && pnpm test:prototype-regression /tmp/fdp-prototype-regression-gate.json
verify	Run pnpm verify	2026-10-08T13:36:04.9626666Z 
verify	Run pnpm verify	2026-10-08T13:36:05.2856001Z 
verify	Run pnpm verify	2026-10-08T13:36:05.2857385Z > food-digester-platform@0.0.0 lint /home/runner/work/food-digester-platform/food-digester-platform
verify	Run pnpm verify	2026-10-08T13:36:05.2858699Z > eslint .
verify	Run pnpm verify	2026-10-08T13:36:05.2859109Z 
verify	Run pnpm verify	2026-10-08T13:36:17.7870555Z 
verify	Run pnpm verify	2026-10-08T13:36:17.7871638Z > food-digester-platform@0.0.0 format:check /home/runner/work/food-digester-platform/food-digester-platform
verify	Run pnpm verify	2026-10-08T13:36:17.7872398Z > prettier --check .
verify	Run pnpm verify	2026-10-08T13:36:17.7872608Z 
verify	Run pnpm verify	2026-10-08T13:36:17.8703040Z Checking formatting...
verify	Run pnpm verify	2026-10-08T13:36:32.0229046Z All matched files use Prettier code style!
verify	Run pnpm verify	2026-10-08T13:36:32.3656979Z 
verify	Run pnpm verify	2026-10-08T13:36:32.3657842Z > food-digester-platform@0.0.0 typecheck /home/runner/work/food-digester-platform/food-digester-platform
verify	Run pnpm verify	2026-10-08T13:36:32.3658512Z > turbo run typecheck
verify	Run pnpm verify	2026-10-08T13:36:32.3658670Z 
verify	Run pnpm verify	2026-10-08T13:36:32.4004438Z 
verify	Run pnpm verify	2026-10-08T13:36:32.4022080Z Attention:
verify	Run pnpm verify	2026-10-08T13:36:32.4023037Z Turborepo now collects completely anonymous telemetry regarding usage.
verify	Run pnpm verify	2026-10-08T13:36:32.4024189Z This information is used to shape the Turborepo roadmap and prioritize features.
verify	Run pnpm verify	2026-10-08T13:36:32.4059492Z You can learn more, including how to opt-out if you'd not like to participate in this anonymous program, by visiting the following URL:
verify	Run pnpm verify	2026-10-08T13:36:32.4086600Z https://turborepo.dev/docs/telemetry
verify	Run pnpm verify	2026-10-08T13:36:32.4141346Z 
verify	Run pnpm verify	2026-10-08T13:36:32.4270780Z 
verify	Run pnpm verify	2026-10-08T13:36:32.4272983Z    • Packages in scope: @fdp/admin-web, @fdp/archive-worker, @fdp/auth, @fdp/aws-clients, @fdp/cloud-api, @fdp/contracts, @fdp/database, @fdp/domain, @fdp/infra, @fdp/ingestion-worker, @fdp/media, @fdp/observability, @fdp/summary-worker
verify	Run pnpm verify	2026-10-08T13:36:32.4274383Z    • Running typecheck in 13 packages
verify	Run pnpm verify	2026-10-08T13:36:32.4274992Z    • Remote caching disabled
verify	Run pnpm verify	2026-10-08T13:36:32.4275350Z 
verify	Run pnpm verify	2026-10-08T13:36:33.5405683Z ##[group]@fdp/contracts:build
verify	Run pnpm verify	2026-10-08T13:36:33.5440484Z cache miss, executing badb40bf08f6da73
verify	Run pnpm verify	2026-10-08T13:36:33.5481649Z 
verify	Run pnpm verify	2026-10-08T13:36:33.5513124Z > @fdp/contracts@0.0.0 build /home/runner/work/food-digester-platform/food-digester-platform/contracts
verify	Run pnpm verify	2026-10-08T13:36:33.5552778Z > node -e "console.log('@fdp/contracts 为源码契约包：内部使用 .ts 扩展名互引，不经 tsc 构建；消费方经 tsx/打包器直接使用源码')"
verify	Run pnpm verify	2026-10-08T13:36:33.5595101Z 
verify	Run pnpm verify	2026-10-08T13:36:33.5596131Z @fdp/contracts 为源码契约包：内部使用 .ts 扩展名互引，不经 tsc 构建；消费方经 tsx/打包器直接使用源码
verify	Run pnpm verify	2026-10-08T13:36:33.5622095Z ##[endgroup]
verify	Run pnpm verify	2026-10-08T13:36:38.0489638Z ##[group]@fdp/observability:typecheck
verify	Run pnpm verify	2026-10-08T13:36:38.0607404Z cache miss, executing a0b06f97baffe220
verify	Run pnpm verify	2026-10-08T13:36:38.0681695Z 
verify	Run pnpm verify	2026-10-08T13:36:38.0742873Z > @fdp/observability@0.0.0 typecheck /home/runner/work/food-digester-platform/food-digester-platform/packages/observability
verify	Run pnpm verify	2026-10-08T13:36:38.0801927Z > tsc -p tsconfig.json
verify	Run pnpm verify	2026-10-08T13:36:38.0834428Z 
verify	Run pnpm verify	2026-10-08T13:36:38.0862219Z ##[endgroup]
verify	Run pnpm verify	2026-10-08T13:36:38.3582498Z ##[group]@fdp/observability:build
verify	Run pnpm verify	2026-10-08T13:36:38.3644423Z cache miss, executing 548a24332771f8b7
verify	Run pnpm verify	2026-10-08T13:36:38.3708748Z 
verify	Run pnpm verify	2026-10-08T13:36:38.3792460Z > @fdp/observability@0.0.0 build /home/runner/work/food-digester-platform/food-digester-platform/packages/observability
verify	Run pnpm verify	2026-10-08T13:36:38.3931987Z > tsc -p tsconfig.build.json
verify	Run pnpm verify	2026-10-08T13:36:38.3997221Z 
verify	Run pnpm verify	2026-10-08T13:36:38.4009966Z ##[endgroup]
verify	Run pnpm verify	2026-10-08T13:36:39.8129517Z ##[group]@fdp/domain:build
verify	Run pnpm verify	2026-10-08T13:36:39.8172174Z cache miss, executing 47ef0249a0b99843
verify	Run pnpm verify	2026-10-08T13:36:39.8241708Z 
verify	Run pnpm verify	2026-10-08T13:36:39.8272834Z > @fdp/domain@0.0.0 build /home/runner/work/food-digester-platform/food-digester-platform/packages/domain
verify	Run pnpm verify	2026-10-08T13:36:39.8311899Z > tsc -p tsconfig.build.json
verify	Run pnpm verify	2026-10-08T13:36:39.8342287Z 
verify	Run pnpm verify	2026-10-08T13:36:39.8412344Z ##[endgroup]
verify	Run pnpm verify	2026-10-08T13:36:41.3482796Z ##[group]@fdp/database:generate
verify	Run pnpm verify	2026-10-08T13:36:41.3493038Z cache miss, executing d534e8f51ca10667
verify	Run pnpm verify	2026-10-08T13:36:41.3532999Z 
verify	Run pnpm verify	2026-10-08T13:36:41.3568991Z > @fdp/database@0.0.0 generate /home/runner/work/food-digester-platform/food-digester-platform/packages/database
verify	Run pnpm verify	2026-10-08T13:36:41.3668954Z > prisma generate
verify	Run pnpm verify	2026-10-08T13:36:41.3692234Z 
verify	Run pnpm verify	2026-10-08T13:36:41.3742173Z Loaded Prisma config from prisma.config.ts.
verify	Run pnpm verify	2026-10-08T13:36:41.3788860Z 
verify	Run pnpm verify	2026-10-08T13:36:41.3831779Z Prisma schema loaded from prisma/schema.prisma.
verify	Run pnpm verify	2026-10-08T13:36:41.3893151Z 
verify	Run pnpm verify	2026-10-08T13:36:41.3902747Z ✔ Generated Prisma Client (7.9.1) to ./src/generated in 1.71s
verify	Run pnpm verify	2026-10-08T13:36:41.3934893Z 
verify	Run pnpm verify	2026-10-08T13:36:41.3936301Z ##[endgroup]
verify	Run pnpm verify	2026-10-08T13:36:41.3937300Z ##[group]@fdp/domain:typecheck
verify	Run pnpm verify	2026-10-08T13:36:41.3938067Z cache miss, executing fd26312a4c0953c8
verify	Run pnpm verify	2026-10-08T13:36:41.3940662Z 
verify	Run pnpm verify	2026-10-08T13:36:41.3942393Z > @fdp/domain@0.0.0 typecheck /home/runner/work/food-digester-platform/food-digester-platform/packages/domain
verify	Run pnpm verify	2026-10-08T13:36:41.3968462Z > tsc -p tsconfig.json
verify	Run pnpm verify	2026-10-08T13:36:41.4001950Z 
verify	Run pnpm verify	2026-10-08T13:36:41.4004773Z ##[endgroup]
verify	Run pnpm verify	2026-10-08T13:36:41.9052817Z ##[group]@fdp/contracts:typecheck
verify	Run pnpm verify	2026-10-08T13:36:41.9093810Z cache miss, executing aa15856efcfb63ca
verify	Run pnpm verify	2026-10-08T13:36:41.9117750Z 
verify	Run pnpm verify	2026-10-08T13:36:41.9148655Z > @fdp/contracts@0.0.0 typecheck /home/runner/work/food-digester-platform/food-digester-platform/contracts
verify	Run pnpm verify	2026-10-08T13:36:41.9153878Z > tsc -p tsconfig.json
verify	Run pnpm verify	2026-10-08T13:36:41.9201483Z 
verify	Run pnpm verify	2026-10-08T13:36:41.9202449Z ##[endgroup]
verify	Run pnpm verify	2026-10-08T13:36:43.4505870Z ##[group]@fdp/aws-clients:build
verify	Run pnpm verify	2026-10-08T13:36:43.4532620Z cache miss, executing 72b741ff8e28f9c8
verify	Run pnpm verify	2026-10-08T13:36:43.4561823Z 
verify	Run pnpm verify	2026-10-08T13:36:43.4592755Z > @fdp/aws-clients@0.0.0 build /home/runner/work/food-digester-platform/food-digester-platform/packages/aws-clients
verify	Run pnpm verify	2026-10-08T13:36:43.4594486Z > tsc -p tsconfig.build.json
verify	Run pnpm verify	2026-10-08T13:36:43.4621663Z 
verify	Run pnpm verify	2026-10-08T13:36:43.4652249Z ##[endgroup]
verify	Run pnpm verify	2026-10-08T13:36:43.4735151Z ##[group]@fdp/aws-clients:typecheck
verify	Run pnpm verify	2026-10-08T13:36:43.4751938Z cache miss, executing 767e47322641a244
verify	Run pnpm verify	2026-10-08T13:36:43.4781522Z 
verify	Run pnpm verify	2026-10-08T13:36:43.4782563Z > @fdp/aws-clients@0.0.0 typecheck /home/runner/work/food-digester-platform/food-digester-platform/packages/aws-clients
verify	Run pnpm verify	2026-10-08T13:36:43.4783699Z > tsc -p tsconfig.json
verify	Run pnpm verify	2026-10-08T13:36:43.4783983Z 
verify	Run pnpm verify	2026-10-08T13:36:43.4784483Z ##[endgroup]
verify	Run pnpm verify	2026-10-08T13:36:46.7568309Z ##[group]@fdp/infra:typecheck
verify	Run pnpm verify	2026-10-08T13:36:46.7569308Z cache miss, executing ce88fe65165f8d55
verify	Run pnpm verify	2026-10-08T13:36:46.7569876Z 
verify	Run pnpm verify	2026-10-08T13:36:46.7570829Z > @fdp/infra@0.0.0 typecheck /home/runner/work/food-digester-platform/food-digester-platform/infra
verify	Run pnpm verify	2026-10-08T13:36:46.7572158Z > tsc -p tsconfig.json
verify	Run pnpm verify	2026-10-08T13:36:46.7572565Z 
verify	Run pnpm verify	2026-10-08T13:36:46.7573099Z ##[endgroup]
verify	Run pnpm verify	2026-10-08T13:36:46.7581285Z ^[[;31m@fdp/database:typecheck^[[;0m
verify	Run pnpm verify	2026-10-08T13:36:46.7581938Z cache miss, executing 53af91d30277f443
verify	Run pnpm verify	2026-10-08T13:36:46.7582862Z 
verify	Run pnpm verify	2026-10-08T13:36:46.7583762Z > @fdp/database@0.0.0 typecheck /home/runner/work/food-digester-platform/food-digester-platform/packages/database
verify	Run pnpm verify	2026-10-08T13:36:46.7584810Z > tsc -p tsconfig.json
verify	Run pnpm verify	2026-10-08T13:36:46.7584977Z 
verify	Run pnpm verify	2026-10-08T13:36:46.7607519Z ##[error]../../apps/cloud-api/src/admin/user/account-read-candidate.ts(1,31): error TS2307: Cannot find module '@fdp/database' or its corresponding type declarations.
verify	Run pnpm verify	2026-10-08T13:36:46.7621711Z  ELIFECYCLE  Command failed with exit code 2.
verify	Run pnpm verify	2026-10-08T13:36:46.9271037Z ##[group]@fdp/database:build
verify	Run pnpm verify	2026-10-08T13:36:46.9288325Z ##[error]command (/home/runner/work/food-digester-platform/food-digester-platform/packages/database) /home/runner/setup-pnpm/node_modules/.bin/bin/pnpm run typecheck exited (2)
verify	Run pnpm verify	2026-10-08T13:36:46.9292390Z @fdp/database#typecheck:  ERROR  command (/home/runner/work/food-digester-platform/food-digester-platform/packages/database) /home/runner/setup-pnpm/node_modules/.bin/bin/pnpm run typecheck exited (2)
verify	Run pnpm verify	2026-10-08T13:36:46.9293691Z  ERROR  run failed: command  exited (2)
verify	Run pnpm verify	2026-10-08T13:36:46.9294290Z cache miss, executing 2840ebe3878a1961
verify	Run pnpm verify	2026-10-08T13:36:46.9294499Z 
verify	Run pnpm verify	2026-10-08T13:36:46.9294993Z > @fdp/database@0.0.0 build /home/runner/work/food-digester-platform/food-digester-platform/packages/database
verify	Run pnpm verify	2026-10-08T13:36:46.9295559Z > tsc -p tsconfig.build.json
verify	Run pnpm verify	2026-10-08T13:36:46.9295738Z 
verify	Run pnpm verify	2026-10-08T13:36:46.9296086Z  ELIFECYCLE  Command failed.
verify	Run pnpm verify	2026-10-08T13:36:46.9296532Z ##[endgroup]
verify	Run pnpm verify	2026-10-08T13:36:46.9296660Z 
verify	Run pnpm verify	2026-10-08T13:36:46.9296800Z  Tasks:    10 successful, 12 total
verify	Run pnpm verify	2026-10-08T13:36:46.9297101Z Cached:    0 cached, 12 total
verify	Run pnpm verify	2026-10-08T13:36:46.9297369Z   Time:    14.527s 
verify	Run pnpm verify	2026-10-08T13:36:46.9297655Z Failed:    @fdp/database#typecheck
verify	Run pnpm verify	2026-10-08T13:36:46.9297841Z 
verify	Run pnpm verify	2026-10-08T13:36:46.9514397Z  ELIFECYCLE  Command failed with exit code 2.
verify	Run pnpm verify	2026-10-08T13:36:46.9864389Z  ELIFECYCLE  Command failed with exit code 2.
verify	Run pnpm verify	2026-10-08T13:36:47.0045567Z ##[error]Process completed with exit code 2.
