deploy-test	Run pnpm verify	﻿2026-10-08T13:36:03.5977601Z ##[group]Run pnpm verify
deploy-test	Run pnpm verify	2026-10-08T13:36:03.5977916Z ^[[36;1mpnpm verify^[[0m
deploy-test	Run pnpm verify	2026-10-08T13:36:03.6049433Z shell: /usr/bin/bash -e {0}
deploy-test	Run pnpm verify	2026-10-08T13:36:03.6049721Z env:
deploy-test	Run pnpm verify	2026-10-08T13:36:03.6050225Z   FDP_DEVICE_API_CERTIFICATE_ARN: arn:aws:acm:ap-southeast-1:065986019555:certificate/db3daf4f-de27-4cb3-8813-5f1f068478e0
deploy-test	Run pnpm verify	2026-10-08T13:36:03.6051057Z   FDP_PUBLIC_API_CERTIFICATE_ARN: arn:aws:acm:ap-southeast-1:065986019555:certificate/2777e55f-df6e-4e7d-8ce8-22cd3cf2babb
deploy-test	Run pnpm verify	2026-10-08T13:36:03.6051671Z   FDP_TRUSTSTORE_BUCKET_NAME: fdp-test-mtls-truststore-065986019555
deploy-test	Run pnpm verify	2026-10-08T13:36:03.6052115Z   FDP_TRUSTSTORE_VERSION: FtN.3H5AydTqt6cgxf0wzeOcNQHFxCOx
deploy-test	Run pnpm verify	2026-10-08T13:36:03.6052466Z   FDP_QA09_ENGINE_CPU_DIAGNOSIS: true
deploy-test	Run pnpm verify	2026-10-08T13:36:03.6052758Z   FDP_QA09_ROLLOUT_PHASE: immediate
deploy-test	Run pnpm verify	2026-10-08T13:36:03.6053150Z   FDP_TEST_DEPLOY_ROLE_ARN: arn:aws:iam::065986019555:role/fdp-test-github-deploy-role
deploy-test	Run pnpm verify	2026-10-08T13:36:03.6053609Z   PNPM_HOME: /home/runner/setup-pnpm/node_modules/.bin
deploy-test	Run pnpm verify	2026-10-08T13:36:03.6053954Z   FDP_QA09_AUTHENTICATED_PRECONNECT: false
deploy-test	Run pnpm verify	2026-10-08T13:36:03.6054312Z   FDP_QA09_ACCOUNT_READ_CANDIDATE: false
deploy-test	Run pnpm verify	2026-10-08T13:36:03.6054791Z   FDP_QA09_CONTRACT_LOAD_DETAIL: false
deploy-test	Run pnpm verify	2026-10-08T13:36:03.6055075Z ##[endgroup]
deploy-test	Run pnpm verify	2026-10-08T13:36:03.8728258Z 
deploy-test	Run pnpm verify	2026-10-08T13:36:03.8729428Z > food-digester-platform@0.0.0 verify /home/runner/work/food-digester-platform/food-digester-platform
deploy-test	Run pnpm verify	2026-10-08T13:36:03.8734030Z > pnpm lint && pnpm format:check && pnpm typecheck && pnpm openapi:check && pnpm test && pnpm build && pnpm check:boundaries && pnpm check:schemas && pnpm check:migrations && pnpm check:evidence && pnpm check:secrets && pnpm check:sensitive-sinks && pnpm check:admin-web-delivery && pnpm check:admin-web-e2e && pnpm check:cmd-ota-delivery && pnpm test:device-contracts /tmp/fdp-device-contracts-gate.json && pnpm test:iot-integration /tmp/fdp-iot-integration-gate.json && pnpm test:core-api-integration /tmp/fdp-core-api-integration-gate.json && pnpm test:admin-e2e-suite /tmp/fdp-admin-e2e-gate.json && pnpm test:security-suite /tmp/fdp-security-gate.json && pnpm test:reliability-suite /tmp/fdp-reliability-gate.json && pnpm test:prototype-regression /tmp/fdp-prototype-regression-gate.json
deploy-test	Run pnpm verify	2026-10-08T13:36:03.8738192Z 
deploy-test	Run pnpm verify	2026-10-08T13:36:04.1516243Z 
deploy-test	Run pnpm verify	2026-10-08T13:36:04.1517520Z > food-digester-platform@0.0.0 lint /home/runner/work/food-digester-platform/food-digester-platform
deploy-test	Run pnpm verify	2026-10-08T13:36:04.1518384Z > eslint .
deploy-test	Run pnpm verify	2026-10-08T13:36:04.1518578Z 
deploy-test	Run pnpm verify	2026-10-08T13:36:17.1199636Z 
deploy-test	Run pnpm verify	2026-10-08T13:36:17.1200967Z > food-digester-platform@0.0.0 format:check /home/runner/work/food-digester-platform/food-digester-platform
deploy-test	Run pnpm verify	2026-10-08T13:36:17.1201908Z > prettier --check .
deploy-test	Run pnpm verify	2026-10-08T13:36:17.1202152Z 
deploy-test	Run pnpm verify	2026-10-08T13:36:17.2033639Z Checking formatting...
deploy-test	Run pnpm verify	2026-10-08T13:36:30.7892088Z All matched files use Prettier code style!
deploy-test	Run pnpm verify	2026-10-08T13:36:31.1289717Z 
deploy-test	Run pnpm verify	2026-10-08T13:36:31.1291090Z > food-digester-platform@0.0.0 typecheck /home/runner/work/food-digester-platform/food-digester-platform
deploy-test	Run pnpm verify	2026-10-08T13:36:31.1292046Z > turbo run typecheck
deploy-test	Run pnpm verify	2026-10-08T13:36:31.1292345Z 
deploy-test	Run pnpm verify	2026-10-08T13:36:31.1635634Z 
deploy-test	Run pnpm verify	2026-10-08T13:36:31.1651261Z Attention:
deploy-test	Run pnpm verify	2026-10-08T13:36:31.1652272Z Turborepo now collects completely anonymous telemetry regarding usage.
deploy-test	Run pnpm verify	2026-10-08T13:36:31.1653340Z This information is used to shape the Turborepo roadmap and prioritize features.
deploy-test	Run pnpm verify	2026-10-08T13:36:31.1654940Z You can learn more, including how to opt-out if you'd not like to participate in this anonymous program, by visiting the following URL:
deploy-test	Run pnpm verify	2026-10-08T13:36:31.1656029Z https://turborepo.dev/docs/telemetry
deploy-test	Run pnpm verify	2026-10-08T13:36:31.1656352Z 
deploy-test	Run pnpm verify	2026-10-08T13:36:31.1995555Z 
deploy-test	Run pnpm verify	2026-10-08T13:36:31.2011792Z    • Packages in scope: @fdp/admin-web, @fdp/archive-worker, @fdp/auth, @fdp/aws-clients, @fdp/cloud-api, @fdp/contracts, @fdp/database, @fdp/domain, @fdp/infra, @fdp/ingestion-worker, @fdp/media, @fdp/observability, @fdp/summary-worker
deploy-test	Run pnpm verify	2026-10-08T13:36:31.2012915Z    • Running typecheck in 13 packages
deploy-test	Run pnpm verify	2026-10-08T13:36:31.2013275Z    • Remote caching disabled
deploy-test	Run pnpm verify	2026-10-08T13:36:31.2013457Z 
deploy-test	Run pnpm verify	2026-10-08T13:36:31.9271463Z ##[group]@fdp/contracts:build
deploy-test	Run pnpm verify	2026-10-08T13:36:31.9317838Z cache miss, executing badb40bf08f6da73
deploy-test	Run pnpm verify	2026-10-08T13:36:31.9319748Z 
deploy-test	Run pnpm verify	2026-10-08T13:36:31.9346009Z > @fdp/contracts@0.0.0 build /home/runner/work/food-digester-platform/food-digester-platform/contracts
deploy-test	Run pnpm verify	2026-10-08T13:36:31.9369075Z > node -e "console.log('@fdp/contracts 为源码契约包：内部使用 .ts 扩展名互引，不经 tsc 构建；消费方经 tsx/打包器直接使用源码')"
deploy-test	Run pnpm verify	2026-10-08T13:36:31.9419134Z 
deploy-test	Run pnpm verify	2026-10-08T13:36:31.9466924Z @fdp/contracts 为源码契约包：内部使用 .ts 扩展名互引，不经 tsc 构建；消费方经 tsx/打包器直接使用源码
deploy-test	Run pnpm verify	2026-10-08T13:36:31.9503604Z ##[endgroup]
deploy-test	Run pnpm verify	2026-10-08T13:36:36.7675950Z ##[group]@fdp/observability:typecheck
deploy-test	Run pnpm verify	2026-10-08T13:36:36.7827954Z cache miss, executing a0b06f97baffe220
deploy-test	Run pnpm verify	2026-10-08T13:36:36.7945062Z 
deploy-test	Run pnpm verify	2026-10-08T13:36:36.8053114Z > @fdp/observability@0.0.0 typecheck /home/runner/work/food-digester-platform/food-digester-platform/packages/observability
deploy-test	Run pnpm verify	2026-10-08T13:36:36.8145598Z > tsc -p tsconfig.json
deploy-test	Run pnpm verify	2026-10-08T13:36:36.8289473Z 
deploy-test	Run pnpm verify	2026-10-08T13:36:36.8421310Z ##[endgroup]
deploy-test	Run pnpm verify	2026-10-08T13:36:36.9964909Z ##[group]@fdp/observability:build
deploy-test	Run pnpm verify	2026-10-08T13:36:37.0045981Z cache miss, executing 548a24332771f8b7
deploy-test	Run pnpm verify	2026-10-08T13:36:37.0115128Z 
deploy-test	Run pnpm verify	2026-10-08T13:36:37.0246584Z > @fdp/observability@0.0.0 build /home/runner/work/food-digester-platform/food-digester-platform/packages/observability
deploy-test	Run pnpm verify	2026-10-08T13:36:37.0325672Z > tsc -p tsconfig.build.json
deploy-test	Run pnpm verify	2026-10-08T13:36:37.0436378Z 
deploy-test	Run pnpm verify	2026-10-08T13:36:37.0449988Z ##[endgroup]
deploy-test	Run pnpm verify	2026-10-08T13:36:38.5487140Z ##[group]@fdp/domain:build
deploy-test	Run pnpm verify	2026-10-08T13:36:38.5535962Z cache miss, executing 47ef0249a0b99843
deploy-test	Run pnpm verify	2026-10-08T13:36:38.5565117Z 
deploy-test	Run pnpm verify	2026-10-08T13:36:38.5596242Z > @fdp/domain@0.0.0 build /home/runner/work/food-digester-platform/food-digester-platform/packages/domain
deploy-test	Run pnpm verify	2026-10-08T13:36:38.5688146Z > tsc -p tsconfig.build.json
deploy-test	Run pnpm verify	2026-10-08T13:36:38.5724959Z 
deploy-test	Run pnpm verify	2026-10-08T13:36:38.5744101Z ##[endgroup]
deploy-test	Run pnpm verify	2026-10-08T13:36:39.1198305Z ##[group]@fdp/domain:typecheck
deploy-test	Run pnpm verify	2026-10-08T13:36:39.1248773Z cache miss, executing fd26312a4c0953c8
deploy-test	Run pnpm verify	2026-10-08T13:36:39.1335271Z 
deploy-test	Run pnpm verify	2026-10-08T13:36:39.1346397Z > @fdp/domain@0.0.0 typecheck /home/runner/work/food-digester-platform/food-digester-platform/packages/domain
deploy-test	Run pnpm verify	2026-10-08T13:36:39.1395543Z > tsc -p tsconfig.json
deploy-test	Run pnpm verify	2026-10-08T13:36:39.1445476Z 
deploy-test	Run pnpm verify	2026-10-08T13:36:39.1474839Z ##[endgroup]
deploy-test	Run pnpm verify	2026-10-08T13:36:40.0036099Z ##[group]@fdp/database:generate
deploy-test	Run pnpm verify	2026-10-08T13:36:40.0077355Z cache miss, executing d534e8f51ca10667
deploy-test	Run pnpm verify	2026-10-08T13:36:40.0116173Z 
deploy-test	Run pnpm verify	2026-10-08T13:36:40.0117563Z > @fdp/database@0.0.0 generate /home/runner/work/food-digester-platform/food-digester-platform/packages/database
deploy-test	Run pnpm verify	2026-10-08T13:36:40.0118776Z > prisma generate
deploy-test	Run pnpm verify	2026-10-08T13:36:40.0119088Z 
deploy-test	Run pnpm verify	2026-10-08T13:36:40.0119551Z Loaded Prisma config from prisma.config.ts.
deploy-test	Run pnpm verify	2026-10-08T13:36:40.0120116Z 
deploy-test	Run pnpm verify	2026-10-08T13:36:40.0120586Z Prisma schema loaded from prisma/schema.prisma.
deploy-test	Run pnpm verify	2026-10-08T13:36:40.0121183Z 
deploy-test	Run pnpm verify	2026-10-08T13:36:40.0122144Z ✔ Generated Prisma Client (7.9.1) to ./src/generated in 1.69s
deploy-test	Run pnpm verify	2026-10-08T13:36:40.0144889Z 
deploy-test	Run pnpm verify	2026-10-08T13:36:40.0146464Z ##[endgroup]
deploy-test	Run pnpm verify	2026-10-08T13:36:40.2966985Z ##[group]@fdp/contracts:typecheck
deploy-test	Run pnpm verify	2026-10-08T13:36:40.2995576Z cache miss, executing aa15856efcfb63ca
deploy-test	Run pnpm verify	2026-10-08T13:36:40.3000675Z 
deploy-test	Run pnpm verify	2026-10-08T13:36:40.3042973Z > @fdp/contracts@0.0.0 typecheck /home/runner/work/food-digester-platform/food-digester-platform/contracts
deploy-test	Run pnpm verify	2026-10-08T13:36:40.3091602Z > tsc -p tsconfig.json
deploy-test	Run pnpm verify	2026-10-08T13:36:40.3109200Z 
deploy-test	Run pnpm verify	2026-10-08T13:36:40.3125472Z ##[endgroup]
deploy-test	Run pnpm verify	2026-10-08T13:36:41.2885852Z ##[group]@fdp/aws-clients:build
deploy-test	Run pnpm verify	2026-10-08T13:36:41.2903504Z cache miss, executing 72b741ff8e28f9c8
deploy-test	Run pnpm verify	2026-10-08T13:36:41.2937516Z 
deploy-test	Run pnpm verify	2026-10-08T13:36:41.2976342Z > @fdp/aws-clients@0.0.0 build /home/runner/work/food-digester-platform/food-digester-platform/packages/aws-clients
deploy-test	Run pnpm verify	2026-10-08T13:36:41.3014235Z > tsc -p tsconfig.build.json
deploy-test	Run pnpm verify	2026-10-08T13:36:41.3075778Z 
deploy-test	Run pnpm verify	2026-10-08T13:36:41.3095217Z ##[endgroup]
deploy-test	Run pnpm verify	2026-10-08T13:36:41.7070421Z ##[group]@fdp/aws-clients:typecheck
deploy-test	Run pnpm verify	2026-10-08T13:36:41.7090444Z cache miss, executing 767e47322641a244
deploy-test	Run pnpm verify	2026-10-08T13:36:41.7091117Z 
deploy-test	Run pnpm verify	2026-10-08T13:36:41.7092542Z > @fdp/aws-clients@0.0.0 typecheck /home/runner/work/food-digester-platform/food-digester-platform/packages/aws-clients
deploy-test	Run pnpm verify	2026-10-08T13:36:41.7093913Z > tsc -p tsconfig.json
deploy-test	Run pnpm verify	2026-10-08T13:36:41.7094158Z 
deploy-test	Run pnpm verify	2026-10-08T13:36:41.7094824Z ##[endgroup]
deploy-test	Run pnpm verify	2026-10-08T13:36:44.8460194Z ^[[;31m@fdp/database:typecheck^[[;0m
deploy-test	Run pnpm verify	2026-10-08T13:36:44.8461512Z cache miss, executing 53af91d30277f443
deploy-test	Run pnpm verify	2026-10-08T13:36:44.8462125Z 
deploy-test	Run pnpm verify	2026-10-08T13:36:44.8463130Z > @fdp/database@0.0.0 typecheck /home/runner/work/food-digester-platform/food-digester-platform/packages/database
deploy-test	Run pnpm verify	2026-10-08T13:36:44.8464296Z > tsc -p tsconfig.json
deploy-test	Run pnpm verify	2026-10-08T13:36:44.8464920Z 
deploy-test	Run pnpm verify	2026-10-08T13:36:44.8531955Z ##[error]../../apps/cloud-api/src/admin/user/account-read-candidate.ts(1,31): error TS2307: Cannot find module '@fdp/database' or its corresponding type declarations.
deploy-test	Run pnpm verify	2026-10-08T13:36:44.8565956Z  ELIFECYCLE  Command failed with exit code 2.
deploy-test	Run pnpm verify	2026-10-08T13:36:45.0481266Z ##[group]@fdp/database:build
deploy-test	Run pnpm verify	2026-10-08T13:36:45.0481928Z cache miss, executing 2840ebe3878a1961
deploy-test	Run pnpm verify	2026-10-08T13:36:45.0482193Z 
deploy-test	Run pnpm verify	2026-10-08T13:36:45.0482675Z > @fdp/database@0.0.0 build /home/runner/work/food-digester-platform/food-digester-platform/packages/database
deploy-test	Run pnpm verify	2026-10-08T13:36:45.0483268Z > tsc -p tsconfig.build.json
deploy-test	Run pnpm verify	2026-10-08T13:36:45.0483455Z 
deploy-test	Run pnpm verify	2026-10-08T13:36:45.0483897Z  ELIFECYCLE  Command failed.
deploy-test	Run pnpm verify	2026-10-08T13:36:45.0484343Z ##[endgroup]
deploy-test	Run pnpm verify	2026-10-08T13:36:45.0815348Z ##[group]@fdp/infra:typecheck
deploy-test	Run pnpm verify	2026-10-08T13:36:45.0816135Z cache miss, executing ce88fe65165f8d55
deploy-test	Run pnpm verify	2026-10-08T13:36:45.0816458Z 
deploy-test	Run pnpm verify	2026-10-08T13:36:45.0816884Z > @fdp/infra@0.0.0 typecheck /home/runner/work/food-digester-platform/food-digester-platform/infra
deploy-test	Run pnpm verify	2026-10-08T13:36:45.0817389Z > tsc -p tsconfig.json
deploy-test	Run pnpm verify	2026-10-08T13:36:45.0817553Z 
deploy-test	Run pnpm verify	2026-10-08T13:36:45.0818000Z  ELIFECYCLE  Command failed.
deploy-test	Run pnpm verify	2026-10-08T13:36:45.0818811Z  WARN   Local package.json exists, but node_modules missing, did you mean to install?
deploy-test	Run pnpm verify	2026-10-08T13:36:45.0819615Z ##[endgroup]
deploy-test	Run pnpm verify	2026-10-08T13:36:45.0837293Z ##[error]command (/home/runner/work/food-digester-platform/food-digester-platform/packages/database) /home/runner/setup-pnpm/node_modules/.bin/bin/pnpm run typecheck exited (2)
deploy-test	Run pnpm verify	2026-10-08T13:36:45.0841118Z @fdp/database#typecheck:  ERROR  command (/home/runner/work/food-digester-platform/food-digester-platform/packages/database) /home/runner/setup-pnpm/node_modules/.bin/bin/pnpm run typecheck exited (2)
deploy-test	Run pnpm verify	2026-10-08T13:36:45.0842394Z 
deploy-test	Run pnpm verify	2026-10-08T13:36:45.0842616Z  Tasks:    9 successful, 12 total
deploy-test	Run pnpm verify	2026-10-08T13:36:45.0843093Z Cached:    0 cached, 12 total
deploy-test	Run pnpm verify	2026-10-08T13:36:45.0843517Z   Time:    13.917s 
deploy-test	Run pnpm verify	2026-10-08T13:36:45.0843962Z Failed:    @fdp/database#typecheck
deploy-test	Run pnpm verify	2026-10-08T13:36:45.0844256Z 
deploy-test	Run pnpm verify	2026-10-08T13:36:45.0844662Z  ERROR  run failed: command  exited (2)
deploy-test	Run pnpm verify	2026-10-08T13:36:45.1091501Z  ELIFECYCLE  Command failed with exit code 2.
deploy-test	Run pnpm verify	2026-10-08T13:36:45.1473340Z  ELIFECYCLE  Command failed with exit code 2.
deploy-test	Run pnpm verify	2026-10-08T13:36:45.1663002Z ##[error]Process completed with exit code 2.
