
> food-digester-platform@0.0.0 test:scripts /Users/anray/Documents/project/hiddenjoyacom/food-digester-platform
> node --import tsx --test scripts/*.test.mjs

✔ bootstrap input is bound to the normalized email and never accepts a password (0.745292ms)
✔ successful bootstrap creates Cognito identity before committing linked database user (0.201083ms)
✔ non-pristine Cognito or database fails before any mutation (0.177791ms)
✔ database failure deletes Cognito identity and records compensated failure (0.182667ms)
✔ failed Cognito compensation keeps reconciliation required (0.102833ms)
✔ source approval requires exact SHA and packager embeds committed SHA (1538.606209ms)
✔ runner without approved source fails closed without leaking configuration (32.652416ms)
✔ serial and parallel repeated browser receipts are validated (9.465458ms)
✔ fail closed: missing required flow (0.201458ms)
✔ fail closed: skipped execution (0.096125ms)
✔ fail closed: flaky execution (0.370917ms)
✔ fail closed: retry hides failure (0.08825ms)
✔ fail closed: unexpected error (0.080208ms)
✔ fail closed: missing isolated trace (0.069708ms)
✔ fail closed: data prefix reused (0.067875ms)
✔ fail closed: context cleanup failed (0.079459ms)
✔ fail closed: unmocked network request (0.106209ms)
✔ fail closed: missing role proof (3.187958ms)
✔ fail closed: wrong route permission (0.195458ms)
✔ fail closed: Auditor OTA write enabled (0.133ms)
✔ fail closed: missing MFA assertion (1.889292ms)
✔ fail closed: missing conflict response (0.170667ms)
✔ fail closed: missing forbidden response (0.149209ms)
✔ fail closed: missing repeat (0.089292ms)
✔ repeat traces cannot duplicate the first execution (0.189167ms)
✔ 真实 OpenAPI 片段可确定性打包且无外部引用 (37.939208ms)
✔ bundle 新鲜度检查拒绝缺失或过期产物 (116.816875ms)
✔ 失败示例：非法 OpenAPI 版本与缺少 responses 被拒绝 (0.155625ms)
✔ 失败示例：全局重复 operationId 被拒绝 (0.075417ms)
✔ 失败示例：非法 parameter 与 Schema 被拒绝 (0.108875ms)
✔ 仓库提交的统一 bundle 与当前片段一致 (10.271292ms)
✔ 当前管理后台源代码满足入口与组合根交付约束 (9.034ms)
✔ 缺少入口和构建产物时失败关闭 (0.286833ms)
✔ FE-06 至 FE-19 任一任务或路由从事实源缺失时失败关闭 (5.497417ms)
✔ FE-11 至 FE-15 任一任务、路由或页面标识缺失时失败关闭 (3.672625ms)
✔ FE-06 至 FE-15 任一控制器或 operationId 缺失时失败关闭 (2.676667ms)
✔ FE-11 至 FE-15 控制器或 operationId 缺失时失败关闭 (2.950958ms)
✔ FE-16 至 FE-19 任一任务、路由、控制器、页面标识或 operationId 缺失时失败关闭 (3.693708ms)
✔ App 移除显式页面分支时失败关闭 (3.053291ms)
✔ 完整目标回执覆盖双提交、隔离环境、五角色、七路由、五闭环与清理 (109.858208ms)
✔ 缺路由、角色、闭环或审计拒绝角色时失败关闭 (25.377959ms)
✔ mock、泄露、短链持久化、危险操作与只读写请求均失败关闭 (26.381042ms)
✔ 缺失回执、双部署提交漂移、HEAD 不一致与未清理均失败关闭 (32.344833ms)
✔ 目标 Gate 是显式发布步骤且不进入普通 verify (0.2045ms)
✔ 完整回执覆盖双提交、隔离环境、五角色、五路由、四闭环、隐私、双语布局与清理 (64.608083ms)
✔ 缺路由、角色、闭环、locale 或 viewport 时失败关闭 (17.859625ms)
✔ mock、权限、并发、泄露或布局不合格时失败关闭 (74.4295ms)
✔ 缺失回执、双部署提交漂移、HEAD 不一致与未清理均失败关闭 (26.475625ms)
✔ 目标 Gate 是显式发布步骤且不进入普通 verify (0.208292ms)
✔ 完整路由、五角色、五业务闭环、租户、并发、敏感字段与清理回执通过 (0.781416ms)
✔ 缺路由、角色或业务闭环时失败关闭 (0.158875ms)
✔ Cognito、部署 API、跨租户、并发与敏感字段证据不满足约束时失败关闭 (0.10125ms)
✔ 缺失回执、部署提交或 sourceCommit 不一致时失败关闭 (0.589208ms)
✔ 完整的 58 API、五角色、并发、ESG 与清理目标 AWS 回执通过 (0.891042ms)
✔ 58 个回执 operationId 与九份正式业务 OpenAPI 精确一致 (10.943542ms)
✔ API 缺项、角色缺项与跨 Customer 放行均失败关闭 (0.303625ms)
✔ 并发或 ESG 证据不满足生产约束时失败关闭 (0.121541ms)
✔ 缺失回执与 sourceCommit 不匹配均失败关闭 (0.948166ms)
✔ 完整覆盖 25 API、五角色、竞态、退役与导出的隔离 AWS 回执通过 (3.23975ms)
✔ 缺 operation、跨租户放行、竞态双成功、证书未失活与 MQTT/S3 缺口均失败关闭 (4.519125ms)
✔ operation 成功状态与负向状态集合不完整时失败关闭 (0.133208ms)
✔ 回执缺失、非法 JSON 或 sourceCommit 不一致时独立发布 Gate 失败 (0.733417ms)
✔ 完整 Archive、Replay、Summary 目标 AWS 回执通过 (0.732875ms)
✔ 缺探针、重复归档、Replay 复制业务行和空 Summary 均失败关闭 (0.200875ms)
✔ 缺少回执或提交不一致时独立 Gate 失败 (0.599541ms)
✔ 完整隔离 AWS 回执覆盖 8 Topic、负向路径、QA-03 与清理时通过 (0.797209ms)
✔ 缺 Topic、未知 Topic 命中、Error Action 未恢复和原文漂移均失败关闭 (0.147625ms)
✔ 未提供目标 AWS 回执时独立发布 Gate 明确失败 (0.419792ms)
✔ 回执必须对应待发布的精确 Git 提交 (0.30275ms)
✔ 完整的 15 API、角色、Cognito、并发、S3、Dashboard、审计与清理回执通过 (1.360916ms)
✔ 15 个 operationId 与六份正式 OpenAPI 精确一致 (0.806084ms)
✔ API、角色、租户或安全/并发探针缺口均失败关闭 (13.621041ms)
✔ 缺失回执与 sourceCommit 不匹配均失败关闭 (10.782959ms)
✔ 干净的依赖图通过检查 (1.454291ms)
✔ 共享包反向依赖 apps 被识别为边界违规 (0.672041ms)
✔ contracts 反向依赖 apps 被识别为边界违规 (0.521084ms)
✔ apps 之间互相依赖被识别为边界违规 (0.503292ms)
✔ 工作区循环依赖被检出 (0.82375ms)
✔ 非工作区依赖（外部 npm 包）不参与检查 (0.345166ms)
✔ 当前仓库通过边界与循环依赖检查 (0.734708ms)
✔ CDK WARNING 与规则校验编号会触发 Gate (0.483542ms)
✔ 正常 synth 输出不会误报 (0.333458ms)
✔ 已交付 Lambda 缺失或回退到内联 501 占位时 Gate 失败 (0.144625ms)
✔ 已交付 Lambda 使用 S3 asset 时 Gate 通过 (0.054125ms)
✔ CMD/OTA 生产接线 Gate 对 Worker/调度任一缺失均失败关闭 (0.186042ms)
✔ CMD/OTA 生产接线 Gate 对 IoT/S3/KMS 权限缺失失败关闭 (0.214625ms)
✔ 真实登记文件：结构校验通过，并准确识别当前未决 DEC (2.453125ms)
✔ 真实契约版本文件：decisionRegisterVersion 与登记一致 (0.45ms)
✔ 契约版本不一致被拒绝 (0.351875ms)
✔ 重复决策 ID 被拒绝（已知冲突必须有唯一决策 ID） (0.153583ms)
✔ 原则与决策之间 ID 也全局唯一 (0.093583ms)
✔ pending 决策携带批准人被拒绝 (0.058959ms)
✔ frozen 决策必须有批准人、批准时间和 >=1.0.0 版本 (0.09025ms)
✔ blockingTasks 为空或格式非法被拒绝 (0.07425ms)
✔ history 必须非空且末条版本与条目版本一致 (0.070791ms)
✔ 非 UTC 时间戳被拒绝 (0.084125ms)
✔ CLI validate 模式：真实文件退出码 0 且输出实际未决数；--fail-on-pending 按实际未决数返回 (0.89475ms)
✔ CLI：结构错误退出码 1 (0.653333ms)
✔ 追溯校验：合法 x-decision-versions 引用通过（Schema 可追溯到决策版本） (15.576042ms)
✔ 追溯校验：不存在的决策 ID 被拒绝 (0.762416ms)
✔ 追溯校验：引用版本与登记版本不一致被拒绝 (0.632083ms)
✔ 追溯校验：缺少 x-decision-versions 或格式非法被拒绝 (0.776125ms)
✔ 追溯校验：嵌套在 OpenAPI info 下的 x-decision-versions 可被递归发现 (0.64275ms)
✔ 已交付 API（含管理后台 P1）的 129 个 OpenAPI operation 与生产路由双向一致 (8.05925ms)
✔ 版本化已交付清单缺失、重复或引用不存在文件时失败关闭 (2.17325ms)
✔ 缺失、额外、重复及 method/path 漂移均失败关闭 (0.179583ms)
✔ CMD/OTA 治理 Gate 校验四份 REST 契约及 DEC-022/023 冻结状态 (3.778041ms)
✔ 有效链接、无易漂移计数且工具链配对正确时通过 (2.079833ms)
✔ 损坏的仓库内 Markdown 链接被拒绝 (0.861292ms)
✔ 陈旧测试计数或不兼容工具链声明被拒绝 (1.435084ms)
✔ 当前仓库 ENG/DB/DOM 与 IAC/AUTH/SEC 任务文档证据一致 (10.034958ms)
✔ BE-IOT-01～08 文档全部纳入默认链接与证据门禁 (0.092083ms)
✔ BE-ARC/RPL/ESG 四份文档及 P2 回归纳入默认证据门禁 (0.0515ms)
✔ 11 份管理后台业务文档全部纳入默认链接与证据门禁 (0.04425ms)
✔ BE-MED/RBAC/AUD/DASH/SET 五份文档纳入状态与 AWS 证据门禁 (0.040208ms)
✔ FE-06～FE-10 五份前端文档纳入四层状态与目标回执门禁 (0.047292ms)
✔ FE-11～FE-15 五份前端文档纳入四层状态与独立目标回执门禁 (0.074458ms)
✔ 前端任务文档拒绝缺层级、问题责任字段、目标 Gate 和 P1 陈旧描述 (0.082416ms)
✔ FE-11～FE-15 文档拒绝旧缺陷、任务级勾选及旧目标 Gate (0.05625ms)
✔ BE-MED/RBAC/AUD/DASH/SET 文档拒绝缺状态层、陈旧参数和设置生效误述 (0.050125ms)
✔ 管理后台业务文档拒绝缺证据引用和陈旧决策或部署说法 (0.048667ms)
✔ BE-ARC/RPL/ESG 文档拒绝缺审计快照和生产接线边界外旧说法 (0.0415ms)
✔ BE-IOT 文档拒绝缺少审计快照、Report P2002 与 Media 另路由旧说法 (0.055833ms)
✔ BE-IOT 严格负向探针必须保留为可定位的永久回归 (1.075041ms)
✔ 安全任务文档拒绝历史计数、缺少 verify 命令与陈旧 DEC-012 状态 (0.079125ms)
✔ 安全任务文档接受当前命令、审计快照引用与 frozen 决策 (0.040042ms)
✔ 当前仓库（DB-01 已落地）Migration 结构通过 (7.223ms)
✔ schema.prisma 未落地时跳过并通过（骨架期行为） (0.184625ms)
✔ 失败示例：Schema 已存在但无任何 Migration（未提交 Migration） (1.055916ms)
✔ 失败示例：migrations/ 为空且缺少 migration_lock.toml (0.627292ms)
✔ 失败示例：Migration 目录名非法与空 migration.sql (2.169042ms)
✔ 合法 Migration 结构通过 (1.639042ms)
✔ 失败示例：已有旧 Migration 但 Schema 已变化且未登记快照 (0.8285ms)
✔ 真实矩阵通过完整性检查 (5.822459ms)
✔ 真实引用集合：41 个矩阵 API 与 13 个 routeId 全部可解析 (0.392375ms)
✔ index19.html 源清单：9 个菜单、12 个页面、128 个元素与矩阵双向覆盖 (0.323208ms)
✔ 真实矩阵：9 菜单、12 页面、每项均有处置结论 (0.2475ms)
✔ 被拒绝的实时流、明文密码、状态混用不携带实现任务 (0.243167ms)
✔ 矩阵的 x-decision-versions 可追溯到决策登记（DEC-007~012） (0.995667ms)
✔ 缺少菜单或页面被拒绝 (0.256917ms)
✔ 重复元素 ID 被拒绝 (0.07775ms)
✔ Adapt/Reject 缺少依据被拒绝 (0.076458ms)
✔ Adopt/Adapt 生产字段缺少 API 来源被拒绝 (0.101833ms)
✔ rejectCategory 项非 Reject 或携带实现任务被拒绝 (0.081334ms)
✔ 未知角色被拒绝（R7） (0.068208ms)
✔ 格式合法但不存在的 operationId、routeId 与响应字段被拒绝 (0.921833ms)
✔ planned operation 的任务归属漂移被拒绝 (0.299667ms)
✔ 源清单与矩阵任一侧删除元素均被双向覆盖检查拒绝 (2.759625ms)
✔ index19.html 内容变化但未重新盘点源清单时失败关闭 (1.544833ms)
✔ 重复 operationId 与 routeId 被引用索引拒绝 (1.109625ms)
✔ CLI：真实矩阵退出码 0，违规矩阵退出码 1 (16.872208ms)
✔ 当前仓库全部 Schema、OpenAPI 片段与统一 bundle 通过引用校验 (90.708209ms)
✔ 失败示例：悬空内部 $ref 被拒绝 (1.13725ms)
✔ 失败示例：同目录相对 $ref 目标文件不存在被拒绝 (0.347917ms)
✔ 失败示例：JSON 语法损坏的 Schema 被拒绝 (0.346ms)
✔ 失败示例：JSON Schema 2020-12 非法 type 被元 Schema 拒绝 (12.173542ms)
✔ 失败示例：OpenAPI 基座缺少 paths 被拒绝 (0.572458ms)
✔ 同目录相对 $ref 可解析时通过 (0.965916ms)
✔ 失败示例：PEM 私钥块被检出 (4.98ms)
✔ 失败示例：AWS Access Key ID 被检出 (0.074875ms)
✔ 失败示例：GitHub 令牌被检出 (0.050709ms)
✔ 失败示例：Slack 令牌被检出 (0.043708ms)
✔ 正常内容不误报 (0.360167ms)
✔ 失败示例：未跟踪且未忽略文件中的私钥也被扫描 (31.772667ms)
✔ 当前仓库通过敏感信息扫描 (303.293416ms)
✔ 生产源码直接 console 与 raw trace API 均被拒绝 (4.016584ms)
✔ 测试目录可使用 console，生产统一 logger 允许 (7.110834ms)
✔ 当前仓库生产源码通过 sink 门禁 (41.231458ms)
✔ QA-02 MQTT heartbeat: all valid/invalid fixtures, missing meta and type mutation (79.047375ms)
✔ QA-02 MQTT telemetry: all valid/invalid fixtures, missing meta and type mutation (38.203625ms)
✔ QA-02 MQTT report: all valid/invalid fixtures, missing meta and type mutation (2.277583ms)
✔ QA-02 MQTT alarm: all valid/invalid fixtures, missing meta and type mutation (1.422208ms)
✔ QA-02 MQTT event: all valid/invalid fixtures, missing meta and type mutation (0.813084ms)
✔ QA-02 MQTT ack: all valid/invalid fixtures, missing meta and type mutation (1.062166ms)
✔ QA-02 MQTT tamper: all valid/invalid fixtures, missing meta and type mutation (1.02175ms)
✔ QA-02 MQTT media: all valid/invalid fixtures, missing meta and type mutation (0.978167ms)
✔ QA-02 MQTT cmd: all valid/invalid fixtures, missing meta and type mutation (1.27925ms)
✔ QA-02 MQTT ota: all valid/invalid fixtures, missing meta and type mutation (2.405292ms)
✔ QA-02 MQTT notification: all valid/invalid fixtures, missing meta and type mutation (1.592125ms)
✔ MQTT semantic hash, discriminator and UTC calendar errors fail closed (0.486958ms)
✔ full REST response: field deletion/type mutation/envelope/date/errors/status/headers are enforced (2.605459ms)
✔ REST request validation: required body/path/query/header, optional Sync, bodyless Deactivate, no type coercion in JSON (2.540791ms)
✔ all device operations and declared response JSON Schemas compile; stable error catalog has no duplicates (70.452417ms)
✔ predecessor MQTT is compatible; known REST break requires exact version and frozen DEC approvals (33.800209ms)
✔ breaking contract mutations fail: removing fields/operations/status, changing type/required/security (52.844666ms)
✔ receipt coverage gate fails closed for missing operations/statuses, no valid request and forged records (0.280833ms)
✔ QA04 coverage Gate accepts complete matrix and proofs (0.765042ms)
✔ QA04 coverage Gate rejects missing domain (0.214167ms)
✔ QA04 coverage Gate rejects no negative path (0.105583ms)
✔ QA04 coverage Gate rejects untrusted handler (0.085583ms)
✔ QA04 coverage Gate rejects missing role (0.6405ms)
✔ QA04 coverage Gate rejects cross-tenant leak (0.107583ms)
✔ QA04 coverage Gate rejects two write winners (0.112666ms)
✔ QA04 coverage Gate rejects duplicate audit (0.098625ms)
✔ QA04 coverage Gate rejects rollback missing (0.11375ms)
✔ QA04 coverage Gate rejects unclean resource (0.125333ms)
✔ QA04 coverage Gate rejects reused isolation (0.101875ms)
✔ QA04 coverage Gate rejects no observed replay (0.1255ms)
✔ QA04 required acceptance cases are enforced (0.536917ms)
✔ QA04 skipped assertion fails execution Gate (0.047125ms)
✔ QA04 removed state-machine assertion fails coverage Gate (0.410542ms)
✔ migration source requires exact approved commit (0.445875ms)
✔ migration connection requires complete secret and verified TLS; special credentials are encoded (0.153ms)
✔ database verification derives every mapped Prisma table (0.402208ms)
✔ runner without approved source fails without reporting credentials or driver details (32.955667ms)
✔ source packager archives committed tree, includes exact SHA and refuses overwriting ZIP (1541.264083ms)
✔ local TLS broker: 10 independent certificate sessions, QoS1, downlinks, reconnect and broker ACL rejection (722.3775ms)
✔ 10 concurrent sessions: all topics, exact 5% duplicates / 2% delayed telemetry, replay and isolated bad Schema (237.291ms)
✔ cross-device publish, subscribe, receive and wildcard denied (0.461917ms)
✔ invalid configuration, OTA transitions and test credential gate fail closed (0.519167ms)
✔ scripted failed command, missing target mapping and illegal downlink do not generate mixed ACK (0.237375ms)
✔ all sessions close when one transport fails; no successful receipt (131.374875ms)
✔ MQTT adapter rejects SUBACK denial and connection failures (0.213958ms)
✔ CLI creates offline receipt and refuses ungated mqtts before reading credential paths (439.802958ms)
✔ CDK wrapper accepts synth/diff and requires explicit deploy stack (0.7275ms)
✔ CDK wrapper builds the whole workspace and fails closed on build errors (0.110833ms)
✔ CDK wrapper uses local SSO but requires OIDC credentials in GitHub Actions (0.074333ms)
✔ QA03 Gate accepts complete local integration receipt (0.52525ms)
✔ QA03 Gate rejects missing scenario (0.165208ms)
✔ QA03 Gate rejects unclean resources (0.078292ms)
✔ QA03 Gate rejects reused isolation prefix (0.082583ms)
✔ QA03 Gate rejects lost message (0.150459ms)
✔ QA03 Gate rejects duplicate business record (0.153125ms)
✔ QA03 Gate rejects missing raw proof (0.458208ms)
✔ QA03 Gate rejects missing fault probe (0.133333ms)
✔ receipt covers all 128 decisions in two viewports (20.866ms)
✔ fail closed: missing page (1.703541ms)
✔ fail closed: skipped case (1.639583ms)
✔ fail closed: flaky success (0.252875ms)
✔ fail closed: retry (0.225917ms)
✔ fail closed: unexpected external network (0.196ms)
✔ fail closed: fixture collision (0.194708ms)
✔ fail closed: missing cleanup (0.170375ms)
✔ fail closed: updated baseline masquerades as regression (0.180584ms)
✔ fail closed: missing group (0.233125ms)
✔ fail closed: duplicate group (0.191083ms)
✔ fail closed: missing rejection assertion (0.217417ms)
✔ fail closed: missing menu (0.184667ms)
✔ fail closed: missing behavior guard (0.205083ms)
✔ fail closed: wrong viewport (0.202208ms)
✔ fail closed: snapshot hash mismatch (0.188958ms)
✔ binding omission, duplication and reject implementation fail closed (1.843375ms)
✔ real gzip bytes bind exact own devices, raw outbox hash and canonical published hash (3.129333ms)
✔ scope expansion, unknown customer/device, modified bytes and missing archive fail closed (1.792417ms)
✔ IoT normalized raw body binds outbox bytes while original publication binds canonical payload (1.306208ms)
✔ quick MQTT profile requires exact additional telemetry ledger and cannot waive missing archives (1.803666ms)
✔ archive deadline uses actual S3 modification times and cannot green an eventual late archive (1.549709ms)
✔ redelivery rejects foreign archives, unbounded inventories and unbound certificates before AWS operations (0.914834ms)
✔ nominal 30x profile cannot conceal a slower real publish window (20.537125ms)
✔ version proof requires CI deploy Amplify exact commit and 19 distinct verified artifact bytes (0.386417ms)
✔ own-fixture fault grant rejects shared changes and unknown faults while retaining deployment boundary (0.131ms)
✔ database proof rejects foreign build, source, role and nonzero cleanup instead of trusting child PASS (0.306875ms)
✔ target gates reject missing finish cleanup required case and foreign device before live calls (0.586ms)
✔ business cleanup preserves outside rows, rejects baseline drift and deletes own dependent rows atomically (910.20225ms)
✔ fault injection rejects missing authorization and foreign export identity without mutation (0.513958ms)
✔ assertion-only validation cannot stand in for cleanup or whole target acceptance (0.1475ms)
✔ complete intermediate/root chain matches truststore and private key (8.647041ms)
✔ missing root is distinguished from valid signing certificate and key (0.4045ms)
✔ wrong parent, expired chain and wrong private key fail independently (0.898167ms)
✔ oversized worker chain, malformed values and arbitrary canaries never leak (1.220333ms)
✔ receipt gate accepts completed diagnostic with invalid chain, rejects data leak and missing cleanup (1.886542ms)
✔ approved exact Worker, Secret, KMS and original expiry scope is accepted (0.642041ms)
✔ removing role condition, wildcard Secret or extended expiry is rejected (0.294584ms)
✔ unrestricted KMS, different context or extra secret permissions are rejected (0.144167ms)
✔ repair gate requires retained versions, exact output binding and all cleanup (1.147166ms)
✔ only root field changes, original version remains immutable and AWSPREVIOUS (5.981959ms)
✔ baseline drift prevents all writes (0.106541ms)
✔ wrong fixed root prevents all writes (0.284209ms)
✔ unknown put outcome recovers immutable token without a second put (1.130458ms)
✔ candidate mutation fails before promotion (0.283542ms)
✔ concurrent current movement after candidate write is preserved (0.535542ms)
✔ unknown promotion response is recovered from current stages (0.774833ms)
✔ post-promotion failed readback rolls back only the known current candidate (0.549917ms)
✔ invalid version token rejects before accessing any secret (0.266167ms)
✔ rollback refuses to overwrite a concurrent foreign current version (0.602542ms)
✔ unknown AWS errors are returned as fixed codes without secret exception text (0.079917ms)
✔ successful promotion waits for metadata visibility without repeating stage writes (0.755084ms)
✔ existing current candidate is verified using read-only store without new versions or stage writes (0.69275ms)
✔ read-only recovery rejects changed fields without rolling back an existing current version (0.227ms)
✔ capacity planning includes operational and rotation idle overlap and rejects naive concurrency increase (0.439458ms)
✔ DLQ scope requires closed ledger, 20 exact IDs and fresh empty database proof (0.806042ms)
✔ one-shot worker deletes only exact retired pointers, restores unknown visibility, and exports no bodies or handles (2.753416ms)
✔ completed Build result tolerates delayed/truncated CloudWatch visibility and transient read failure without rerunning SQL (0.522625ms)
✔ wrong/multiple/failed frames and AccessDenied reject immediately, absent result fails closed after bounded reads (0.382ms)
✔ CloudWatch 250000-character fragments reassemble exact source-bound metadata without accepting truncation or another frame (7.934459ms)
✔ fixed manifest rejects unsafe SQL identifiers, missing hash and duplicates (0.523209ms)
✔ migration comparison distinguishes missing, tampered, unfinished and rolled-back migrations (0.145334ms)
✔ snapshot uses repeatable read/read only, timeouts, fixed SELECTs and always rolls back (0.324667ms)
✔ writable transaction rejected before business queries and rolled back (0.179875ms)
✔ query failure rolls back instead of yielding partial PASS (0.125333ms)
✔ dedicated query project never changes migration project or passes StartBuild overrides (17.225792ms)
✔ legacy onboarding rows without CSR columns require reconciliation before migration (0.121125ms)
✔ query success preserves real migration BLOCKED instead of promoting readiness (0.708958ms)
✔ wrong build, writable transaction, unbound hash and fabricated migration PASS rejected (0.26625ms)
✔ missing table count cannot become complete SQL evidence (1.058ms)
✔ snapshot must be available encrypted manual and exact whitelist cannot expand (0.448ms)
✔ real local SQL retires exactly two jobs/requests and preserves every other table (978.082417ms)
✔ live status drift aborts with original rows intact (483.031292ms)
✔ unexpected cascade/trigger changing a preserved table rolls back all deletes (422.572334ms)
✔ target License wire sequence proves ExpiringSoon renewal and Renewed activation using real handlers and PostgreSQL (1083.089417ms)
✔ recovery sub-gate checks all preserved tables without accepting full QA09 (0.910041ms)
✔ version mismatch, missing migration and changed certificate/other business data fail closed (0.373875ms)
✔ retirement evidence cannot hide wrong deleted IDs or lose preservation proof (0.95975ms)
✔ retirement project has fixed source and never modifies readonly/migration runner (27.0125ms)
✔ S3 fallback accepts exact owned version cleanup and rejects bucket, customer and pagination expansion (0.648667ms)
✔ domain cleanup refuses live run, foreign customer name, missing DB cleanup and out-of-scope objects (0.622916ms)
✔ unseeded identity cleanup rejects unfinished, foreign, seeded and pre-existing admin ledgers (0.449458ms)
✔ Cognito canonical UUID is allowed only with exact own email and creation within this failed run (0.179084ms)
✔ P95 uses all actual samples and rejects empty or invalid measurements (0.423666ms)
✔ complete P95 excludes censored timeouts and refuses partial sample acceptance (0.105208ms)
✔ performance summary refuses to report P95 PASS for missing or incomplete actual samples (48.512667ms)
✔ read-only pool probe distinguishes one connection, recovery and incomplete capacity acceptance (4.897333ms)
✔ observed connection-budget violation refuses a pool PASS receipt (0.5975ms)
✔ foreign probe application name is rejected before database access (0.065667ms)
✔ scheduled publishing overlaps slow PUBACK and drains failures without abandoning in-flight writes (19.475708ms)
✔ only exact test account and readonly role accepted (0.480167ms)
✔ stack identity, region, project and test tag fail closed (0.103083ms)
✔ permission denial is unverified, never classified as absent (0.105ms)
✔ metadata health never promotes missing business evidence to AWS PASS (0.224125ms)
✔ five groups with unconfirmed or disabled users do not prove usable identities (0.072333ms)
✔ missing target receipts and version mismatch remain blockers (0.065ms)
✔ existing test environment requires neither new account nor stack and retains real-response/cleanup boundaries (0.227584ms)
✔ real sub-scope acceptance cannot claim whole QA09 (0.949125ms)
✔ unfinished execution, missing role probe and failed assertion rejected (0.133667ms)
✔ missing cleanup, wrong target, secrets and source tampering rejected (4.567333ms)
✔ identity cleanup only accepts this run and the five known role identities (0.97625ms)
✔ record cleanup requires exact run namespace, not merely a partial prefix (0.116542ms)
✔ per-request service throttling requires both unique IDs and bound access-row time/status, never minute metrics (0.485875ms)
✔ QA09 rollout separates logging, budget and event publication and rejects silent phase mistakes (0.6655ms)
✔ complete narrow real-environment scope never accepts full QA09 (1.456667ms)
✔ missing mTLS, shared keys, different ingress/archive bytes and missing cleanup fail closed (1.241917ms)
✔ CodeBuild inline source fits service limit and decompresses to exact reviewed bytes (32.7285ms)
✔ exact own-ten plan rejects expansion, historical identity and wrong customer namespace (17.952125ms)
✔ real SQL creates exact fixtures and cleanup preserves original devices/certificates (823.51225ms)
✔ unexpected original-data trigger mutation rolls back fixture creation (451.114834ms)
✔ processing provisioning job prevents cleanup without deleting any own devices (414.351208ms)
✔ CSR proofs bind method, path, request ID, timestamp, nonce and independent key (63.482584ms)
✔ closed-fixture audit and request outbox cleanup require ledger and preserve unrelated events (411.945459ms)
✔ closed-fixture access rejects missing approval audit and live customer (404.261833ms)
✔ unseeded capacity attempt has read-only empty audit with deleted customers and fixed original baseline (402.87325ms)
✔ business-only Onboarded fixtures preserve original rows, refuse reuse and make no certificate/authentication claim (415.335125ms)
✔ unseeded timeout audit reads only exact prefix and cannot mutate original or retry customer creation (393.972833ms)
✔ active lifecycle fixture changes exactly two own states and never claims a natural path (399.704083ms)
✔ capacity probe executes a read-only transaction and leaves fixture and original rows unchanged (395.812875ms)
✔ version binding preserves prior defaults and accepts exact new target (0.644083ms)
✔ invalid version input is rejected before any AWS operation (0.144ms)
✔ all delivered writes have an explicit permission and own or absent object path (0.723417ms)
✔ identical claims still change signed payload bytes rather than unused base64 signature bits (0.131791ms)
✔ quick has exact cadence, 24 historical hours, 30x burst, 5% duplicates and 2% delayed delivery (8.326125ms)
✔ full plan contains 86400 historical Telemetry samples for 10 devices at 10-second cadence (165.356667ms)
✔ unknown profile fails closed (0.1645ms)
✔ P95 uses nearest rank and does not mutate input (0.125041ms)
✔ invalid latency  rejected (0.0655ms)
✔ invalid latency NaN rejected (0.037334ms)
✔ invalid latency Infinity rejected (0.040875ms)
✔ invalid latency -1 rejected (0.040625ms)
✔ independent checker verifies count average min max and UTC buckets (0.246167ms)
✔ complete reliability proof passes (0.663167ms)
✔ Gate rejects missing trace (0.346875ms)
✔ Gate rejects duplicate trace (0.304125ms)
✔ Gate rejects failed cleanup (0.462042ms)
✔ Gate rejects wrong profile (0.505041ms)
✔ Gate rejects wrong cadence (0.409917ms)
✔ Gate rejects untracked loss (0.330792ms)
✔ Gate rejects duplicate business row (0.32525ms)
✔ Gate rejects missing archive (0.319458ms)
✔ Gate rejects missing reorder (0.309708ms)
✔ Gate rejects missing retry (0.317542ms)
✔ Gate rejects unresolved gap (0.3035ms)
✔ Gate rejects worker not paused (0.298792ms)
✔ Gate rejects no backlog (0.302292ms)
✔ Gate rejects unscoped replay (0.310166ms)
✔ Gate rejects duplicate MQTT publish (0.298875ms)
✔ Gate rejects late ACK changed terminal state (0.300792ms)
✔ Gate rejects telemetry P95 failed (0.313916ms)
✔ Gate rejects command P95 failed (0.325167ms)
✔ Gate rejects NaN P95 (0.347042ms)
✔ Gate rejects missing latency samples (0.338709ms)
✔ security receipt accepts complete execution and all observed acceptance proofs (3.537291ms)
✔ execution fails closed: deleted required test (0.4225ms)
✔ execution fails closed: missing file (0.075792ms)
✔ execution fails closed: pending test (0.064958ms)
✔ execution fails closed: failed test (0.784167ms)
✔ proof fails closed: missing proof (0.105583ms)
✔ proof fails closed: reused prefix (0.077291ms)
✔ proof fails closed: cleanup incomplete (0.07075ms)
✔ proof fails closed: expired JWT accepted (0.078333ms)
✔ proof fails closed: missing write operation (0.103792ms)
✔ proof fails closed: forged identity accepted (0.077667ms)
✔ proof fails closed: route resolved before auth (0.063667ms)
✔ proof fails closed: cross tenant allowed (0.091292ms)
✔ proof fails closed: unauthorized side effect (0.085083ms)
✔ proof fails closed: prototype pollution (0.082792ms)
✔ proof fails closed: malicious media signed (0.077958ms)
✔ proof fails closed: malicious media persisted (0.071833ms)
✔ proof fails closed: leak ignored (0.082416ms)
✔ proof fails closed: unscanned audit (0.111208ms)
✔ proof fails closed: unscanned snapshot (0.144583ms)
✔ proof fails closed: partial response scan (0.083333ms)
✔ independent scanner rejects nested secrets raw JWT Error private key and signed URL without echoing values (0.767666ms)
✔ scanner detects opaque canary leakage and permits null redacted values and public certificate (0.041583ms)
ℹ tests 401
ℹ suites 0
ℹ pass 401
ℹ fail 0
ℹ cancelled 0
ℹ skipped 0
ℹ todo 0
ℹ duration_ms 5934.091459
