✔ read recovery preserves original timeout, reads only one started ID and never replays a mutation (15.382459ms)
✔ known authorization, expired SSO, invalid JSON and unknown failures never retry (25.562666ms)
✔ two read recoveries are the global bound, repeated timeout remains FAIL (6.764166ms)
✔ started Build waiting is bounded by polls and elapsed time; non-success terminal status never admits cleanup (7.239584ms)
✔ every cloud ownership field and raw Plan is required before reading results (7.413167ms)
✔ CLI failure records exit/signal/timing, classifies recognized errors and stores no stderr or credentials (0.782292ms)
✔ cleanup observer persists each success/failure and preserves failure identity without raw message, stack or input (0.26825ms)
✔ sign-out failure still deletes and verifies own identity, retains failure and cannot admit cleanup PASS (0.193459ms)
✔ only UserNotFound proves absence, failed delete is retained, and surviving identity fails closed (0.23175ms)
✔ pre-start rejection is persisted and never retried; no started receipt or SQL is invented (623.593917ms)
✔ post-start authorization rejection retains exact Build receipt and failed read with no restart (318.332334ms)
✔ terminal failed Build remains FAIL, is known terminal and never reads successful frame (308.556917ms)
✔ in-budget transient read recovers the same Build, retains original FAIL and runs mutation once (2358.267083ms)
✔ lost start response is UNKNOWN, never assumed unstarted, restarted or attributed to an invented Build (283.908416ms)
✔ pre-start get-caller-identity recovers twice with immutable failures and exactly one StartBuild (923.384209ms)
✔ pre-start batch-get-projects recovers twice with immutable failures and exactly one StartBuild (941.186917ms)
✔ pre-start project network fails closed before mutation or StartBuild (856.31125ms)
✔ pre-start project AccessDeniedException fails closed before mutation or StartBuild (274.146542ms)
✔ pre-start project expired fails closed before mutation or StartBuild (274.707417ms)
✔ pre-start project unknown fails closed before mutation or StartBuild (277.385ms)
✔ pre-start project invalid-json fails closed before mutation or StartBuild (272.653792ms)
✔ update-project network failure is never retried or followed by StartBuild (302.055708ms)
✔ create-project network failure is never retried or followed by StartBuild (299.166167ms)
✔ successful read with wrongAccount never retries semantic verification (245.970125ms)
✔ successful read with wrongRole never retries semantic verification (280.539375ms)
✔ project read recovery permits one reviewed update-project and one StartBuild (658.100667ms)
✔ project read recovery permits one reviewed create-project and one StartBuild (666.164916ms)
✔ recovered project read never converts a later lost StartBuild response into a safe retry (611.312083ms)
✔ parent success persists entries before launch and observes each owned cleanup without changing writes (3.134333ms)
✔ parent keeps observe failure, continues remaining cleanup, and cannot close PASS (0.884125ms)
✔ parent keeps cleanup failure, continues remaining cleanup, and cannot close PASS (0.418833ms)
✔ parent keeps baseline failure, continues remaining cleanup, and cannot close PASS (0.466208ms)
✔ parent keeps refresh failure, continues remaining cleanup, and cannot close PASS (0.496667ms)
✔ parent keeps cleanup-customer-b failure, continues remaining cleanup, and cannot close PASS (0.422542ms)
✔ parent keeps verify-customer-gone-b failure, continues remaining cleanup, and cannot close PASS (0.401708ms)
✔ parent keeps scope failure, continues remaining cleanup, and cannot close PASS (0.312792ms)
✔ parent keeps signout failure, continues remaining cleanup, and cannot close PASS (0.397584ms)
✔ parent keeps delete failure, continues remaining cleanup, and cannot close PASS (0.597542ms)
✔ parent keeps get failure, continues remaining cleanup, and cannot close PASS (0.365542ms)
✔ parent keeps survives failure, continues remaining cleanup, and cannot close PASS (0.354125ms)
✔ no session uses only owned admin signout and records the actual SDK operation (0.362167ms)
✔ failed or unknown startup is persisted once without restarting or guessing a Build ID (0.189333ms)
✔ allowlisted temporary CLI_READ_TIMEOUT has at most two read recoveries (1.548333ms)
✔ allowlisted temporary CLI_NETWORK_ERROR has at most two read recoveries (0.11575ms)
✔ allowlisted temporary ThrottlingException has at most two read recoveries (0.095833ms)
✔ allowlisted temporary TooManyRequestsException has at most two read recoveries (0.080875ms)
✔ allowlisted temporary RequestTimeout has at most two read recoveries (0.093708ms)
✔ allowlisted temporary RequestTimeoutException has at most two read recoveries (0.066958ms)
✔ allowlisted temporary ServiceUnavailableException has at most two read recoveries (0.073917ms)
✔ allowlisted temporary NetworkingError has at most two read recoveries (0.059667ms)
✔ terminal or unknown AccessDeniedException is never retried (0.499667ms)
✔ terminal or unknown SSO_SESSION_EXPIRED is never retried (0.099292ms)
✔ terminal or unknown CLI_FAILED is never retried (0.050625ms)
✔ terminal or unknown CLI_INVALID_JSON is never retried (0.064875ms)
✔ terminal or unknown CLI_OUTPUT_LIMIT is never retried (0.055041ms)
✔ terminal or unknown InvalidParameterException is never retried (0.038875ms)
✔ terminal or unknown ResourceNotFoundException is never retried (0.032875ms)
✔ terminal or unknown UNKNOWN is never retried (0.032917ms)
✔ exhausted attempts preserve the last error and three failures (0.151959ms)
✔ remaining deadline bounds the CLI and never admits an over-deadline success (0.077167ms)
✔ deadline includes backoff and prevents another call after budget exhaustion (0.053542ms)
✔ scheduler overshoot never issues a later read (0.054417ms)
✔ writes, post-start reads, foreign operations and expanded budgets are rejected before callback (0.130375ms)
✔ CLI timeout is bounded and SDK retries remain disabled (0.222416ms)
ℹ tests 64
ℹ suites 0
ℹ pass 64
ℹ fail 0
ℹ cancelled 0
ℹ skipped 0
ℹ todo 0
ℹ duration_ms 10815.551167
