✔ cold sampler collector binds exact own REPORT and safe client metrics: patch (38.878125ms)
✔ cold sampler collector binds exact own REPORT and safe client metrics: audit (29.768792ms)
✔ phase proof covers success, conditional conflict and all audit reads without declaring latency/cleanup acceptance (1.190875ms)
✔ cold 409 gate requires matching cold phase flags and successful runtime initialization (1.650208ms)
✔ new account gate requires nested hook, Prisma query, first driver query and checkout on every request (0.181042ms)
✔ account gate rejects missing (0.169ms)
✔ account gate rejects duplicate (0.142583ms)
✔ account gate rejects failure (0.143334ms)
✔ account gate rejects wait-boundary (0.158375ms)
✔ account gate rejects timestamp (0.135916ms)
✔ account gate rejects outside-hook (0.1485ms)
✔ phase proof rejects foreign-invocation (0.119417ms)
✔ phase proof rejects missing-transaction (0.086333ms)
✔ phase proof rejects conflict-code (0.137333ms)
✔ phase proof rejects missing-http (0.056583ms)
✔ phase proof rejects other-run (0.035375ms)
✔ bounded sampler requires physical Init Duration as well as application cold phases and retains client metrics (0.511833ms)
✔ bounded sampler rejects foreign-report (0.18025ms)
✔ bounded sampler rejects duplicate-report (0.103958ms)
✔ bounded sampler rejects no-socket-metrics (0.126ms)
✔ bounded sampler rejects missing-body (0.096583ms)
✔ bounded sampler rejects over-budget (0.085875ms)
✔ bounded sampler rejects missing-audit (0.07825ms)
✔ client preparation requires actual dispatch, cold adapter suffix and leaves warm adapter timings absent (0.501375ms)
✔ client preparation rejects missing prepare (0.164833ms)
✔ client preparation rejects settlement is not driver dispatch (0.150042ms)
✔ client preparation rejects preparation after driver start (0.119666ms)
✔ client preparation rejects cold missing suffix (0.142209ms)
✔ client preparation rejects suffix outside preparation (0.136917ms)
✔ client preparation rejects wrong invocation (0.135583ms)
✔ client preparation cannot bypass account phase checks (0.098042ms)
✔ engine CPU mode proves preparation before model, preserves driver boundary and refuses old lazy ownership (1.383167ms)
✔ QA09 rollout separates logging, budget and event publication and rejects silent phase mistakes (0.638125ms)
✔ engine CPU diagnosis is explicit and only allowed after pool budget rollout (0.083541ms)
ℹ tests 34
ℹ suites 0
ℹ pass 34
ℹ fail 0
ℹ cancelled 0
ℹ skipped 0
ℹ todo 0
ℹ duration_ms 125.018291
