
 RUN  v4.1.11 /Users/anray/Documents/project/hiddenjoyacom/food-digester-platform

Bundling asset Qa09Perf/IngestionFn/Code/Stage...
Bundling asset Qa09Perf/ArchiveFn/Code/Stage...
Bundling asset Qa09Perf/OutboxPublisherFn/Code/Stage...
Bundling asset Qa09Perf/NotificationPublisherFn/Code/Stage...
Bundling asset Qa09Perf/SummaryFn/Code/Stage...
Bundling asset Qa09Perf/ReplayTriggerPublisherFn/Code/Stage...
Bundling asset Qa09Perf/ReplayFn/Code/Stage...
Bundling asset Qa09Perf/CertPackageSweeperFn/Code/Stage...
Bundling asset Qa09Perf/OnboardingDeadlineFn/Code/Stage...
Bundling asset Qa09Perf/RetirementTimeoutFn/Code/Stage...
Bundling asset Qa09Perf/ActivityExportFn/Code/Stage...
Bundling asset Qa09Perf/EsgExportFn/Code/Stage...
Bundling asset Qa09Perf/CommandPublisherFn/Code/Stage...
Bundling asset Qa09Perf/CommandTimeoutFn/Code/Stage...
Bundling asset Qa09Perf/OtaDispatcherFn/Code/Stage...
Bundling asset Qa09Perf/OnboardingApiFn/Code/Stage...
Bundling asset Qa09Perf/OnboardingProvisioningFn/Code/Stage...
Bundling asset Qa09Perf/DeviceApiFn/Code/Stage...
 ❯ packages/database/test/client-preparation.test.ts (5 tests | 1 failed) 5081ms
   × public engine diagnostics has no checkout/SQL, then keeps model driver-dispatch phases distinct 5002ms
Bundling asset Qa09Perf/ApiFn/Code/Stage...
✘ [ERROR] No matching export in "packages/database/dist/index.js" for import "observeDatabaseEnginePreparation"

    apps/cloud-api/src/runtime/admin-engine-diagnostic.ts:1:9:
      1 │ import { observeDatabaseEnginePreparation } from '@fdp/database';
        ╵          ~~~~~~~~~~~~~~~~~~~~~~~~~~~~~~~~

 ❯ infra/test/qa09-performance.test.ts (3 tests | 1 failed) 5028ms
   × observability and immediate queue synth retain narrow logs and hard DB budgets 5027ms

⎯⎯⎯⎯⎯⎯⎯ Failed Tests 2 ⎯⎯⎯⎯⎯⎯⎯

 FAIL  infra/test/qa09-performance.test.ts > observability and immediate queue synth retain narrow logs and hard DB budgets
FailedToBundleAsset: Failed to bundle asset Qa09Perf/ApiFn/Code/Stage, bundle output is located at /private/var/folders/k8/_4hymb6j59s0c8xntb11ktmc0000gn/T/cdk.out697JOQ/bundling-temp-0d47f2450954d6b23a4269fd9ec3581c48ca45f6bcdee5aeab3c4622c15349e1-building: CommandExitedWithNonZeroStatus: pnpm exec -- esbuild --bundle /Users/anray/Documents/project/hiddenjoyacom/food-digester-platform/apps/cloud-api/src/runtime/lambda-entry.ts --target=node24 --platform=node --format=esm --outfile=/private/var/folders/k8/_4hymb6j59s0c8xntb11ktmc0000gn/T/cdk.out697JOQ/bundling-temp-0d47f2450954d6b23a4269fd9ec3581c48ca45f6bcdee5aeab3c4622c15349e1-building/index.mjs --sourcemap --external:@aws-sdk/* --log-level=error --banner:js=import { createRequire as __fdpCreateRequire } from 'node:module'; const require = __fdpCreateRequire(import.meta.url); run in directory /Users/anray/Documents/project/hiddenjoyacom/food-digester-platform exited with status 1
⎯⎯⎯⎯⎯⎯⎯⎯⎯⎯⎯⎯⎯⎯⎯⎯⎯⎯⎯⎯⎯⎯⎯⎯[1/2]⎯

 FAIL  packages/database/test/client-preparation.test.ts > public engine diagnostics has no checkout/SQL, then keeps model driver-dispatch phases distinct
Error: Test timed out in 5000ms.
If this is a long-running test, pass a timeout value as the last argument or configure it globally with "testTimeout".
 ❯ packages/database/test/client-preparation.test.ts:202:1
    200| });
    201|
    202| test('public engine diagnostics has no checkout/SQL, then keeps model …
       | ^
    203|   const { observeDatabaseEnginePreparation } = await import('../src/cl…
    204|   const rows: Record<string, unknown>[] = [];

⎯⎯⎯⎯⎯⎯⎯⎯⎯⎯⎯⎯⎯⎯⎯⎯⎯⎯⎯⎯⎯⎯⎯⎯[2/2]⎯


 Test Files  2 failed | 3 passed (5)
      Tests  2 failed | 28 passed (30)
   Start at  20:45:53
   Duration  5.59s (transform 353ms, setup 45ms, import 966ms, tests 10.37s, environment 0ms)

