observe: PROVISIONING
observe: DOWNLOAD_SOURCE
observe: INSTALL
observe: BUILD
observe: COMPLETED
business-seed-devices: QUEUED
business-seed-devices: PROVISIONING
business-seed-devices: DOWNLOAD_SOURCE
business-seed-devices: BUILD
business-seed-devices: COMPLETED
business-baseline: PROVISIONING
business-baseline: DOWNLOAD_SOURCE
business-baseline: BUILD
business-baseline: COMPLETED
business-cleanup: PROVISIONING
business-cleanup: DOWNLOAD_SOURCE
business-cleanup: BUILD
business-cleanup: COMPLETED
business-audit: PROVISIONING
business-audit: DOWNLOAD_SOURCE
business-audit: BUILD
business-audit: COMPLETED
{"gate":"PASS","stages":{"foundation":"PASS","remaining":"PASS"},"checks":123,"cleanupComplete":true}
observe: PROVISIONING
observe: DOWNLOAD_SOURCE
observe: BUILD
observe: COMPLETED
cleanup: PROVISIONING
cleanup: DOWNLOAD_SOURCE
cleanup: BUILD
cleanup: COMPLETED
{"task":"QA-09","scope":"OWN_BOUNDED_COLD409_SAMPLING","sourceCommit":"9e4143b5144a8aa10692927084256c225d5dd6d4","prefix":"qa09-520b22c13500d81b","fullQa09Accepted":false,"gate":"PASS","checks":115,"cleanup":"PASS","fixtureMode":"REAL_RDS_ONBOARDED_STATE_FOR_BUSINESS_APIS_NO_DEVICE_AUTH_CLAIM","sourceReceipt":"docs/audit/evidence/qa-09-9e4143b-runtime-assembly-comparison-2026-10-07/off/sample.json.sources.json","sourceReceiptSha256":"29189dccf4340df3ea4f22b6a4f03a698999c67befbe9903746df5ea2b27f42e","cold409Gate":"NOT_EVALUATED","maxConcurrency":6,"maxPatchRequests":12,"remainingCoverage":"No real device authentication, natural Active, native browser, full 117 behavior or full QA09 acceptance claim"}
