node:internal/modules/run_main:107
    triggerUncaughtException(
    ^

file:///Users/anray/Documents/project/hiddenjoyacom/food-digester-platform/contracts/mqtt/payload-normalization.ts:20
  constructor(
    readonly code: PayloadNormalizationErrorCode,
             ^^^^^^^^^^^^^^^^^^^^^^^^^^^^^^^^^^^
    readonly path: string,

SyntaxError [ERR_UNSUPPORTED_TYPESCRIPT_SYNTAX]: TypeScript parameter property is not supported in strip-only mode
    at parseTypeScript (node:internal/modules/typescript:68:40)
    at processTypeScriptCode (node:internal/modules/typescript:146:42)
    at stripTypeScriptModuleTypes (node:internal/modules/typescript:209:22)
    at ModuleLoader.<anonymous> (node:internal/modules/esm/translators:663:29)
    at #translate (node:internal/modules/esm/loader:473:20)
    at afterLoad (node:internal/modules/esm/loader:529:29)
    at ModuleLoader.loadAndTranslate (node:internal/modules/esm/loader:534:12)
    at #getOrCreateModuleJobAfterResolve (node:internal/modules/esm/loader:571:36)
    at afterResolve (node:internal/modules/esm/loader:624:52)
    at ModuleLoader.getOrCreateModuleJob (node:internal/modules/esm/loader:630:12) {
  code: 'ERR_UNSUPPORTED_TYPESCRIPT_SYNTAX'
}

Node.js v24.12.0
