
> food-digester-platform@0.0.0 verify /Users/anray/Documents/project/hiddenjoyacom/food-digester-platform
> pnpm lint && pnpm format:check && pnpm typecheck && pnpm openapi:check && pnpm test && pnpm build && pnpm check:boundaries && pnpm check:schemas && pnpm check:migrations && pnpm check:evidence && pnpm check:secrets && pnpm check:sensitive-sinks && pnpm check:admin-web-delivery && pnpm check:admin-web-e2e && pnpm check:cmd-ota-delivery && pnpm test:device-contracts /tmp/fdp-device-contracts-gate.json && pnpm test:iot-integration /tmp/fdp-iot-integration-gate.json && pnpm test:core-api-integration /tmp/fdp-core-api-integration-gate.json && pnpm test:admin-e2e-suite /tmp/fdp-admin-e2e-gate.json && pnpm test:security-suite /tmp/fdp-security-gate.json && pnpm test:reliability-suite /tmp/fdp-reliability-gate.json && pnpm test:prototype-regression /tmp/fdp-prototype-regression-gate.json


> food-digester-platform@0.0.0 lint /Users/anray/Documents/project/hiddenjoyacom/food-digester-platform
> eslint .


> food-digester-platform@0.0.0 format:check /Users/anray/Documents/project/hiddenjoyacom/food-digester-platform
> prettier --check .

Checking formatting...
All matched files use Prettier code style!

> food-digester-platform@0.0.0 typecheck /Users/anray/Documents/project/hiddenjoyacom/food-digester-platform
> turbo run typecheck

• turbo 2.10.11

   • Packages in scope: @fdp/admin-web, @fdp/archive-worker, @fdp/auth, @fdp/aws-clients, @fdp/cloud-api, @fdp/contracts, @fdp/database, @fdp/domain, @fdp/infra, @fdp/ingestion-worker, @fdp/media, @fdp/observability, @fdp/summary-worker
   • Running typecheck in 13 packages
   • Remote caching disabled

@fdp/database:generate: cache miss, executing 660f29ae712628e9
@fdp/observability:typecheck: cache miss, executing 1f853972df4dd9a6
@fdp/observability:build: cache miss, executing f03cb858f5095aa4
@fdp/contracts:typecheck: cache hit, replaying logs aa15856efcfb63ca
@fdp/infra:typecheck: cache hit, replaying logs d4cd6bfa1a601435
@fdp/contracts:typecheck: 
@fdp/contracts:typecheck: > @fdp/contracts@0.0.0 typecheck /Users/anray/Documents/project/hiddenjoyacom/food-digester-platform/contracts
@fdp/contracts:build: cache hit, replaying logs badb40bf08f6da73
@fdp/contracts:typecheck: > tsc -p tsconfig.json
@fdp/infra:typecheck: 
@fdp/infra:typecheck: > @fdp/infra@0.0.0 typecheck /Users/anray/Documents/project/hiddenjoyacom/food-digester-platform/infra
@fdp/aws-clients:typecheck: cache hit, replaying logs 767e47322641a244
@fdp/contracts:typecheck: 
@fdp/infra:typecheck: > tsc -p tsconfig.json
@fdp/infra:typecheck: 
@fdp/contracts:build: 
@fdp/contracts:build: > @fdp/contracts@0.0.0 build /Users/anray/Documents/project/hiddenjoyacom/food-digester-platform/contracts
@fdp/contracts:build: > node -e "console.log('@fdp/contracts 为源码契约包：内部使用 .ts 扩展名互引，不经 tsc 构建；消费方经 tsx/打包器直接使用源码')"
@fdp/contracts:build: 
@fdp/contracts:build: @fdp/contracts 为源码契约包：内部使用 .ts 扩展名互引，不经 tsc 构建；消费方经 tsx/打包器直接使用源码
@fdp/aws-clients:typecheck: 
@fdp/aws-clients:typecheck: > @fdp/aws-clients@0.0.0 typecheck /Users/anray/Documents/project/hiddenjoyacom/food-digester-platform/packages/aws-clients
@fdp/aws-clients:typecheck: > tsc -p tsconfig.json
@fdp/aws-clients:typecheck: 
@fdp/domain:typecheck: cache hit, replaying logs fd26312a4c0953c8
@fdp/domain:typecheck: 
@fdp/domain:typecheck: > @fdp/domain@0.0.0 typecheck /Users/anray/Documents/project/hiddenjoyacom/food-digester-platform/packages/domain
@fdp/domain:typecheck: > tsc -p tsconfig.json
@fdp/domain:typecheck: 
@fdp/domain:build: cache hit, replaying logs 47ef0249a0b99843
@fdp/domain:build: 
@fdp/domain:build: > @fdp/domain@0.0.0 build /Users/anray/Documents/project/hiddenjoyacom/food-digester-platform/packages/domain
@fdp/domain:build: > tsc -p tsconfig.build.json
@fdp/domain:build: 
@fdp/aws-clients:build: cache hit, replaying logs 72b741ff8e28f9c8
@fdp/aws-clients:build: 
@fdp/aws-clients:build: > @fdp/aws-clients@0.0.0 build /Users/anray/Documents/project/hiddenjoyacom/food-digester-platform/packages/aws-clients
@fdp/aws-clients:build: > tsc -p tsconfig.build.json
@fdp/aws-clients:build: 
@fdp/database:generate: 
@fdp/database:generate: > @fdp/database@0.0.0 generate /Users/anray/Documents/project/hiddenjoyacom/food-digester-platform/packages/database
@fdp/database:generate: > prisma generate
@fdp/database:generate: 
@fdp/observability:typecheck: 
@fdp/observability:typecheck: > @fdp/observability@0.0.0 typecheck /Users/anray/Documents/project/hiddenjoyacom/food-digester-platform/packages/observability
@fdp/observability:typecheck: > tsc -p tsconfig.json
@fdp/observability:typecheck: 
@fdp/observability:build: 
@fdp/observability:build: > @fdp/observability@0.0.0 build /Users/anray/Documents/project/hiddenjoyacom/food-digester-platform/packages/observability
@fdp/observability:build: > tsc -p tsconfig.build.json
@fdp/observability:build: 
@fdp/database:generate: Loaded Prisma config from prisma.config.ts.
@fdp/database:generate: 
@fdp/database:generate: Prisma schema loaded from prisma/schema.prisma.
@fdp/database:generate: 
@fdp/database:generate: ✔ Generated Prisma Client (7.9.1) to ./src/generated in 127ms
@fdp/database:generate: 
@fdp/database:typecheck: cache miss, executing 4610e24a5594e4fb
@fdp/database:build: cache miss, executing 2f3c9be6109a2400
@fdp/database:typecheck: 
@fdp/database:typecheck: > @fdp/database@0.0.0 typecheck /Users/anray/Documents/project/hiddenjoyacom/food-digester-platform/packages/database
@fdp/database:typecheck: > tsc -p tsconfig.json
@fdp/database:typecheck: 
@fdp/database:build: 
@fdp/database:build: > @fdp/database@0.0.0 build /Users/anray/Documents/project/hiddenjoyacom/food-digester-platform/packages/database
@fdp/database:build: > tsc -p tsconfig.build.json
@fdp/database:build: 
@fdp/auth:build: cache miss, executing 5f2a8fbc6ffd2214
@fdp/auth:typecheck: cache miss, executing b2d4097a273374f9
@fdp/media:typecheck: cache miss, executing 1194780a0d257626
@fdp/archive-worker:typecheck: cache miss, executing 63c044fd4f492b88
@fdp/summary-worker:typecheck: cache miss, executing 60b51aae1e9f963a
@fdp/media:build: cache miss, executing 276adb7d07c175df
@fdp/auth:typecheck: 
@fdp/auth:typecheck: > @fdp/auth@0.0.0 typecheck /Users/anray/Documents/project/hiddenjoyacom/food-digester-platform/packages/auth
@fdp/auth:typecheck: > tsc -p tsconfig.json
@fdp/auth:typecheck: 
@fdp/media:typecheck: 
@fdp/media:typecheck: > @fdp/media@0.0.0 typecheck /Users/anray/Documents/project/hiddenjoyacom/food-digester-platform/packages/media
@fdp/media:typecheck: > tsc -p tsconfig.json
@fdp/media:typecheck: 
@fdp/archive-worker:typecheck: 
@fdp/archive-worker:typecheck: > @fdp/archive-worker@0.0.0 typecheck /Users/anray/Documents/project/hiddenjoyacom/food-digester-platform/apps/archive-worker
@fdp/archive-worker:typecheck: > tsc -p tsconfig.json
@fdp/archive-worker:typecheck: 
@fdp/summary-worker:typecheck: 
@fdp/summary-worker:typecheck: > @fdp/summary-worker@0.0.0 typecheck /Users/anray/Documents/project/hiddenjoyacom/food-digester-platform/apps/summary-worker
@fdp/summary-worker:typecheck: > tsc -p tsconfig.json
@fdp/summary-worker:typecheck: 
@fdp/media:build: 
@fdp/media:build: > @fdp/media@0.0.0 build /Users/anray/Documents/project/hiddenjoyacom/food-digester-platform/packages/media
@fdp/media:build: > tsc -p tsconfig.build.json
@fdp/media:build: 
@fdp/auth:build: 
@fdp/auth:build: > @fdp/auth@0.0.0 build /Users/anray/Documents/project/hiddenjoyacom/food-digester-platform/packages/auth
@fdp/auth:build: > tsc -p tsconfig.build.json
@fdp/auth:build: 
@fdp/ingestion-worker:typecheck: cache miss, executing 84914e049d32917c
@fdp/admin-web:typecheck: cache miss, executing faa04bb01852c44c
@fdp/cloud-api:typecheck: cache miss, executing ba247adf99575946
@fdp/admin-web:typecheck: 
@fdp/admin-web:typecheck: > @fdp/admin-web@0.0.0 typecheck /Users/anray/Documents/project/hiddenjoyacom/food-digester-platform/apps/admin-web
@fdp/admin-web:typecheck: > tsc -p tsconfig.json && tsc -p tsconfig.e2e.json
@fdp/admin-web:typecheck: 
@fdp/ingestion-worker:typecheck: 
@fdp/ingestion-worker:typecheck: > @fdp/ingestion-worker@0.0.0 typecheck /Users/anray/Documents/project/hiddenjoyacom/food-digester-platform/apps/ingestion-worker
@fdp/ingestion-worker:typecheck: > tsc -p tsconfig.json
@fdp/ingestion-worker:typecheck: 
@fdp/cloud-api:typecheck: 
@fdp/cloud-api:typecheck: > @fdp/cloud-api@0.0.0 typecheck /Users/anray/Documents/project/hiddenjoyacom/food-digester-platform/apps/cloud-api
@fdp/cloud-api:typecheck: > tsc -p tsconfig.json
@fdp/cloud-api:typecheck: 

 Tasks:    21 successful, 21 total
Cached:    7 cached, 21 total
  Time:    6.585s 


> food-digester-platform@0.0.0 openapi:check /Users/anray/Documents/project/hiddenjoyacom/food-digester-platform
> node scripts/build-openapi.mjs --check && redocly lint contracts/rest/openapi-base.json "contracts/rest/*-api.json" contracts/rest/openapi.bundle.json --extends spec

OpenAPI bundle 新鲜：contracts/rest/openapi.bundle.json

    ╔═══════════════════════════════════════════════════════╗
    ║                                                       ║
    ║  A new version of Redocly CLI (2.60.0) is available.  ║
    ║  Update now: `npm i -g @redocly/cli@latest`.          ║
    ║  Changelog: https://redocly.com/docs/cli/changelog/   ║
    ║                                                       ║
    ╚═══════════════════════════════════════════════════════╝

validating contracts/rest/openapi-base.json...
contracts/rest/openapi-base.json: validated in 6ms

validating contracts/rest/prototype-planned-api.json...
contracts/rest/prototype-planned-api.json: validated in 4ms

validating contracts/rest/device-sync-api.json...
contracts/rest/device-sync-api.json: validated in 5ms

validating contracts/rest/device-ota-api.json...
contracts/rest/device-ota-api.json: validated in 2ms

validating contracts/rest/device-onboarding-api.json...
contracts/rest/device-onboarding-api.json: validated in 3ms

validating contracts/rest/device-media-api.json...
contracts/rest/device-media-api.json: validated in 3ms

validating contracts/rest/device-deactivate-api.json...
contracts/rest/device-deactivate-api.json: validated in 3ms

validating contracts/rest/device-certificate-api.json...
contracts/rest/device-certificate-api.json: validated in 2ms

validating contracts/rest/admin-user-api.json...
contracts/rest/admin-user-api.json: validated in 3ms

validating contracts/rest/admin-site-api.json...
contracts/rest/admin-site-api.json: validated in 3ms

validating contracts/rest/admin-settings-api.json...
contracts/rest/admin-settings-api.json: validated in 2ms

validating contracts/rest/admin-replay-api.json...
contracts/rest/admin-replay-api.json: validated in 3ms

validating contracts/rest/admin-ota-package-api.json...
contracts/rest/admin-ota-package-api.json: validated in 3ms

validating contracts/rest/admin-ota-campaign-api.json...
contracts/rest/admin-ota-campaign-api.json: validated in 4ms

validating contracts/rest/admin-onboarding-api.json...
contracts/rest/admin-onboarding-api.json: validated in 3ms

validating contracts/rest/admin-media-api.json...
contracts/rest/admin-media-api.json: validated in 2ms

validating contracts/rest/admin-license-api.json...
contracts/rest/admin-license-api.json: validated in 3ms

validating contracts/rest/admin-esg-api.json...
contracts/rest/admin-esg-api.json: validated in 4ms

validating contracts/rest/admin-device-user-api.json...
contracts/rest/admin-device-user-api.json: validated in 3ms

validating contracts/rest/admin-device-status-api.json...
contracts/rest/admin-device-status-api.json: validated in 2ms

validating contracts/rest/admin-device-retirement-api.json...
contracts/rest/admin-device-retirement-api.json: validated in 2ms

validating contracts/rest/admin-device-console-api.json...
contracts/rest/admin-device-console-api.json: validated in 3ms

validating contracts/rest/admin-device-assignment-api.json...
contracts/rest/admin-device-assignment-api.json: validated in 2ms

validating contracts/rest/admin-device-api.json...
contracts/rest/admin-device-api.json: validated in 3ms

validating contracts/rest/admin-dashboard-api.json...
contracts/rest/admin-dashboard-api.json: validated in 2ms

validating contracts/rest/admin-customer-api.json...
contracts/rest/admin-customer-api.json: validated in 2ms

validating contracts/rest/admin-contract-device-api.json...
contracts/rest/admin-contract-device-api.json: validated in 3ms

validating contracts/rest/admin-contract-api.json...
contracts/rest/admin-contract-api.json: validated in 3ms

validating contracts/rest/admin-consumable-request-api.json...
contracts/rest/admin-consumable-request-api.json: validated in 2ms

validating contracts/rest/admin-consumable-api.json...
contracts/rest/admin-consumable-api.json: validated in 2ms

validating contracts/rest/admin-configuration-api.json...
contracts/rest/admin-configuration-api.json: validated in 3ms

validating contracts/rest/admin-command-api.json...
contracts/rest/admin-command-api.json: validated in 2ms

validating contracts/rest/admin-certificate-rotation-api.json...
contracts/rest/admin-certificate-rotation-api.json: validated in 2ms

validating contracts/rest/admin-audit-api.json...
contracts/rest/admin-audit-api.json: validated in 2ms

validating contracts/rest/admin-alarm-api.json...
contracts/rest/admin-alarm-api.json: validated in 3ms

validating contracts/rest/openapi.bundle.json...
contracts/rest/openapi.bundle.json: validated in 30ms

Woohoo! Your API descriptions are valid. 🎉


> food-digester-platform@0.0.0 test /Users/anray/Documents/project/hiddenjoyacom/food-digester-platform
> vitest run && pnpm test:contracts && pnpm test:scripts


 RUN  v4.1.11 /Users/anray/Documents/project/hiddenjoyacom/food-digester-platform

Bundling asset Qa09Perf/IngestionFn/Code/Stage...
Bundling asset TestStack/IngestionFn/Code/Stage...
Bundling asset DeployTest/IngestionFn/Code/Stage...
Bundling asset TestStack/ArchiveFn/Code/Stage...
Bundling asset Qa09Perf/ArchiveFn/Code/Stage...
Bundling asset DeployTest/ArchiveFn/Code/Stage...
Bundling asset TestStack/OutboxPublisherFn/Code/Stage...
Bundling asset Qa09Perf/OutboxPublisherFn/Code/Stage...
Bundling asset DeployTest/OutboxPublisherFn/Code/Stage...
Bundling asset TestStack/NotificationPublisherFn/Code/Stage...
Bundling asset Qa09Perf/NotificationPublisherFn/Code/Stage...
Bundling asset DeployTest/NotificationPublisherFn/Code/Stage...
Bundling asset TestStack/SummaryFn/Code/Stage...
Bundling asset Qa09Perf/SummaryFn/Code/Stage...
Bundling asset DeployTest/SummaryFn/Code/Stage...
Bundling asset TestStack/ReplayTriggerPublisherFn/Code/Stage...
Bundling asset Qa09Perf/ReplayTriggerPublisherFn/Code/Stage...
Bundling asset DeployTest/ReplayTriggerPublisherFn/Code/Stage...
Bundling asset TestStack/ReplayFn/Code/Stage...
Bundling asset Qa09Perf/ReplayFn/Code/Stage...
Bundling asset DeployTest/ReplayFn/Code/Stage...
Bundling asset TestStack/CertPackageSweeperFn/Code/Stage...
Bundling asset Qa09Perf/CertPackageSweeperFn/Code/Stage...
Bundling asset DeployTest/CertPackageSweeperFn/Code/Stage...
Bundling asset Qa09Perf/OnboardingDeadlineFn/Code/Stage...
Bundling asset TestStack/OnboardingDeadlineFn/Code/Stage...
Bundling asset DeployTest/OnboardingDeadlineFn/Code/Stage...
Bundling asset Qa09Perf/RetirementTimeoutFn/Code/Stage...
Bundling asset TestStack/RetirementTimeoutFn/Code/Stage...
Bundling asset DeployTest/RetirementTimeoutFn/Code/Stage...
Bundling asset Qa09Perf/ActivityExportFn/Code/Stage...
Bundling asset TestStack/ActivityExportFn/Code/Stage...
Bundling asset DeployTest/ActivityExportFn/Code/Stage...
Bundling asset Qa09Perf/EsgExportFn/Code/Stage...
Bundling asset TestStack/EsgExportFn/Code/Stage...
Bundling asset DeployTest/EsgExportFn/Code/Stage...
Bundling asset Qa09Perf/CommandPublisherFn/Code/Stage...
Bundling asset TestStack/CommandPublisherFn/Code/Stage...
Bundling asset DeployTest/CommandPublisherFn/Code/Stage...
Bundling asset Qa09Perf/CommandTimeoutFn/Code/Stage...
Bundling asset TestStack/CommandTimeoutFn/Code/Stage...
Bundling asset DeployTest/CommandTimeoutFn/Code/Stage...
Bundling asset Qa09Perf/OtaDispatcherFn/Code/Stage...
Bundling asset TestStack/OtaDispatcherFn/Code/Stage...
Bundling asset DeployTest/OtaDispatcherFn/Code/Stage...
Bundling asset Qa09Perf/OnboardingApiFn/Code/Stage...
Bundling asset TestStack/OnboardingApiFn/Code/Stage...
Bundling asset DeployTest/OnboardingApiFn/Code/Stage...
Bundling asset Qa09Perf/OnboardingProvisioningFn/Code/Stage...
Bundling asset TestStack/OnboardingProvisioningFn/Code/Stage...
Bundling asset DeployTest/OnboardingProvisioningFn/Code/Stage...
Bundling asset Qa09Perf/DeviceApiFn/Code/Stage...
Bundling asset TestStack/DeviceApiFn/Code/Stage...
Bundling asset DeployTest/DeviceApiFn/Code/Stage...
Bundling asset Qa09Perf/ApiFn/Code/Stage...
Bundling asset TestStack/ApiFn/Code/Stage...
Bundling asset DeployTest/ApiFn/Code/Stage...
Bundling asset TestStack/IngestionFn/Code/Stage...
Bundling asset TestStack/ArchiveFn/Code/Stage...
Bundling asset TestStack/OutboxPublisherFn/Code/Stage...
Bundling asset TestStack/NotificationPublisherFn/Code/Stage...
Bundling asset TestStack/SummaryFn/Code/Stage...
Bundling asset TestStack/ReplayTriggerPublisherFn/Code/Stage...
Bundling asset TestStack/ReplayFn/Code/Stage...
Bundling asset TestStack/CertPackageSweeperFn/Code/Stage...
Bundling asset TestStack/OnboardingDeadlineFn/Code/Stage...
Bundling asset TestStack/RetirementTimeoutFn/Code/Stage...
Bundling asset TestStack/ActivityExportFn/Code/Stage...
Bundling asset TestStack/EsgExportFn/Code/Stage...
Bundling asset TestStack/CommandPublisherFn/Code/Stage...
Bundling asset TestStack/CommandTimeoutFn/Code/Stage...
Bundling asset TestStack/OtaDispatcherFn/Code/Stage...
Bundling asset TestStack/OnboardingApiFn/Code/Stage...
Bundling asset TestStack/OnboardingProvisioningFn/Code/Stage...
Bundling asset TestStack/DeviceApiFn/Code/Stage...
Bundling asset TestStack/ApiFn/Code/Stage...
Bundling asset TestStack/IngestionFn/Code/Stage...
Bundling asset TestStack/ArchiveFn/Code/Stage...
Bundling asset TestStack/OutboxPublisherFn/Code/Stage...
Bundling asset TestStack/NotificationPublisherFn/Code/Stage...
Bundling asset TestStack/SummaryFn/Code/Stage...
Bundling asset TestStack/ReplayTriggerPublisherFn/Code/Stage...
Bundling asset TestStack/ReplayFn/Code/Stage...
Bundling asset TestStack/CertPackageSweeperFn/Code/Stage...
Bundling asset TestStack/OnboardingDeadlineFn/Code/Stage...
Bundling asset TestStack/RetirementTimeoutFn/Code/Stage...
Bundling asset TestStack/ActivityExportFn/Code/Stage...
Bundling asset TestStack/EsgExportFn/Code/Stage...
Bundling asset TestStack/CommandPublisherFn/Code/Stage...
Bundling asset TestStack/CommandTimeoutFn/Code/Stage...
Bundling asset TestStack/OtaDispatcherFn/Code/Stage...
Bundling asset TestStack/OnboardingApiFn/Code/Stage...
Bundling asset TestStack/OnboardingProvisioningFn/Code/Stage...
Bundling asset TestStack/DeviceApiFn/Code/Stage...
Bundling asset TestStack/ApiFn/Code/Stage...
Bundling asset TestStack/IngestionFn/Code/Stage...
Bundling asset TestStack/ArchiveFn/Code/Stage...
Bundling asset TestStack/OutboxPublisherFn/Code/Stage...
Bundling asset TestStack/NotificationPublisherFn/Code/Stage...
Bundling asset TestStack/IngestionFn/Code/Stage...
Bundling asset TestStack/SummaryFn/Code/Stage...
Bundling asset TestStack/ArchiveFn/Code/Stage...
Bundling asset TestStack/ReplayTriggerPublisherFn/Code/Stage...
Bundling asset TestStack/OutboxPublisherFn/Code/Stage...
Bundling asset TestStack/ReplayFn/Code/Stage...
Bundling asset TestStack/NotificationPublisherFn/Code/Stage...
Bundling asset TestStack/CertPackageSweeperFn/Code/Stage...
Bundling asset TestStack/SummaryFn/Code/Stage...
Bundling asset TestStack/OnboardingDeadlineFn/Code/Stage...
Bundling asset TestStack/ReplayTriggerPublisherFn/Code/Stage...
Bundling asset TestStack/RetirementTimeoutFn/Code/Stage...
Bundling asset TestStack/ReplayFn/Code/Stage...
Bundling asset TestStack/ActivityExportFn/Code/Stage...
Bundling asset TestStack/CertPackageSweeperFn/Code/Stage...
Bundling asset TestStack/EsgExportFn/Code/Stage...
Bundling asset TestStack/OnboardingDeadlineFn/Code/Stage...
Bundling asset TestStack/CommandPublisherFn/Code/Stage...
Bundling asset TestStack/RetirementTimeoutFn/Code/Stage...
Bundling asset TestStack/CommandTimeoutFn/Code/Stage...
Bundling asset TestStack/ActivityExportFn/Code/Stage...
Bundling asset TestStack/OtaDispatcherFn/Code/Stage...
Bundling asset TestStack/EsgExportFn/Code/Stage...
Bundling asset TestStack/OnboardingApiFn/Code/Stage...
Bundling asset TestStack/CommandPublisherFn/Code/Stage...
Bundling asset TestStack/OnboardingProvisioningFn/Code/Stage...
Bundling asset TestStack/CommandTimeoutFn/Code/Stage...
Bundling asset TestStack/DeviceApiFn/Code/Stage...
Bundling asset TestStack/OtaDispatcherFn/Code/Stage...
Bundling asset TestStack/ApiFn/Code/Stage...
Bundling asset TestStack/OnboardingApiFn/Code/Stage...
Bundling asset TestStack/OnboardingProvisioningFn/Code/Stage...
Bundling asset TestStack/DeviceApiFn/Code/Stage...
Bundling asset TestStack/IngestionFn/Code/Stage...
Bundling asset TestStack/ApiFn/Code/Stage...
Bundling asset TestStack/ArchiveFn/Code/Stage...
Bundling asset TestStack/OutboxPublisherFn/Code/Stage...
Bundling asset TestStack/NotificationPublisherFn/Code/Stage...
Bundling asset TestStack/SummaryFn/Code/Stage...
Bundling asset TestStack/ReplayTriggerPublisherFn/Code/Stage...
Bundling asset TestStack/ReplayFn/Code/Stage...
Bundling asset TestStack/CertPackageSweeperFn/Code/Stage...
Bundling asset TestStack/OnboardingDeadlineFn/Code/Stage...
Bundling asset TestStack/RetirementTimeoutFn/Code/Stage...
Bundling asset TestStack/ActivityExportFn/Code/Stage...
Bundling asset TestStack/EsgExportFn/Code/Stage...
Bundling asset TestStack/CommandPublisherFn/Code/Stage...
Bundling asset TestStack/CommandTimeoutFn/Code/Stage...
Bundling asset TestStack/OtaDispatcherFn/Code/Stage...
Bundling asset TestStack/OnboardingApiFn/Code/Stage...
Bundling asset TestStack/OnboardingProvisioningFn/Code/Stage...
Bundling asset TestStack/DeviceApiFn/Code/Stage...
Bundling asset TestStack/ApiFn/Code/Stage...
Bundling asset TestStack/IngestionFn/Code/Stage...
Bundling asset TestStack/ArchiveFn/Code/Stage...
Bundling asset TestStack/OutboxPublisherFn/Code/Stage...
Bundling asset TestStack/NotificationPublisherFn/Code/Stage...
Bundling asset TestStack/SummaryFn/Code/Stage...
Bundling asset TestStack/ReplayTriggerPublisherFn/Code/Stage...
Bundling asset TestStack/ReplayFn/Code/Stage...
Bundling asset TestStack/CertPackageSweeperFn/Code/Stage...
Bundling asset TestStack/OnboardingDeadlineFn/Code/Stage...
Bundling asset TestStack/RetirementTimeoutFn/Code/Stage...
Bundling asset TestStack/ActivityExportFn/Code/Stage...
Bundling asset TestStack/EsgExportFn/Code/Stage...
Bundling asset TestStack/CommandPublisherFn/Code/Stage...
Bundling asset TestStack/CommandTimeoutFn/Code/Stage...
Bundling asset TestStack/OtaDispatcherFn/Code/Stage...
Bundling asset TestStack/OnboardingApiFn/Code/Stage...
Bundling asset TestStack/OnboardingProvisioningFn/Code/Stage...
Bundling asset TestStack/DeviceApiFn/Code/Stage...
Bundling asset TestStack/ApiFn/Code/Stage...
Bundling asset TestStack/IngestionFn/Code/Stage...
Bundling asset TestStack/ArchiveFn/Code/Stage...
Bundling asset TestStack/OutboxPublisherFn/Code/Stage...
Bundling asset TestStack/NotificationPublisherFn/Code/Stage...
Bundling asset TestStack/SummaryFn/Code/Stage...
Bundling asset TestStack/ReplayTriggerPublisherFn/Code/Stage...
Bundling asset TestStack/ReplayFn/Code/Stage...
Bundling asset TestStack/CertPackageSweeperFn/Code/Stage...
Bundling asset TestStack/OnboardingDeadlineFn/Code/Stage...
Bundling asset TestStack/RetirementTimeoutFn/Code/Stage...
Bundling asset TestStack/ActivityExportFn/Code/Stage...
Bundling asset TestStack/EsgExportFn/Code/Stage...
Bundling asset TestStack/CommandPublisherFn/Code/Stage...
Bundling asset TestStack/CommandTimeoutFn/Code/Stage...
Bundling asset TestStack/OtaDispatcherFn/Code/Stage...
Bundling asset TestStack/OnboardingApiFn/Code/Stage...
Bundling asset TestStack/OnboardingProvisioningFn/Code/Stage...
Bundling asset TestStack/DeviceApiFn/Code/Stage...
Bundling asset TestStack/ApiFn/Code/Stage...
Bundling asset Named/IngestionFn/Code/Stage...
Bundling asset Named/ArchiveFn/Code/Stage...
Bundling asset Named/OutboxPublisherFn/Code/Stage...
Bundling asset Named/NotificationPublisherFn/Code/Stage...
Bundling asset Named/SummaryFn/Code/Stage...
Bundling asset Named/ReplayTriggerPublisherFn/Code/Stage...
Bundling asset Named/ReplayFn/Code/Stage...
Bundling asset Named/CertPackageSweeperFn/Code/Stage...
Bundling asset Named/OnboardingDeadlineFn/Code/Stage...
Bundling asset Named/RetirementTimeoutFn/Code/Stage...
Bundling asset Named/ActivityExportFn/Code/Stage...
Bundling asset Named/EsgExportFn/Code/Stage...
Bundling asset Named/CommandPublisherFn/Code/Stage...
Bundling asset Named/CommandTimeoutFn/Code/Stage...
Bundling asset Named/OtaDispatcherFn/Code/Stage...
Bundling asset Named/OnboardingApiFn/Code/Stage...
Bundling asset Named/OnboardingProvisioningFn/Code/Stage...
Bundling asset Named/DeviceApiFn/Code/Stage...
Bundling asset Named/ApiFn/Code/Stage...
Bundling asset TestStack/IngestionFn/Code/Stage...
Bundling asset TestStack/ArchiveFn/Code/Stage...
Bundling asset TestStack/OutboxPublisherFn/Code/Stage...
Bundling asset TestStack/NotificationPublisherFn/Code/Stage...
Bundling asset TestStack/SummaryFn/Code/Stage...
Bundling asset TestStack/ReplayTriggerPublisherFn/Code/Stage...
Bundling asset TestStack/ReplayFn/Code/Stage...
Bundling asset TestStack/CertPackageSweeperFn/Code/Stage...
Bundling asset TestStack/OnboardingDeadlineFn/Code/Stage...
Bundling asset TestStack/RetirementTimeoutFn/Code/Stage...
Bundling asset TestStack/ActivityExportFn/Code/Stage...
Bundling asset TestStack/EsgExportFn/Code/Stage...
Bundling asset TestStack/CommandPublisherFn/Code/Stage...
Bundling asset TestStack/CommandTimeoutFn/Code/Stage...
Bundling asset TestStack/OtaDispatcherFn/Code/Stage...
Bundling asset TestStack/OnboardingApiFn/Code/Stage...
Bundling asset TestStack/OnboardingProvisioningFn/Code/Stage...
Bundling asset TestStack/DeviceApiFn/Code/Stage...
Bundling asset TestStack/ApiFn/Code/Stage...

 Test Files  180 passed (180)
      Tests  1464 passed (1464)
   Start at  16:33:58
   Duration  68.95s (transform 8.15s, setup 1.22s, import 157.95s, tests 295.60s, environment 12.77s)


> food-digester-platform@0.0.0 test:contracts /Users/anray/Documents/project/hiddenjoyacom/food-digester-platform
> pnpm --filter @fdp/contracts test


> @fdp/contracts@0.0.0 test /Users/anray/Documents/project/hiddenjoyacom/food-digester-platform/contracts
> node --import tsx --test mqtt/*.test.ts mqtt/*.test.mjs domain/*.test.ts lifecycle/*.test.ts media/*.test.ts security/*.test.ts rest/*.test.ts iot/*.test.mjs archive/*.test.mjs configuration/*.test.ts settings/*.test.ts

✔ 合法 Manifest fixtures 通过校验 (0.83025ms)
✔ 非法 Manifest fixtures 被拒绝 (0.207208ms)
✔ DEC-016 已冻结且策略覆盖全部阻塞任务 (0.60725ms)
✔ 三类来源使用独立 Envelope 与互斥前缀 (0.126333ms)
✔ License/OTA 禁止伪装为 MQTT 原文，OTA 记录类型封闭 (0.05875ms)
✔ 归档 Envelope 判别字段和版本固定 (0.051292ms)
✔ DEC-018 策略结构有效、已冻结且覆盖全部阻塞任务 (0.893958ms)
✔ V1 只允许四字段，范围、单位、默认值与冻结值一致 (0.068833ms)
✔ Admin Configuration 与 Device Sync OpenAPI 逐字段匹配统一策略 (0.13025ms)
✔ TS 常量与 JSON 策略一致 (0.05675ms)
✔ 策略 JSON 通过自身 JSON Schema 结构校验 (0.750708ms)
✔ 负向结构：实时流启用、非法范围/刷新模式与缺失字段被 Schema 拒绝 (0.313333ms)
✔ x-decision-versions 引用 DEC-009 且版本与决策登记一致；prototype-traceability.yaml 同步 (0.075791ms)
✔ 冻结值定性规则可执行：仅最新授权 Media、手动刷新、禁实时流 (0.06325ms)
✔ 策略消费者均为合法任务 ID 且覆盖 DEC-009 阻塞任务 (0.122917ms)
✔ TS 常量与 camera-interaction-policy.json 完全一致 (0.092ms)
✔ 策略 JSON 通过自身 JSON Schema 结构校验 (0.722417ms)
✔ 负向结构：数据来源篡改与缺失字段被 Schema 拒绝 (0.354291ms)
✔ x-decision-versions 引用 DEC-008 且版本与决策登记一致；prototype-traceability.yaml 同步 (0.062833ms)
✔ 冻结值定性规则可执行：封闭类型集合、仅设备上报、禁云端臆测 (0.098458ms)
✔ 冻结参数可执行：正式名称、阈值和 24 小时过期规则 (0.204291ms)
✔ 策略消费者均为合法任务 ID 且覆盖 DEC-008 阻塞任务 (0.112791ms)
✔ TS 常量与 consumables-policy.json 完全一致 (0.081125ms)
✔ 策略 JSON 通过自身 JSON Schema 结构校验 (0.708084ms)
✔ 负向结构：联动规则反转与缺失字段被 Schema 拒绝 (0.287834ms)
✔ x-decision-versions 引用 DEC-007 且版本与决策登记一致；prototype-traceability.yaml 同步 (0.061084ms)
✔ 冻结值定性规则可执行：职责划分、联动与展示 (0.10725ms)
✔ 策略消费者均为合法任务 ID 且覆盖 DEC-007 阻塞任务与关联任务 (0.121083ms)
✔ TS 常量与 contract-license-relation.json 完全一致 (0.07875ms)
✔ DEC-019 alias 策略已冻结且无待定参数 (0.552083ms)
✔ TS、JSON 与 Admin Device OpenAPI 使用同一 alias 规则 (0.703459ms)
✔ 策略 JSON 通过自身 JSON Schema 结构校验 (0.758167ms)
✔ 负向结构：单字段混用、独立存储"启用"与缺失字段被 Schema 拒绝 (0.34ms)
✔ x-decision-versions 引用 DEC-010 且版本与决策登记一致；prototype-traceability.yaml 同步 (0.068417ms)
✔ 冻结值定性规则可执行：四轴分离、禁单字段混用、派生原则 (0.108625ms)
✔ 冻结参数可执行：启用由 Active 生命周期和有效 License 派生 (0.051083ms)
✔ 策略消费者均为合法任务 ID 且覆盖 DEC-010 阻塞任务与关联任务 (0.114291ms)
✔ TS 常量与 device-status-axes-policy.json 完全一致 (0.062958ms)
✔ 策略 JSON 通过自身 JSON Schema 结构校验 (0.694958ms)
✔ 负向结构：设备地域真值与缺失字段被 Schema 拒绝 (0.23525ms)
✔ x-decision-versions 引用 DEC-011 且版本与决策登记一致；prototype-traceability.yaml 同步 (0.062208ms)
✔ 冻结值定性规则可执行：层级链、Site 属性、设备仅关联 Site (0.104333ms)
✔ 策略消费者均为合法任务 ID 且覆盖 DEC-011 阻塞任务 (0.115ms)
✔ TS 常量与 geo-model-policy.json 完全一致 (0.063458ms)
✔ 策略 JSON 通过自身 JSON Schema 结构校验 (0.706209ms)
✔ 负向结构：AWS 授权、矩阵可编辑与缺失字段被 Schema 拒绝 (0.292375ms)
✔ x-decision-versions 引用 DEC-012 且版本与决策登记一致；prototype-traceability.yaml 同步 (0.064833ms)
✔ 冻结值定性规则可执行：封闭映射、界面名、AWS 权限与矩阵规则 (0.139542ms)
✔ 策略消费者均为合法任务 ID 且覆盖 DEC-012 阻塞任务 (0.114708ms)
✔ TS 常量与 role-mapping-policy.json 完全一致 (0.069917ms)
✔ Envelope 必填五个 iot* 上下文字段，Payload 平铺透传 (0.563417ms)
✔ iotType 枚举与 topic-catalog 上行类型严格一致（8 个） (0.09375ms)
✔ 所有合法 Fixture 通过校验（含 Payload 内不可信身份字段的样本） (0.292875ms)
✔ 所有非法 Fixture 被稳定拒绝且错误路径正确 (0.123042ms)
✔ 矩阵 JSON 通过自身 JSON Schema 结构校验 (0.914042ms)
✔ 负向结构：缺失必填字段、非法枚举与额外行为键被 Schema 拒绝 (0.431334ms)
✔ x-decision-versions 引用 DEC-001 且版本与决策登记一致 (0.057667ms)
✔ 冻结值：独立状态；允许维护、同步、遥测、告警和 OTA (0.08ms)
✔ Maintenance Sync 节奏为 15 分钟（Suspended 节奏） (0.048917ms)
✔ 失败关闭：未知行为拒绝并抛出稳定错误 (0.162167ms)
✔ 命令策略与 command-catalog 一致：Maintenance 允许集合 == Suspended 允许集合 (0.104125ms)
✔ 行为条目消费者均为合法任务 ID 且覆盖 DEC-001 阻塞任务 (0.114291ms)
✔ TS 常量与 maintenance-behavior-matrix.json 完全一致 (0.116583ms)
✔ DEC-017 策略结构有效、已冻结且覆盖全部阻塞任务 (0.754125ms)
✔ 24 小时截止从证书包存储开始，截止边界包含在超时内 (3.015625ms)
✔ 超时处置、迟到 Heartbeat 与重新申请规则失败关闭 (0.106916ms)
✔ TS 常量与 JSON 策略一致 (0.076958ms)
✔ 策略 JSON 通过自身 JSON Schema 结构校验 (0.755792ms)
✔ 负向结构：存储位置篡改、非法处置行为与缺失字段被 Schema 拒绝 (0.321959ms)
✔ x-decision-versions 引用 DEC-005 且版本与决策登记一致 (0.05775ms)
✔ 冻结值定性规则可执行：RDS 元数据 / S3 文件分离 (0.054083ms)
✔ 冻结参数可执行：元数据 365 天、文件 90 天且删除文件保留元数据 (0.064916ms)
✔ 策略消费者均为合法任务 ID 且覆盖 DEC-005 阻塞任务与关联任务 (0.108791ms)
✔ TS 常量与 media-retention-policy.json 完全一致 (0.08825ms)
✔ 策略 JSON 通过自身 JSON Schema 结构校验 (0.718958ms)
✔ 负向结构：客户端指定 Key、篡改冻结 TTL/配额与缺失字段被 Schema 拒绝 (0.290875ms)
✔ 锁定规则：mediaTypes 与 CT-03 media.schema.json 枚举一致；客户端不得指定 Key (0.103875ms)
✔ DEC-024 冻结值可执行且无待定参数 (0.058083ms)
✔ TS 常量与 media-upload-policy.json 完全一致 (0.120041ms)
✔ 22 个 Command 全部唯一且覆盖六大分类 (0.639666ms)
✔ 13 个 Notification 全部唯一且有设备动作映射 (0.12425ms)
✔ 高风险标记与文档一致（EMERGENCY_STOP/FACTORY_RESET/SHUTDOWN/全部加热、排料、电机控制） (0.072917ms)
✔ 允许状态矩阵无遗漏：22 命令 × 4 状态 (0.097167ms)
✔ Suspended 仅允许安全停止、诊断、同步和维护/恢复类命令 (0.064709ms)
✔ MAINTENANCE 按 Suspended 限制（DEC-001 冻结值） (0.044958ms)
✔ 未知命令/通知在运行时被拒绝 (0.177083ms)
✔ denyReason 稳定且允许时返回 null (0.045334ms)
✔ TS 常量与 command-catalog.json / notification-catalog.json 完全一致 (0.098542ms)
✔ Schema 枚举与目录一致（cmd/ack command、notification type） (0.270125ms)
✔ 策略 JSON 通过自身 JSON Schema 结构校验 (0.72375ms)
✔ 负向结构：非法取值与缺失字段被 Schema 拒绝 (0.292709ms)
✔ x-decision-versions 引用 DEC-006 且版本与决策登记一致 (0.063375ms)
✔ 冻结值可执行：V1 下行 seq 可选、上行必填、Command 以 meta.id 幂等 (0.061792ms)
✔ 策略与 common.schema.json 一致：下行 metaBase 不要求 seq、id 必填；上行 metaSeq 要求 seq (0.058917ms)
✔ 下行/上行 Schema 的 meta 引用与策略一致 (0.706917ms)
✔ 策略消费者均为合法任务 ID 且覆盖 DEC-006 阻塞任务 (0.307167ms)
✔ TS 常量与 downlink-policy.json 完全一致 (0.126167ms)
✔ DEC-015 策略冻结、可追溯且覆盖全部阻塞任务 (0.611833ms)
✔ 唯一通道为既有 ACK；Topic 总数和 IoT 权限面不扩大 (0.067666ms)
✔ ACK 判别字段、关联键和 OTA 状态与冻结策略一致 (0.054292ms)
✔ 状态机只允许冻结的单向迁移；相同状态幂等 (0.060875ms)
✔ TS 常量与 JSON 策略完全一致 (0.0715ms)
✔ DEC-013 策略 JSON 通过自身 Schema 且覆盖登记阻塞任务 (0.815834ms)
✔ DEC-013 策略关键值被 Schema 锁定，篡改时失败关闭 (0.181875ms)
✔ DEC-013 策略冻结且无待定参数 (0.051459ms)
✔ Heartbeat 旧嵌套结构在兼容期转换为正式扁平结构且不修改原对象 (0.19ms)
✔ Telemetry motorCurrentAmp 在兼容期转换为 currentAmp；同值并存允许、冲突失败关闭 (0.249875ms)
✔ 兼容截止边界起拒绝嵌套结构、motorCurrentAmp 与 DISCHARING (0.085417ms)
✔ RFC 8785 固定向量与 audit.hash 覆盖 {meta,data} (0.176958ms)
✔ 11 类消息均有 Schema 和 Fixture，且每类 >=1 合法 + >=3 非法 (1.986209ms)
✔ 所有合法 Fixture 通过校验 (1.541375ms)
✔ 所有非法 Fixture 被稳定拒绝并返回明确错误路径 (1.236083ms)
✔ 非法枚举被稳定拒绝且路径明确 (0.1035ms)
✔ 单位/类型错误被拒绝（integer 不接受小数与字符串） (0.225417ms)
✔ 缺少必填字段被拒绝（meta.id、上行 seq、Heartbeat 必填 data 字段） (0.183583ms)
✔ 额外身份字段（customerId/tenantId/deviceId）在各层均被拒绝 (0.163209ms)
✔ 下行消息 meta.seq 可选（DEC-006），上行强制 (1.436917ms)
✔ Telemetry/Report/Tamper 强制 audit.hash；Command 禁止 audit（DEC-002） (0.287084ms)
✔ DEC-013：Audited 合法 Fixture 携带可复算的 RFC 8785 audit.hash (0.479042ms)
✔ schemaVer 缺省按 1.0 归一化；非法 schemaVer 被拒绝 (0.1905ms)
✔ meta.id 字符集与长度固定 (0.08625ms)
✔ payloads.ts 与 Schema 保持一致（生成器新鲜度） (1.127167ms)
✔ 全部 Schema 的 x-decision-versions 可追溯到决策登记 (0.864209ms)
✔ Telemetry current (0.428166ms)
✔ Telemetry past 300s (0.049333ms)
✔ Telemetry past 301s (0.036792ms)
✔ Telemetry past 24h inclusive (0.032709ms)
✔ Telemetry past 24h plus 1ms (0.037625ms)
✔ Telemetry future 300s inclusive (0.036125ms)
✔ Telemetry future 300s plus 1ms (0.036625ms)
✔ other topics retain symmetric 300-second tolerance (0.059083ms)
✔ configured tolerance affects future bound but cannot enlarge Telemetry history (0.044458ms)
✔ invalid numeric policy inputs fail closed (0.079417ms)
✔ Tier 登记 JSON 通过自身 JSON Schema 结构校验 (0.901125ms)
✔ 负向结构：非法 Tier、未知 Topic 键与缺失字段被 Schema 拒绝 (0.459834ms)
✔ x-decision-versions 引用 DEC-002 且版本与决策登记一致 (0.061583ms)
✔ 冻结值：Telemetry/Report/Tamper 为 AUDITED，Command 及其余为 STANDARD (0.135833ms)
✔ Tier 与 topic-catalog.json 的 payloadEnvelope 完全一致 (0.057458ms)
✔ Tier 与 11 个 MQTT Schema 的 audit 强制完全一致 (0.480791ms)
✔ 失败关闭：未知 Topic 拒绝并抛出稳定错误 (0.180458ms)
✔ Tier 条目消费者均为合法任务 ID 且覆盖 DEC-002 阻塞任务 (0.123625ms)
✔ 登记覆盖全部 11 个 Topic 且 TS 常量与 topic-tier.json 完全一致 (0.089625ms)
✔ catalog 恰好包含 8 个上行和 3 个下行 Topic (1.079375ms)
✔ 11 个 Topic 的方向与 QoS 矩阵全部符合契约 (0.116458ms)
✔ TS 常量与 topic-catalog.json 完全一致 (0.087417ms)
✔ 合法 Topic 可解析出 deviceId/type/direction (0.115541ms)
✔ buildTopic 与 parseTopic 往返一致 (0.089667ms)
✔ 未知层级和空 deviceId 被拒绝 (0.228292ms)
✔ buildTopic 拒绝空和非法 deviceId (0.084083ms)
✔ 权限模板：设备只能发布自身上行、只能订阅自身下行 (0.10475ms)
✔ 权限模板拒绝非法 deviceId (0.073792ms)
✔ 六个端点齐备且 CognitoJwt 认证；响应码齐备 (1.13875ms)
✔ 筛选参数齐备：severity/status/device/site/时间范围 + 游标分页 (0.09225ms)
✔ Schema 封闭：Alarm 处理字段（操作者/原因/时间）与 replayed 齐备；确认/清除强制 reason (0.0685ms)
✔ 所有 $ref 可解析（内部引用 + 同目录相对引用 openapi-base.json） (0.331333ms)
✔ 端点齐备且 CognitoJwt 认证：列表 + 详情 (0.595917ms)
✔ 只读 API：不存在任何写路由（post/put/patch/delete） (0.066291ms)
✔ 筛选参数齐备（actor/Customer/对象/动作/结果/时间 + 游标分页）；响应不暴露敏感字段 (0.112417ms)
✔ 所有 $ref 可解析（内部引用 + openapi-base.json） (1.355959ms)
✔ 端点存在且 Cognito 认证；轮换请求视图为七字段且不含密钥材料 (0.640584ms)
✔ 所有 $ref 可解析（内部引用 + 同目录相对引用 openapi-base.json） (0.19375ms)
✔ 端点齐备且 CognitoJwt 认证；201 创建 + 200 幂等重放 + 409 冲突/状态门 (2.02125ms)
✔ 命令枚举与 CT-04 目录 22 个白名单一致；确认凭证与 timeoutSec 边界齐备 (0.222375ms)
✔ 响应 Schema 封闭且含 requestedBy/expiresAt/replayed/confirmedBy (0.1255ms)
✔ BE-CMD-03 查询端点齐备：列表/详情 + 状态枚举 + attempts/acks 时间线 (0.230584ms)
✔ 所有 $ref 可解析（内部引用 + 同目录相对引用 openapi-base.json） (0.526917ms)
✔ 七个端点齐备且 Cognito 认证；operationId 与响应码齐备 (0.637375ms)
✔ Schema 封闭：DEC-018 冻结 V1 四字段、单位、范围与默认值 (2.819166ms)
✔ 所有 $ref 可解析（内部引用 + 同目录相对引用 openapi-base.json） (0.795375ms)
✔ 列表与按需联系人端点齐备且 Cognito 认证；筛选参数齐备 (1.570583ms)
✔ Schema 封闭：两种耗材列恒在；列表零联系人 PII；按需联系人独立；百分比 0~100 (0.1435ms)
✔ 所有 $ref 可解析（内部引用 + 同目录相对引用 openapi-base.json） (4.46025ms)
✔ 六个端点齐备且 Cognito 认证；状态迁移强制 If-Match (0.643958ms)
✔ Schema 封闭：四态枚举/source 固定 ADMIN/幂等 replayed/完整历史字段 (0.08775ms)
✔ 所有 $ref 可解析（内部引用 + 同目录相对引用 openapi-base.json） (0.810083ms)
✔ 八个端点齐备且 Cognito 认证；写操作强制 If-Match (0.712042ms)
✔ Schema 封闭：五态枚举/唯一编号/强制原因/派生状态/最小权限 contact (0.901ms)
✔ 所有 $ref 可解析（内部引用 + 同目录相对引用 openapi-base.json） (0.3715ms)
✔ 五个端点齐备且 Cognito 认证；operationId 与响应码齐备 (0.607666ms)
✔ Schema 封闭：设备视图字段齐备/关联窗口/强制原因/批量语义 (0.101958ms)
✔ 所有 $ref 可解析（内部引用 + 同目录相对引用 openapi-base.json） (3.580917ms)
✔ 六端点齐备且 Cognito 认证；写操作声明 If-Match；响应码齐备 (0.625209ms)
✔ Customer 视图六字段封闭；status 枚举 ACTIVE|SUSPENDED；请求体封闭 (0.080833ms)
✔ 所有 $ref 可解析（内部引用 + 同目录相对引用 openapi-base.json） (0.824416ms)
✔ 端点齐备且 CognitoJwt 认证：仅 GET 总览（只读，无写路由） (0.558125ms)
✔ 总览 DTO 齐备：Contract/设备分布/在线率/今日 ESG/最新告警/设备卡片；四轴分离不合并 (0.160542ms)
✔ 所有 $ref 可解析（内部引用 + openapi-base.json） (1.18525ms)
✔ 列表/详情端点存在且 Cognito 认证；筛选参数齐备；响应码齐备 (1.058625ms)
✔ Device 视图字段封闭（原型设备群表格字段均有来源）；证书仅摘要 (0.158875ms)
✔ BE-DEV-06 元数据 PATCH 端点：白名单仅 alias + If-Match 乐观锁 + 409 冲突语义 (0.086166ms)
✔ 所有 $ref 可解析（内部引用 + 同目录相对引用 openapi-base.json） (0.282458ms)
✔ 分配/历史端点齐备且 Cognito 认证；响应码齐备 (0.5985ms)
✔ DeviceAssignment 视图封闭：授权窗口（assignedAt/endedAt）+ 幂等/通知字段齐备 (0.088334ms)
✔ 所有 $ref 可解析（内部引用 + 同目录相对引用 openapi-base.json） (0.804791ms)
✔ 端点齐备且 CognitoJwt 认证：console/activities/export/导出详情 (0.607ms)
✔ 四轴分离 + 数据块 observedAt/stale/单位；最新 Media 可选块稳定可空 (0.71425ms)
✔ 不透传 MQTT 原始消息、不含实时流/运维字段；所有 $ref 可解析 (0.887875ms)
✔ retire/force-complete 端点齐备且 Cognito 认证；响应码齐备 (0.613834ms)
✔ 请求体封闭：retire 强制原因 + confirm 恒 true；视图封闭且通知枚举正确 (0.094166ms)
✔ 所有 $ref 可解析（内部引用 + 同目录相对引用 openapi-base.json） (1.029375ms)
✔ suspend/reactivate 端点齐备且 Cognito 认证；响应码齐备 (0.663833ms)
✔ 请求体封闭：挂起强制原因；恢复强制原因 + issueResolved 恒 true；通知枚举正确 (0.08325ms)
✔ 所有 $ref 可解析（内部引用 + 同目录相对引用 openapi-base.json） (0.839417ms)
✔ 七个端点齐备且 Cognito 认证；写操作强制 If-Match (0.708625ms)
✔ Schema 封闭：管理 DTO 无 PHC；写接口只受控接收 writeOnly password (0.590917ms)
✔ 所有 $ref 可解析（内部引用 + 同目录相对引用 openapi-base.json） (0.3285ms)
✔ 八个端点齐备且 CognitoJwt 认证；导出创建返回 202 (1.5405ms)
✔ 查询筛选参数齐备（customerId/siteId/deviceId/时间范围 + 游标）；reports 含 reportType (0.222208ms)
✔ Schema 封闭：导出数据集枚举、短期 URL 过期字段、CSV 一致性字段 (0.156292ms)
✔ 所有 $ref 可解析（内部引用 + 同目录相对引用 openapi-base.json） (0.845292ms)
✔ 八个端点齐备且 Cognito 认证；operationId 与响应码齐备 (1.483625ms)
✔ Schema 封闭：七态枚举/Entitlement 三码/签名字段/强制原因/幂等与派生字段 (0.108958ms)
✔ 所有 $ref 可解析（内部引用 + 同目录相对引用 openapi-base.json） (0.339583ms)
✔ 四个审批端点存在且使用 Cognito JWT 认证 (0.557917ms)
✔ approve/reject 强制 If-Match；reject 强制 reason (0.094333ms)
✔ 申请 DTO 不含 CSR 原文 (0.050875ms)
✔ 管理端明确暴露内部 TIMED_OUT，列表状态过滤为封闭枚举 (0.06825ms)
✔ 所有 $ref 可解析（内部引用 + 同目录相对引用 openapi-base.json） (0.224791ms)
✔ 端点齐备且 CognitoJwt 认证：创建/列表/详情/targets/扩大批次/pause/resume/cancel/retry (1.103083ms)
✔ 首批强制恰好 1 台；最终全量审批契约封闭；状态机枚举封闭 (0.080625ms)
✔ 视图封闭且不泄露内部字段；批次/重试结果结构稳定 (0.072292ms)
✔ 所有 $ref 可解析（内部引用 + 同目录相对引用 openapi-base.json） (0.353959ms)
✔ 端点齐备且 CognitoJwt 认证：上传会话/complete/列表/详情 (2.323666ms)
✔ packageType/sha256 与 CT-03 OTA Schema 一致；创建字段封闭且签名必填 (0.093167ms)
✔ 状态机封闭：UPLOADED/VERIFIED/RETIRED；可发布=VERIFIED；视图不泄露信任根 (0.097292ms)
✔ 所有 $ref 可解析（内部引用 + 同目录相对引用 openapi-base.json） (0.2615ms)
✔ 端点存在且 Cognito 认证；三端点（create/list/detail）响应码齐备 (0.590208ms)
✔ ReplayJob 视图七字段封闭；状态枚举与统计字段齐备；scope 封闭 (0.466708ms)
✔ 所有 $ref 可解析（内部引用 + 同目录相对引用 openapi-base.json） (0.223666ms)
✔ 端点齐备且 CognitoJwt 认证：列表/读取/更新（无删除与新建路由） (0.576375ms)
✔ 封闭 key 集与乐观锁版本控制；固定枚举不可经 API 改写 (0.112458ms)
✔ 所有 $ref 可解析（内部引用 + openapi-base.json） (0.880833ms)
✔ 六端点齐备且 Cognito 认证；写操作声明 If-Match；响应码齐备 (0.639959ms)
✔ Site 视图字段封闭（含 deviceCount/version）；status 枚举；请求体封闭且更新体不含 customerId (0.084166ms)
✔ 所有 $ref 可解析（内部引用 + 同目录相对引用 openapi-base.json） (0.28575ms)
✔ 端点齐备且 CognitoJwt 认证：列表/邀请/角色/scope/停用/密码重置 (0.61925ms)
✔ 角色封闭集与 DEC-012 映射；输入不含密码字段；响应不含凭证材料 (0.749167ms)
✔ 所有 $ref 可解析（内部引用 + openapi-base.json） (0.293834ms)
✔ 端点存在且使用 Device mTLS 认证 (0.551209ms)
✔ 轮换契约：请求强制 currentCertificateId；响应五字段；409/403/400/401 齐整 (0.099375ms)
✔ 状态契约为四态枚举且响应不含 PEM/私钥字段 (0.618167ms)
✔ 状态查询由 mTLS 身份定位证书，不增加源稿未定义的 deviceId Query (0.05075ms)
✔ 所有 $ref 可解析（内部引用 + 同目录相对引用 openapi-base.json） (0.191625ms)
✔ deactivate 端点齐备且 DeviceMtls 认证；响应码齐备 (0.59475ms)
✔ 响应视图封闭：退役记录 + 证书摘要（无证书材料字段）；幂等字段齐备 (0.1525ms)
✔ 所有 $ref 可解析（内部引用 + 同目录相对引用 openapi-base.json） (0.861459ms)
✔ BE-ONB-01 端点存在且 CSR 首次申请无需预置 Token (0.553292ms)
✔ 请求体包含设备资料和必填 CSR (0.091459ms)
✔ 成功响应含 requestId 与 PENDING 状态（200 幂等重放 / 201 新建） (0.513584ms)
✔ 匿名申请负向响应覆盖稳定错误码语义：400/404/409/429/500 (0.064667ms)
✔ 所有 $ref 可解析（内部引用 + 同目录相对引用 openapi-base.json） (0.207917ms)
✔ BE-ONB-03 status 端点：requestId 与 CSR 私钥签名，三态响应不含设备私钥 (0.088541ms)
✔ BE-OTA-03 下载兑换必须使用 Device mTLS 且绑定 target/token (0.532833ms)
✔ 一次性兑换响应禁止缓存，并封闭安全失败状态 (0.100083ms)
✔ 六个设备 Endpoint 的 Method、Path 完整且认证方式符合 DEC-025 (0.612083ms)
✔ Onboarding 按 DEC-026 增加 chain 与 REST，保留顶层结构，不使用 data/meta 包裹 (0.069625ms)
✔ Certificate 与 Sync 关键字段遵循源稿日期、枚举、用户和配置结构 (0.087166ms)
✔ 管理端 License/Device 投影不把源稿 OTA entitlement 改名为 OTA_UPDATE (0.047042ms)
✔ 所有 REST OpenAPI 使用当前正式决策登记版本且无非法 SEC 决策引用 (6.517ms)
✔ sync 端点齐备且 DeviceMtls 认证；响应码齐备 (0.680291ms)
✔ 请求体封闭：lastSyncTime 与可选许可证确认 (0.064709ms)
✔ 快照顶层与源稿六域同形，兼容元数据不成为必填线协议 (0.194417ms)
✔ Retired 退役确认待处理设备仍可 Sync，契约不在认证层全局拒绝 (0.076541ms)
✔ 所有 $ref 可解析（内部引用 + 同目录相对引用 openapi-base.json） (0.237667ms)
✔ 许可证确认绑定版本与快照，规范验签输入保留完整UTC时间 (0.063625ms)
✔ 基座 SuccessResponse 结构：data + meta(requestId, UTC timestamp) (1.642875ms)
✔ 游标分页响应与往返解析 (0.129708ms)
✔ 非法游标返回 CURSOR_INVALID（400） (0.156292ms)
✔ limit 归一化：默认 50，范围 1~100 (0.073083ms)
✔ Idempotency-Key：缺失/非法被拒绝，合法值透传 (0.09925ms)
✔ If-Match 并发版本冲突返回确定的 409 (0.191792ms)
✔ 验证失败有确定响应（400 + VALIDATION_FAILED） (0.112166ms)
✔ 异常映射器不泄露堆栈、SQL 或 AWS 内部错误 (0.057833ms)
✔ 错误码目录、HTTP 状态映射与 OpenAPI ErrorCode 枚举三者一致 (0.093958ms)
✔ OpenAPI 基座结构有效：四个 API 分组与安全方案 (0.098208ms)
✔ OpenAPI 基座所有内部 $ref 均可解析（无悬空引用） (0.140166ms)
✔ 设备端：上传会话端点齐备且 DeviceMtls 认证；输入封闭；objectPath 由服务端签发 (0.655792ms)
✔ 管理端：列表/下载端点齐备且 CognitoJwt 认证；视图不泄露内部存储信息 (0.141458ms)
✔ Media 状态枚举封闭（AVAILABLE/DELETED）；配额/大小/TTL 引用 DEC-024 冻结值 (0.090541ms)
✔ 所有 $ref 可解析（内部引用 + openapi-base.json） (0.259833ms)
✔ 策略 JSON 通过自身 JSON Schema 结构校验 (0.726958ms)
✔ 负向结构：非法枚举、非空待冻结参数与缺失字段被 Schema 拒绝 (0.395875ms)
✔ x-decision-versions 引用 DEC-003 且版本与决策登记一致 (0.067542ms)
✔ 暂定值定性规则可执行：KMS 信封、一次性领取、成功即销毁、丢失重签 (0.070875ms)
✔ 冻结参数可直接执行：24 小时、一次成功领取、无待定参数 (0.079ms)
✔ 策略消费者均为合法任务 ID 且覆盖 DEC-003 阻塞任务与 SEC-01 (0.129791ms)
✔ TS 常量与 certificate-package-policy.json 完全一致 (0.118834ms)
✔ 策略 JSON 通过自身 JSON Schema 结构校验 (0.699625ms)
✔ 负向结构：复用云端 Hash、非独立 salt 与非法字段被 Schema 拒绝 (0.35825ms)
✔ x-decision-versions 引用 DEC-004 且版本与决策登记一致 (0.062041ms)
✔ 暂定值定性规则可执行：设备本地专用、禁复用云端 Hash、每用户 salt、仅 Sync 下发 (0.099209ms)
✔ 冻结参数可直接执行：Argon2id PHC、固定参数与长度 (0.076792ms)
✔ 策略消费者均为合法任务 ID 且覆盖 DEC-004 阻塞任务 (0.111417ms)
✔ TS 常量与 device-user-verifier-policy.json 完全一致 (0.090291ms)
✔ 策略 JSON 通过自身 JSON Schema 结构校验 (0.728709ms)
✔ 负向结构：跳过服务端验签、非失败关闭与内嵌信任根被 Schema 拒绝 (0.333708ms)
✔ 暂定值定性规则可执行：服务端验签强制、失败关闭、载荷字段锁定、信任根带外分发 (0.101042ms)
✔ DEC-022 冻结算法、信任根类型、编码且无待定参数 (0.059375ms)
✔ DEC-022 固定 RSA/SHA-256 测试向量可复验 (0.673167ms)
✔ 策略消费者均为合法任务 ID 且覆盖 BE-OTA-01 (0.110666ms)
✔ TS 常量与 ota-package-signature-policy.json 完全一致 (0.111125ms)
✔ 四类业务设置共享版本化 JSON Schema 与运行时校验器 (21.847584ms)
ℹ tests 302
ℹ suites 0
ℹ pass 302
ℹ fail 0
ℹ cancelled 0
ℹ skipped 0
ℹ todo 0
ℹ duration_ms 583.975125

> food-digester-platform@0.0.0 test:scripts /Users/anray/Documents/project/hiddenjoyacom/food-digester-platform
> node --import tsx --test scripts/*.test.mjs

✔ bootstrap input is bound to the normalized email and never accepts a password (0.773375ms)
✔ successful bootstrap creates Cognito identity before committing linked database user (0.21175ms)
✔ non-pristine Cognito or database fails before any mutation (0.220167ms)
✔ database failure deletes Cognito identity and records compensated failure (0.193375ms)
✔ failed Cognito compensation keeps reconciliation required (0.110625ms)
✔ source approval requires exact SHA and packager embeds committed SHA (7295.491625ms)
✔ runner without approved source fails closed without leaking configuration (26.108667ms)
✔ serial and parallel repeated browser receipts are validated (6.658917ms)
✔ fail closed: missing required flow (0.181208ms)
✔ fail closed: skipped execution (0.110875ms)
✔ fail closed: flaky execution (0.106333ms)
✔ fail closed: retry hides failure (0.105458ms)
✔ fail closed: unexpected error (0.105ms)
✔ fail closed: missing isolated trace (0.097584ms)
✔ fail closed: data prefix reused (0.648708ms)
✔ fail closed: context cleanup failed (0.115375ms)
✔ fail closed: unmocked network request (0.145292ms)
✔ fail closed: missing role proof (0.21175ms)
✔ fail closed: wrong route permission (0.201792ms)
✔ fail closed: Auditor OTA write enabled (0.189709ms)
✔ fail closed: missing MFA assertion (0.205042ms)
✔ fail closed: missing conflict response (0.211417ms)
✔ fail closed: missing forbidden response (0.203834ms)
✔ fail closed: missing repeat (0.098709ms)
✔ repeat traces cannot duplicate the first execution (0.182458ms)
✔ manifest exactly matches independent Playwright discovery (551.974375ms)
✔ discovery fails closed: missing case (0.250125ms)
✔ discovery fails closed: extra case (0.098833ms)
✔ discovery fails closed: duplicate replacing required case (0.088458ms)
✔ old Viewer permission cannot pass the updated matrix (0.194917ms)
✔ required behavioral proof cannot be missing: QA-09 设备管理长别名和序列号在375px完整换行且不裁切 (0.182166ms)
✔ required behavioral proof cannot be missing: H-01 API 拒绝停用会话后清除浏览器会话并返回登录 (0.15675ms)
✔ required behavioral proof cannot be missing: M-01 CustomerViewer 从菜单查询设备用户详情，全部写入口隐藏 (0.149ms)
✔ required behavioral proof cannot be missing: UI redesign: all business routes at 1366x768 (0.4525ms)
✔ required behavioral proof cannot be missing: UI redesign: all business routes at 1440x900 (0.773833ms)
✔ required behavioral proof cannot be missing: UI redesign: all business routes at 1920x1080 (0.278459ms)
✔ required behavioral proof cannot be missing: QA05 login SRP MFA error success logout without persisting password (0.5135ms)
✔ required behavioral proof cannot be missing: QA05 ESG cursor totals export snapshot timezone and empty state (0.27125ms)
✔ required behavioral proof cannot be missing: QA05 Command dangerous confirmation terminal result and publish failure (0.145459ms)
✔ required behavioral proof cannot be missing: QA05 Media expiry renew 403 and audit read-only zero writes (0.143167ms)
✔ serial and repeated phases require all 108 independent prefixes (0.477667ms)
✔ phase budget accounts for startup, executions and worker slots, with a finite ceiling (0.057958ms)
✔ invalid phase budget rejected: repeat=0 workers=1 (0.041208ms)
✔ invalid phase budget rejected: repeat=1 workers=0 (0.027083ms)
✔ invalid phase budget rejected: repeat=0.5 workers=1 (0.022292ms)
✔ invalid phase budget rejected: repeat=1 workers=0.5 (0.024958ms)
✔ invalid phase budget rejected: repeat=Infinity workers=1 (0.020417ms)
✔ invalid phase budget rejected: repeat=1 workers=NaN (0.021375ms)
✔ real child-process timeout is classified and cannot create a successful phase (53.201208ms)
✔ failed/killed process cannot pass: status=1 (0.061542ms)
✔ failed/killed process cannot pass: status=null (0.031333ms)
✔ spawn errors reject without disclosing raw process error details (0.193125ms)
✔ successful process may proceed to the strict report and trace validator (0.073708ms)
✔ 真实 OpenAPI 片段可确定性打包且无外部引用 (51.283ms)
✔ bundle 新鲜度检查拒绝缺失或过期产物 (74.004583ms)
✔ 失败示例：非法 OpenAPI 版本与缺少 responses 被拒绝 (0.172042ms)
✔ 失败示例：全局重复 operationId 被拒绝 (0.073375ms)
✔ 失败示例：非法 parameter 与 Schema 被拒绝 (0.110084ms)
✔ 仓库提交的统一 bundle 与当前片段一致 (13.2035ms)
✔ scoped Gate accepts the archived real-target receipt, without promoting full acceptance (24.088292ms)
✔ scoped Gate rejects missing role (8.221709ms)
✔ scoped Gate rejects wrong SHA (16.63575ms)
✔ scoped Gate rejects unverified Lambda (6.723375ms)
✔ scoped Gate rejects runtime drift (28.260542ms)
✔ scoped Gate rejects mocked API (7.32425ms)
✔ scoped Gate rejects empty tenant (8.027416ms)
✔ scoped Gate rejects cross-Customer list leak (12.575958ms)
✔ scoped Gate rejects Viewer mutation accepted (7.593875ms)
✔ scoped Gate rejects expired old Token (12.478417ms)
✔ scoped Gate rejects two duplicate successes (6.660166ms)
✔ scoped Gate rejects two optimistic successes (48.768208ms)
✔ scoped Gate rejects bundled Firefox (10.347084ms)
✔ scoped Gate rejects missing browser-role case (7.837125ms)
✔ scoped Gate rejects persisted edit belongs to another record (7.315125ms)
✔ scoped Gate rejects forbidden page rendered as business page (6.769625ms)
✔ scoped Gate rejects missing screenshot (16.625583ms)
✔ scoped Gate rejects cleanup duplicate hides missing ID (9.72375ms)
✔ scoped Gate rejects cleanup incomplete (6.761708ms)
✔ scoped Gate rejects private credentials retained (11.599542ms)
✔ scoped Gate rejects scope promoted (10.539ms)
✔ 当前管理后台源代码满足入口与组合根交付约束 (8.990542ms)
✔ 缺少入口和构建产物时失败关闭 (0.293458ms)
✔ FE-06 至 FE-19 任一任务或路由从事实源缺失时失败关闭 (4.304834ms)
✔ FE-11 至 FE-15 任一任务、路由或页面标识缺失时失败关闭 (10.888667ms)
✔ FE-06 至 FE-15 任一控制器或 operationId 缺失时失败关闭 (6.50925ms)
✔ FE-11 至 FE-15 控制器或 operationId 缺失时失败关闭 (4.542625ms)
✔ FE-16 至 FE-19 任一任务、路由、控制器、页面标识或 operationId 缺失时失败关闭 (4.433584ms)
✔ App 移除显式页面分支时失败关闭 (3.194ms)
✔ 完整目标回执覆盖双提交、隔离环境、五角色、七路由、五闭环与清理 (48.708542ms)
✔ 缺路由、角色、闭环或审计拒绝角色时失败关闭 (24.591708ms)
✔ mock、泄露、短链持久化、危险操作与只读写请求均失败关闭 (32.083958ms)
✔ 缺失回执、双部署提交漂移、HEAD 不一致与未清理均失败关闭 (11.463333ms)
✔ 目标 Gate 是显式发布步骤且不进入普通 verify (0.191708ms)
✔ 完整回执覆盖双提交、隔离环境、五角色、五路由、四闭环、隐私、双语布局与清理 (34.864583ms)
✔ 缺路由、角色、闭环、locale 或 viewport 时失败关闭 (37.7245ms)
✔ mock、权限、并发、泄露或布局不合格时失败关闭 (26.191875ms)
✔ 缺失回执、双部署提交漂移、HEAD 不一致与未清理均失败关闭 (13.225791ms)
✔ 目标 Gate 是显式发布步骤且不进入普通 verify (0.21675ms)
✔ 完整路由、五角色、五业务闭环、租户、并发、敏感字段与清理回执通过 (7.183167ms)
✔ 缺路由、角色或业务闭环时失败关闭 (0.174167ms)
✔ Cognito、部署 API、跨租户、并发与敏感字段证据不满足约束时失败关闭 (0.106375ms)
✔ 缺失回执、部署提交或 sourceCommit 不一致时失败关闭 (0.595208ms)
✔ 完整的 58 API、五角色、并发、ESG 与清理目标 AWS 回执通过 (0.886791ms)
✔ 58 个回执 operationId 与九份正式业务 OpenAPI 精确一致 (3.411084ms)
✔ API 缺项、角色缺项与跨 Customer 放行均失败关闭 (0.981125ms)
✔ 并发或 ESG 证据不满足生产约束时失败关闭 (0.490625ms)
✔ 缺失回执与 sourceCommit 不匹配均失败关闭 (1.262917ms)
✔ 完整覆盖 25 API、五角色、竞态、退役与导出的隔离 AWS 回执通过 (2.534792ms)
✔ 缺 operation、跨租户放行、竞态双成功、证书未失活与 MQTT/S3 缺口均失败关闭 (0.448417ms)
✔ operation 成功状态与负向状态集合不完整时失败关闭 (0.230541ms)
✔ 回执缺失、非法 JSON 或 sourceCommit 不一致时独立发布 Gate 失败 (1.664333ms)
✔ 完整 Archive、Replay、Summary 目标 AWS 回执通过 (0.753708ms)
✔ 缺探针、重复归档、Replay 复制业务行和空 Summary 均失败关闭 (0.191375ms)
✔ 缺少回执或提交不一致时独立 Gate 失败 (0.470334ms)
✔ 完整隔离 AWS 回执覆盖 8 Topic、负向路径、QA-03 与清理时通过 (0.771292ms)
✔ 缺 Topic、未知 Topic 命中、Error Action 未恢复和原文漂移均失败关闭 (0.151458ms)
✔ 未提供目标 AWS 回执时独立发布 Gate 明确失败 (0.425958ms)
✔ 回执必须对应待发布的精确 Git 提交 (0.326583ms)
✔ 完整的 15 API、角色、Cognito、并发、S3、Dashboard、审计与清理回执通过 (0.851666ms)
✔ 15 个 operationId 与六份正式 OpenAPI 精确一致 (0.81125ms)
✔ API、角色、租户或安全/并发探针缺口均失败关闭 (0.233458ms)
✔ 缺失回执与 sourceCommit 不匹配均失败关闭 (1.027625ms)
✔ 干净的依赖图通过检查 (2.026792ms)
✔ 共享包反向依赖 apps 被识别为边界违规 (0.833167ms)
✔ contracts 反向依赖 apps 被识别为边界违规 (0.707167ms)
✔ apps 之间互相依赖被识别为边界违规 (0.874083ms)
✔ 工作区循环依赖被检出 (1.245958ms)
✔ 非工作区依赖（外部 npm 包）不参与检查 (0.523667ms)
✔ 当前仓库通过边界与循环依赖检查 (3.423917ms)
✔ CDK WARNING 与规则校验编号会触发 Gate (0.499709ms)
✔ 正常 synth 输出不会误报 (0.347583ms)
✔ 已交付 Lambda 缺失或回退到内联 501 占位时 Gate 失败 (0.152541ms)
✔ 已交付 Lambda 使用 S3 asset 时 Gate 通过 (0.054875ms)
✔ CMD/OTA 生产接线 Gate 对 Worker/调度任一缺失均失败关闭 (0.193375ms)
✔ CMD/OTA 生产接线 Gate 对 IoT/S3/KMS 权限缺失失败关闭 (0.227708ms)
✔ 真实登记文件：结构校验通过，并准确识别当前未决 DEC (4.691667ms)
✔ 真实契约版本文件：decisionRegisterVersion 与登记一致 (0.511875ms)
✔ 契约版本不一致被拒绝 (0.369833ms)
✔ 重复决策 ID 被拒绝（已知冲突必须有唯一决策 ID） (0.152375ms)
✔ 原则与决策之间 ID 也全局唯一 (0.095459ms)
✔ pending 决策携带批准人被拒绝 (0.056125ms)
✔ frozen 决策必须有批准人、批准时间和 >=1.0.0 版本 (0.108125ms)
✔ blockingTasks 为空或格式非法被拒绝 (0.076583ms)
✔ history 必须非空且末条版本与条目版本一致 (0.07925ms)
✔ 非 UTC 时间戳被拒绝 (0.084459ms)
✔ CLI validate 模式：真实文件退出码 0 且输出实际未决数；--fail-on-pending 按实际未决数返回 (0.97525ms)
✔ CLI：结构错误退出码 1 (0.816125ms)
✔ 追溯校验：合法 x-decision-versions 引用通过（Schema 可追溯到决策版本） (2.710166ms)
✔ 追溯校验：不存在的决策 ID 被拒绝 (1.915084ms)
✔ 追溯校验：引用版本与登记版本不一致被拒绝 (1.483625ms)
✔ 追溯校验：缺少 x-decision-versions 或格式非法被拒绝 (1.024458ms)
✔ 追溯校验：嵌套在 OpenAPI info 下的 x-decision-versions 可被递归发现 (0.651417ms)
✔ 已交付 API（含管理后台 P1）的 129 个 OpenAPI operation 与生产路由双向一致 (8.474625ms)
✔ 版本化已交付清单缺失、重复或引用不存在文件时失败关闭 (1.076ms)
✔ 缺失、额外、重复及 method/path 漂移均失败关闭 (0.189792ms)
✔ CMD/OTA 治理 Gate 校验四份 REST 契约及 DEC-022/023 冻结状态 (3.625459ms)
✔ 有效链接、无易漂移计数且工具链配对正确时通过 (1.505625ms)
✔ 损坏的仓库内 Markdown 链接被拒绝 (0.923916ms)
✔ 陈旧测试计数或不兼容工具链声明被拒绝 (0.633042ms)
✔ 当前仓库 ENG/DB/DOM 与 IAC/AUTH/SEC 任务文档证据一致 (24.396834ms)
✔ BE-IOT-01～08 文档全部纳入默认链接与证据门禁 (0.100916ms)
✔ BE-ARC/RPL/ESG 四份文档及 P2 回归纳入默认证据门禁 (0.054042ms)
✔ 11 份管理后台业务文档全部纳入默认链接与证据门禁 (0.050417ms)
✔ BE-MED/RBAC/AUD/DASH/SET 五份文档纳入状态与 AWS 证据门禁 (0.040667ms)
✔ FE-06～FE-10 五份前端文档纳入四层状态与目标回执门禁 (0.045ms)
✔ FE-11～FE-15 五份前端文档纳入四层状态与独立目标回执门禁 (0.074041ms)
✔ 前端任务文档拒绝缺层级、问题责任字段、目标 Gate 和 P1 陈旧描述 (0.08125ms)
✔ FE-11～FE-15 文档拒绝旧缺陷、任务级勾选及旧目标 Gate (0.056958ms)
✔ BE-MED/RBAC/AUD/DASH/SET 文档拒绝缺状态层、陈旧参数和设置生效误述 (0.054083ms)
✔ 管理后台业务文档拒绝缺证据引用和陈旧决策或部署说法 (0.05ms)
✔ BE-ARC/RPL/ESG 文档拒绝缺审计快照和生产接线边界外旧说法 (0.041875ms)
✔ BE-IOT 文档拒绝缺少审计快照、Report P2002 与 Media 另路由旧说法 (0.048584ms)
✔ BE-IOT 严格负向探针必须保留为可定位的永久回归 (0.785916ms)
✔ 安全任务文档拒绝历史计数、缺少 verify 命令与陈旧 DEC-012 状态 (0.065333ms)
✔ 安全任务文档接受当前命令、审计快照引用与 frozen 决策 (0.033958ms)
✔ 当前仓库（DB-01 已落地）Migration 结构通过 (10.042084ms)
✔ schema.prisma 未落地时跳过并通过（骨架期行为） (0.236542ms)
✔ 失败示例：Schema 已存在但无任何 Migration（未提交 Migration） (0.533667ms)
✔ 失败示例：migrations/ 为空且缺少 migration_lock.toml (0.596417ms)
✔ 失败示例：Migration 目录名非法与空 migration.sql (1.407542ms)
✔ 合法 Migration 结构通过 (1.741584ms)
✔ 失败示例：已有旧 Migration 但 Schema 已变化且未登记快照 (0.673333ms)
✔ 真实矩阵通过完整性检查 (1.339125ms)
✔ 真实引用集合：41 个矩阵 API 与 13 个 routeId 全部可解析 (0.508417ms)
✔ index19.html 源清单：9 个菜单、12 个页面、128 个元素与矩阵双向覆盖 (0.395625ms)
✔ 真实矩阵：9 菜单、12 页面、每项均有处置结论 (0.265416ms)
✔ 被拒绝的实时流、明文密码、状态混用不携带实现任务 (0.229125ms)
✔ 矩阵的 x-decision-versions 可追溯到决策登记（DEC-007~012） (0.979708ms)
✔ 缺少菜单或页面被拒绝 (0.267292ms)
✔ 重复元素 ID 被拒绝 (0.073292ms)
✔ Adapt/Reject 缺少依据被拒绝 (0.078833ms)
✔ Adopt/Adapt 生产字段缺少 API 来源被拒绝 (0.101167ms)
✔ rejectCategory 项非 Reject 或携带实现任务被拒绝 (0.073042ms)
✔ 未知角色被拒绝（R7） (0.06625ms)
✔ 格式合法但不存在的 operationId、routeId 与响应字段被拒绝 (0.87975ms)
✔ planned operation 的任务归属漂移被拒绝 (0.285458ms)
✔ 源清单与矩阵任一侧删除元素均被双向覆盖检查拒绝 (2.048083ms)
✔ index19.html 内容变化但未重新盘点源清单时失败关闭 (1.543875ms)
✔ 重复 operationId 与 routeId 被引用索引拒绝 (1.041584ms)
✔ CLI：真实矩阵退出码 0，违规矩阵退出码 1 (64.45325ms)
✔ remaining scope cannot replace full core, Active acceptance or failed cleanups (0.746875ms)
✔ 当前仓库全部 Schema、OpenAPI 片段与统一 bundle 通过引用校验 (106.147167ms)
✔ 失败示例：悬空内部 $ref 被拒绝 (1.608834ms)
✔ 失败示例：同目录相对 $ref 目标文件不存在被拒绝 (0.891791ms)
✔ 失败示例：JSON 语法损坏的 Schema 被拒绝 (0.422666ms)
✔ 失败示例：JSON Schema 2020-12 非法 type 被元 Schema 拒绝 (0.462666ms)
✔ 失败示例：OpenAPI 基座缺少 paths 被拒绝 (0.526875ms)
✔ 同目录相对 $ref 可解析时通过 (0.678459ms)
✔ 失败示例：PEM 私钥块被检出 (0.546875ms)
✔ 失败示例：AWS Access Key ID 被检出 (0.066667ms)
✔ 失败示例：GitHub 令牌被检出 (0.048208ms)
✔ 失败示例：Slack 令牌被检出 (0.043125ms)
✔ 正常内容不误报 (0.339875ms)
✔ 失败示例：未跟踪且未忽略文件中的私钥也被扫描 (30.938292ms)
✔ 当前仓库通过敏感信息扫描 (2449.8475ms)
✔ 生产源码直接 console 与 raw trace API 均被拒绝 (1.665875ms)
✔ 测试目录可使用 console，生产统一 logger 允许 (1.952416ms)
✔ 当前仓库生产源码通过 sink 门禁 (92.687084ms)
✔ QA-02 MQTT heartbeat: all valid/invalid fixtures, missing meta and type mutation (20.782083ms)
✔ QA-02 MQTT telemetry: all valid/invalid fixtures, missing meta and type mutation (2.238333ms)
✔ QA-02 MQTT report: all valid/invalid fixtures, missing meta and type mutation (1.988792ms)
✔ QA-02 MQTT alarm: all valid/invalid fixtures, missing meta and type mutation (1.226333ms)
✔ QA-02 MQTT event: all valid/invalid fixtures, missing meta and type mutation (0.776667ms)
✔ QA-02 MQTT ack: all valid/invalid fixtures, missing meta and type mutation (1.068917ms)
✔ QA-02 MQTT tamper: all valid/invalid fixtures, missing meta and type mutation (0.979083ms)
✔ QA-02 MQTT media: all valid/invalid fixtures, missing meta and type mutation (1.545833ms)
✔ QA-02 MQTT cmd: all valid/invalid fixtures, missing meta and type mutation (1.191334ms)
✔ QA-02 MQTT ota: all valid/invalid fixtures, missing meta and type mutation (1.612542ms)
✔ QA-02 MQTT notification: all valid/invalid fixtures, missing meta and type mutation (1.253667ms)
✔ MQTT semantic hash, discriminator and UTC calendar errors fail closed (0.466375ms)
✔ full REST response: field deletion/type mutation/envelope/date/errors/status/headers are enforced (2.569542ms)
✔ REST request validation: required body/path/query/header, optional Sync, bodyless Deactivate, no type coercion in JSON (6.666209ms)
✔ all device operations and declared response JSON Schemas compile; stable error catalog has no duplicates (96.204291ms)
✔ predecessor MQTT is compatible; known REST break requires exact version and frozen DEC approvals (63.677541ms)
✔ breaking contract mutations fail: removing fields/operations/status, changing type/required/security (98.036084ms)
✔ receipt coverage gate fails closed for missing operations/statuses, no valid request and forged records (2.600416ms)
✔ archived CSR upgrade mapping still verifies original baselines without rewriting history (13.087417ms)
✔ QA04 coverage Gate accepts complete matrix and proofs (0.775416ms)
✔ QA04 coverage Gate rejects missing domain (0.21225ms)
✔ QA04 coverage Gate rejects no negative path (0.108208ms)
✔ QA04 coverage Gate rejects untrusted handler (0.087125ms)
✔ QA04 coverage Gate rejects missing role (1.077833ms)
✔ QA04 coverage Gate rejects cross-tenant leak (0.330542ms)
✔ QA04 coverage Gate rejects two write winners (0.312ms)
✔ QA04 coverage Gate rejects duplicate audit (0.273834ms)
✔ QA04 coverage Gate rejects rollback missing (0.270958ms)
✔ QA04 coverage Gate rejects unclean resource (0.275541ms)
✔ QA04 coverage Gate rejects reused isolation (0.232541ms)
✔ QA04 coverage Gate rejects no observed replay (0.432875ms)
✔ QA04 required acceptance cases are enforced (1.233125ms)
✔ QA04 skipped assertion fails execution Gate (0.127708ms)
✔ QA04 removed state-machine assertion fails coverage Gate (0.733709ms)
✔ migration source requires exact approved commit (0.427167ms)
✔ migration connection requires complete secret and verified TLS; special credentials are encoded (0.157833ms)
✔ database verification derives every mapped Prisma table (0.419125ms)
✔ runner without approved source fails without reporting credentials or driver details (35.722583ms)
✔ source packager archives committed tree, includes exact SHA and refuses overwriting ZIP (7138.703542ms)
✖ local TLS broker: 10 independent certificate sessions, QoS1, downlinks, reconnect and broker ACL rejection (93.948708ms)
✔ 10 concurrent sessions: all topics, exact 5% duplicates / 2% delayed telemetry, replay and isolated bad Schema (142.695791ms)
✔ cross-device publish, subscribe, receive and wildcard denied (8.962917ms)
✔ invalid configuration, OTA transitions and test credential gate fail closed (0.657167ms)
✔ scripted failed command, missing target mapping and illegal downlink do not generate mixed ACK (0.302625ms)
✔ all sessions close when one transport fails; no successful receipt (90.56175ms)
✔ MQTT adapter rejects SUBACK denial and connection failures (0.218167ms)
✔ CLI creates offline receipt and refuses ungated mqtts before reading credential paths (368.933458ms)
✔ CDK wrapper accepts synth/diff and requires explicit deploy stack (0.773084ms)
✔ CDK wrapper builds the whole workspace and fails closed on build errors (0.118708ms)
✔ CDK wrapper uses local SSO but requires OIDC credentials in GitHub Actions (0.091ms)
✔ QA03 Gate accepts complete local integration receipt (0.646042ms)
✔ QA03 Gate rejects missing scenario (0.291458ms)
✔ QA03 Gate rejects unclean resources (0.280416ms)
✔ QA03 Gate rejects reused isolation prefix (0.194084ms)
✔ QA03 Gate rejects lost message (0.2115ms)
✔ QA03 Gate rejects duplicate business record (0.25425ms)
✔ QA03 Gate rejects missing raw proof (0.755875ms)
✔ QA03 Gate rejects missing fault probe (0.261792ms)
✔ receipt covers all 128 decisions in two viewports (1.746917ms)
✔ fail closed: missing page (1.900084ms)
✔ fail closed: skipped case (0.2635ms)
✔ fail closed: flaky success (0.239958ms)
✔ fail closed: retry (0.206208ms)
✔ fail closed: unexpected external network (0.182125ms)
✔ fail closed: fixture collision (0.176292ms)
✔ fail closed: missing cleanup (0.166375ms)
✔ fail closed: updated baseline masquerades as regression (0.176791ms)
✔ fail closed: missing group (0.2215ms)
✔ fail closed: duplicate group (0.196334ms)
✔ fail closed: missing rejection assertion (0.232333ms)
✔ fail closed: missing menu (0.185709ms)
✔ fail closed: missing behavior guard (0.210375ms)
✔ fail closed: wrong viewport (0.183ms)
✔ fail closed: snapshot hash mismatch (0.185916ms)
✔ binding omission, duplication and reject implementation fail closed (0.282417ms)
✔ actual config guard accepts R0/R1 and final false restore without declaring business/P95 (0.553834ms)
✔ config rejects accountReadCandidate drift (0.119916ms)
✔ config rejects pool drift (0.046125ms)
✔ config rejects memory drift (0.040042ms)
✔ config rejects preconnect drift (0.045292ms)
✔ config rejects engineCpu drift (0.068958ms)
✔ config rejects envName drift (0.040791ms)
✔ config rejects revisionId drift (0.045958ms)
✔ config rejects codeSha256 drift (0.10075ms)
✔ config rejects state drift (0.11475ms)
✔ config rejects architecture drift (0.081209ms)
✔ config rejects source, inventory and concurrency drift (0.120916ms)
✔ real gzip bytes bind exact own devices, raw outbox hash and canonical published hash (10.849667ms)
✔ scope expansion, unknown customer/device, modified bytes and missing archive fail closed (7.430792ms)
✔ IoT normalized raw body binds outbox bytes while original publication binds canonical payload (1.288167ms)
✔ quick MQTT profile requires exact additional telemetry ledger and cannot waive missing archives (2.007166ms)
✔ archive deadline uses actual S3 modification times and cannot green an eventual late archive (1.019125ms)
✔ redelivery rejects foreign archives, unbounded inventories and unbound certificates before AWS operations (1.199208ms)
✔ C1 waits for both branches then independent query/checkout; C0 refuses candidate signal; warm absent is null (1.63025ms)
✔ preconnect proof rejects missing (0.222541ms)
✔ preconnect proof rejects duplicate (0.123917ms)
✔ preconnect proof rejects failed (0.125917ms)
✔ preconnect proof rejects foreign (0.158208ms)
✔ preconnect proof rejects bad timestamp (0.157959ms)
✔ preconnect proof rejects dispatch instead of settlement (0.131583ms)
✔ preconnect proof rejects not connection wait (0.113875ms)
✔ preconnect proof rejects query before preparation (0.13925ms)
✔ preconnect proof rejects checkout steals readiness (0.429041ms)
✔ preconnect proof rejects outside hook (0.167292ms)
✔ preconnect proof rejects invalid duration (0.123375ms)
✔ preconnect proof rejects orphan (0.485917ms)
✔ preconnect proof rejects consistently empty invocation identities (0.191042ms)
✔ nominal 30x profile cannot conceal a slower real publish window (2.736875ms)
✔ version proof requires CI deploy Amplify exact commit and 19 distinct verified artifact bytes (0.34075ms)
✔ own-fixture fault grant rejects shared changes and unknown faults while retaining deployment boundary (0.125958ms)
✔ database proof rejects foreign build, source, role and nonzero cleanup instead of trusting child PASS (0.304917ms)
✔ target gates reject missing finish cleanup required case and foreign device before live calls (1.603416ms)
✔ business cleanup preserves outside rows, rejects baseline drift and deletes own dependent rows atomically (1771.713917ms)
✔ fault injection rejects missing authorization and foreign export identity without mutation (0.732084ms)
✔ assertion-only validation cannot stand in for cleanup or whole target acceptance (0.142083ms)
✔ nonActive scope cannot enter the full wave that contains Active dependent probes (0.953334ms)
✔ foundation mode cannot be mistaken for full core or browser acceptance (0.095666ms)
✔ complete intermediate/root chain matches truststore and private key (3.491875ms)
✔ missing root is distinguished from valid signing certificate and key (0.381041ms)
✔ wrong parent, expired chain and wrong private key fail independently (0.902583ms)
✔ oversized worker chain, malformed values and arbitrary canaries never leak (1.225625ms)
✔ receipt gate accepts completed diagnostic with invalid chain, rejects data leak and missing cleanup (4.669542ms)
✔ approved exact Worker, Secret, KMS and original expiry scope is accepted (1.444708ms)
✔ removing role condition, wildcard Secret or extended expiry is rejected (0.343791ms)
✔ unrestricted KMS, different context or extra secret permissions are rejected (0.155833ms)
✔ repair gate requires retained versions, exact output binding and all cleanup (1.831791ms)
✔ only root field changes, original version remains immutable and AWSPREVIOUS (16.80675ms)
✔ baseline drift prevents all writes (0.111417ms)
✔ wrong fixed root prevents all writes (0.338292ms)
✔ unknown put outcome recovers immutable token without a second put (1.180209ms)
✔ candidate mutation fails before promotion (0.321709ms)
✔ concurrent current movement after candidate write is preserved (0.570708ms)
✔ unknown promotion response is recovered from current stages (0.850209ms)
✔ post-promotion failed readback rolls back only the known current candidate (0.602333ms)
✔ invalid version token rejects before accessing any secret (0.233ms)
✔ rollback refuses to overwrite a concurrent foreign current version (0.660542ms)
✔ unknown AWS errors are returned as fixed codes without secret exception text (0.090292ms)
✔ successful promotion waits for metadata visibility without repeating stage writes (0.866708ms)
✔ existing current candidate is verified using read-only store without new versions or stage writes (0.79175ms)
✔ read-only recovery rejects changed fields without rolling back an existing current version (0.283ms)
✔ capacity planning includes operational and rotation idle overlap and rejects naive concurrency increase (0.523875ms)
✔ partition preserves 722ms without treating CPU as exclusive scheduling or compiler time (1.607667ms)
✔ split rejects missing setup (0.113834ms)
✔ split rejects setup gap (0.102209ms)
✔ split rejects setup wrong boundary (0.067209ms)
✔ split rejects missing (0.064792ms)
✔ split rejects duplicate (0.04525ms)
✔ split rejects foreign (0.051958ms)
✔ split rejects invalid CPU (0.049084ms)
✔ split rejects no CPU (0.060083ms)
✔ split rejects wrong boundary (0.090625ms)
✔ split rejects failed (0.059833ms)
✔ split rejects gap (0.047583ms)
✔ split rejects overlap (0.651625ms)
✔ split rejects fake duration (0.167416ms)
✔ split rejects connection claim (0.083833ms)
✔ target observer setup gap remains rejected: 737ms/17ms (0.146083ms)
✔ target observer setup gap remains rejected: 498ms/18ms (0.067208ms)
✔ target observer setup gap remains rejected: 40ms/20ms (0.079792ms)
✔ explicit setup covers 17ms without shifting original entrance (0.136791ms)
✔ explicit setup covers 18ms without shifting original entrance (0.094209ms)
✔ explicit setup covers 20ms without shifting original entrance (0.117417ms)
✔ range reads keep the original default and permit bounded slow-link retry (0.373958ms)
✔ range reads reject unbounded, ambiguous and below-default timeouts (0.191125ms)
✔ read-only asset concurrency stays bounded independently of DB/API capacity (0.124542ms)
✔ cold sampler collector binds exact own REPORT and safe client metrics: patch (71.719042ms)
✔ cold sampler collector binds exact own REPORT and safe client metrics: audit (63.410583ms)
✔ two batches preserve six own contracts, six winners/conflicts and audits with a hard concurrency/request bound (59.387583ms)
✔ unknown write drains siblings and waits for Lambda quiescence without retry or false PASS (10.630083ms)
✔ audit drift fails closed: audit-id (10.070459ms)
✔ audit drift fails closed: foreign-list (9.052125ms)
✔ foreign context, missing baseline or excess batches fail before any dispatch/receipt (0.411334ms)
✔ sampling correlation ledger rejects foreign or missing HTTP rows even with a valid business result (17.519958ms)
✔ DLQ scope requires closed ledger, 20 exact IDs and fresh empty database proof (1.712291ms)
✔ one-shot worker deletes only exact retired pointers, restores unknown visibility, and exports no bodies or handles (2.331625ms)
✔ six exact request/time/status/extended/Lambda links pass without saving unrelated fields or requests (61.518167ms)
✔ correlation refuses complete proof for time (59.09275ms)
✔ correlation refuses complete proof for lambda-id (52.861167ms)
✔ correlation refuses complete proof for duplicate (69.394833ms)
✔ correlation refuses complete proof for missing-http (44.889834ms)
✔ audit GET binds list/detail operation and timeout UUID without claiming client success (95.18825ms)
✔ cold summary requires exact transactional physical proof and never copies payloads (1.781667ms)
✔ strict load split preserves 5ms coverage and only public boundary attribution (0.879708ms)
✔ rejects foreign request (0.185625ms)
✔ rejects duplicate (0.119709ms)
✔ rejects missing model boundary (0.127292ms)
✔ rejects multiple SQL (0.129625ms)
✔ rejects root query (0.110667ms)
✔ rejects duplicate ownership (0.102583ms)
✔ rejects CPU attribution (0.214709ms)
✔ rejects boundary guess (0.270083ms)
✔ rejects gap (0.195375ms)
✔ rejects overlap (0.13475ms)
✔ rejects failure (0.114375ms)
✔ rejects invalid wait (0.096459ms)
✔ phase proof covers success, conditional conflict and all audit reads without declaring latency/cleanup acceptance (2.659875ms)
✔ cold 409 gate requires matching cold phase flags and successful runtime initialization (4.392916ms)
✔ new account gate requires nested hook, Prisma query, first driver query and checkout on every request (0.470333ms)
✔ account gate rejects missing (0.426ms)
✔ account gate rejects duplicate (0.436208ms)
✔ account gate rejects failure (0.207292ms)
✔ account gate rejects wait-boundary (0.17525ms)
✔ account gate rejects timestamp (0.579875ms)
✔ account gate rejects outside-hook (0.190959ms)
✔ phase proof rejects foreign-invocation (0.154959ms)
✔ phase proof rejects missing-transaction (0.106ms)
✔ phase proof rejects conflict-code (0.092708ms)
✔ phase proof rejects missing-http (0.044583ms)
✔ phase proof rejects other-run (0.032167ms)
✔ bounded sampler requires physical Init Duration as well as application cold phases and retains client metrics (0.5865ms)
✔ bounded sampler rejects foreign-report (0.180542ms)
✔ bounded sampler rejects duplicate-report (0.225875ms)
✔ bounded sampler rejects no-socket-metrics (0.182625ms)
✔ bounded sampler rejects missing-body (0.126333ms)
✔ bounded sampler rejects over-budget (0.098833ms)
✔ bounded sampler rejects missing-audit (0.115834ms)
✔ client preparation requires actual dispatch, cold adapter suffix and leaves warm adapter timings absent (0.624709ms)
✔ client preparation rejects missing prepare (0.1925ms)
✔ client preparation rejects settlement is not driver dispatch (0.182333ms)
✔ client preparation rejects preparation after driver start (0.160708ms)
✔ client preparation rejects cold missing suffix (0.158541ms)
✔ client preparation rejects suffix outside preparation (0.14875ms)
✔ client preparation rejects wrong invocation (0.135417ms)
✔ client preparation cannot bypass account phase checks (0.117ms)
✔ engine CPU mode proves preparation before model, preserves driver boundary and refuses old lazy ownership (1.6095ms)
✔ runtime assembly opt-in preserves both engine ownership modes and rejects old partial runtime receipts (2.953541ms)
✔ parent phase Gate requires engine/runtime and C1 settlement before queries; C0 refuses candidate phases (0.813583ms)
✔ new contract-load split opt-in cannot reuse an older unsplit target receipt (0.079167ms)
✔ success audits bind precisely and conflicts never have a success audit (0.328709ms)
✔ audit proof rejects duplicate (0.244708ms)
✔ audit proof rejects wrong-version (30.238625ms)
✔ audit proof rejects conflict-success (0.099041ms)
✔ Gateway overlap cannot conceal serialized Lambda executions (1.11675ms)
✔ three races accept either winner, bind every successful write to audit and advance once per version (43.277125ms)
✔ early failure still drains the late sibling before readback and never retries or reports PASS (2.866875ms)
✔ race fails closed for double-winner (5.057375ms)
✔ race fails closed for gateway-id (13.9195ms)
✔ race fails closed for audit-id (18.899083ms)
✔ foreign context fails before dispatch or receipt writes (0.314167ms)
✔ historical read scope rejects any resource outside the exact sealed old contract before live calls (0.086291ms)
✔ read-only completion accepts only all six settled exact successful PATCH receipts (0.680667ms)
✔ cleanup/completion guard rejects unknown-write (0.174375ms)
✔ cleanup/completion guard rejects foreign-site (0.082959ms)
✔ cleanup/completion guard rejects wrong-account (0.072542ms)
✔ cleanup/completion guard rejects unfinished (0.070417ms)
✔ cleanup/completion guard rejects gateway-id (0.073708ms)
✔ log projection redacts payload/error details and rejects unrecognized events (0.446542ms)
✔ serialized AWS log projection preserves closed event names through the 20-sequence Gate (1.0515ms)
✔ specific redelivery needs matching SQS ID, final disposition and durable duplicate receipt (0.11075ms)
✔ 20 sequence stage Gate rejects incomplete coverage and unrelated device evidence (0.381375ms)
✔ completed Build result tolerates delayed/truncated CloudWatch visibility and transient read failure without rerunning SQL (0.602666ms)
✔ wrong/multiple/failed frames and AccessDenied reject immediately, absent result fails closed after bounded reads (0.389375ms)
✔ expired SSO is a terminal authentication condition, never a transient log retry (0.076583ms)
✔ CloudWatch 250000-character fragments reassemble exact source-bound metadata without accepting truncation or another frame (5.608458ms)
✔ large fixture observations round-trip through bounded gzip without losing metadata (8.295584ms)
✔ compressed fixture frames reject corruption, noncanonical data and decompression bombs (24.824666ms)
✔ compressed metadata still requires the exact expected source/build/action binding (13.969291ms)
✔ fixed manifest rejects unsafe SQL identifiers, missing hash and duplicates (0.521125ms)
✔ migration comparison distinguishes missing, tampered, unfinished and rolled-back migrations (0.145084ms)
✔ snapshot uses repeatable read/read only, timeouts, fixed SELECTs and always rolls back (0.3425ms)
✔ writable transaction rejected before business queries and rolled back (0.178375ms)
✔ query failure rolls back instead of yielding partial PASS (0.11425ms)
✔ dedicated query project never changes migration project or passes StartBuild overrides (25.096209ms)
✔ legacy onboarding rows without CSR columns require reconciliation before migration (0.113375ms)
✔ query success preserves real migration BLOCKED instead of promoting readiness (1.099667ms)
✔ wrong build, writable transaction, unbound hash and fabricated migration PASS rejected (6.208041ms)
✔ missing table count cannot become complete SQL evidence (1.258166ms)
✔ explicit manual false overrides repository true and preserves capacity/immediate context (0.62125ms)
✔ manual deployment rejects branch/SHA, missing mode, phase drift and unsupported events before cloud work (0.149875ms)
✔ push keeps existing resolved defaults but cannot ignore explicit invalid input (0.067792ms)
✔ input pair gate never implies target acceptance and rejects SHA/config/context/duplicate run drift (0.246792ms)
✔ workflow records input receipt before verification/AWS and never interpolates manual input into shell (0.2275ms)
✔ C0/C1 same SHA and engine=true differ only preconnect; push cannot turn candidate on (0.218708ms)
✔ R0/R1 input pair binds same SHA and budget, differs only account read; push always off (1.013458ms)
✔ entity merge requires actual decisions on both viewports, scoped devices, versions and cleanup (0.652209ms)
✔ certificate merge cannot use review-only parent to claim real dual-channel certificate entity (0.104334ms)
✔ request UUID is durable before a single dispatch and credentials never enter receipts (25.771458ms)
✔ failed AWAIT_HEADERS preserves correlation without retry (0.394292ms)
✔ failed READ_BODY preserves correlation without retry (0.123875ms)
✔ malformed JSON cannot become a successful HTTP receipt (0.1875ms)
✔ socket events split DNS/TCP/TLS; receipts contain no URL, authorization or socket details (2.059ms)
✖ real delayed body is measured separately; a reused connection has absent DNS/TCP/TLS, not invented zeros (25.27525ms)
✖ total deadline aborts an unfinished response body; no complete-body receipt or retry (1.805334ms)
✔ injected fetch cannot masquerade as detailed socket observation (0.284333ms)
✔ layout diagnostic fails closed before AWS calls for foreign, finished or unbound fixtures (1.062333ms)
✔ diagnostic cleanup retains all actions and fails closed: absent (1.039041ms)
✔ diagnostic cleanup retains all actions and fails closed: still-present (0.112958ms)
✔ diagnostic cleanup retains all actions and fails closed: read-denied (0.107959ms)
✔ diagnostic cleanup retains all actions and fails closed: signout-failed (0.127708ms)
✔ diagnostic cleanup retains all actions and fails closed: delete-failed (0.155625ms)
✔ snapshot must be available encrypted manual and exact whitelist cannot expand (0.937291ms)
✔ real local SQL retires exactly two jobs/requests and preserves every other table (1489.282292ms)
✔ live status drift aborts with original rows intact (501.650791ms)
✔ unexpected cascade/trigger changing a preserved table rolls back all deletes (435.372167ms)
✔ valid HTTP writes cannot be inflated by malformed, wrong role, wrong method or failed requests (0.998209ms)
✔ target License wire sequence proves ExpiringSoon renewal and Renewed activation using real handlers and PostgreSQL (1644.201125ms)
✔ planner never dispatches and matchable inputs never accept P95 or causal benefit (2.323917ms)
✔ pair rejects drift or missing proof sourceCommit (0.221666ms)
✔ pair rejects drift or missing proof memoryMiB (0.067208ms)
✔ pair rejects drift or missing proof architecture (0.050125ms)
✔ pair rejects drift or missing proof poolMax (0.059666ms)
✔ pair rejects drift or missing proof actorRole (0.044875ms)
✔ pair rejects drift or missing proof accountState (0.039333ms)
✔ pair rejects drift or missing proof operationId (0.041667ms)
✔ pair rejects drift or missing proof expectedStatus (0.054ms)
✔ pair rejects drift or missing proof authenticatedPreconnect (0.08775ms)
✔ pair rejects drift or missing proof engineCpuDiagnosis (0.053125ms)
✔ pair rejects drift or missing proof artifactSetSha256 (0.039084ms)
✔ pair rejects drift or missing proof lambdaCount (0.061375ms)
✔ pair rejects drift or missing proof cleanupGate (0.035125ms)
✔ pair rejects drift or missing proof source (0.028625ms)
✔ pair rejects drift or missing proof coldProofGroup (0.024208ms)
✔ pair rejects drift or missing proof naturalCold409Count (0.035417ms)
✔ pair rejects drift or missing proof platformInitDurationMs (0.039667ms)
✔ pair rejects drift or missing proof clientSplitGate (0.034125ms)
✔ pair rejects drift or missing proof firstCheckoutOwned (0.031667ms)
✔ pair rejects drift or missing proof startedAt (0.031458ms)
✔ actual receipt loader rejects byte drift and directory escape before reading semantic proof (2.666958ms)
✔ matched independent sampling stays distinct from baseline and cannot accept a missing group (0.098666ms)
✔ recovery sub-gate checks all preserved tables without accepting full QA09 (1.468708ms)
✔ version mismatch, missing migration and changed certificate/other business data fail closed (0.926ms)
✔ retirement evidence cannot hide wrong deleted IDs or lose preservation proof (0.601333ms)
✔ retirement project has fixed source and never modifies readonly/migration runner (25.23275ms)
✔ real Sync observation redacts secret domains and cannot treat delivery as firmware verification (0.504709ms)
✔ receipt runner sends only RECEIVED and redacts complete snapshots even with device password hashes (0.407167ms)
✔ receipt runner fails closed for mismatched snapshots and refused confirmation (0.137416ms)
✔ 117 elements require both real viewport receipts (5.719709ms)
✔ one failure fails all elements in the affected behavior group (1.204084ms)
✔ Active dependent operations are explicit NOT_RUN, not successful disabled checks (0.535458ms)
✔ duplicate, foreign and invalid viewport receipts fail closed (0.59225ms)
✔ Defer and Reject failures also block the browser Gate (0.827875ms)
✔ CSV proof rejects empty, foreign and malformed downloads while parsing quoted data (0.243292ms)
✔ reopens own TLS session after same-clientId negative probe and closes on failure (0.682584ms)
✔ foreign MQTT scope is rejected before connection (0.088125ms)
✔ S3 fallback accepts exact owned version cleanup and rejects bucket, customer and pagination expansion (0.505166ms)
✔ export scope rejects a foreign device before API, AWS or output writes (0.554167ms)
✔ domain cleanup refuses live run, foreign customer name, missing DB cleanup and out-of-scope objects (1.566125ms)
✔ unseeded identity cleanup rejects unfinished, foreign, seeded and pre-existing admin ledgers (0.803209ms)
✔ Cognito canonical UUID is allowed only with exact own email and creation within this failed run (0.259833ms)
✔ P95 uses all actual samples and rejects empty or invalid measurements (0.43ms)
✔ complete P95 excludes censored timeouts and refuses partial sample acceptance (0.105708ms)
✔ performance summary refuses to report P95 PASS for missing or incomplete actual samples (54.88225ms)
✔ read-only pool probe distinguishes one connection, recovery and incomplete capacity acceptance (1.875292ms)
✔ observed connection-budget violation refuses a pool PASS receipt (0.622875ms)
✔ foreign probe application name is rejected before database access (0.064667ms)
✔ CPU ancestry attributes minified constructor and compile samples exclusively (0.865791ms)
✔ curl metrics differences preserve boundaries and reject bad ordering or nonfinite values (0.992709ms)
✔ curl probes are six bounded verified GETs with no credential/config/retry path; proxy prevents dispatch (1.383ms)
✔ curl failures retain siblings and discard raw error text (0.189417ms)
✔ scheduled publishing overlaps slow PUBACK and drains failures without abandoning in-flight writes (19.309583ms)
✔ only exact test account and readonly role accepted (0.48425ms)
✔ stack identity, region, project and test tag fail closed (0.110042ms)
✔ permission denial is unverified, never classified as absent (0.108416ms)
✔ metadata health never promotes missing business evidence to AWS PASS (0.225958ms)
✔ five groups with unconfirmed or disabled users do not prove usable identities (0.075084ms)
✔ missing target receipts and version mismatch remain blockers (0.072167ms)
✔ existing test environment requires neither new account nor stack and retains real-response/cleanup boundaries (0.257292ms)
✔ real sub-scope acceptance cannot claim whole QA09 (0.930042ms)
✔ unfinished execution, missing role probe and failed assertion rejected (0.140041ms)
✔ missing cleanup, wrong target, secrets and source tampering rejected (0.854333ms)
✔ identity cleanup only accepts this run and the five known role identities (0.437792ms)
✔ record cleanup requires exact run namespace, not merely a partial prefix (0.093666ms)
✔ recovery excludes explicitly later own SLO records without waiving original bytes or deadlines (4.407208ms)
✔ later record exemption never includes other devices or customers (4.966125ms)
✔ site compensation rejects foreign-route before any AWS command (171.896958ms)
✔ site compensation rejects failed-cleanup before any AWS command (174.206416ms)
✔ site compensation rejects unbound-parent before any AWS command (157.923292ms)
✔ remaining target rejects foreign fixture before an API or database call (0.913583ms)
✔ unproved license activation fails legal stage and independent stage failures remain explicit without credentials (1.148291ms)
✔ per-request service throttling requires both unique IDs and bound access-row time/status, never minute metrics (0.871084ms)
✔ QA09 rollout separates logging, budget and event publication and rejects silent phase mistakes (0.696792ms)
✔ engine CPU diagnosis is explicit and only allowed after pool budget rollout (0.090416ms)
✔ runtime assembly has ordered nested CPU intervals without additive initialization totals (3.1305ms)
✔ runtime proof rejects absent, duplicate, failed, foreign IDs, overlap, bad CPU and invalid durations (0.411708ms)
✔ security retest rejects foreign fixture before any credential or live API access (0.563667ms)
✔ six tampered tokens require HTTP rejection and keep credentials out of receipt (0.743916ms)
✔ unknown seed outcome requires observed complete own set or proven empty set, never a blind retry (0.859875ms)
✔ semantic SQL creates two scoped read models without lifecycle or authentication claims and refuses reuse (1213.588458ms)
✔ semantic SQL refuses scope/state drift: lifecycle_status='Active' (170.338417ms)
✔ semantic SQL refuses scope/state drift: site_id=NULL (175.091375ms)
✔ semantic SQL refuses scope/state drift: customer_id='22222222-2222-2222-2222-222222222222' WHERE customer_id='11111111-1111-1111-1111-111111111111' (168.371334ms)
✔ semantic SQL refuses scope/state drift: name='outside' (162.927667ms)
✔ platform exports require the exact ledger and own frozen filters; foreign jobs remain unchanged (224.813834ms)
✔ business session cleanup never accepts a foreign email id role scope or lifecycle (0.585084ms)
✔ session fixtures require exact own customer and site binding before cleanup (0.105458ms)
✔ complete narrow real-environment scope never accepts full QA09 (1.290875ms)
✔ missing mTLS, shared keys, different ingress/archive bytes and missing cleanup fail closed (0.734958ms)
✔ CodeBuild inline source fits service limit and decompresses to exact reviewed bytes (40.022167ms)
✔ exact own-ten plan rejects expansion, historical identity and wrong customer namespace (20.003417ms)
✔ real SQL creates exact fixtures and cleanup preserves original devices/certificates (794.082125ms)
✔ unexpected original-data trigger mutation rolls back fixture creation (463.338792ms)
✔ processing provisioning job prevents cleanup without deleting any own devices (435.655917ms)
✔ CSR proofs bind method, path, request ID, timestamp, nonce and independent key (81.4385ms)
✔ closed-fixture audit and request outbox cleanup require ledger and preserve unrelated events (426.14075ms)
✔ closed-fixture access rejects missing approval audit and live customer (425.099167ms)
✔ unseeded capacity attempt has read-only empty audit with deleted customers and fixed original baseline (426.677833ms)
✔ business-only Onboarded fixtures preserve original rows, refuse reuse and make no certificate/authentication claim (428.06675ms)
✔ unseeded timeout audit reads only exact prefix and cannot mutate original or retry customer creation (419.664375ms)
✔ active lifecycle fixture changes exactly two own states and never claims a natural path (421.747709ms)
✔ capacity probe executes a read-only transaction and leaves fixture and original rows unchanged (427.688542ms)
✔ review-only mode cannot run without an explicit review hook or with unknown options (0.460833ms)
✔ fixture CLI distinguishes expired SSO from authorization rejection and transport timeouts (0.157041ms)
✔ TLS diagnostic bounds independent reads to 12 and six concurrent; fake observations cannot claim real target source (49.314417ms)
✔ TLS diagnostic retains settled siblings, missing samples and unexpected HTTP/authentication as PARTIAL (2.979042ms)
✔ version binding preserves prior defaults and accepts exact new target (0.814208ms)
✔ invalid version input is rejected before any AWS operation (0.154208ms)
✔ all delivered writes have an explicit permission and own or absent object path (0.672667ms)
✔ identical claims still change signed payload bytes rather than unused base64 signature bits (0.726375ms)
✔ Gateway 403 rejects tampered signatures while protected 2xx must fail (1.851208ms)
✔ quick has exact cadence, 24 historical hours, 30x burst, 5% duplicates and 2% delayed delivery (3.308708ms)
✔ full plan contains 86400 historical Telemetry samples for 10 devices at 10-second cadence (431.690458ms)
✔ unknown profile fails closed (0.185125ms)
✔ P95 uses nearest rank and does not mutate input (0.137292ms)
✔ invalid latency  rejected (0.058708ms)
✔ invalid latency NaN rejected (0.034083ms)
✔ invalid latency Infinity rejected (0.033459ms)
✔ invalid latency -1 rejected (0.043125ms)
✔ independent checker verifies count average min max and UTC buckets (0.219125ms)
✔ complete reliability proof passes (0.781334ms)
✔ Gate rejects missing trace (0.4315ms)
✔ Gate rejects duplicate trace (0.526083ms)
✔ Gate rejects failed cleanup (0.501708ms)
✔ Gate rejects wrong profile (0.418458ms)
✔ Gate rejects wrong cadence (0.412083ms)
✔ Gate rejects untracked loss (0.405959ms)
✔ Gate rejects duplicate business row (0.42175ms)
✔ Gate rejects missing archive (0.406167ms)
✔ Gate rejects missing reorder (0.396875ms)
✔ Gate rejects missing retry (0.388625ms)
✔ Gate rejects unresolved gap (0.367959ms)
✔ Gate rejects worker not paused (0.373ms)
✔ Gate rejects no backlog (0.360333ms)
✔ Gate rejects unscoped replay (0.356ms)
✔ Gate rejects duplicate MQTT publish (0.366791ms)
✔ Gate rejects late ACK changed terminal state (0.366125ms)
✔ Gate rejects telemetry P95 failed (0.40125ms)
✔ Gate rejects command P95 failed (0.302583ms)
✔ Gate rejects NaN P95 (0.29175ms)
✔ Gate rejects missing latency samples (0.297958ms)
✔ security receipt accepts complete execution and all observed acceptance proofs (1.955084ms)
✔ execution fails closed: deleted required test (0.452375ms)
✔ execution fails closed: missing file (0.091542ms)
✔ execution fails closed: pending test (0.075833ms)
✔ execution fails closed: failed test (1.1675ms)
✔ proof fails closed: missing proof (0.142542ms)
✔ proof fails closed: reused prefix (0.092083ms)
✔ proof fails closed: cleanup incomplete (0.092959ms)
✔ proof fails closed: expired JWT accepted (0.096167ms)
✔ proof fails closed: missing write operation (0.109875ms)
✔ proof fails closed: forged identity accepted (0.18425ms)
✔ proof fails closed: route resolved before auth (0.138583ms)
✔ proof fails closed: cross tenant allowed (0.381375ms)
✔ proof fails closed: unauthorized side effect (0.240875ms)
✔ proof fails closed: prototype pollution (0.207958ms)
✔ proof fails closed: malicious media signed (0.207375ms)
✔ proof fails closed: malicious media persisted (0.172083ms)
✔ proof fails closed: leak ignored (0.21625ms)
✔ proof fails closed: unscanned audit (0.2875ms)
✔ proof fails closed: unscanned snapshot (0.372458ms)
✔ proof fails closed: partial response scan (0.275084ms)
✔ independent scanner rejects nested secrets raw JWT Error private key and signed URL without echoing values (1.235833ms)
✔ scanner detects opaque canary leakage and permits null redacted values and public certificate (0.060209ms)
ℹ tests 680
ℹ suites 0
ℹ pass 677
ℹ fail 3
ℹ cancelled 0
ℹ skipped 0
ℹ todo 0
ℹ duration_ms 7540.590958

✖ failing tests:

test at scripts/device-simulator-mtls.test.mjs:15:1
✖ local TLS broker: 10 independent certificate sessions, QoS1, downlinks, reconnect and broker ACL rejection (93.948708ms)
  Error: listen EPERM: operation not permitted ::1
      at Server.setupListenHandle [as _listen2] (node:net:1918:21)
      at listenInCluster (node:net:1997:12)
      at GetAddrInfoReqWrap.callback (node:net:2206:7)
      at GetAddrInfoReqWrap.onlookupall [as oncomplete] (node:dns:134:8) {
    code: 'EPERM',
    errno: -1,
    syscall: 'listen',
    address: '::1'
  }

test at scripts/qa09-https-transport.test.mjs:74:1
✖ real delayed body is measured separately; a reused connection has absent DNS/TCP/TLS, not invented zeros (25.27525ms)
  Error: listen EPERM: operation not permitted 127.0.0.1
      at Server.setupListenHandle [as _listen2] (node:net:1918:21)
      at listenInCluster (node:net:1997:12)
      at node:net:2206:7
      at process.processTicksAndRejections (node:internal/process/task_queues:89:21) {
    code: 'EPERM',
    errno: -1,
    syscall: 'listen',
    address: '127.0.0.1'
  }

test at scripts/qa09-https-transport.test.mjs:97:1
✖ total deadline aborts an unfinished response body; no complete-body receipt or retry (1.805334ms)
  Error: listen EPERM: operation not permitted 127.0.0.1
      at Server.setupListenHandle [as _listen2] (node:net:1918:21)
      at listenInCluster (node:net:1997:12)
      at node:net:2206:7
      at process.processTicksAndRejections (node:internal/process/task_queues:89:21) {
    code: 'EPERM',
    errno: -1,
    syscall: 'listen',
    address: '127.0.0.1'
  }
 ELIFECYCLE  Command failed with exit code 1.
 ELIFECYCLE  Test failed. See above for more details.
 ELIFECYCLE  Command failed with exit code 1.
