 Test Files  167 passed (167)
      Tests  1358 passed (1358)
ℹ tests 302
ℹ pass 302
ℹ fail 0
ℹ tests 507
ℹ pass 506
ℹ fail 1
✖ failing tests:

test at scripts/device-simulator-mtls.test.mjs:15:1
✖ local TLS broker: 10 independent certificate sessions, QoS1, downlinks, reconnect and broker ACL rejection (198.994166ms)
  Error: listen EPERM: operation not permitted ::1
      at Server.setupListenHandle [as _listen2] (node:net:1918:21)
      at listenInCluster (node:net:1997:12)
      at GetAddrInfoReqWrap.callback (node:net:2206:7)
      at GetAddrInfoReqWrap.onlookupall [as oncomplete] (node:dns:134:8) {
    code: 'EPERM',
    errno: -1,
    syscall: 'listen',
    address: '::1'
  }
 ELIFECYCLE  Command failed with exit code 1.
 ELIFECYCLE  Test failed. See above for more details.
 ELIFECYCLE  Command failed with exit code 1.
