
> food-digester-platform@0.0.0 test:scripts /Users/anray/Documents/project/hiddenjoyacom/food-digester-platform
> node --import tsx --test scripts/*.test.mjs

✔ bootstrap input is bound to the normalized email and never accepts a password (0.755792ms)
✔ successful bootstrap creates Cognito identity before committing linked database user (0.193209ms)
✔ non-pristine Cognito or database fails before any mutation (0.183709ms)
✔ database failure deletes Cognito identity and records compensated failure (0.189625ms)
✔ failed Cognito compensation keeps reconciliation required (0.1045ms)
✔ source approval requires exact SHA and packager embeds committed SHA (5952.974334ms)
✔ runner without approved source fails closed without leaking configuration (26.423625ms)
✔ serial and parallel repeated browser receipts are validated (3.567875ms)
✔ fail closed: missing required flow (0.166125ms)
✔ fail closed: skipped execution (0.098667ms)
✔ fail closed: flaky execution (0.081375ms)
✔ fail closed: retry hides failure (0.097083ms)
✔ fail closed: unexpected error (0.080208ms)
✔ fail closed: missing isolated trace (0.077417ms)
✔ fail closed: data prefix reused (0.837834ms)
✔ fail closed: context cleanup failed (0.147ms)
✔ fail closed: unmocked network request (0.127792ms)
✔ fail closed: missing role proof (0.179875ms)
✔ fail closed: wrong route permission (0.16825ms)
✔ fail closed: Auditor OTA write enabled (0.154ms)
✔ fail closed: missing MFA assertion (0.534041ms)
✔ fail closed: missing conflict response (0.207125ms)
✔ fail closed: missing forbidden response (0.155458ms)
✔ fail closed: missing repeat (0.066833ms)
✔ repeat traces cannot duplicate the first execution (0.128375ms)
✔ manifest exactly matches independent Playwright discovery (467.670375ms)
✔ discovery fails closed: missing case (0.495792ms)
✔ discovery fails closed: extra case (0.191542ms)
✔ discovery fails closed: duplicate replacing required case (0.160666ms)
✔ old Viewer permission cannot pass the updated matrix (0.343958ms)
✔ required behavioral proof cannot be missing: QA-09 设备管理长别名和序列号在375px完整换行且不裁切 (0.231542ms)
✔ required behavioral proof cannot be missing: H-01 API 拒绝停用会话后清除浏览器会话并返回登录 (0.137542ms)
✔ required behavioral proof cannot be missing: M-01 CustomerViewer 从菜单查询设备用户详情，全部写入口隐藏 (0.119541ms)
✔ required behavioral proof cannot be missing: UI redesign: all business routes at 1366x768 (0.140667ms)
✔ required behavioral proof cannot be missing: UI redesign: all business routes at 1440x900 (0.348083ms)
✔ required behavioral proof cannot be missing: UI redesign: all business routes at 1920x1080 (0.137625ms)
✔ required behavioral proof cannot be missing: QA05 login SRP MFA error success logout without persisting password (0.139875ms)
✔ required behavioral proof cannot be missing: QA05 ESG cursor totals export snapshot timezone and empty state (0.105416ms)
✔ required behavioral proof cannot be missing: QA05 Command dangerous confirmation terminal result and publish failure (0.103833ms)
✔ required behavioral proof cannot be missing: QA05 Media expiry renew 403 and audit read-only zero writes (0.096167ms)
✔ serial and repeated phases require all 108 independent prefixes (0.346584ms)
✔ phase budget accounts for startup, executions and worker slots, with a finite ceiling (0.049833ms)
✔ invalid phase budget rejected: repeat=0 workers=1 (0.0375ms)
✔ invalid phase budget rejected: repeat=1 workers=0 (0.02225ms)
✔ invalid phase budget rejected: repeat=0.5 workers=1 (0.020042ms)
✔ invalid phase budget rejected: repeat=1 workers=0.5 (0.02675ms)
✔ invalid phase budget rejected: repeat=Infinity workers=1 (0.033417ms)
✔ invalid phase budget rejected: repeat=1 workers=NaN (0.024708ms)
✔ real child-process timeout is classified and cannot create a successful phase (52.524625ms)
✔ failed/killed process cannot pass: status=1 (0.064208ms)
✔ failed/killed process cannot pass: status=null (0.032667ms)
✔ spawn errors reject without disclosing raw process error details (0.19175ms)
✔ successful process may proceed to the strict report and trace validator (0.070584ms)
✔ 真实 OpenAPI 片段可确定性打包且无外部引用 (51.47625ms)
✔ bundle 新鲜度检查拒绝缺失或过期产物 (81.09825ms)
✔ 失败示例：非法 OpenAPI 版本与缺少 responses 被拒绝 (0.162ms)
✔ 失败示例：全局重复 operationId 被拒绝 (0.078625ms)
✔ 失败示例：非法 parameter 与 Schema 被拒绝 (0.11475ms)
✔ 仓库提交的统一 bundle 与当前片段一致 (23.303708ms)
✔ scoped Gate accepts the archived real-target receipt, without promoting full acceptance (24.913042ms)
✔ scoped Gate rejects missing role (9.168416ms)
✔ scoped Gate rejects wrong SHA (13.951125ms)
✔ scoped Gate rejects unverified Lambda (6.869292ms)
✔ scoped Gate rejects runtime drift (23.283791ms)
✔ scoped Gate rejects mocked API (11.40625ms)
✔ scoped Gate rejects empty tenant (7.545458ms)
✔ scoped Gate rejects cross-Customer list leak (6.776209ms)
✔ scoped Gate rejects Viewer mutation accepted (8.3635ms)
✔ scoped Gate rejects expired old Token (8.049875ms)
✔ scoped Gate rejects two duplicate successes (6.374458ms)
✔ scoped Gate rejects two optimistic successes (6.643916ms)
✔ scoped Gate rejects bundled Firefox (7.436667ms)
✔ scoped Gate rejects missing browser-role case (7.040375ms)
✔ scoped Gate rejects persisted edit belongs to another record (7.115125ms)
✔ scoped Gate rejects forbidden page rendered as business page (40.740375ms)
✔ scoped Gate rejects missing screenshot (3.030041ms)
✔ scoped Gate rejects cleanup duplicate hides missing ID (16.650791ms)
✔ scoped Gate rejects cleanup incomplete (6.420708ms)
✔ scoped Gate rejects private credentials retained (7.457667ms)
✔ scoped Gate rejects scope promoted (19.301375ms)
✔ 当前管理后台源代码满足入口与组合根交付约束 (10.090417ms)
✔ 缺少入口和构建产物时失败关闭 (0.3155ms)
✔ FE-06 至 FE-19 任一任务或路由从事实源缺失时失败关闭 (4.285583ms)
✔ FE-11 至 FE-15 任一任务、路由或页面标识缺失时失败关闭 (5.695583ms)
✔ FE-06 至 FE-15 任一控制器或 operationId 缺失时失败关闭 (2.912208ms)
✔ FE-11 至 FE-15 控制器或 operationId 缺失时失败关闭 (2.889833ms)
✔ FE-16 至 FE-19 任一任务、路由、控制器、页面标识或 operationId 缺失时失败关闭 (3.807916ms)
✔ App 移除显式页面分支时失败关闭 (3.473667ms)
✔ 完整目标回执覆盖双提交、隔离环境、五角色、七路由、五闭环与清理 (53.730834ms)
✔ 缺路由、角色、闭环或审计拒绝角色时失败关闭 (66.558125ms)
✔ mock、泄露、短链持久化、危险操作与只读写请求均失败关闭 (28.526167ms)
✔ 缺失回执、双部署提交漂移、HEAD 不一致与未清理均失败关闭 (23.443625ms)
✔ 目标 Gate 是显式发布步骤且不进入普通 verify (0.214042ms)
✔ 完整回执覆盖双提交、隔离环境、五角色、五路由、四闭环、隐私、双语布局与清理 (73.57975ms)
✔ 缺路由、角色、闭环、locale 或 viewport 时失败关闭 (26.06475ms)
✔ mock、权限、并发、泄露或布局不合格时失败关闭 (82.112459ms)
✔ 缺失回执、双部署提交漂移、HEAD 不一致与未清理均失败关闭 (18.467042ms)
✔ 目标 Gate 是显式发布步骤且不进入普通 verify (0.247833ms)
✔ 完整路由、五角色、五业务闭环、租户、并发、敏感字段与清理回执通过 (0.911625ms)
✔ 缺路由、角色或业务闭环时失败关闭 (0.197208ms)
✔ Cognito、部署 API、跨租户、并发与敏感字段证据不满足约束时失败关闭 (0.102ms)
✔ 缺失回执、部署提交或 sourceCommit 不一致时失败关闭 (2.572917ms)
✔ 完整的 58 API、五角色、并发、ESG 与清理目标 AWS 回执通过 (0.82975ms)
✔ 58 个回执 operationId 与九份正式业务 OpenAPI 精确一致 (13.274042ms)
✔ API 缺项、角色缺项与跨 Customer 放行均失败关闭 (2.963375ms)
✔ 并发或 ESG 证据不满足生产约束时失败关闭 (0.122916ms)
✔ 缺失回执与 sourceCommit 不匹配均失败关闭 (1.551041ms)
✔ 完整覆盖 25 API、五角色、竞态、退役与导出的隔离 AWS 回执通过 (1.092708ms)
✔ 缺 operation、跨租户放行、竞态双成功、证书未失活与 MQTT/S3 缺口均失败关闭 (0.197917ms)
✔ operation 成功状态与负向状态集合不完整时失败关闭 (0.092125ms)
✔ 回执缺失、非法 JSON 或 sourceCommit 不一致时独立发布 Gate 失败 (0.610875ms)
✔ 完整 Archive、Replay、Summary 目标 AWS 回执通过 (0.777208ms)
✔ 缺探针、重复归档、Replay 复制业务行和空 Summary 均失败关闭 (0.2155ms)
✔ 缺少回执或提交不一致时独立 Gate 失败 (0.690792ms)
✔ 完整隔离 AWS 回执覆盖 8 Topic、负向路径、QA-03 与清理时通过 (3.245125ms)
✔ 缺 Topic、未知 Topic 命中、Error Action 未恢复和原文漂移均失败关闭 (0.186667ms)
✔ 未提供目标 AWS 回执时独立发布 Gate 明确失败 (0.512583ms)
✔ 回执必须对应待发布的精确 Git 提交 (0.326208ms)
✔ 完整的 15 API、角色、Cognito、并发、S3、Dashboard、审计与清理回执通过 (0.872959ms)
✔ 15 个 operationId 与六份正式 OpenAPI 精确一致 (0.772125ms)
✔ API、角色、租户或安全/并发探针缺口均失败关闭 (0.231958ms)
✔ 缺失回执与 sourceCommit 不匹配均失败关闭 (0.981125ms)
✔ 干净的依赖图通过检查 (1.457125ms)
✔ 共享包反向依赖 apps 被识别为边界违规 (0.823083ms)
✔ contracts 反向依赖 apps 被识别为边界违规 (0.575916ms)
✔ apps 之间互相依赖被识别为边界违规 (0.549625ms)
✔ 工作区循环依赖被检出 (3.2175ms)
✔ 非工作区依赖（外部 npm 包）不参与检查 (1.874209ms)
✔ 当前仓库通过边界与循环依赖检查 (3.212ms)
✔ CDK WARNING 与规则校验编号会触发 Gate (0.515791ms)
✔ 正常 synth 输出不会误报 (0.355958ms)
✔ 已交付 Lambda 缺失或回退到内联 501 占位时 Gate 失败 (0.153792ms)
✔ 已交付 Lambda 使用 S3 asset 时 Gate 通过 (0.052833ms)
✔ CMD/OTA 生产接线 Gate 对 Worker/调度任一缺失均失败关闭 (0.193208ms)
✔ CMD/OTA 生产接线 Gate 对 IoT/S3/KMS 权限缺失失败关闭 (0.2275ms)
✔ 真实登记文件：结构校验通过，并准确识别当前未决 DEC (1.550542ms)
✔ 真实契约版本文件：decisionRegisterVersion 与登记一致 (1.104542ms)
✔ 契约版本不一致被拒绝 (0.430416ms)
✔ 重复决策 ID 被拒绝（已知冲突必须有唯一决策 ID） (0.158167ms)
✔ 原则与决策之间 ID 也全局唯一 (0.094375ms)
✔ pending 决策携带批准人被拒绝 (0.058167ms)
✔ frozen 决策必须有批准人、批准时间和 >=1.0.0 版本 (0.09375ms)
✔ blockingTasks 为空或格式非法被拒绝 (0.074459ms)
✔ history 必须非空且末条版本与条目版本一致 (0.067041ms)
✔ 非 UTC 时间戳被拒绝 (0.090083ms)
✔ CLI validate 模式：真实文件退出码 0 且输出实际未决数；--fail-on-pending 按实际未决数返回 (0.991458ms)
✔ CLI：结构错误退出码 1 (0.666959ms)
✔ 追溯校验：合法 x-decision-versions 引用通过（Schema 可追溯到决策版本） (2.2525ms)
✔ 追溯校验：不存在的决策 ID 被拒绝 (1.165667ms)
✔ 追溯校验：引用版本与登记版本不一致被拒绝 (0.67925ms)
✔ 追溯校验：缺少 x-decision-versions 或格式非法被拒绝 (0.903333ms)
✔ 追溯校验：嵌套在 OpenAPI info 下的 x-decision-versions 可被递归发现 (0.826666ms)
✔ 已交付 API（含管理后台 P1）的 129 个 OpenAPI operation 与生产路由双向一致 (6.089959ms)
✔ 版本化已交付清单缺失、重复或引用不存在文件时失败关闭 (0.921125ms)
✔ 缺失、额外、重复及 method/path 漂移均失败关闭 (0.140792ms)
✔ CMD/OTA 治理 Gate 校验四份 REST 契约及 DEC-022/023 冻结状态 (6.542792ms)
✔ 有效链接、无易漂移计数且工具链配对正确时通过 (8.828375ms)
✔ 损坏的仓库内 Markdown 链接被拒绝 (0.9815ms)
✔ 陈旧测试计数或不兼容工具链声明被拒绝 (0.711375ms)
✔ 当前仓库 ENG/DB/DOM 与 IAC/AUTH/SEC 任务文档证据一致 (26.682875ms)
✔ BE-IOT-01～08 文档全部纳入默认链接与证据门禁 (0.109458ms)
✔ BE-ARC/RPL/ESG 四份文档及 P2 回归纳入默认证据门禁 (0.07725ms)
✔ 11 份管理后台业务文档全部纳入默认链接与证据门禁 (0.046625ms)
✔ BE-MED/RBAC/AUD/DASH/SET 五份文档纳入状态与 AWS 证据门禁 (0.038167ms)
✔ FE-06～FE-10 五份前端文档纳入四层状态与目标回执门禁 (0.054375ms)
✔ FE-11～FE-15 五份前端文档纳入四层状态与独立目标回执门禁 (0.074542ms)
✔ 前端任务文档拒绝缺层级、问题责任字段、目标 Gate 和 P1 陈旧描述 (0.085375ms)
✔ FE-11～FE-15 文档拒绝旧缺陷、任务级勾选及旧目标 Gate (0.056875ms)
✔ BE-MED/RBAC/AUD/DASH/SET 文档拒绝缺状态层、陈旧参数和设置生效误述 (0.061583ms)
✔ 管理后台业务文档拒绝缺证据引用和陈旧决策或部署说法 (0.048167ms)
✔ BE-ARC/RPL/ESG 文档拒绝缺审计快照和生产接线边界外旧说法 (0.039666ms)
✔ BE-IOT 文档拒绝缺少审计快照、Report P2002 与 Media 另路由旧说法 (0.067792ms)
✔ BE-IOT 严格负向探针必须保留为可定位的永久回归 (0.763917ms)
✔ 安全任务文档拒绝历史计数、缺少 verify 命令与陈旧 DEC-012 状态 (0.054375ms)
✔ 安全任务文档接受当前命令、审计快照引用与 frozen 决策 (0.033042ms)
✔ 当前仓库（DB-01 已落地）Migration 结构通过 (11.711292ms)
✔ schema.prisma 未落地时跳过并通过（骨架期行为） (0.237542ms)
✔ 失败示例：Schema 已存在但无任何 Migration（未提交 Migration） (0.449625ms)
✔ 失败示例：migrations/ 为空且缺少 migration_lock.toml (0.987083ms)
✔ 失败示例：Migration 目录名非法与空 migration.sql (1.072792ms)
✔ 合法 Migration 结构通过 (0.9135ms)
✔ 失败示例：已有旧 Migration 但 Schema 已变化且未登记快照 (0.678875ms)
✔ 真实矩阵通过完整性检查 (2.531541ms)
✔ 真实引用集合：41 个矩阵 API 与 13 个 routeId 全部可解析 (0.382416ms)
✔ index19.html 源清单：9 个菜单、12 个页面、128 个元素与矩阵双向覆盖 (0.311375ms)
✔ 真实矩阵：9 菜单、12 页面、每项均有处置结论 (0.235292ms)
✔ 被拒绝的实时流、明文密码、状态混用不携带实现任务 (1.426916ms)
✔ 矩阵的 x-decision-versions 可追溯到决策登记（DEC-007~012） (1.16475ms)
✔ 缺少菜单或页面被拒绝 (0.288334ms)
✔ 重复元素 ID 被拒绝 (0.0815ms)
✔ Adapt/Reject 缺少依据被拒绝 (0.0785ms)
✔ Adopt/Adapt 生产字段缺少 API 来源被拒绝 (0.10475ms)
✔ rejectCategory 项非 Reject 或携带实现任务被拒绝 (0.07775ms)
✔ 未知角色被拒绝（R7） (0.071709ms)
✔ 格式合法但不存在的 operationId、routeId 与响应字段被拒绝 (0.904834ms)
✔ planned operation 的任务归属漂移被拒绝 (0.28275ms)
✔ 源清单与矩阵任一侧删除元素均被双向覆盖检查拒绝 (2.204292ms)
✔ index19.html 内容变化但未重新盘点源清单时失败关闭 (1.718ms)
✔ 重复 operationId 与 routeId 被引用索引拒绝 (1.758375ms)
✔ CLI：真实矩阵退出码 0，违规矩阵退出码 1 (16.208416ms)
✔ remaining scope cannot replace full core, Active acceptance or failed cleanups (0.467417ms)
✔ 当前仓库全部 Schema、OpenAPI 片段与统一 bundle 通过引用校验 (108.934084ms)
✔ 失败示例：悬空内部 $ref 被拒绝 (0.690209ms)
✔ 失败示例：同目录相对 $ref 目标文件不存在被拒绝 (0.340458ms)
✔ 失败示例：JSON 语法损坏的 Schema 被拒绝 (0.3975ms)
✔ 失败示例：JSON Schema 2020-12 非法 type 被元 Schema 拒绝 (0.402083ms)
✔ 失败示例：OpenAPI 基座缺少 paths 被拒绝 (0.47625ms)
✔ 同目录相对 $ref 可解析时通过 (0.534291ms)
✔ 失败示例：PEM 私钥块被检出 (0.534417ms)
✔ 失败示例：AWS Access Key ID 被检出 (0.067458ms)
✔ 失败示例：GitHub 令牌被检出 (0.050542ms)
✔ 失败示例：Slack 令牌被检出 (0.04625ms)
✔ 正常内容不误报 (0.359333ms)
✔ 失败示例：未跟踪且未忽略文件中的私钥也被扫描 (53.097625ms)
✔ 当前仓库通过敏感信息扫描 (2156.552958ms)
✔ 生产源码直接 console 与 raw trace API 均被拒绝 (5.682083ms)
✔ 测试目录可使用 console，生产统一 logger 允许 (1.808667ms)
✔ 当前仓库生产源码通过 sink 门禁 (149.596542ms)
✔ QA-02 MQTT heartbeat: all valid/invalid fixtures, missing meta and type mutation (6.000375ms)
✔ QA-02 MQTT telemetry: all valid/invalid fixtures, missing meta and type mutation (1.980416ms)
✔ QA-02 MQTT report: all valid/invalid fixtures, missing meta and type mutation (2.909792ms)
✔ QA-02 MQTT alarm: all valid/invalid fixtures, missing meta and type mutation (1.630792ms)
✔ QA-02 MQTT event: all valid/invalid fixtures, missing meta and type mutation (0.865917ms)
✔ QA-02 MQTT ack: all valid/invalid fixtures, missing meta and type mutation (1.4625ms)
✔ QA-02 MQTT tamper: all valid/invalid fixtures, missing meta and type mutation (1.125584ms)
✔ QA-02 MQTT media: all valid/invalid fixtures, missing meta and type mutation (1.011792ms)
✔ QA-02 MQTT cmd: all valid/invalid fixtures, missing meta and type mutation (2.046625ms)
✔ QA-02 MQTT ota: all valid/invalid fixtures, missing meta and type mutation (2.131666ms)
✔ QA-02 MQTT notification: all valid/invalid fixtures, missing meta and type mutation (2.466333ms)
✔ MQTT semantic hash, discriminator and UTC calendar errors fail closed (0.457917ms)
✔ full REST response: field deletion/type mutation/envelope/date/errors/status/headers are enforced (2.834125ms)
✔ REST request validation: required body/path/query/header, optional Sync, bodyless Deactivate, no type coercion in JSON (3.160583ms)
✔ all device operations and declared response JSON Schemas compile; stable error catalog has no duplicates (19.948625ms)
✔ predecessor MQTT is compatible; known REST break requires exact version and frozen DEC approvals (24.901208ms)
✔ breaking contract mutations fail: removing fields/operations/status, changing type/required/security (51.681834ms)
✔ receipt coverage gate fails closed for missing operations/statuses, no valid request and forged records (0.296375ms)
✔ archived CSR upgrade mapping still verifies original baselines without rewriting history (2.335041ms)
✔ QA04 coverage Gate accepts complete matrix and proofs (0.797417ms)
✔ QA04 coverage Gate rejects missing domain (0.224833ms)
✔ QA04 coverage Gate rejects no negative path (0.122958ms)
✔ QA04 coverage Gate rejects untrusted handler (0.0885ms)
✔ QA04 coverage Gate rejects missing role (3.164167ms)
✔ QA04 coverage Gate rejects cross-tenant leak (0.588583ms)
✔ QA04 coverage Gate rejects two write winners (1.221292ms)
✔ QA04 coverage Gate rejects duplicate audit (0.77275ms)
✔ QA04 coverage Gate rejects rollback missing (0.35ms)
✔ QA04 coverage Gate rejects unclean resource (0.822291ms)
✔ QA04 coverage Gate rejects reused isolation (0.13975ms)
✔ QA04 coverage Gate rejects no observed replay (0.14425ms)
✔ QA04 required acceptance cases are enforced (7.609667ms)
✔ QA04 skipped assertion fails execution Gate (0.187833ms)
✔ QA04 removed state-machine assertion fails coverage Gate (0.507459ms)
✔ migration source requires exact approved commit (0.45075ms)
✔ migration connection requires complete secret and verified TLS; special credentials are encoded (0.166792ms)
✔ database verification derives every mapped Prisma table (0.435875ms)
✔ runner without approved source fails without reporting credentials or driver details (33.664542ms)
✔ source packager archives committed tree, includes exact SHA and refuses overwriting ZIP (5806.821583ms)
✖ local TLS broker: 10 independent certificate sessions, QoS1, downlinks, reconnect and broker ACL rejection (98.760625ms)
✔ 10 concurrent sessions: all topics, exact 5% duplicates / 2% delayed telemetry, replay and isolated bad Schema (142.453958ms)
✔ cross-device publish, subscribe, receive and wildcard denied (0.494125ms)
✔ invalid configuration, OTA transitions and test credential gate fail closed (0.517ms)
✔ scripted failed command, missing target mapping and illegal downlink do not generate mixed ACK (0.224667ms)
✔ all sessions close when one transport fails; no successful receipt (73.811292ms)
✔ MQTT adapter rejects SUBACK denial and connection failures (0.21075ms)
✔ CLI creates offline receipt and refuses ungated mqtts before reading credential paths (425.638042ms)
✔ CDK wrapper accepts synth/diff and requires explicit deploy stack (0.752209ms)
✔ CDK wrapper builds the whole workspace and fails closed on build errors (0.119666ms)
✔ CDK wrapper uses local SSO but requires OIDC credentials in GitHub Actions (0.075834ms)
✔ QA03 Gate accepts complete local integration receipt (2.3935ms)
✔ QA03 Gate rejects missing scenario (0.185375ms)
✔ QA03 Gate rejects unclean resources (0.0845ms)
✔ QA03 Gate rejects reused isolation prefix (0.081958ms)
✔ QA03 Gate rejects lost message (0.088333ms)
✔ QA03 Gate rejects duplicate business record (0.10975ms)
✔ QA03 Gate rejects missing raw proof (0.078666ms)
✔ QA03 Gate rejects missing fault probe (0.800542ms)
✔ receipt covers all 128 decisions in two viewports (1.794333ms)
✔ fail closed: missing page (0.283958ms)
✔ fail closed: skipped case (1.167541ms)
✔ fail closed: flaky success (0.628917ms)
✔ fail closed: retry (0.238917ms)
✔ fail closed: unexpected external network (0.204625ms)
✔ fail closed: fixture collision (0.188792ms)
✔ fail closed: missing cleanup (0.16975ms)
✔ fail closed: updated baseline masquerades as regression (0.174542ms)
✔ fail closed: missing group (0.226834ms)
✔ fail closed: duplicate group (0.195167ms)
✔ fail closed: missing rejection assertion (0.207334ms)
✔ fail closed: missing menu (0.194792ms)
✔ fail closed: missing behavior guard (0.187709ms)
✔ fail closed: wrong viewport (0.1905ms)
✔ fail closed: snapshot hash mismatch (0.193166ms)
✔ binding omission, duplication and reject implementation fail closed (0.3025ms)
✔ actual config guard accepts R0/R1 and final false restore without declaring business/P95 (0.84375ms)
✔ config rejects accountReadCandidate drift (0.12125ms)
✔ config rejects pool drift (0.046709ms)
✔ config rejects memory drift (0.042375ms)
✔ config rejects preconnect drift (0.050125ms)
✔ config rejects engineCpu drift (0.0545ms)
✔ config rejects envName drift (0.044375ms)
✔ config rejects revisionId drift (0.049584ms)
✔ config rejects codeSha256 drift (0.04825ms)
✔ config rejects state drift (0.080375ms)
✔ config rejects architecture drift (0.047792ms)
✔ config rejects source, inventory and concurrency drift (0.101541ms)
✔ real gzip bytes bind exact own devices, raw outbox hash and canonical published hash (3.004833ms)
✔ scope expansion, unknown customer/device, modified bytes and missing archive fail closed (1.775458ms)
✔ IoT normalized raw body binds outbox bytes while original publication binds canonical payload (2.637875ms)
✔ quick MQTT profile requires exact additional telemetry ledger and cannot waive missing archives (2.05525ms)
✔ archive deadline uses actual S3 modification times and cannot green an eventual late archive (3.265166ms)
✔ redelivery rejects foreign archives, unbounded inventories and unbound certificates before AWS operations (1.215041ms)
✔ C1 waits for both branches then independent query/checkout; C0 refuses candidate signal; warm absent is null (2.366209ms)
✔ preconnect proof rejects missing (0.11925ms)
✔ preconnect proof rejects duplicate (0.0635ms)
✔ preconnect proof rejects failed (4.097708ms)
✔ preconnect proof rejects foreign (0.203ms)
✔ preconnect proof rejects bad timestamp (0.108625ms)
✔ preconnect proof rejects dispatch instead of settlement (0.078125ms)
✔ preconnect proof rejects not connection wait (0.059792ms)
✔ preconnect proof rejects query before preparation (0.202083ms)
✔ preconnect proof rejects checkout steals readiness (0.12375ms)
✔ preconnect proof rejects outside hook (2.069209ms)
✔ preconnect proof rejects invalid duration (0.111875ms)
✔ preconnect proof rejects orphan (0.057708ms)
✔ preconnect proof rejects consistently empty invocation identities (0.147375ms)
✔ nominal 30x profile cannot conceal a slower real publish window (3.037666ms)
✔ version proof requires CI deploy Amplify exact commit and 19 distinct verified artifact bytes (0.35775ms)
✔ own-fixture fault grant rejects shared changes and unknown faults while retaining deployment boundary (0.124375ms)
✔ database proof rejects foreign build, source, role and nonzero cleanup instead of trusting child PASS (0.281417ms)
✔ target gates reject missing finish cleanup required case and foreign device before live calls (0.591ms)
✔ business cleanup preserves outside rows, rejects baseline drift and deletes own dependent rows atomically (1725.921875ms)
✔ fault injection rejects missing authorization and foreign export identity without mutation (0.802875ms)
✔ assertion-only validation cannot stand in for cleanup or whole target acceptance (0.12525ms)
✔ nonActive scope cannot enter the full wave that contains Active dependent probes (0.905875ms)
✔ foundation mode cannot be mistaken for full core or browser acceptance (0.085958ms)
✔ complete intermediate/root chain matches truststore and private key (2.967041ms)
✔ missing root is distinguished from valid signing certificate and key (0.388167ms)
✔ wrong parent, expired chain and wrong private key fail independently (0.894167ms)
✔ oversized worker chain, malformed values and arbitrary canaries never leak (1.205875ms)
✔ receipt gate accepts completed diagnostic with invalid chain, rejects data leak and missing cleanup (2.153708ms)
✔ approved exact Worker, Secret, KMS and original expiry scope is accepted (2.556916ms)
✔ removing role condition, wildcard Secret or extended expiry is rejected (0.316625ms)
✔ unrestricted KMS, different context or extra secret permissions are rejected (0.151ms)
✔ repair gate requires retained versions, exact output binding and all cleanup (1.696208ms)
✔ only root field changes, original version remains immutable and AWSPREVIOUS (33.0505ms)
✔ baseline drift prevents all writes (0.110208ms)
✔ wrong fixed root prevents all writes (0.32425ms)
✔ unknown put outcome recovers immutable token without a second put (1.196ms)
✔ candidate mutation fails before promotion (0.321375ms)
✔ concurrent current movement after candidate write is preserved (0.5755ms)
✔ unknown promotion response is recovered from current stages (0.861542ms)
✔ post-promotion failed readback rolls back only the known current candidate (0.630041ms)
✔ invalid version token rejects before accessing any secret (0.235666ms)
✔ rollback refuses to overwrite a concurrent foreign current version (0.666ms)
✔ unknown AWS errors are returned as fixed codes without secret exception text (0.0875ms)
✔ successful promotion waits for metadata visibility without repeating stage writes (20.440708ms)
✔ existing current candidate is verified using read-only store without new versions or stage writes (0.937958ms)
✔ read-only recovery rejects changed fields without rolling back an existing current version (0.313917ms)
✔ capacity planning includes operational and rotation idle overlap and rejects naive concurrency increase (0.426792ms)
✔ partition preserves 722ms without treating CPU as exclusive scheduling or compiler time (5.703958ms)
✔ split rejects missing (0.758958ms)
✔ split rejects duplicate (0.227167ms)
✔ split rejects foreign (0.085ms)
✔ split rejects invalid CPU (1.012625ms)
✔ split rejects no CPU (0.118875ms)
✔ split rejects wrong boundary (0.072625ms)
✔ split rejects failed (0.050125ms)
✔ split rejects gap (0.062042ms)
✔ split rejects overlap (0.094959ms)
✔ split rejects fake duration (0.062667ms)
✔ split rejects connection claim (0.050958ms)
✔ target observer setup gap remains rejected: 737ms/17ms (0.078458ms)
✔ target observer setup gap remains rejected: 498ms/18ms (0.036ms)
✔ target observer setup gap remains rejected: 40ms/20ms (4.324584ms)
✔ range reads keep the original default and permit bounded slow-link retry (0.350292ms)
✔ range reads reject unbounded, ambiguous and below-default timeouts (0.20675ms)
✔ read-only asset concurrency stays bounded independently of DB/API capacity (0.104792ms)
✔ cold sampler collector binds exact own REPORT and safe client metrics: patch (50.568834ms)
✔ cold sampler collector binds exact own REPORT and safe client metrics: audit (47.697834ms)
✔ two batches preserve six own contracts, six winners/conflicts and audits with a hard concurrency/request bound (21.753625ms)
✔ unknown write drains siblings and waits for Lambda quiescence without retry or false PASS (10.098ms)
✔ audit drift fails closed: audit-id (10.37325ms)
✔ audit drift fails closed: foreign-list (51.066125ms)
✔ foreign context, missing baseline or excess batches fail before any dispatch/receipt (1.395167ms)
✔ sampling correlation ledger rejects foreign or missing HTTP rows even with a valid business result (54.912333ms)
✔ DLQ scope requires closed ledger, 20 exact IDs and fresh empty database proof (0.767958ms)
✔ one-shot worker deletes only exact retired pointers, restores unknown visibility, and exports no bodies or handles (4.412958ms)
✔ six exact request/time/status/extended/Lambda links pass without saving unrelated fields or requests (53.776625ms)
✔ correlation refuses complete proof for time (54.72925ms)
✔ correlation refuses complete proof for lambda-id (64.610208ms)
✔ correlation refuses complete proof for duplicate (51.322666ms)
✔ correlation refuses complete proof for missing-http (43.20625ms)
✔ audit GET binds list/detail operation and timeout UUID without claiming client success (99.917084ms)
✔ phase proof covers success, conditional conflict and all audit reads without declaring latency/cleanup acceptance (1.439917ms)
✔ cold 409 gate requires matching cold phase flags and successful runtime initialization (2.898042ms)
✔ new account gate requires nested hook, Prisma query, first driver query and checkout on every request (1.536667ms)
✔ account gate rejects missing (3.538042ms)
✔ account gate rejects duplicate (4.065667ms)
✔ account gate rejects failure (1.008ms)
✔ account gate rejects wait-boundary (1.324958ms)
✔ account gate rejects timestamp (0.18ms)
✔ account gate rejects outside-hook (0.564625ms)
✔ phase proof rejects foreign-invocation (0.164959ms)
✔ phase proof rejects missing-transaction (0.097042ms)
✔ phase proof rejects conflict-code (0.08975ms)
✔ phase proof rejects missing-http (0.040833ms)
✔ phase proof rejects other-run (0.043125ms)
✔ bounded sampler requires physical Init Duration as well as application cold phases and retains client metrics (0.603958ms)
✔ bounded sampler rejects foreign-report (0.194166ms)
✔ bounded sampler rejects duplicate-report (0.140167ms)
✔ bounded sampler rejects no-socket-metrics (0.141583ms)
✔ bounded sampler rejects missing-body (0.108459ms)
✔ bounded sampler rejects over-budget (0.086958ms)
✔ bounded sampler rejects missing-audit (0.07925ms)
✔ client preparation requires actual dispatch, cold adapter suffix and leaves warm adapter timings absent (0.583834ms)
✔ client preparation rejects missing prepare (0.196292ms)
✔ client preparation rejects settlement is not driver dispatch (0.14925ms)
✔ client preparation rejects preparation after driver start (0.149208ms)
✔ client preparation rejects cold missing suffix (0.156916ms)
✔ client preparation rejects suffix outside preparation (0.144708ms)
✔ client preparation rejects wrong invocation (0.132875ms)
✔ client preparation cannot bypass account phase checks (0.117375ms)
✔ engine CPU mode proves preparation before model, preserves driver boundary and refuses old lazy ownership (1.513167ms)
✔ runtime assembly opt-in preserves both engine ownership modes and rejects old partial runtime receipts (1.4165ms)
✔ parent phase Gate requires engine/runtime and C1 settlement before queries; C0 refuses candidate phases (0.815458ms)
✔ success audits bind precisely and conflicts never have a success audit (0.338125ms)
✔ audit proof rejects duplicate (0.13525ms)
✔ audit proof rejects wrong-version (0.052ms)
✔ audit proof rejects conflict-success (0.044875ms)
✔ Gateway overlap cannot conceal serialized Lambda executions (0.302583ms)
✔ three races accept either winner, bind every successful write to audit and advance once per version (91.560709ms)
✔ early failure still drains the late sibling before readback and never retries or reports PASS (4.023791ms)
✔ race fails closed for double-winner (24.911375ms)
✔ race fails closed for gateway-id (12.552708ms)
✔ race fails closed for audit-id (21.240625ms)
✔ foreign context fails before dispatch or receipt writes (8.754333ms)
✔ historical read scope rejects any resource outside the exact sealed old contract before live calls (0.202875ms)
✔ read-only completion accepts only all six settled exact successful PATCH receipts (0.721166ms)
✔ cleanup/completion guard rejects unknown-write (0.192041ms)
✔ cleanup/completion guard rejects foreign-site (0.096875ms)
✔ cleanup/completion guard rejects wrong-account (0.076167ms)
✔ cleanup/completion guard rejects unfinished (0.078833ms)
✔ cleanup/completion guard rejects gateway-id (0.079417ms)
✔ log projection redacts payload/error details and rejects unrecognized events (0.514667ms)
✔ serialized AWS log projection preserves closed event names through the 20-sequence Gate (7.522042ms)
✔ specific redelivery needs matching SQS ID, final disposition and durable duplicate receipt (0.137292ms)
✔ 20 sequence stage Gate rejects incomplete coverage and unrelated device evidence (0.439083ms)
✔ completed Build result tolerates delayed/truncated CloudWatch visibility and transient read failure without rerunning SQL (0.535791ms)
✔ wrong/multiple/failed frames and AccessDenied reject immediately, absent result fails closed after bounded reads (0.373042ms)
✔ expired SSO is a terminal authentication condition, never a transient log retry (0.069583ms)
✔ CloudWatch 250000-character fragments reassemble exact source-bound metadata without accepting truncation or another frame (7.442625ms)
✔ large fixture observations round-trip through bounded gzip without losing metadata (9.8335ms)
✔ compressed fixture frames reject corruption, noncanonical data and decompression bombs (45.188833ms)
✔ compressed metadata still requires the exact expected source/build/action binding (1.415708ms)
✔ fixed manifest rejects unsafe SQL identifiers, missing hash and duplicates (0.577542ms)
✔ migration comparison distinguishes missing, tampered, unfinished and rolled-back migrations (0.1425ms)
✔ snapshot uses repeatable read/read only, timeouts, fixed SELECTs and always rolls back (0.335875ms)
✔ writable transaction rejected before business queries and rolled back (0.177042ms)
✔ query failure rolls back instead of yielding partial PASS (0.114292ms)
✔ dedicated query project never changes migration project or passes StartBuild overrides (23.242584ms)
✔ legacy onboarding rows without CSR columns require reconciliation before migration (0.116833ms)
✔ query success preserves real migration BLOCKED instead of promoting readiness (0.704333ms)
✔ wrong build, writable transaction, unbound hash and fabricated migration PASS rejected (0.245167ms)
✔ missing table count cannot become complete SQL evidence (0.678667ms)
✔ explicit manual false overrides repository true and preserves capacity/immediate context (0.603541ms)
✔ manual deployment rejects branch/SHA, missing mode, phase drift and unsupported events before cloud work (0.141542ms)
✔ push keeps existing resolved defaults but cannot ignore explicit invalid input (0.065083ms)
✔ input pair gate never implies target acceptance and rejects SHA/config/context/duplicate run drift (0.244625ms)
✔ workflow records input receipt before verification/AWS and never interpolates manual input into shell (0.223417ms)
✔ C0/C1 same SHA and engine=true differ only preconnect; push cannot turn candidate on (0.238042ms)
✔ R0/R1 input pair binds same SHA and budget, differs only account read; push always off (0.555958ms)
✔ entity merge requires actual decisions on both viewports, scoped devices, versions and cleanup (21.995583ms)
✔ certificate merge cannot use review-only parent to claim real dual-channel certificate entity (0.121208ms)
✔ request UUID is durable before a single dispatch and credentials never enter receipts (16.64125ms)
✔ failed AWAIT_HEADERS preserves correlation without retry (0.367125ms)
✔ failed READ_BODY preserves correlation without retry (0.115125ms)
✔ malformed JSON cannot become a successful HTTP receipt (0.175792ms)
✔ socket events split DNS/TCP/TLS; receipts contain no URL, authorization or socket details (1.117958ms)
✖ real delayed body is measured separately; a reused connection has absent DNS/TCP/TLS, not invented zeros (10.621292ms)
✖ total deadline aborts an unfinished response body; no complete-body receipt or retry (1.865417ms)
✔ injected fetch cannot masquerade as detailed socket observation (0.2965ms)
✔ layout diagnostic fails closed before AWS calls for foreign, finished or unbound fixtures (0.6065ms)
✔ diagnostic cleanup retains all actions and fails closed: absent (0.494959ms)
✔ diagnostic cleanup retains all actions and fails closed: still-present (0.051166ms)
✔ diagnostic cleanup retains all actions and fails closed: read-denied (0.052375ms)
✔ diagnostic cleanup retains all actions and fails closed: signout-failed (0.059333ms)
✔ diagnostic cleanup retains all actions and fails closed: delete-failed (0.070167ms)
✔ snapshot must be available encrypted manual and exact whitelist cannot expand (0.42875ms)
✔ real local SQL retires exactly two jobs/requests and preserves every other table (1397.693958ms)
✔ live status drift aborts with original rows intact (582.217708ms)
✔ unexpected cascade/trigger changing a preserved table rolls back all deletes (490.298833ms)
✔ valid HTTP writes cannot be inflated by malformed, wrong role, wrong method or failed requests (1.039875ms)
✔ target License wire sequence proves ExpiringSoon renewal and Renewed activation using real handlers and PostgreSQL (1606.941542ms)
✔ planner never dispatches and matchable inputs never accept P95 or causal benefit (0.707375ms)
✔ pair rejects drift or missing proof sourceCommit (0.086375ms)
✔ pair rejects drift or missing proof memoryMiB (0.057292ms)
✔ pair rejects drift or missing proof architecture (0.396375ms)
✔ pair rejects drift or missing proof poolMax (0.053667ms)
✔ pair rejects drift or missing proof actorRole (0.039833ms)
✔ pair rejects drift or missing proof accountState (0.039166ms)
✔ pair rejects drift or missing proof operationId (0.040041ms)
✔ pair rejects drift or missing proof expectedStatus (0.0515ms)
✔ pair rejects drift or missing proof authenticatedPreconnect (0.081083ms)
✔ pair rejects drift or missing proof engineCpuDiagnosis (0.045958ms)
✔ pair rejects drift or missing proof artifactSetSha256 (0.039167ms)
✔ pair rejects drift or missing proof lambdaCount (0.048125ms)
✔ pair rejects drift or missing proof cleanupGate (0.029666ms)
✔ pair rejects drift or missing proof source (0.030583ms)
✔ pair rejects drift or missing proof coldProofGroup (0.026667ms)
✔ pair rejects drift or missing proof naturalCold409Count (0.032375ms)
✔ pair rejects drift or missing proof platformInitDurationMs (0.034167ms)
✔ pair rejects drift or missing proof clientSplitGate (0.0365ms)
✔ pair rejects drift or missing proof firstCheckoutOwned (0.033875ms)
✔ pair rejects drift or missing proof startedAt (0.030083ms)
✔ actual receipt loader rejects byte drift and directory escape before reading semantic proof (1.994791ms)
✔ matched independent sampling stays distinct from baseline and cannot accept a missing group (0.079833ms)
✔ recovery sub-gate checks all preserved tables without accepting full QA09 (2.168542ms)
✔ version mismatch, missing migration and changed certificate/other business data fail closed (1.101583ms)
✔ retirement evidence cannot hide wrong deleted IDs or lose preservation proof (0.419459ms)
✔ retirement project has fixed source and never modifies readonly/migration runner (27.728083ms)
✔ real Sync observation redacts secret domains and cannot treat delivery as firmware verification (0.492125ms)
✔ receipt runner sends only RECEIVED and redacts complete snapshots even with device password hashes (0.402666ms)
✔ receipt runner fails closed for mismatched snapshots and refused confirmation (0.141583ms)
✔ 117 elements require both real viewport receipts (14.41275ms)
✔ one failure fails all elements in the affected behavior group (0.620708ms)
✔ Active dependent operations are explicit NOT_RUN, not successful disabled checks (0.49ms)
✔ duplicate, foreign and invalid viewport receipts fail closed (0.5745ms)
✔ Defer and Reject failures also block the browser Gate (0.453667ms)
✔ CSV proof rejects empty, foreign and malformed downloads while parsing quoted data (0.30725ms)
✔ reopens own TLS session after same-clientId negative probe and closes on failure (0.652375ms)
✔ foreign MQTT scope is rejected before connection (0.08525ms)
✔ S3 fallback accepts exact owned version cleanup and rejects bucket, customer and pagination expansion (0.492292ms)
✔ export scope rejects a foreign device before API, AWS or output writes (0.578167ms)
✔ domain cleanup refuses live run, foreign customer name, missing DB cleanup and out-of-scope objects (0.674042ms)
✔ unseeded identity cleanup rejects unfinished, foreign, seeded and pre-existing admin ledgers (0.484042ms)
✔ Cognito canonical UUID is allowed only with exact own email and creation within this failed run (0.181375ms)
✔ P95 uses all actual samples and rejects empty or invalid measurements (0.460959ms)
✔ complete P95 excludes censored timeouts and refuses partial sample acceptance (0.141792ms)
✔ performance summary refuses to report P95 PASS for missing or incomplete actual samples (64.199334ms)
✔ read-only pool probe distinguishes one connection, recovery and incomplete capacity acceptance (1.680917ms)
✔ observed connection-budget violation refuses a pool PASS receipt (0.559417ms)
✔ foreign probe application name is rejected before database access (0.061083ms)
✔ CPU ancestry attributes minified constructor and compile samples exclusively (0.442959ms)
✔ curl metrics differences preserve boundaries and reject bad ordering or nonfinite values (0.461958ms)
✔ curl probes are six bounded verified GETs with no credential/config/retry path; proxy prevents dispatch (1.158792ms)
✔ curl failures retain siblings and discard raw error text (0.22875ms)
✔ scheduled publishing overlaps slow PUBACK and drains failures without abandoning in-flight writes (23.579458ms)
✔ only exact test account and readonly role accepted (0.445583ms)
✔ stack identity, region, project and test tag fail closed (0.101792ms)
✔ permission denial is unverified, never classified as absent (0.104583ms)
✔ metadata health never promotes missing business evidence to AWS PASS (0.226042ms)
✔ five groups with unconfirmed or disabled users do not prove usable identities (0.074459ms)
✔ missing target receipts and version mismatch remain blockers (0.070375ms)
✔ existing test environment requires neither new account nor stack and retains real-response/cleanup boundaries (0.247042ms)
✔ real sub-scope acceptance cannot claim whole QA09 (0.971625ms)
✔ unfinished execution, missing role probe and failed assertion rejected (0.139834ms)
✔ missing cleanup, wrong target, secrets and source tampering rejected (0.741917ms)
✔ identity cleanup only accepts this run and the five known role identities (0.447459ms)
✔ record cleanup requires exact run namespace, not merely a partial prefix (0.092042ms)
✔ recovery excludes explicitly later own SLO records without waiving original bytes or deadlines (4.719125ms)
✔ later record exemption never includes other devices or customers (2.501292ms)
✔ site compensation rejects foreign-route before any AWS command (244.269166ms)
✔ site compensation rejects failed-cleanup before any AWS command (190.972875ms)
✔ site compensation rejects unbound-parent before any AWS command (170.236833ms)
✔ remaining target rejects foreign fixture before an API or database call (0.920542ms)
✔ unproved license activation fails legal stage and independent stage failures remain explicit without credentials (19.106458ms)
✔ per-request service throttling requires both unique IDs and bound access-row time/status, never minute metrics (0.35325ms)
✔ QA09 rollout separates logging, budget and event publication and rejects silent phase mistakes (1.77175ms)
✔ engine CPU diagnosis is explicit and only allowed after pool budget rollout (0.234917ms)
✔ runtime assembly has ordered nested CPU intervals without additive initialization totals (1.273333ms)
✔ runtime proof rejects absent, duplicate, failed, foreign IDs, overlap, bad CPU and invalid durations (0.325042ms)
✔ security retest rejects foreign fixture before any credential or live API access (0.558875ms)
✔ six tampered tokens require HTTP rejection and keep credentials out of receipt (0.696166ms)
✔ unknown seed outcome requires observed complete own set or proven empty set, never a blind retry (2.944083ms)
✔ semantic SQL creates two scoped read models without lifecycle or authentication claims and refuses reuse (1197.282417ms)
✔ semantic SQL refuses scope/state drift: lifecycle_status='Active' (170.711333ms)
✔ semantic SQL refuses scope/state drift: site_id=NULL (186.336542ms)
✔ semantic SQL refuses scope/state drift: customer_id='22222222-2222-2222-2222-222222222222' WHERE customer_id='11111111-1111-1111-1111-111111111111' (208.408625ms)
✔ semantic SQL refuses scope/state drift: name='outside' (163.163416ms)
✔ platform exports require the exact ledger and own frozen filters; foreign jobs remain unchanged (227.387166ms)
✔ business session cleanup never accepts a foreign email id role scope or lifecycle (0.621292ms)
✔ session fixtures require exact own customer and site binding before cleanup (0.107791ms)
✔ complete narrow real-environment scope never accepts full QA09 (1.293459ms)
✔ missing mTLS, shared keys, different ingress/archive bytes and missing cleanup fail closed (0.751208ms)
✔ CodeBuild inline source fits service limit and decompresses to exact reviewed bytes (41.653708ms)
✔ exact own-ten plan rejects expansion, historical identity and wrong customer namespace (26.816833ms)
✔ real SQL creates exact fixtures and cleanup preserves original devices/certificates (820.79925ms)
✔ unexpected original-data trigger mutation rolls back fixture creation (504.730333ms)
✔ processing provisioning job prevents cleanup without deleting any own devices (443.556917ms)
✔ CSR proofs bind method, path, request ID, timestamp, nonce and independent key (94.312334ms)
✔ closed-fixture audit and request outbox cleanup require ledger and preserve unrelated events (430.169542ms)
✔ closed-fixture access rejects missing approval audit and live customer (432.059416ms)
✔ unseeded capacity attempt has read-only empty audit with deleted customers and fixed original baseline (427.327292ms)
✔ business-only Onboarded fixtures preserve original rows, refuse reuse and make no certificate/authentication claim (441.702084ms)
✔ unseeded timeout audit reads only exact prefix and cannot mutate original or retry customer creation (403.838208ms)
✔ active lifecycle fixture changes exactly two own states and never claims a natural path (398.530375ms)
✔ capacity probe executes a read-only transaction and leaves fixture and original rows unchanged (398.260584ms)
✔ review-only mode cannot run without an explicit review hook or with unknown options (0.399292ms)
✔ fixture CLI distinguishes expired SSO from authorization rejection and transport timeouts (0.133ms)
✔ TLS diagnostic bounds independent reads to 12 and six concurrent; fake observations cannot claim real target source (42.287083ms)
✔ TLS diagnostic retains settled siblings, missing samples and unexpected HTTP/authentication as PARTIAL (1.081167ms)
✔ version binding preserves prior defaults and accepts exact new target (0.594417ms)
✔ invalid version input is rejected before any AWS operation (0.134708ms)
✔ all delivered writes have an explicit permission and own or absent object path (0.656958ms)
✔ identical claims still change signed payload bytes rather than unused base64 signature bits (0.117958ms)
✔ Gateway 403 rejects tampered signatures while protected 2xx must fail (1.99ms)
✔ quick has exact cadence, 24 historical hours, 30x burst, 5% duplicates and 2% delayed delivery (2.696458ms)
✔ full plan contains 86400 historical Telemetry samples for 10 devices at 10-second cadence (471.1995ms)
✔ unknown profile fails closed (0.200458ms)
✔ P95 uses nearest rank and does not mutate input (0.159083ms)
✔ invalid latency  rejected (0.064959ms)
✔ invalid latency NaN rejected (0.035625ms)
✔ invalid latency Infinity rejected (0.040959ms)
✔ invalid latency -1 rejected (0.041958ms)
✔ independent checker verifies count average min max and UTC buckets (0.256791ms)
✔ complete reliability proof passes (0.702875ms)
✔ Gate rejects missing trace (0.427125ms)
✔ Gate rejects duplicate trace (0.397583ms)
✔ Gate rejects failed cleanup (0.374459ms)
✔ Gate rejects wrong profile (0.432583ms)
✔ Gate rejects wrong cadence (0.419042ms)
✔ Gate rejects untracked loss (0.3785ms)
✔ Gate rejects duplicate business row (0.37775ms)
✔ Gate rejects missing archive (0.543333ms)
✔ Gate rejects missing reorder (0.498208ms)
✔ Gate rejects missing retry (2.973ms)
✔ Gate rejects unresolved gap (0.413167ms)
✔ Gate rejects worker not paused (0.379584ms)
✔ Gate rejects no backlog (0.380792ms)
✔ Gate rejects unscoped replay (0.39175ms)
✔ Gate rejects duplicate MQTT publish (0.41825ms)
✔ Gate rejects late ACK changed terminal state (0.35175ms)
✔ Gate rejects telemetry P95 failed (0.356666ms)
✔ Gate rejects command P95 failed (0.360583ms)
✔ Gate rejects NaN P95 (0.365125ms)
✔ Gate rejects missing latency samples (0.356583ms)
✔ security receipt accepts complete execution and all observed acceptance proofs (1.979625ms)
✔ execution fails closed: deleted required test (0.463416ms)
✔ execution fails closed: missing file (0.076209ms)
✔ execution fails closed: pending test (0.0685ms)
✔ execution fails closed: failed test (0.754125ms)
✔ proof fails closed: missing proof (0.132958ms)
✔ proof fails closed: reused prefix (0.295334ms)
✔ proof fails closed: cleanup incomplete (0.12ms)
✔ proof fails closed: expired JWT accepted (0.329125ms)
✔ proof fails closed: missing write operation (0.503917ms)
✔ proof fails closed: forged identity accepted (0.572167ms)
✔ proof fails closed: route resolved before auth (0.091375ms)
✔ proof fails closed: cross tenant allowed (0.128208ms)
✔ proof fails closed: unauthorized side effect (0.141292ms)
✔ proof fails closed: prototype pollution (0.331125ms)
✔ proof fails closed: malicious media signed (0.128459ms)
✔ proof fails closed: malicious media persisted (0.092916ms)
✔ proof fails closed: leak ignored (0.097792ms)
✔ proof fails closed: unscanned audit (0.175042ms)
✔ proof fails closed: unscanned snapshot (0.298792ms)
✔ proof fails closed: partial response scan (0.077125ms)
✔ independent scanner rejects nested secrets raw JWT Error private key and signed URL without echoing values (1.909959ms)
✔ scanner detects opaque canary leakage and permits null redacted values and public certificate (0.310708ms)
ℹ tests 659
ℹ suites 0
ℹ pass 656
ℹ fail 3
ℹ cancelled 0
ℹ skipped 0
ℹ todo 0
ℹ duration_ms 7489.453666

✖ failing tests:

test at scripts/device-simulator-mtls.test.mjs:15:1
✖ local TLS broker: 10 independent certificate sessions, QoS1, downlinks, reconnect and broker ACL rejection (98.760625ms)
  Error: listen EPERM: operation not permitted ::1
      at Server.setupListenHandle [as _listen2] (node:net:1918:21)
      at listenInCluster (node:net:1997:12)
      at GetAddrInfoReqWrap.callback (node:net:2206:7)
      at GetAddrInfoReqWrap.onlookupall [as oncomplete] (node:dns:134:8) {
    code: 'EPERM',
    errno: -1,
    syscall: 'listen',
    address: '::1'
  }

test at scripts/qa09-https-transport.test.mjs:74:1
✖ real delayed body is measured separately; a reused connection has absent DNS/TCP/TLS, not invented zeros (10.621292ms)
  Error: listen EPERM: operation not permitted 127.0.0.1
      at Server.setupListenHandle [as _listen2] (node:net:1918:21)
      at listenInCluster (node:net:1997:12)
      at node:net:2206:7
      at process.processTicksAndRejections (node:internal/process/task_queues:89:21) {
    code: 'EPERM',
    errno: -1,
    syscall: 'listen',
    address: '127.0.0.1'
  }

test at scripts/qa09-https-transport.test.mjs:97:1
✖ total deadline aborts an unfinished response body; no complete-body receipt or retry (1.865417ms)
  Error: listen EPERM: operation not permitted 127.0.0.1
      at Server.setupListenHandle [as _listen2] (node:net:1918:21)
      at listenInCluster (node:net:1997:12)
      at node:net:2206:7
      at process.processTicksAndRejections (node:internal/process/task_queues:89:21) {
    code: 'EPERM',
    errno: -1,
    syscall: 'listen',
    address: '127.0.0.1'
  }
 ELIFECYCLE  Command failed with exit code 1.
