
> food-digester-platform@0.0.0 test:scripts /Users/anray/Documents/project/hiddenjoyacom/food-digester-platform
> node --import tsx --test scripts/*.test.mjs

✔ bootstrap input is bound to the normalized email and never accepts a password (0.718709ms)
✔ successful bootstrap creates Cognito identity before committing linked database user (0.198583ms)
✔ non-pristine Cognito or database fails before any mutation (0.18725ms)
✔ database failure deletes Cognito identity and records compensated failure (0.207875ms)
✔ failed Cognito compensation keeps reconciliation required (0.129375ms)
✔ source approval requires exact SHA and packager embeds committed SHA (5398.446ms)
✔ runner without approved source fails closed without leaking configuration (28.003ms)
✔ serial and parallel repeated browser receipts are validated (2.057875ms)
✔ fail closed: missing required flow (0.171375ms)
✔ fail closed: skipped execution (0.111458ms)
✔ fail closed: flaky execution (0.104666ms)
✔ fail closed: retry hides failure (0.105167ms)
✔ fail closed: unexpected error (0.097917ms)
✔ fail closed: missing isolated trace (0.097ms)
✔ fail closed: data prefix reused (2.582833ms)
✔ fail closed: context cleanup failed (0.174625ms)
✔ fail closed: unmocked network request (3.447833ms)
✔ fail closed: missing role proof (0.255209ms)
✔ fail closed: wrong route permission (0.217791ms)
✔ fail closed: Auditor OTA write enabled (0.234542ms)
✔ fail closed: missing MFA assertion (0.212292ms)
✔ fail closed: missing conflict response (0.267ms)
✔ fail closed: missing forbidden response (0.284209ms)
✔ fail closed: missing repeat (0.12225ms)
✔ repeat traces cannot duplicate the first execution (9.145209ms)
✔ manifest exactly matches independent Playwright discovery (583.526459ms)
✔ discovery fails closed: missing case (0.205041ms)
✔ discovery fails closed: extra case (0.087209ms)
✔ discovery fails closed: duplicate replacing required case (0.062375ms)
✔ old Viewer permission cannot pass the updated matrix (0.162417ms)
✔ required behavioral proof cannot be missing: QA-09 设备管理长别名和序列号在375px完整换行且不裁切 (0.149083ms)
✔ required behavioral proof cannot be missing: H-01 API 拒绝停用会话后清除浏览器会话并返回登录 (0.147292ms)
✔ required behavioral proof cannot be missing: M-01 CustomerViewer 从菜单查询设备用户详情，全部写入口隐藏 (0.116209ms)
✔ required behavioral proof cannot be missing: UI redesign: all business routes at 1366x768 (0.120625ms)
✔ required behavioral proof cannot be missing: UI redesign: all business routes at 1440x900 (0.861083ms)
✔ required behavioral proof cannot be missing: UI redesign: all business routes at 1920x1080 (0.328458ms)
✔ required behavioral proof cannot be missing: QA05 login SRP MFA error success logout without persisting password (0.302875ms)
✔ required behavioral proof cannot be missing: QA05 ESG cursor totals export snapshot timezone and empty state (1.133542ms)
✔ required behavioral proof cannot be missing: QA05 Command dangerous confirmation terminal result and publish failure (1.307917ms)
✔ required behavioral proof cannot be missing: QA05 Media expiry renew 403 and audit read-only zero writes (0.148541ms)
✔ serial and repeated phases require all 108 independent prefixes (0.374958ms)
✔ phase budget accounts for startup, executions and worker slots, with a finite ceiling (0.060708ms)
✔ invalid phase budget rejected: repeat=0 workers=1 (0.0455ms)
✔ invalid phase budget rejected: repeat=1 workers=0 (0.024875ms)
✔ invalid phase budget rejected: repeat=0.5 workers=1 (0.022625ms)
✔ invalid phase budget rejected: repeat=1 workers=0.5 (0.025291ms)
✔ invalid phase budget rejected: repeat=Infinity workers=1 (0.020292ms)
✔ invalid phase budget rejected: repeat=1 workers=NaN (0.018875ms)
✔ real child-process timeout is classified and cannot create a successful phase (55.070166ms)
✔ failed/killed process cannot pass: status=1 (0.053875ms)
✔ failed/killed process cannot pass: status=null (0.029084ms)
✔ spawn errors reject without disclosing raw process error details (0.170792ms)
✔ successful process may proceed to the strict report and trace validator (0.069792ms)
✔ 真实 OpenAPI 片段可确定性打包且无外部引用 (65.520625ms)
✔ bundle 新鲜度检查拒绝缺失或过期产物 (83.243333ms)
✔ 失败示例：非法 OpenAPI 版本与缺少 responses 被拒绝 (0.156125ms)
✔ 失败示例：全局重复 operationId 被拒绝 (0.071416ms)
✔ 失败示例：非法 parameter 与 Schema 被拒绝 (0.108542ms)
✔ 仓库提交的统一 bundle 与当前片段一致 (13.76825ms)
✔ scoped Gate accepts the archived real-target receipt, without promoting full acceptance (7.6865ms)
✔ scoped Gate rejects missing role (8.400875ms)
✔ scoped Gate rejects wrong SHA (10.749416ms)
✔ scoped Gate rejects unverified Lambda (8.89475ms)
✔ scoped Gate rejects runtime drift (32.620417ms)
✔ scoped Gate rejects mocked API (6.692833ms)
✔ scoped Gate rejects empty tenant (16.813334ms)
✔ scoped Gate rejects cross-Customer list leak (7.746416ms)
✔ scoped Gate rejects Viewer mutation accepted (6.18575ms)
✔ scoped Gate rejects expired old Token (17.23225ms)
✔ scoped Gate rejects two duplicate successes (8.78525ms)
✔ scoped Gate rejects two optimistic successes (7.334208ms)
✔ scoped Gate rejects bundled Firefox (8.061875ms)
✔ scoped Gate rejects missing browser-role case (6.100083ms)
✔ scoped Gate rejects persisted edit belongs to another record (76.851625ms)
✔ scoped Gate rejects forbidden page rendered as business page (6.798791ms)
✔ scoped Gate rejects missing screenshot (1.820292ms)
✔ scoped Gate rejects cleanup duplicate hides missing ID (25.855834ms)
✔ scoped Gate rejects cleanup incomplete (10.643ms)
✔ scoped Gate rejects private credentials retained (15.905834ms)
✔ scoped Gate rejects scope promoted (6.792166ms)
✔ 当前管理后台源代码满足入口与组合根交付约束 (14.983291ms)
✔ 缺少入口和构建产物时失败关闭 (0.317959ms)
✔ FE-06 至 FE-19 任一任务或路由从事实源缺失时失败关闭 (5.9ms)
✔ FE-11 至 FE-15 任一任务、路由或页面标识缺失时失败关闭 (4.653209ms)
✔ FE-06 至 FE-15 任一控制器或 operationId 缺失时失败关闭 (2.93425ms)
✔ FE-11 至 FE-15 控制器或 operationId 缺失时失败关闭 (7.073292ms)
✔ FE-16 至 FE-19 任一任务、路由、控制器、页面标识或 operationId 缺失时失败关闭 (3.093917ms)
✔ App 移除显式页面分支时失败关闭 (3.071542ms)
✔ 完整目标回执覆盖双提交、隔离环境、五角色、七路由、五闭环与清理 (60.951917ms)
✔ 缺路由、角色、闭环或审计拒绝角色时失败关闭 (50.745917ms)
✔ mock、泄露、短链持久化、危险操作与只读写请求均失败关闭 (16.790792ms)
✔ 缺失回执、双部署提交漂移、HEAD 不一致与未清理均失败关闭 (42.769459ms)
✔ 目标 Gate 是显式发布步骤且不进入普通 verify (0.194334ms)
✔ 完整回执覆盖双提交、隔离环境、五角色、五路由、四闭环、隐私、双语布局与清理 (49.840625ms)
✔ 缺路由、角色、闭环、locale 或 viewport 时失败关闭 (25.921875ms)
✔ mock、权限、并发、泄露或布局不合格时失败关闭 (15.931375ms)
✔ 缺失回执、双部署提交漂移、HEAD 不一致与未清理均失败关闭 (33.202166ms)
✔ 目标 Gate 是显式发布步骤且不进入普通 verify (0.215291ms)
✔ 完整路由、五角色、五业务闭环、租户、并发、敏感字段与清理回执通过 (0.792667ms)
✔ 缺路由、角色或业务闭环时失败关闭 (0.154666ms)
✔ Cognito、部署 API、跨租户、并发与敏感字段证据不满足约束时失败关闭 (0.102792ms)
✔ 缺失回执、部署提交或 sourceCommit 不一致时失败关闭 (6.434125ms)
✔ 完整的 58 API、五角色、并发、ESG 与清理目标 AWS 回执通过 (0.837ms)
✔ 58 个回执 operationId 与九份正式业务 OpenAPI 精确一致 (10.471084ms)
✔ API 缺项、角色缺项与跨 Customer 放行均失败关闭 (0.255042ms)
✔ 并发或 ESG 证据不满足生产约束时失败关闭 (0.103333ms)
✔ 缺失回执与 sourceCommit 不匹配均失败关闭 (0.613375ms)
✔ 完整覆盖 25 API、五角色、竞态、退役与导出的隔离 AWS 回执通过 (0.826541ms)
✔ 缺 operation、跨租户放行、竞态双成功、证书未失活与 MQTT/S3 缺口均失败关闭 (0.179666ms)
✔ operation 成功状态与负向状态集合不完整时失败关闭 (0.093125ms)
✔ 回执缺失、非法 JSON 或 sourceCommit 不一致时独立发布 Gate 失败 (0.733541ms)
✔ 完整 Archive、Replay、Summary 目标 AWS 回执通过 (0.823125ms)
✔ 缺探针、重复归档、Replay 复制业务行和空 Summary 均失败关闭 (0.200208ms)
✔ 缺少回执或提交不一致时独立 Gate 失败 (0.5065ms)
✔ 完整隔离 AWS 回执覆盖 8 Topic、负向路径、QA-03 与清理时通过 (0.826916ms)
✔ 缺 Topic、未知 Topic 命中、Error Action 未恢复和原文漂移均失败关闭 (0.1525ms)
✔ 未提供目标 AWS 回执时独立发布 Gate 明确失败 (0.409083ms)
✔ 回执必须对应待发布的精确 Git 提交 (0.297291ms)
✔ 完整的 15 API、角色、Cognito、并发、S3、Dashboard、审计与清理回执通过 (0.860167ms)
✔ 15 个 operationId 与六份正式 OpenAPI 精确一致 (0.69375ms)
✔ API、角色、租户或安全/并发探针缺口均失败关闭 (0.215084ms)
✔ 缺失回执与 sourceCommit 不匹配均失败关闭 (1.033375ms)
✔ 干净的依赖图通过检查 (1.43875ms)
✔ 共享包反向依赖 apps 被识别为边界违规 (0.720917ms)
✔ contracts 反向依赖 apps 被识别为边界违规 (0.595208ms)
✔ apps 之间互相依赖被识别为边界违规 (0.517041ms)
✔ 工作区循环依赖被检出 (0.675458ms)
✔ 非工作区依赖（外部 npm 包）不参与检查 (0.336666ms)
✔ 当前仓库通过边界与循环依赖检查 (0.605042ms)
✔ CDK WARNING 与规则校验编号会触发 Gate (0.535416ms)
✔ 正常 synth 输出不会误报 (0.339708ms)
✔ 已交付 Lambda 缺失或回退到内联 501 占位时 Gate 失败 (0.146458ms)
✔ 已交付 Lambda 使用 S3 asset 时 Gate 通过 (0.053375ms)
✔ CMD/OTA 生产接线 Gate 对 Worker/调度任一缺失均失败关闭 (0.188292ms)
✔ CMD/OTA 生产接线 Gate 对 IoT/S3/KMS 权限缺失失败关闭 (0.257625ms)
✔ 真实登记文件：结构校验通过，并准确识别当前未决 DEC (1.452959ms)
✔ 真实契约版本文件：decisionRegisterVersion 与登记一致 (1.498042ms)
✔ 契约版本不一致被拒绝 (0.371167ms)
✔ 重复决策 ID 被拒绝（已知冲突必须有唯一决策 ID） (0.158625ms)
✔ 原则与决策之间 ID 也全局唯一 (0.09325ms)
✔ pending 决策携带批准人被拒绝 (0.058875ms)
✔ frozen 决策必须有批准人、批准时间和 >=1.0.0 版本 (0.107333ms)
✔ blockingTasks 为空或格式非法被拒绝 (0.079916ms)
✔ history 必须非空且末条版本与条目版本一致 (0.072083ms)
✔ 非 UTC 时间戳被拒绝 (0.087125ms)
✔ CLI validate 模式：真实文件退出码 0 且输出实际未决数；--fail-on-pending 按实际未决数返回 (0.974792ms)
✔ CLI：结构错误退出码 1 (0.941917ms)
✔ 追溯校验：合法 x-decision-versions 引用通过（Schema 可追溯到决策版本） (1.771291ms)
✔ 追溯校验：不存在的决策 ID 被拒绝 (2.552708ms)
✔ 追溯校验：引用版本与登记版本不一致被拒绝 (0.913125ms)
✔ 追溯校验：缺少 x-decision-versions 或格式非法被拒绝 (0.838542ms)
✔ 追溯校验：嵌套在 OpenAPI info 下的 x-decision-versions 可被递归发现 (0.643334ms)
✔ 已交付 API（含管理后台 P1）的 129 个 OpenAPI operation 与生产路由双向一致 (7.684125ms)
✔ 版本化已交付清单缺失、重复或引用不存在文件时失败关闭 (0.892708ms)
✔ 缺失、额外、重复及 method/path 漂移均失败关闭 (0.131167ms)
✔ CMD/OTA 治理 Gate 校验四份 REST 契约及 DEC-022/023 冻结状态 (3.456458ms)
✔ 有效链接、无易漂移计数且工具链配对正确时通过 (3.703791ms)
✔ 损坏的仓库内 Markdown 链接被拒绝 (2.152708ms)
✔ 陈旧测试计数或不兼容工具链声明被拒绝 (0.828959ms)
✔ 当前仓库 ENG/DB/DOM 与 IAC/AUTH/SEC 任务文档证据一致 (11.010292ms)
✔ BE-IOT-01～08 文档全部纳入默认链接与证据门禁 (0.091958ms)
✔ BE-ARC/RPL/ESG 四份文档及 P2 回归纳入默认证据门禁 (0.04725ms)
✔ 11 份管理后台业务文档全部纳入默认链接与证据门禁 (0.041042ms)
✔ BE-MED/RBAC/AUD/DASH/SET 五份文档纳入状态与 AWS 证据门禁 (0.035291ms)
✔ FE-06～FE-10 五份前端文档纳入四层状态与目标回执门禁 (0.046333ms)
✔ FE-11～FE-15 五份前端文档纳入四层状态与独立目标回执门禁 (0.084584ms)
✔ 前端任务文档拒绝缺层级、问题责任字段、目标 Gate 和 P1 陈旧描述 (0.087208ms)
✔ FE-11～FE-15 文档拒绝旧缺陷、任务级勾选及旧目标 Gate (0.05775ms)
✔ BE-MED/RBAC/AUD/DASH/SET 文档拒绝缺状态层、陈旧参数和设置生效误述 (0.059625ms)
✔ 管理后台业务文档拒绝缺证据引用和陈旧决策或部署说法 (0.049291ms)
✔ BE-ARC/RPL/ESG 文档拒绝缺审计快照和生产接线边界外旧说法 (0.044208ms)
✔ BE-IOT 文档拒绝缺少审计快照、Report P2002 与 Media 另路由旧说法 (0.055875ms)
✔ BE-IOT 严格负向探针必须保留为可定位的永久回归 (0.845833ms)
✔ 安全任务文档拒绝历史计数、缺少 verify 命令与陈旧 DEC-012 状态 (0.08625ms)
✔ 安全任务文档接受当前命令、审计快照引用与 frozen 决策 (0.042875ms)
✔ 当前仓库（DB-01 已落地）Migration 结构通过 (7.280875ms)
✔ schema.prisma 未落地时跳过并通过（骨架期行为） (0.176333ms)
✔ 失败示例：Schema 已存在但无任何 Migration（未提交 Migration） (0.954375ms)
✔ 失败示例：migrations/ 为空且缺少 migration_lock.toml (0.590333ms)
✔ 失败示例：Migration 目录名非法与空 migration.sql (0.775292ms)
✔ 合法 Migration 结构通过 (0.848667ms)
✔ 失败示例：已有旧 Migration 但 Schema 已变化且未登记快照 (0.668709ms)
✔ 真实矩阵通过完整性检查 (1.865792ms)
✔ 真实引用集合：41 个矩阵 API 与 13 个 routeId 全部可解析 (0.336334ms)
✔ index19.html 源清单：9 个菜单、12 个页面、128 个元素与矩阵双向覆盖 (0.289625ms)
✔ 真实矩阵：9 菜单、12 页面、每项均有处置结论 (0.21775ms)
✔ 被拒绝的实时流、明文密码、状态混用不携带实现任务 (0.212875ms)
✔ 矩阵的 x-decision-versions 可追溯到决策登记（DEC-007~012） (2.737875ms)
✔ 缺少菜单或页面被拒绝 (0.269333ms)
✔ 重复元素 ID 被拒绝 (0.077875ms)
✔ Adapt/Reject 缺少依据被拒绝 (0.075125ms)
✔ Adopt/Adapt 生产字段缺少 API 来源被拒绝 (0.106209ms)
✔ rejectCategory 项非 Reject 或携带实现任务被拒绝 (0.076208ms)
✔ 未知角色被拒绝（R7） (0.068792ms)
✔ 格式合法但不存在的 operationId、routeId 与响应字段被拒绝 (0.935ms)
✔ planned operation 的任务归属漂移被拒绝 (0.297833ms)
✔ 源清单与矩阵任一侧删除元素均被双向覆盖检查拒绝 (1.748ms)
✔ index19.html 内容变化但未重新盘点源清单时失败关闭 (2.084833ms)
✔ 重复 operationId 与 routeId 被引用索引拒绝 (2.540834ms)
✔ CLI：真实矩阵退出码 0，违规矩阵退出码 1 (21.120208ms)
✔ remaining scope cannot replace full core, Active acceptance or failed cleanups (0.476ms)
✔ 当前仓库全部 Schema、OpenAPI 片段与统一 bundle 通过引用校验 (107.841625ms)
✔ 失败示例：悬空内部 $ref 被拒绝 (0.711916ms)
✔ 失败示例：同目录相对 $ref 目标文件不存在被拒绝 (0.38075ms)
✔ 失败示例：JSON 语法损坏的 Schema 被拒绝 (0.279959ms)
✔ 失败示例：JSON Schema 2020-12 非法 type 被元 Schema 拒绝 (0.353416ms)
✔ 失败示例：OpenAPI 基座缺少 paths 被拒绝 (0.409625ms)
✔ 同目录相对 $ref 可解析时通过 (0.597166ms)
✔ 失败示例：PEM 私钥块被检出 (0.536708ms)
✔ 失败示例：AWS Access Key ID 被检出 (0.066709ms)
✔ 失败示例：GitHub 令牌被检出 (0.046334ms)
✔ 失败示例：Slack 令牌被检出 (0.042583ms)
✔ 正常内容不误报 (0.331875ms)
✔ 失败示例：未跟踪且未忽略文件中的私钥也被扫描 (47.142791ms)
✔ 当前仓库通过敏感信息扫描 (1178.21275ms)
✔ 生产源码直接 console 与 raw trace API 均被拒绝 (1.265167ms)
✔ 测试目录可使用 console，生产统一 logger 允许 (2.133041ms)
✔ 当前仓库生产源码通过 sink 门禁 (46.304291ms)
✔ QA-02 MQTT heartbeat: all valid/invalid fixtures, missing meta and type mutation (28.726667ms)
✔ QA-02 MQTT telemetry: all valid/invalid fixtures, missing meta and type mutation (1.958875ms)
✔ QA-02 MQTT report: all valid/invalid fixtures, missing meta and type mutation (2.088833ms)
✔ QA-02 MQTT alarm: all valid/invalid fixtures, missing meta and type mutation (1.41375ms)
✔ QA-02 MQTT event: all valid/invalid fixtures, missing meta and type mutation (0.830334ms)
✔ QA-02 MQTT ack: all valid/invalid fixtures, missing meta and type mutation (1.1265ms)
✔ QA-02 MQTT tamper: all valid/invalid fixtures, missing meta and type mutation (1.096208ms)
✔ QA-02 MQTT media: all valid/invalid fixtures, missing meta and type mutation (4.174ms)
✔ QA-02 MQTT cmd: all valid/invalid fixtures, missing meta and type mutation (1.406834ms)
✔ QA-02 MQTT ota: all valid/invalid fixtures, missing meta and type mutation (1.271875ms)
✔ QA-02 MQTT notification: all valid/invalid fixtures, missing meta and type mutation (1.080292ms)
✔ MQTT semantic hash, discriminator and UTC calendar errors fail closed (0.429083ms)
✔ full REST response: field deletion/type mutation/envelope/date/errors/status/headers are enforced (2.458291ms)
✔ REST request validation: required body/path/query/header, optional Sync, bodyless Deactivate, no type coercion in JSON (3.197583ms)
✔ all device operations and declared response JSON Schemas compile; stable error catalog has no duplicates (31.862083ms)
✔ predecessor MQTT is compatible; known REST break requires exact version and frozen DEC approvals (18.584917ms)
✔ breaking contract mutations fail: removing fields/operations/status, changing type/required/security (172.308666ms)
✔ receipt coverage gate fails closed for missing operations/statuses, no valid request and forged records (0.292125ms)
✔ archived CSR upgrade mapping still verifies original baselines without rewriting history (2.3195ms)
✔ QA04 coverage Gate accepts complete matrix and proofs (0.791125ms)
✔ QA04 coverage Gate rejects missing domain (0.213083ms)
✔ QA04 coverage Gate rejects no negative path (0.106292ms)
✔ QA04 coverage Gate rejects untrusted handler (0.084333ms)
✔ QA04 coverage Gate rejects missing role (3.078833ms)
✔ QA04 coverage Gate rejects cross-tenant leak (0.188625ms)
✔ QA04 coverage Gate rejects two write winners (0.137459ms)
✔ QA04 coverage Gate rejects duplicate audit (0.111917ms)
✔ QA04 coverage Gate rejects rollback missing (0.113458ms)
✔ QA04 coverage Gate rejects unclean resource (0.127125ms)
✔ QA04 coverage Gate rejects reused isolation (0.096458ms)
✔ QA04 coverage Gate rejects no observed replay (0.112625ms)
✔ QA04 required acceptance cases are enforced (0.582875ms)
✔ QA04 skipped assertion fails execution Gate (0.403375ms)
✔ QA04 removed state-machine assertion fails coverage Gate (0.446792ms)
✔ migration source requires exact approved commit (0.445334ms)
✔ migration connection requires complete secret and verified TLS; special credentials are encoded (0.162875ms)
✔ database verification derives every mapped Prisma table (0.4175ms)
✔ runner without approved source fails without reporting credentials or driver details (32.030333ms)
✔ source packager archives committed tree, includes exact SHA and refuses overwriting ZIP (5169.093584ms)
✔ local TLS broker: 10 independent certificate sessions, QoS1, downlinks, reconnect and broker ACL rejection (786.005917ms)
✔ 10 concurrent sessions: all topics, exact 5% duplicates / 2% delayed telemetry, replay and isolated bad Schema (142.859ms)
✔ cross-device publish, subscribe, receive and wildcard denied (0.546083ms)
✔ invalid configuration, OTA transitions and test credential gate fail closed (0.645417ms)
✔ scripted failed command, missing target mapping and illegal downlink do not generate mixed ACK (0.261333ms)
✔ all sessions close when one transport fails; no successful receipt (74.568625ms)
✔ MQTT adapter rejects SUBACK denial and connection failures (0.427292ms)
✔ CLI creates offline receipt and refuses ungated mqtts before reading credential paths (357.218791ms)
✔ CDK wrapper accepts synth/diff and requires explicit deploy stack (0.789708ms)
✔ CDK wrapper builds the whole workspace and fails closed on build errors (0.120292ms)
✔ CDK wrapper uses local SSO but requires OIDC credentials in GitHub Actions (0.069042ms)
✔ QA03 Gate accepts complete local integration receipt (0.537375ms)
✔ QA03 Gate rejects missing scenario (0.163125ms)
✔ QA03 Gate rejects unclean resources (0.0785ms)
✔ QA03 Gate rejects reused isolation prefix (0.0815ms)
✔ QA03 Gate rejects lost message (0.087791ms)
✔ QA03 Gate rejects duplicate business record (0.1075ms)
✔ QA03 Gate rejects missing raw proof (0.17275ms)
✔ QA03 Gate rejects missing fault probe (0.241208ms)
✔ receipt covers all 128 decisions in two viewports (3.064417ms)
✔ fail closed: missing page (0.311667ms)
✔ fail closed: skipped case (0.29325ms)
✔ fail closed: flaky success (0.221666ms)
✔ fail closed: retry (0.20125ms)
✔ fail closed: unexpected external network (0.185791ms)
✔ fail closed: fixture collision (0.173667ms)
✔ fail closed: missing cleanup (0.167667ms)
✔ fail closed: updated baseline masquerades as regression (0.174292ms)
✔ fail closed: missing group (0.226625ms)
✔ fail closed: duplicate group (0.190375ms)
✔ fail closed: missing rejection assertion (0.207291ms)
✔ fail closed: missing menu (0.201917ms)
✔ fail closed: missing behavior guard (0.188375ms)
✔ fail closed: wrong viewport (0.183834ms)
✔ fail closed: snapshot hash mismatch (0.189375ms)
✔ binding omission, duplication and reject implementation fail closed (0.305916ms)
✔ actual config guard accepts R0/R1 and final false restore without declaring business/P95 (0.550875ms)
✔ config rejects accountReadCandidate drift (0.129375ms)
✔ config rejects pool drift (0.068625ms)
✔ config rejects memory drift (0.049375ms)
✔ config rejects preconnect drift (0.049792ms)
✔ config rejects engineCpu drift (0.053375ms)
✔ config rejects envName drift (0.041917ms)
✔ config rejects revisionId drift (0.039041ms)
✔ config rejects codeSha256 drift (0.058292ms)
✔ config rejects state drift (0.074541ms)
✔ config rejects architecture drift (0.044583ms)
✔ config rejects source, inventory and concurrency drift (0.097208ms)
✔ real gzip bytes bind exact own devices, raw outbox hash and canonical published hash (6.828417ms)
✔ scope expansion, unknown customer/device, modified bytes and missing archive fail closed (9.910208ms)
✔ IoT normalized raw body binds outbox bytes while original publication binds canonical payload (9.447125ms)
✔ quick MQTT profile requires exact additional telemetry ledger and cannot waive missing archives (2.144375ms)
✔ archive deadline uses actual S3 modification times and cannot green an eventual late archive (2.674458ms)
✔ redelivery rejects foreign archives, unbounded inventories and unbound certificates before AWS operations (0.864667ms)
✔ C1 waits for both branches then independent query/checkout; C0 refuses candidate signal; warm absent is null (7.333125ms)
✔ preconnect proof rejects missing (0.085791ms)
✔ preconnect proof rejects duplicate (0.060958ms)
✔ preconnect proof rejects failed (0.066083ms)
✔ preconnect proof rejects foreign (0.073375ms)
✔ preconnect proof rejects bad timestamp (0.07ms)
✔ preconnect proof rejects dispatch instead of settlement (0.072958ms)
✔ preconnect proof rejects not connection wait (0.06225ms)
✔ preconnect proof rejects query before preparation (0.073916ms)
✔ preconnect proof rejects checkout steals readiness (0.094042ms)
✔ preconnect proof rejects outside hook (0.066ms)
✔ preconnect proof rejects invalid duration (0.051833ms)
✔ preconnect proof rejects orphan (0.050208ms)
✔ preconnect proof rejects consistently empty invocation identities (1.027833ms)
✔ nominal 30x profile cannot conceal a slower real publish window (24.803083ms)
✔ version proof requires CI deploy Amplify exact commit and 19 distinct verified artifact bytes (0.362875ms)
✔ own-fixture fault grant rejects shared changes and unknown faults while retaining deployment boundary (0.1335ms)
✔ database proof rejects foreign build, source, role and nonzero cleanup instead of trusting child PASS (0.284083ms)
✔ target gates reject missing finish cleanup required case and foreign device before live calls (0.587292ms)
✔ business cleanup preserves outside rows, rejects baseline drift and deletes own dependent rows atomically (1756.118792ms)
✔ fault injection rejects missing authorization and foreign export identity without mutation (0.440792ms)
✔ assertion-only validation cannot stand in for cleanup or whole target acceptance (0.124833ms)
✔ nonActive scope cannot enter the full wave that contains Active dependent probes (11.109958ms)
✔ foundation mode cannot be mistaken for full core or browser acceptance (0.305333ms)
✔ complete intermediate/root chain matches truststore and private key (7.307583ms)
✔ missing root is distinguished from valid signing certificate and key (0.36425ms)
✔ wrong parent, expired chain and wrong private key fail independently (0.922084ms)
✔ oversized worker chain, malformed values and arbitrary canaries never leak (1.204042ms)
✔ receipt gate accepts completed diagnostic with invalid chain, rejects data leak and missing cleanup (1.580708ms)
✔ approved exact Worker, Secret, KMS and original expiry scope is accepted (0.668625ms)
✔ removing role condition, wildcard Secret or extended expiry is rejected (0.318792ms)
✔ unrestricted KMS, different context or extra secret permissions are rejected (0.153875ms)
✔ repair gate requires retained versions, exact output binding and all cleanup (1.234666ms)
✔ only root field changes, original version remains immutable and AWSPREVIOUS (6.766125ms)
✔ baseline drift prevents all writes (0.104916ms)
✔ wrong fixed root prevents all writes (0.270125ms)
✔ unknown put outcome recovers immutable token without a second put (1.048709ms)
✔ candidate mutation fails before promotion (0.286166ms)
✔ concurrent current movement after candidate write is preserved (0.51875ms)
✔ unknown promotion response is recovered from current stages (0.761292ms)
✔ post-promotion failed readback rolls back only the known current candidate (0.580625ms)
✔ invalid version token rejects before accessing any secret (0.212084ms)
✔ rollback refuses to overwrite a concurrent foreign current version (0.575583ms)
✔ unknown AWS errors are returned as fixed codes without secret exception text (0.078042ms)
✔ successful promotion waits for metadata visibility without repeating stage writes (0.775125ms)
✔ existing current candidate is verified using read-only store without new versions or stage writes (0.715083ms)
✔ read-only recovery rejects changed fields without rolling back an existing current version (0.239208ms)
✔ capacity planning includes operational and rotation idle overlap and rejects naive concurrency increase (0.509208ms)
✔ partition preserves 722ms without treating CPU as exclusive scheduling or compiler time (3.220208ms)
✔ split rejects missing (0.083708ms)
✔ split rejects duplicate (0.06325ms)
✔ split rejects foreign (0.063584ms)
✔ split rejects invalid CPU (0.071583ms)
✔ split rejects no CPU (0.051125ms)
✔ split rejects wrong boundary (0.05225ms)
✔ split rejects failed (0.045375ms)
✔ split rejects gap (0.070292ms)
✔ split rejects overlap (0.09425ms)
✔ split rejects fake duration (0.060167ms)
✔ split rejects connection claim (0.050166ms)
✔ target observer setup gap remains rejected: 737ms/17ms (0.565333ms)
✔ target observer setup gap remains rejected: 498ms/18ms (0.042333ms)
✔ target observer setup gap remains rejected: 40ms/20ms (0.03775ms)
✔ range reads keep the original default and permit bounded slow-link retry (0.3595ms)
✔ range reads reject unbounded, ambiguous and below-default timeouts (0.188833ms)
✔ read-only asset concurrency stays bounded independently of DB/API capacity (0.105375ms)
✔ cold sampler collector binds exact own REPORT and safe client metrics: patch (69.221583ms)
✔ cold sampler collector binds exact own REPORT and safe client metrics: audit (47.112459ms)
✔ two batches preserve six own contracts, six winners/conflicts and audits with a hard concurrency/request bound (67.799875ms)
✔ unknown write drains siblings and waits for Lambda quiescence without retry or false PASS (18.972333ms)
✔ audit drift fails closed: audit-id (14.963125ms)
✔ audit drift fails closed: foreign-list (15.541625ms)
✔ foreign context, missing baseline or excess batches fail before any dispatch/receipt (2.120209ms)
✔ sampling correlation ledger rejects foreign or missing HTTP rows even with a valid business result (23.798625ms)
✔ DLQ scope requires closed ledger, 20 exact IDs and fresh empty database proof (0.758083ms)
✔ one-shot worker deletes only exact retired pointers, restores unknown visibility, and exports no bodies or handles (2.05ms)
✔ six exact request/time/status/extended/Lambda links pass without saving unrelated fields or requests (43.955542ms)
✔ correlation refuses complete proof for time (47.510958ms)
✔ correlation refuses complete proof for lambda-id (58.026917ms)
✔ correlation refuses complete proof for duplicate (63.123583ms)
✔ correlation refuses complete proof for missing-http (55.145958ms)
✔ audit GET binds list/detail operation and timeout UUID without claiming client success (108.290333ms)
✔ phase proof covers success, conditional conflict and all audit reads without declaring latency/cleanup acceptance (25.820458ms)
✔ cold 409 gate requires matching cold phase flags and successful runtime initialization (5.094542ms)
✔ new account gate requires nested hook, Prisma query, first driver query and checkout on every request (0.259167ms)
✔ account gate rejects missing (0.220375ms)
✔ account gate rejects duplicate (0.1745ms)
✔ account gate rejects failure (0.177083ms)
✔ account gate rejects wait-boundary (0.217791ms)
✔ account gate rejects timestamp (0.178292ms)
✔ account gate rejects outside-hook (0.679375ms)
✔ phase proof rejects foreign-invocation (0.184667ms)
✔ phase proof rejects missing-transaction (0.092125ms)
✔ phase proof rejects conflict-code (0.082459ms)
✔ phase proof rejects missing-http (0.043167ms)
✔ phase proof rejects other-run (0.033083ms)
✔ bounded sampler requires physical Init Duration as well as application cold phases and retains client metrics (0.883542ms)
✔ bounded sampler rejects foreign-report (0.619166ms)
✔ bounded sampler rejects duplicate-report (0.198667ms)
✔ bounded sampler rejects no-socket-metrics (0.165709ms)
✔ bounded sampler rejects missing-body (0.11825ms)
✔ bounded sampler rejects over-budget (0.094166ms)
✔ bounded sampler rejects missing-audit (0.087583ms)
✔ client preparation requires actual dispatch, cold adapter suffix and leaves warm adapter timings absent (0.643084ms)
✔ client preparation rejects missing prepare (0.207167ms)
✔ client preparation rejects settlement is not driver dispatch (0.180625ms)
✔ client preparation rejects preparation after driver start (0.14925ms)
✔ client preparation rejects cold missing suffix (0.195875ms)
✔ client preparation rejects suffix outside preparation (0.14775ms)
✔ client preparation rejects wrong invocation (0.130417ms)
✔ client preparation cannot bypass account phase checks (0.126167ms)
✔ engine CPU mode proves preparation before model, preserves driver boundary and refuses old lazy ownership (1.512292ms)
✔ runtime assembly opt-in preserves both engine ownership modes and rejects old partial runtime receipts (2.51425ms)
✔ parent phase Gate requires engine/runtime and C1 settlement before queries; C0 refuses candidate phases (0.878167ms)
✔ success audits bind precisely and conflicts never have a success audit (0.363084ms)
✔ audit proof rejects duplicate (0.13275ms)
✔ audit proof rejects wrong-version (0.052583ms)
✔ audit proof rejects conflict-success (0.054542ms)
✔ Gateway overlap cannot conceal serialized Lambda executions (0.323209ms)
✔ three races accept either winner, bind every successful write to audit and advance once per version (32.526708ms)
✔ early failure still drains the late sibling before readback and never retries or reports PASS (4.357875ms)
✔ race fails closed for double-winner (5.510958ms)
✔ race fails closed for gateway-id (3.847209ms)
✔ race fails closed for audit-id (16.298542ms)
✔ foreign context fails before dispatch or receipt writes (0.620833ms)
✔ historical read scope rejects any resource outside the exact sealed old contract before live calls (0.119917ms)
✔ read-only completion accepts only all six settled exact successful PATCH receipts (0.705292ms)
✔ cleanup/completion guard rejects unknown-write (0.223167ms)
✔ cleanup/completion guard rejects foreign-site (0.132916ms)
✔ cleanup/completion guard rejects wrong-account (0.121084ms)
✔ cleanup/completion guard rejects unfinished (0.100208ms)
✔ cleanup/completion guard rejects gateway-id (0.114083ms)
✔ log projection redacts payload/error details and rejects unrecognized events (0.486959ms)
✔ serialized AWS log projection preserves closed event names through the 20-sequence Gate (10.997917ms)
✔ specific redelivery needs matching SQS ID, final disposition and durable duplicate receipt (0.158667ms)
✔ 20 sequence stage Gate rejects incomplete coverage and unrelated device evidence (0.454584ms)
✔ completed Build result tolerates delayed/truncated CloudWatch visibility and transient read failure without rerunning SQL (1.184542ms)
✔ wrong/multiple/failed frames and AccessDenied reject immediately, absent result fails closed after bounded reads (1.890375ms)
✔ expired SSO is a terminal authentication condition, never a transient log retry (0.104833ms)
✔ CloudWatch 250000-character fragments reassemble exact source-bound metadata without accepting truncation or another frame (10.066166ms)
✔ large fixture observations round-trip through bounded gzip without losing metadata (15.923292ms)
✔ compressed fixture frames reject corruption, noncanonical data and decompression bombs (33.851959ms)
✔ compressed metadata still requires the exact expected source/build/action binding (2.597ms)
✔ fixed manifest rejects unsafe SQL identifiers, missing hash and duplicates (0.565167ms)
✔ migration comparison distinguishes missing, tampered, unfinished and rolled-back migrations (0.144083ms)
✔ snapshot uses repeatable read/read only, timeouts, fixed SELECTs and always rolls back (0.467125ms)
✔ writable transaction rejected before business queries and rolled back (0.212417ms)
✔ query failure rolls back instead of yielding partial PASS (0.12975ms)
✔ dedicated query project never changes migration project or passes StartBuild overrides (24.751833ms)
✔ legacy onboarding rows without CSR columns require reconciliation before migration (0.268541ms)
✔ query success preserves real migration BLOCKED instead of promoting readiness (0.698459ms)
✔ wrong build, writable transaction, unbound hash and fabricated migration PASS rejected (0.258291ms)
✔ missing table count cannot become complete SQL evidence (1.386958ms)
✔ explicit manual false overrides repository true and preserves capacity/immediate context (0.60075ms)
✔ manual deployment rejects branch/SHA, missing mode, phase drift and unsupported events before cloud work (0.146917ms)
✔ push keeps existing resolved defaults but cannot ignore explicit invalid input (0.064709ms)
✔ input pair gate never implies target acceptance and rejects SHA/config/context/duplicate run drift (0.226583ms)
✔ workflow records input receipt before verification/AWS and never interpolates manual input into shell (0.227042ms)
✔ C0/C1 same SHA and engine=true differ only preconnect; push cannot turn candidate on (0.226625ms)
✔ R0/R1 input pair binds same SHA and budget, differs only account read; push always off (5.615625ms)
✔ entity merge requires actual decisions on both viewports, scoped devices, versions and cleanup (0.600291ms)
✔ certificate merge cannot use review-only parent to claim real dual-channel certificate entity (0.106917ms)
✔ request UUID is durable before a single dispatch and credentials never enter receipts (20.055292ms)
✔ failed AWAIT_HEADERS preserves correlation without retry (0.366041ms)
✔ failed READ_BODY preserves correlation without retry (0.122792ms)
✔ malformed JSON cannot become a successful HTTP receipt (0.186666ms)
✔ socket events split DNS/TCP/TLS; receipts contain no URL, authorization or socket details (5.538125ms)
✔ real delayed body is measured separately; a reused connection has absent DNS/TCP/TLS, not invented zeros (172.000292ms)
✔ total deadline aborts an unfinished response body; no complete-body receipt or retry (8.539583ms)
✔ injected fetch cannot masquerade as detailed socket observation (0.277125ms)
✔ layout diagnostic fails closed before AWS calls for foreign, finished or unbound fixtures (0.591584ms)
✔ diagnostic cleanup retains all actions and fails closed: absent (0.486542ms)
✔ diagnostic cleanup retains all actions and fails closed: still-present (0.053417ms)
✔ diagnostic cleanup retains all actions and fails closed: read-denied (0.051041ms)
✔ diagnostic cleanup retains all actions and fails closed: signout-failed (0.060792ms)
✔ diagnostic cleanup retains all actions and fails closed: delete-failed (0.068584ms)
✔ snapshot must be available encrypted manual and exact whitelist cannot expand (0.407375ms)
✔ real local SQL retires exactly two jobs/requests and preserves every other table (1496.397208ms)
✔ live status drift aborts with original rows intact (502.860625ms)
✔ unexpected cascade/trigger changing a preserved table rolls back all deletes (454.762625ms)
✔ valid HTTP writes cannot be inflated by malformed, wrong role, wrong method or failed requests (1.023542ms)
✔ target License wire sequence proves ExpiringSoon renewal and Renewed activation using real handlers and PostgreSQL (1544.409666ms)
✔ planner never dispatches and matchable inputs never accept P95 or causal benefit (0.837542ms)
✔ pair rejects drift or missing proof sourceCommit (1.122417ms)
✔ pair rejects drift or missing proof memoryMiB (0.115417ms)
✔ pair rejects drift or missing proof architecture (0.066334ms)
✔ pair rejects drift or missing proof poolMax (0.067042ms)
✔ pair rejects drift or missing proof actorRole (0.05575ms)
✔ pair rejects drift or missing proof accountState (0.047417ms)
✔ pair rejects drift or missing proof operationId (0.046292ms)
✔ pair rejects drift or missing proof expectedStatus (0.0545ms)
✔ pair rejects drift or missing proof authenticatedPreconnect (0.09425ms)
✔ pair rejects drift or missing proof engineCpuDiagnosis (0.054417ms)
✔ pair rejects drift or missing proof artifactSetSha256 (0.040792ms)
✔ pair rejects drift or missing proof lambdaCount (0.07425ms)
✔ pair rejects drift or missing proof cleanupGate (0.037042ms)
✔ pair rejects drift or missing proof source (0.030334ms)
✔ pair rejects drift or missing proof coldProofGroup (0.025416ms)
✔ pair rejects drift or missing proof naturalCold409Count (0.038958ms)
✔ pair rejects drift or missing proof platformInitDurationMs (0.042125ms)
✔ pair rejects drift or missing proof clientSplitGate (0.029291ms)
✔ pair rejects drift or missing proof firstCheckoutOwned (0.023875ms)
✔ pair rejects drift or missing proof startedAt (0.019ms)
✔ actual receipt loader rejects byte drift and directory escape before reading semantic proof (2.297208ms)
✔ matched independent sampling stays distinct from baseline and cannot accept a missing group (0.421125ms)
✔ recovery sub-gate checks all preserved tables without accepting full QA09 (0.631459ms)
✔ version mismatch, missing migration and changed certificate/other business data fail closed (0.380041ms)
✔ retirement evidence cannot hide wrong deleted IDs or lose preservation proof (0.252042ms)
✔ retirement project has fixed source and never modifies readonly/migration runner (28.851875ms)
✔ real Sync observation redacts secret domains and cannot treat delivery as firmware verification (0.52925ms)
✔ receipt runner sends only RECEIVED and redacts complete snapshots even with device password hashes (0.438209ms)
✔ receipt runner fails closed for mismatched snapshots and refused confirmation (0.141625ms)
✔ 117 elements require both real viewport receipts (4.862958ms)
✔ one failure fails all elements in the affected behavior group (0.577208ms)
✔ Active dependent operations are explicit NOT_RUN, not successful disabled checks (0.508ms)
✔ duplicate, foreign and invalid viewport receipts fail closed (0.553333ms)
✔ Defer and Reject failures also block the browser Gate (0.464833ms)
✔ CSV proof rejects empty, foreign and malformed downloads while parsing quoted data (0.225917ms)
✔ reopens own TLS session after same-clientId negative probe and closes on failure (0.730792ms)
✔ foreign MQTT scope is rejected before connection (0.094791ms)
✔ S3 fallback accepts exact owned version cleanup and rejects bucket, customer and pagination expansion (0.463291ms)
✔ export scope rejects a foreign device before API, AWS or output writes (0.599834ms)
✔ domain cleanup refuses live run, foreign customer name, missing DB cleanup and out-of-scope objects (0.631625ms)
✔ unseeded identity cleanup rejects unfinished, foreign, seeded and pre-existing admin ledgers (0.488042ms)
✔ Cognito canonical UUID is allowed only with exact own email and creation within this failed run (0.183209ms)
✔ P95 uses all actual samples and rejects empty or invalid measurements (0.438416ms)
✔ complete P95 excludes censored timeouts and refuses partial sample acceptance (0.118625ms)
✔ performance summary refuses to report P95 PASS for missing or incomplete actual samples (50.893292ms)
✔ read-only pool probe distinguishes one connection, recovery and incomplete capacity acceptance (19.459833ms)
✔ observed connection-budget violation refuses a pool PASS receipt (0.660459ms)
✔ foreign probe application name is rejected before database access (0.061292ms)
✔ CPU ancestry attributes minified constructor and compile samples exclusively (0.394209ms)
✔ curl metrics differences preserve boundaries and reject bad ordering or nonfinite values (0.444916ms)
✔ curl probes are six bounded verified GETs with no credential/config/retry path; proxy prevents dispatch (9.163125ms)
✔ curl failures retain siblings and discard raw error text (0.188958ms)
✔ scheduled publishing overlaps slow PUBACK and drains failures without abandoning in-flight writes (19.642958ms)
✔ only exact test account and readonly role accepted (0.454542ms)
✔ stack identity, region, project and test tag fail closed (0.106791ms)
✔ permission denial is unverified, never classified as absent (0.104542ms)
✔ metadata health never promotes missing business evidence to AWS PASS (0.227042ms)
✔ five groups with unconfirmed or disabled users do not prove usable identities (0.072792ms)
✔ missing target receipts and version mismatch remain blockers (0.068917ms)
✔ existing test environment requires neither new account nor stack and retains real-response/cleanup boundaries (0.230417ms)
✔ real sub-scope acceptance cannot claim whole QA09 (1.060167ms)
✔ unfinished execution, missing role probe and failed assertion rejected (0.140125ms)
✔ missing cleanup, wrong target, secrets and source tampering rejected (1.738708ms)
✔ identity cleanup only accepts this run and the five known role identities (0.461333ms)
✔ record cleanup requires exact run namespace, not merely a partial prefix (0.096625ms)
✔ recovery excludes explicitly later own SLO records without waiving original bytes or deadlines (23.618166ms)
✔ later record exemption never includes other devices or customers (1.788292ms)
✔ site compensation rejects foreign-route before any AWS command (195.706584ms)
✔ site compensation rejects failed-cleanup before any AWS command (185.824208ms)
✔ site compensation rejects unbound-parent before any AWS command (134.0515ms)
✔ remaining target rejects foreign fixture before an API or database call (1.0045ms)
✔ unproved license activation fails legal stage and independent stage failures remain explicit without credentials (3.954833ms)
✔ per-request service throttling requires both unique IDs and bound access-row time/status, never minute metrics (0.369291ms)
✔ QA09 rollout separates logging, budget and event publication and rejects silent phase mistakes (0.69325ms)
✔ engine CPU diagnosis is explicit and only allowed after pool budget rollout (0.092291ms)
✔ runtime assembly has ordered nested CPU intervals without additive initialization totals (3.200666ms)
✔ runtime proof rejects absent, duplicate, failed, foreign IDs, overlap, bad CPU and invalid durations (0.348375ms)
✔ security retest rejects foreign fixture before any credential or live API access (0.533458ms)
✔ six tampered tokens require HTTP rejection and keep credentials out of receipt (0.720292ms)
✔ unknown seed outcome requires observed complete own set or proven empty set, never a blind retry (0.47825ms)
✔ semantic SQL creates two scoped read models without lifecycle or authentication claims and refuses reuse (1190.731792ms)
✔ semantic SQL refuses scope/state drift: lifecycle_status='Active' (176.77ms)
✔ semantic SQL refuses scope/state drift: site_id=NULL (179.779916ms)
✔ semantic SQL refuses scope/state drift: customer_id='22222222-2222-2222-2222-222222222222' WHERE customer_id='11111111-1111-1111-1111-111111111111' (171.054084ms)
✔ semantic SQL refuses scope/state drift: name='outside' (164.053875ms)
✔ platform exports require the exact ledger and own frozen filters; foreign jobs remain unchanged (225.986875ms)
✔ business session cleanup never accepts a foreign email id role scope or lifecycle (0.616166ms)
✔ session fixtures require exact own customer and site binding before cleanup (0.111916ms)
✔ complete narrow real-environment scope never accepts full QA09 (1.394875ms)
✔ missing mTLS, shared keys, different ingress/archive bytes and missing cleanup fail closed (0.754084ms)
✔ CodeBuild inline source fits service limit and decompresses to exact reviewed bytes (28.710042ms)
✔ exact own-ten plan rejects expansion, historical identity and wrong customer namespace (19.827458ms)
✔ real SQL creates exact fixtures and cleanup preserves original devices/certificates (855.619958ms)
✔ unexpected original-data trigger mutation rolls back fixture creation (472.247166ms)
✔ processing provisioning job prevents cleanup without deleting any own devices (437.365708ms)
✔ CSR proofs bind method, path, request ID, timestamp, nonce and independent key (72.389541ms)
✔ closed-fixture audit and request outbox cleanup require ledger and preserve unrelated events (429.532042ms)
✔ closed-fixture access rejects missing approval audit and live customer (425.140292ms)
✔ unseeded capacity attempt has read-only empty audit with deleted customers and fixed original baseline (426.513333ms)
✔ business-only Onboarded fixtures preserve original rows, refuse reuse and make no certificate/authentication claim (420.838917ms)
✔ unseeded timeout audit reads only exact prefix and cannot mutate original or retry customer creation (430.37125ms)
✔ active lifecycle fixture changes exactly two own states and never claims a natural path (427.764291ms)
✔ capacity probe executes a read-only transaction and leaves fixture and original rows unchanged (414.721542ms)
✔ review-only mode cannot run without an explicit review hook or with unknown options (0.423208ms)
✔ fixture CLI distinguishes expired SSO from authorization rejection and transport timeouts (0.168583ms)
✔ TLS diagnostic bounds independent reads to 12 and six concurrent; fake observations cannot claim real target source (53.938084ms)
✔ TLS diagnostic retains settled siblings, missing samples and unexpected HTTP/authentication as PARTIAL (0.548375ms)
✔ version binding preserves prior defaults and accepts exact new target (0.6345ms)
✔ invalid version input is rejected before any AWS operation (0.151458ms)
✔ all delivered writes have an explicit permission and own or absent object path (0.710625ms)
✔ identical claims still change signed payload bytes rather than unused base64 signature bits (1.139416ms)
✔ Gateway 403 rejects tampered signatures while protected 2xx must fail (7.259667ms)
✔ quick has exact cadence, 24 historical hours, 30x burst, 5% duplicates and 2% delayed delivery (9.302833ms)
✔ full plan contains 86400 historical Telemetry samples for 10 devices at 10-second cadence (185.1515ms)
✔ unknown profile fails closed (0.166958ms)
✔ P95 uses nearest rank and does not mutate input (0.120334ms)
✔ invalid latency  rejected (0.060042ms)
✔ invalid latency NaN rejected (0.033375ms)
✔ invalid latency Infinity rejected (0.037042ms)
✔ invalid latency -1 rejected (0.039916ms)
✔ independent checker verifies count average min max and UTC buckets (0.22225ms)
✔ complete reliability proof passes (0.658791ms)
✔ Gate rejects missing trace (0.44275ms)
✔ Gate rejects duplicate trace (0.357333ms)
✔ Gate rejects failed cleanup (0.428834ms)
✔ Gate rejects wrong profile (0.336834ms)
✔ Gate rejects wrong cadence (0.384625ms)
✔ Gate rejects untracked loss (0.3785ms)
✔ Gate rejects duplicate business row (0.355292ms)
✔ Gate rejects missing archive (0.349417ms)
✔ Gate rejects missing reorder (0.385083ms)
✔ Gate rejects missing retry (0.35725ms)
✔ Gate rejects unresolved gap (0.358417ms)
✔ Gate rejects worker not paused (0.359708ms)
✔ Gate rejects no backlog (0.366375ms)
✔ Gate rejects unscoped replay (3.039167ms)
✔ Gate rejects duplicate MQTT publish (3.87525ms)
✔ Gate rejects late ACK changed terminal state (0.575292ms)
✔ Gate rejects telemetry P95 failed (0.496583ms)
✔ Gate rejects command P95 failed (0.429709ms)
✔ Gate rejects NaN P95 (0.415375ms)
✔ Gate rejects missing latency samples (0.4065ms)
✔ security receipt accepts complete execution and all observed acceptance proofs (7.002917ms)
✔ execution fails closed: deleted required test (0.48375ms)
✔ execution fails closed: missing file (0.296333ms)
✔ execution fails closed: pending test (0.07375ms)
✔ execution fails closed: failed test (1.00825ms)
✔ proof fails closed: missing proof (0.510209ms)
✔ proof fails closed: reused prefix (0.124708ms)
✔ proof fails closed: cleanup incomplete (0.099459ms)
✔ proof fails closed: expired JWT accepted (0.099958ms)
✔ proof fails closed: missing write operation (0.110292ms)
✔ proof fails closed: forged identity accepted (0.079333ms)
✔ proof fails closed: route resolved before auth (0.054417ms)
✔ proof fails closed: cross tenant allowed (0.078792ms)
✔ proof fails closed: unauthorized side effect (0.373458ms)
✔ proof fails closed: prototype pollution (0.383167ms)
✔ proof fails closed: malicious media signed (0.110542ms)
✔ proof fails closed: malicious media persisted (0.073792ms)
✔ proof fails closed: leak ignored (0.071666ms)
✔ proof fails closed: unscanned audit (0.11475ms)
✔ proof fails closed: unscanned snapshot (0.133375ms)
✔ proof fails closed: partial response scan (0.068083ms)
✔ independent scanner rejects nested secrets raw JWT Error private key and signed URL without echoing values (0.820917ms)
✔ scanner detects opaque canary leakage and permits null redacted values and public certificate (0.051041ms)
ℹ tests 659
ℹ suites 0
ℹ pass 659
ℹ fail 0
ℹ cancelled 0
ℹ skipped 0
ℹ todo 0
ℹ duration_ms 7531.896292
