observe: PROVISIONING
observe: DOWNLOAD_SOURCE
observe: INSTALL
observe: BUILD
observe: COMPLETED
business-seed-devices: PROVISIONING
business-seed-devices: DOWNLOAD_SOURCE
business-seed-devices: COMPLETED
business-baseline: PROVISIONING
business-baseline: DOWNLOAD_SOURCE
business-baseline: BUILD
business-baseline: COMPLETED
business-cleanup: PROVISIONING
business-cleanup: DOWNLOAD_SOURCE
business-cleanup: BUILD
business-cleanup: COMPLETED
business-audit: PROVISIONING
business-audit: DOWNLOAD_SOURCE
business-audit: BUILD
business-audit: COMPLETED
{"gate":"PASS","stages":{"foundation":"PASS","remaining":"PASS"},"checks":123,"cleanupComplete":true}
observe: PROVISIONING
observe: DOWNLOAD_SOURCE
observe: BUILD
observe: COMPLETED
cleanup: PROVISIONING
cleanup: DOWNLOAD_SOURCE
cleanup: BUILD
cleanup: COMPLETED
{"task":"QA-09","scope":"OWN_BOUNDED_COLD409_SAMPLING","sourceCommit":"fb6f3628a176628d3752f04a9fa35f70c54b5009","prefix":"qa09-b32da19a88043425","fullQa09Accepted":false,"gate":"PASS","checks":115,"cleanup":"PASS","fixtureMode":"REAL_RDS_ONBOARDED_STATE_FOR_BUSINESS_APIS_NO_DEVICE_AUTH_CLAIM","sourceReceipt":"docs/audit/evidence/qa-09-fb6f362-client-preparation-target-2026-10-06/rerun/sample.json.sources.json","sourceReceiptSha256":"185068f9cdb57cb59533d57e91977e9d026781db2cb569ee21f70d305c38cfbc","cold409Gate":"NOT_EVALUATED","maxConcurrency":6,"maxPatchRequests":12,"remainingCoverage":"No real device authentication, natural Active, native browser, full 117 behavior or full QA09 acceptance claim"}
