✔ read recovery preserves original timeout, reads only one started ID and never replays a mutation (14.956875ms)
✔ known authorization, expired SSO, invalid JSON and unknown failures never retry (32.187459ms)
✔ two read recoveries are the global bound, repeated timeout remains FAIL (7.70975ms)
✔ started Build waiting is bounded by polls and elapsed time; non-success terminal status never admits cleanup (8.590959ms)
✔ every cloud ownership field and raw Plan is required before reading results (8.191083ms)
✔ CLI failure records exit/signal/timing, classifies recognized errors and stores no stderr or credentials (0.813292ms)
✔ cleanup observer persists each success/failure and preserves failure identity without raw message, stack or input (0.271916ms)
✔ sign-out failure still deletes and verifies own identity, retains failure and cannot admit cleanup PASS (0.185042ms)
✔ only UserNotFound proves absence, failed delete is retained, and surviving identity fails closed (0.237375ms)
✔ cold sampler collector binds exact own REPORT and safe client metrics: patch (41.3975ms)
✔ cold sampler collector binds exact own REPORT and safe client metrics: audit (34.15975ms)
✔ six exact request/time/status/extended/Lambda links pass without saving unrelated fields or requests (41.682875ms)
✔ correlation refuses complete proof for time (34.453792ms)
✔ correlation refuses complete proof for lambda-id (34.472167ms)
✔ correlation refuses complete proof for duplicate (32.719375ms)
✔ correlation refuses complete proof for missing-http (31.5245ms)
✔ audit GET binds list/detail operation and timeout UUID without claiming client success (60.98075ms)
✔ baseline normal/exact collection shares every ownership/PG/CPU field without business requests (45.408667ms)
✔ cold normal/exact collection shares every ownership/PG/CPU field without business requests (40.582292ms)
✔ audit normal/exact collection shares every ownership/PG/CPU field without business requests (43.886291ms)
✔ exact collection rejects source before another AWS read and preserves prior bytes (35.550959ms)
✔ exact collection rejects raw-bytes before another AWS read and preserves prior bytes (35.338208ms)
✔ exact collection rejects time before another AWS read and preserves prior bytes (35.544334ms)
✔ exact collection rejects duplicate before another AWS read and preserves prior bytes (34.753833ms)
✔ exact collection rejects id before another AWS read and preserves prior bytes (33.875791ms)
✔ exact collection rejects shared before another AWS read and preserves prior bytes (33.082167ms)
✔ exact collection rejects extended before another AWS read and preserves prior bytes (33.381667ms)
✔ exact collection rejects overwrite before another AWS read and preserves prior bytes (33.608333ms)
✔ exact collection rejects over-limit before another AWS read and preserves prior bytes (35.83975ms)
✔ parent snapshot covers every executed child source before any cloud fixture starts (4.500375ms)
✔ parent success persists entries before launch and observes each owned cleanup without changing writes (3.382666ms)
✔ parent keeps observe failure, continues remaining cleanup, and cannot close PASS (0.917792ms)
✔ parent keeps cleanup failure, continues remaining cleanup, and cannot close PASS (0.419375ms)
✔ parent keeps baseline failure, continues remaining cleanup, and cannot close PASS (0.458416ms)
✔ parent keeps refresh failure, continues remaining cleanup, and cannot close PASS (0.457209ms)
✔ parent keeps cleanup-customer-b failure, continues remaining cleanup, and cannot close PASS (0.412875ms)
✔ parent keeps verify-customer-gone-b failure, continues remaining cleanup, and cannot close PASS (0.389083ms)
✔ parent keeps scope failure, continues remaining cleanup, and cannot close PASS (0.301292ms)
✔ parent keeps signout failure, continues remaining cleanup, and cannot close PASS (0.353291ms)
✔ parent keeps delete failure, continues remaining cleanup, and cannot close PASS (0.601833ms)
✔ parent keeps get failure, continues remaining cleanup, and cannot close PASS (0.369167ms)
✔ parent keeps survives failure, continues remaining cleanup, and cannot close PASS (0.3385ms)
✔ no session uses only owned admin signout and records the actual SDK operation (0.335459ms)
✔ failed or unknown startup is persisted once without restarting or guessing a Build ID (0.194583ms)
ℹ tests 44
ℹ suites 0
ℹ pass 44
ℹ fail 0
ℹ cancelled 0
ℹ skipped 0
ℹ todo 0
ℹ duration_ms 478.564042
