✔ read recovery preserves original timeout, reads only one started ID and never replays a mutation (20.333958ms)
✔ known authorization, expired SSO, invalid JSON and unknown failures never retry (29.171875ms)
✔ two read recoveries are the global bound, repeated timeout remains FAIL (6.443708ms)
✔ started Build waiting is bounded by polls and elapsed time; non-success terminal status never admits cleanup (7.106583ms)
✔ every cloud ownership field and raw Plan is required before reading results (7.611084ms)
✔ CLI failure records exit/signal/timing, classifies recognized errors and stores no stderr or credentials (0.898625ms)
✔ cleanup observer persists each success/failure and preserves failure identity without raw message, stack or input (0.285625ms)
✔ sign-out failure still deletes and verifies own identity, retains failure and cannot admit cleanup PASS (0.211083ms)
✔ only UserNotFound proves absence, failed delete is retained, and surviving identity fails closed (0.237708ms)
✔ cold sampler collector binds exact own REPORT and safe client metrics: patch (34.608125ms)
✔ cold sampler collector binds exact own REPORT and safe client metrics: audit (34.258125ms)
✔ six exact request/time/status/extended/Lambda links pass without saving unrelated fields or requests (35.579875ms)
✔ correlation refuses complete proof for time (33.215417ms)
✔ correlation refuses complete proof for lambda-id (33.57125ms)
✔ correlation refuses complete proof for duplicate (30.218875ms)
✔ correlation refuses complete proof for missing-http (28.680917ms)
✔ audit GET binds list/detail operation and timeout UUID without claiming client success (56.328959ms)
✔ baseline normal/exact collection shares every ownership/PG/CPU field without business requests (39.6985ms)
✔ cold normal/exact collection shares every ownership/PG/CPU field without business requests (38.636209ms)
✔ audit normal/exact collection shares every ownership/PG/CPU field without business requests (40.548667ms)
✔ exact collection rejects source before another AWS read and preserves prior bytes (32.596584ms)
✔ exact collection rejects raw-bytes before another AWS read and preserves prior bytes (32.413416ms)
✔ exact collection rejects time before another AWS read and preserves prior bytes (32.595625ms)
✔ exact collection rejects duplicate before another AWS read and preserves prior bytes (32.124917ms)
✔ exact collection rejects id before another AWS read and preserves prior bytes (30.605875ms)
✔ exact collection rejects shared before another AWS read and preserves prior bytes (31.355833ms)
✔ exact collection rejects extended before another AWS read and preserves prior bytes (31.286292ms)
✔ exact collection rejects overwrite before another AWS read and preserves prior bytes (30.724833ms)
✔ exact collection rejects over-limit before another AWS read and preserves prior bytes (33.120958ms)
✔ parent snapshot covers every executed child source before any cloud fixture starts (2.185208ms)
✔ parent success persists entries before launch and observes each owned cleanup without changing writes (3.307833ms)
✔ parent keeps observe failure, continues remaining cleanup, and cannot close PASS (0.952792ms)
✔ parent keeps cleanup failure, continues remaining cleanup, and cannot close PASS (0.426959ms)
✔ parent keeps baseline failure, continues remaining cleanup, and cannot close PASS (0.491ms)
✔ parent keeps refresh failure, continues remaining cleanup, and cannot close PASS (0.487667ms)
✔ parent keeps cleanup-customer-b failure, continues remaining cleanup, and cannot close PASS (0.4215ms)
✔ parent keeps verify-customer-gone-b failure, continues remaining cleanup, and cannot close PASS (0.396959ms)
✔ parent keeps scope failure, continues remaining cleanup, and cannot close PASS (0.31ms)
✔ parent keeps signout failure, continues remaining cleanup, and cannot close PASS (0.414792ms)
✔ parent keeps delete failure, continues remaining cleanup, and cannot close PASS (0.701042ms)
✔ parent keeps get failure, continues remaining cleanup, and cannot close PASS (0.381958ms)
✔ parent keeps survives failure, continues remaining cleanup, and cannot close PASS (0.363125ms)
✔ no session uses only owned admin signout and records the actual SDK operation (0.362792ms)
✔ failed or unknown startup is persisted once without restarting or guessing a Build ID (0.204333ms)
ℹ tests 44
ℹ suites 0
ℹ pass 44
ℹ fail 0
ℹ cancelled 0
ℹ skipped 0
ℹ todo 0
ℹ duration_ms 441.586625
