business-seed-devices: PROVISIONING
business-seed-devices: DOWNLOAD_SOURCE
business-seed-devices: BUILD
business-seed-devices: COMPLETED
business-baseline: PROVISIONING
business-baseline: DOWNLOAD_SOURCE
business-baseline: BUILD
business-baseline: COMPLETED
business-seed-alarm: PROVISIONING
business-seed-alarm: DOWNLOAD_SOURCE
business-seed-alarm: BUILD
business-seed-alarm: COMPLETED
{"group":"dashboard.summary","width":375,"result":"PASS","reason":null}
{"group":"dashboard.collections","width":375,"result":"PASS","reason":null}
{"group":"dashboard.commands","width":375,"result":"NOT_RUN","reason":"START_STOP_REBOOT_REQUIRE_ACTIVE"}
{"group":"dashboard.upgrade","width":375,"result":"NOT_RUN","reason":"OTA_REQUIRES_ACTIVE_ONLINE"}
{"group":"device-view.scope","width":375,"result":"PASS","reason":null}
{"group":"device-view.console","width":375,"result":"NOT_RUN","reason":"REAL_SENSOR_CONSUMABLE_ALARM_ESG_DATA_NOT_PROVIDED"}
{"group":"device-view.media","width":375,"result":"NOT_RUN","reason":"NO_OWN_MEDIA_UPLOAD_DEVICE"}
{"group":"absence:device-view.button.camPlay","width":375,"result":"PASS","reason":null}
{"group":"absence:device-view.button.camStop","width":375,"result":"PASS","reason":null}
{"group":"device-operate.commands","width":375,"result":"NOT_RUN","reason":"ACTUATION_REQUIRES_ACTIVE"}
{"group":"device-operate.configuration","width":375,"result":"PASS","reason":null}
{"group":"device-operate.alias","width":375,"result":"PASS","reason":null}
{"group":"device-operate.activities","width":375,"result":"NOT_RUN","reason":"NO_OWN_ACTIVITY_ROWS"}
{"group":"absence:device-operate.button.updateStrategy","width":375,"result":"PASS","reason":null}
{"group":"absence:device-operate.button.camPlay","width":375,"result":"PASS","reason":null}
{"group":"absence:device-operate.button.camStop","width":375,"result":"PASS","reason":null}
{"group":"device-group.filters","width":375,"result":"PASS","reason":null}
{"group":"device-group.columns","width":375,"result":"PASS","reason":null}
{"group":"device-group.manage","width":375,"result":"PASS","reason":null}
{"group":"device-group.onboarding","width":375,"result":"NOT_RUN","reason":"NO_OWN_PENDING_CSR_IN_THIS_BUSINESS_FIXTURE"}
{"group":"absence:device-group.column.enabledFlag","width":375,"result":"PASS","reason":null}
{"group":"absence:device-group.column.enabledStatus","width":375,"result":"PASS","reason":null}
{"group":"absence:device-group.req.column.creator","width":375,"result":"PASS","reason":null}
{"group":"device-manage.configuration","width":375,"result":"PASS","reason":null}
{"group":"device-manage.ota","width":375,"result":"PASS","reason":null}
{"group":"device-manage.certificate","width":375,"result":"NOT_RUN","reason":"NO_CERTIFICATE_IN_ONBOARDED_DB_FIXTURE"}
{"group":"device-manage.back","width":375,"result":"PASS","reason":null}
{"group":"device-consumable.filters","width":375,"result":"PASS","reason":null}
{"group":"device-consumable.columns","width":375,"result":"PASS","reason":null}
{"group":"device-consumable.contact","width":375,"result":"PASS","reason":null}
{"group":"device-consumable.requests","width":375,"result":"PASS","reason":null}
{"group":"contract-modify.columns","width":375,"result":"PASS","reason":null}
{"group":"contract-modify.new","width":375,"result":"PASS","reason":null}
{"group":"contract-modify.detail","width":375,"result":"PASS","reason":null}
{"group":"contract-new.fields","width":375,"result":"PASS","reason":null}
{"group":"contract-new.submit","width":375,"result":"PASS","reason":null}
{"group":"contract-new.cancel","width":375,"result":"PASS","reason":null}
{"group":"contract-detail.devices","width":375,"result":"PASS","reason":null}
{"group":"contract-detail.back","width":375,"result":"PASS","reason":null}
{"group":"absence:contract-detail.column.enabledStatus","width":375,"result":"PASS","reason":null}
{"group":"esg-overview.period","width":375,"result":"PASS","reason":null}
{"group":"esg-overview.columns","width":375,"result":"NOT_RUN","reason":"NO_OWN_ESG_ROWS"}
{"group":"esg-overview.export","width":375,"result":"NOT_RUN","reason":"NO_OWN_TELEMETRY_EXPORT_IN_THIS_FIXTURE"}
{"group":"esg-device.scope","width":375,"result":"PASS","reason":null}
{"group":"esg-device.period","width":375,"result":"PASS","reason":null}
{"group":"esg-device.metrics","width":375,"result":"NOT_RUN","reason":"NO_OWN_ESG_ROWS"}
{"group":"esg-device.export","width":375,"result":"NOT_RUN","reason":"NO_OWN_TELEMETRY_EXPORT_IN_THIS_FIXTURE"}
{"group":"settings.platform","width":375,"result":"NOT_RUN","reason":"INVITE_FORM_ONLY_NO_EMAIL_SEND_OR_PLATFORM_USER_MUTATION"}
{"group":"settings.device-users","width":375,"result":"PASS","reason":null}
{"group":"absence:settings.field.permissionCheckboxes","width":375,"result":"PASS","reason":null}
{"group":"absence:settings.modal.passwordInput","width":375,"result":"PASS","reason":null}
{"group":"dashboard.summary","width":1440,"result":"PASS","reason":null}
{"group":"dashboard.collections","width":1440,"result":"PASS","reason":null}
{"group":"dashboard.commands","width":1440,"result":"NOT_RUN","reason":"START_STOP_REBOOT_REQUIRE_ACTIVE"}
{"group":"dashboard.upgrade","width":1440,"result":"NOT_RUN","reason":"OTA_REQUIRES_ACTIVE_ONLINE"}
{"group":"device-view.scope","width":1440,"result":"PASS","reason":null}
{"group":"device-view.console","width":1440,"result":"NOT_RUN","reason":"REAL_SENSOR_CONSUMABLE_ALARM_ESG_DATA_NOT_PROVIDED"}
{"group":"device-view.media","width":1440,"result":"NOT_RUN","reason":"NO_OWN_MEDIA_UPLOAD_DEVICE"}
{"group":"absence:device-view.button.camPlay","width":1440,"result":"PASS","reason":null}
{"group":"absence:device-view.button.camStop","width":1440,"result":"PASS","reason":null}
{"group":"device-operate.commands","width":1440,"result":"NOT_RUN","reason":"ACTUATION_REQUIRES_ACTIVE"}
{"group":"device-operate.configuration","width":1440,"result":"PASS","reason":null}
{"group":"device-operate.alias","width":1440,"result":"PASS","reason":null}
{"group":"device-operate.activities","width":1440,"result":"NOT_RUN","reason":"NO_OWN_ACTIVITY_ROWS"}
{"group":"absence:device-operate.button.updateStrategy","width":1440,"result":"PASS","reason":null}
{"group":"absence:device-operate.button.camPlay","width":1440,"result":"PASS","reason":null}
{"group":"absence:device-operate.button.camStop","width":1440,"result":"PASS","reason":null}
{"group":"device-group.filters","width":1440,"result":"PASS","reason":null}
{"group":"device-group.columns","width":1440,"result":"PASS","reason":null}
{"group":"device-group.manage","width":1440,"result":"PASS","reason":null}
{"group":"device-group.onboarding","width":1440,"result":"NOT_RUN","reason":"NO_OWN_PENDING_CSR_IN_THIS_BUSINESS_FIXTURE"}
{"group":"absence:device-group.column.enabledFlag","width":1440,"result":"PASS","reason":null}
{"group":"absence:device-group.column.enabledStatus","width":1440,"result":"PASS","reason":null}
{"group":"absence:device-group.req.column.creator","width":1440,"result":"PASS","reason":null}
{"group":"device-manage.configuration","width":1440,"result":"PASS","reason":null}
{"group":"device-manage.ota","width":1440,"result":"PASS","reason":null}
{"group":"device-manage.certificate","width":1440,"result":"NOT_RUN","reason":"NO_CERTIFICATE_IN_ONBOARDED_DB_FIXTURE"}
{"group":"device-manage.back","width":1440,"result":"PASS","reason":null}
{"group":"device-consumable.filters","width":1440,"result":"PASS","reason":null}
{"group":"device-consumable.columns","width":1440,"result":"PASS","reason":null}
{"group":"device-consumable.contact","width":1440,"result":"PASS","reason":null}
{"group":"device-consumable.requests","width":1440,"result":"PASS","reason":null}
{"group":"contract-modify.columns","width":1440,"result":"PASS","reason":null}
{"group":"contract-modify.new","width":1440,"result":"PASS","reason":null}
{"group":"contract-modify.detail","width":1440,"result":"PASS","reason":null}
{"group":"contract-new.fields","width":1440,"result":"PASS","reason":null}
{"group":"contract-new.submit","width":1440,"result":"PASS","reason":null}
{"group":"contract-new.cancel","width":1440,"result":"PASS","reason":null}
{"group":"contract-detail.devices","width":1440,"result":"PASS","reason":null}
{"group":"contract-detail.back","width":1440,"result":"PASS","reason":null}
{"group":"absence:contract-detail.column.enabledStatus","width":1440,"result":"PASS","reason":null}
{"group":"esg-overview.period","width":1440,"result":"PASS","reason":null}
{"group":"esg-overview.columns","width":1440,"result":"NOT_RUN","reason":"NO_OWN_ESG_ROWS"}
{"group":"esg-overview.export","width":1440,"result":"NOT_RUN","reason":"NO_OWN_TELEMETRY_EXPORT_IN_THIS_FIXTURE"}
{"group":"esg-device.scope","width":1440,"result":"PASS","reason":null}
{"group":"esg-device.period","width":1440,"result":"PASS","reason":null}
{"group":"esg-device.metrics","width":1440,"result":"NOT_RUN","reason":"NO_OWN_ESG_ROWS"}
{"group":"esg-device.export","width":1440,"result":"NOT_RUN","reason":"NO_OWN_TELEMETRY_EXPORT_IN_THIS_FIXTURE"}
{"group":"settings.platform","width":1440,"result":"NOT_RUN","reason":"INVITE_FORM_ONLY_NO_EMAIL_SEND_OR_PLATFORM_USER_MUTATION"}
{"group":"settings.device-users","width":1440,"result":"PASS","reason":null}
{"group":"absence:settings.field.permissionCheckboxes","width":1440,"result":"PASS","reason":null}
{"group":"absence:settings.modal.passwordInput","width":1440,"result":"PASS","reason":null}
business-cleanup: PROVISIONING
business-cleanup: DOWNLOAD_SOURCE
business-cleanup: INSTALL
business-cleanup: BUILD
business-cleanup: COMPLETED
business-audit: PROVISIONING
business-audit: DOWNLOAD_SOURCE
business-audit: BUILD
business-audit: COMPLETED
{"gate":"FAIL","stages":{"semanticBrowser":"PARTIAL","core":"PASS"},"checks":235,"cleanupComplete":true}
cleanup: PROVISIONING
cleanup: DOWNLOAD_SOURCE
cleanup: BUILD
cleanup: COMPLETED
{"task":"QA-09","scope":"NONACTIVE_LEGAL_WRITES_AND_117_TARGET_BROWSER","sourceCommit":"221559289b4b27467745abffd31576b6409263f3","prefix":"qa09-b06594394cab558b","fullQa09Accepted":false,"gate":"PARTIAL","checks":224,"cleanup":"PASS","fixtureMode":"REAL_RDS_ONBOARDED_STATE_FOR_BUSINESS_APIS_NO_DEVICE_AUTH_CLAIM","sourceReceipt":"docs/audit/evidence/qa-09-2215592-layout-2026-10-05/business.json.sources.json","sourceReceiptSha256":"61e6d49fe638384e71af8fc06628229f13acd5a3d49b5b70abe8efa2861fbca9","remainingCoverage":"No real device authentication, natural Active, native browser, full 117 behavior or full QA09 acceptance claim"}
