file:///Users/anray/Documents/project/hiddenjoyacom/food-digester-platform/scripts/qa09-ten-device-bridge.mjs:47
    throw Object.assign(Error('AWS_OPERATION_FAILED'), {
                        ^

Error: AWS_OPERATION_FAILED
    at fixtureAws (file:///Users/anray/Documents/project/hiddenjoyacom/food-digester-platform/scripts/qa09-ten-device-bridge.mjs:47:25)
    at aws (file:///Users/anray/Documents/project/hiddenjoyacom/food-digester-platform/scripts/qa09-ten-device-bridge.mjs:124:21)
    at runFixture (file:///Users/anray/Documents/project/hiddenjoyacom/food-digester-platform/scripts/qa09-ten-device-bridge.mjs:160:13)
    at file:///Users/anray/Documents/project/hiddenjoyacom/food-digester-platform/docs/audit/evidence/qa-09-24d50d6-r0-r1-2026-10-09/capacity-readonly.mjs:5:7
    at ModuleJob.run (node:internal/modules/esm/module_job:413:25)
    at async onImport.tracePromise.__proto__ (node:internal/modules/esm/loader:660:26)
    at async asyncRunEntryPointWithESMLoader (node:internal/modules/run_main:101:5) {
  code: 'AWS_start-build_CLI_READ_TIMEOUT',
  cliObservation: {
    exitStatus: 255,
    signal: null,
    spawnErrorCode: null,
    stderrBytes: 95,
    durationMs: 5716
  }
}

Node.js v24.12.0
