
> food-digester-platform@0.0.0 test:scripts /Users/anray/Documents/project/hiddenjoyacom/food-digester-platform
> node --import tsx --test scripts/*.test.mjs

✔ bootstrap input is bound to the normalized email and never accepts a password (0.768833ms)
✔ successful bootstrap creates Cognito identity before committing linked database user (0.198ms)
✔ non-pristine Cognito or database fails before any mutation (0.183209ms)
✔ database failure deletes Cognito identity and records compensated failure (0.180291ms)
✔ failed Cognito compensation keeps reconciliation required (0.105417ms)
✔ source approval requires exact SHA and packager embeds committed SHA (5787.143625ms)
✔ runner without approved source fails closed without leaking configuration (27.442709ms)
✔ serial and parallel repeated browser receipts are validated (6.006833ms)
✔ fail closed: missing required flow (0.184917ms)
✔ fail closed: skipped execution (0.119708ms)
✔ fail closed: flaky execution (0.10675ms)
✔ fail closed: retry hides failure (0.110584ms)
✔ fail closed: unexpected error (0.104709ms)
✔ fail closed: missing isolated trace (0.10275ms)
✔ fail closed: data prefix reused (9.324958ms)
✔ fail closed: context cleanup failed (0.165ms)
✔ fail closed: unmocked network request (0.162625ms)
✔ fail closed: missing role proof (0.205625ms)
✔ fail closed: wrong route permission (0.184917ms)
✔ fail closed: Auditor OTA write enabled (0.192125ms)
✔ fail closed: missing MFA assertion (0.167792ms)
✔ fail closed: missing conflict response (0.152375ms)
✔ fail closed: missing forbidden response (0.146875ms)
✔ fail closed: missing repeat (0.080917ms)
✔ repeat traces cannot duplicate the first execution (0.147958ms)
✔ manifest exactly matches independent Playwright discovery (842.689417ms)
✔ discovery fails closed: missing case (0.414583ms)
✔ discovery fails closed: extra case (0.085583ms)
✔ discovery fails closed: duplicate replacing required case (0.068833ms)
✔ old Viewer permission cannot pass the updated matrix (0.167417ms)
✔ required behavioral proof cannot be missing: QA-09 设备管理长别名和序列号在375px完整换行且不裁切 (0.15ms)
✔ required behavioral proof cannot be missing: H-01 API 拒绝停用会话后清除浏览器会话并返回登录 (0.173ms)
✔ required behavioral proof cannot be missing: M-01 CustomerViewer 从菜单查询设备用户详情，全部写入口隐藏 (0.327167ms)
✔ required behavioral proof cannot be missing: UI redesign: all business routes at 1366x768 (0.161417ms)
✔ required behavioral proof cannot be missing: UI redesign: all business routes at 1440x900 (1.320709ms)
✔ required behavioral proof cannot be missing: UI redesign: all business routes at 1920x1080 (0.156541ms)
✔ required behavioral proof cannot be missing: QA05 login SRP MFA error success logout without persisting password (0.144125ms)
✔ required behavioral proof cannot be missing: QA05 ESG cursor totals export snapshot timezone and empty state (0.126917ms)
✔ required behavioral proof cannot be missing: QA05 Command dangerous confirmation terminal result and publish failure (0.1355ms)
✔ required behavioral proof cannot be missing: QA05 Media expiry renew 403 and audit read-only zero writes (0.118041ms)
✔ serial and repeated phases require all 108 independent prefixes (0.386541ms)
✔ phase budget accounts for startup, executions and worker slots, with a finite ceiling (0.055292ms)
✔ invalid phase budget rejected: repeat=0 workers=1 (0.041958ms)
✔ invalid phase budget rejected: repeat=1 workers=0 (0.024917ms)
✔ invalid phase budget rejected: repeat=0.5 workers=1 (0.027542ms)
✔ invalid phase budget rejected: repeat=1 workers=0.5 (0.021291ms)
✔ invalid phase budget rejected: repeat=Infinity workers=1 (0.020875ms)
✔ invalid phase budget rejected: repeat=1 workers=NaN (0.02075ms)
✔ real child-process timeout is classified and cannot create a successful phase (53.024042ms)
✔ failed/killed process cannot pass: status=1 (0.062375ms)
✔ failed/killed process cannot pass: status=null (0.030875ms)
✔ spawn errors reject without disclosing raw process error details (0.187625ms)
✔ successful process may proceed to the strict report and trace validator (0.080208ms)
✔ 真实 OpenAPI 片段可确定性打包且无外部引用 (103.436375ms)
✔ bundle 新鲜度检查拒绝缺失或过期产物 (163.315875ms)
✔ 失败示例：非法 OpenAPI 版本与缺少 responses 被拒绝 (0.167333ms)
✔ 失败示例：全局重复 operationId 被拒绝 (0.073042ms)
✔ 失败示例：非法 parameter 与 Schema 被拒绝 (0.114375ms)
✔ 仓库提交的统一 bundle 与当前片段一致 (35.528916ms)
✔ scoped Gate accepts the archived real-target receipt, without promoting full acceptance (30.530167ms)
✔ scoped Gate rejects missing role (8.63825ms)
✔ scoped Gate rejects wrong SHA (25.090584ms)
✔ scoped Gate rejects unverified Lambda (30.409583ms)
✔ scoped Gate rejects runtime drift (7.492125ms)
✔ scoped Gate rejects mocked API (70.155792ms)
✔ scoped Gate rejects empty tenant (9.736208ms)
✔ scoped Gate rejects cross-Customer list leak (7.695583ms)
✔ scoped Gate rejects Viewer mutation accepted (6.376125ms)
✔ scoped Gate rejects expired old Token (117.917375ms)
✔ scoped Gate rejects two duplicate successes (12.669125ms)
✔ scoped Gate rejects two optimistic successes (7.318125ms)
✔ scoped Gate rejects bundled Firefox (9.187125ms)
✔ scoped Gate rejects missing browser-role case (36.133ms)
✔ scoped Gate rejects persisted edit belongs to another record (8.090333ms)
✔ scoped Gate rejects forbidden page rendered as business page (7.125542ms)
✔ scoped Gate rejects missing screenshot (2.010458ms)
✔ scoped Gate rejects cleanup duplicate hides missing ID (8.932958ms)
✔ scoped Gate rejects cleanup incomplete (7.407042ms)
✔ scoped Gate rejects private credentials retained (38.862542ms)
✔ scoped Gate rejects scope promoted (35.090625ms)
✔ 当前管理后台源代码满足入口与组合根交付约束 (7.48825ms)
✔ 缺少入口和构建产物时失败关闭 (0.337292ms)
✔ FE-06 至 FE-19 任一任务或路由从事实源缺失时失败关闭 (4.631292ms)
✔ FE-11 至 FE-15 任一任务、路由或页面标识缺失时失败关闭 (27.413167ms)
✔ FE-06 至 FE-15 任一控制器或 operationId 缺失时失败关闭 (12.476542ms)
✔ FE-11 至 FE-15 控制器或 operationId 缺失时失败关闭 (3.174583ms)
✔ FE-16 至 FE-19 任一任务、路由、控制器、页面标识或 operationId 缺失时失败关闭 (17.238166ms)
✔ App 移除显式页面分支时失败关闭 (4.055375ms)
✔ 完整目标回执覆盖双提交、隔离环境、五角色、七路由、五闭环与清理 (137.871708ms)
✔ 缺路由、角色、闭环或审计拒绝角色时失败关闭 (35.217959ms)
✔ mock、泄露、短链持久化、危险操作与只读写请求均失败关闭 (86.501958ms)
✔ 缺失回执、双部署提交漂移、HEAD 不一致与未清理均失败关闭 (30.369375ms)
✔ 目标 Gate 是显式发布步骤且不进入普通 verify (0.237625ms)
✔ 完整回执覆盖双提交、隔离环境、五角色、五路由、四闭环、隐私、双语布局与清理 (230.448833ms)
✔ 缺路由、角色、闭环、locale 或 viewport 时失败关闭 (64.093917ms)
✔ mock、权限、并发、泄露或布局不合格时失败关闭 (34.514792ms)
✔ 缺失回执、双部署提交漂移、HEAD 不一致与未清理均失败关闭 (49.735333ms)
✔ 目标 Gate 是显式发布步骤且不进入普通 verify (0.247083ms)
✔ 完整路由、五角色、五业务闭环、租户、并发、敏感字段与清理回执通过 (0.801875ms)
✔ 缺路由、角色或业务闭环时失败关闭 (0.157292ms)
✔ Cognito、部署 API、跨租户、并发与敏感字段证据不满足约束时失败关闭 (0.110083ms)
✔ 缺失回执、部署提交或 sourceCommit 不一致时失败关闭 (0.506416ms)
✔ 完整的 58 API、五角色、并发、ESG 与清理目标 AWS 回执通过 (0.905583ms)
✔ 58 个回执 operationId 与九份正式业务 OpenAPI 精确一致 (1.903ms)
✔ API 缺项、角色缺项与跨 Customer 放行均失败关闭 (0.245666ms)
✔ 并发或 ESG 证据不满足生产约束时失败关闭 (0.096125ms)
✔ 缺失回执与 sourceCommit 不匹配均失败关闭 (0.562375ms)
✔ 完整覆盖 25 API、五角色、竞态、退役与导出的隔离 AWS 回执通过 (0.859208ms)
✔ 缺 operation、跨租户放行、竞态双成功、证书未失活与 MQTT/S3 缺口均失败关闭 (0.188ms)
✔ operation 成功状态与负向状态集合不完整时失败关闭 (0.089958ms)
✔ 回执缺失、非法 JSON 或 sourceCommit 不一致时独立发布 Gate 失败 (0.842584ms)
✔ 完整 Archive、Replay、Summary 目标 AWS 回执通过 (0.748125ms)
✔ 缺探针、重复归档、Replay 复制业务行和空 Summary 均失败关闭 (0.205792ms)
✔ 缺少回执或提交不一致时独立 Gate 失败 (0.485125ms)
✔ 完整隔离 AWS 回执覆盖 8 Topic、负向路径、QA-03 与清理时通过 (0.838667ms)
✔ 缺 Topic、未知 Topic 命中、Error Action 未恢复和原文漂移均失败关闭 (0.162667ms)
✔ 未提供目标 AWS 回执时独立发布 Gate 明确失败 (0.412167ms)
✔ 回执必须对应待发布的精确 Git 提交 (0.299583ms)
✔ 完整的 15 API、角色、Cognito、并发、S3、Dashboard、审计与清理回执通过 (1.184209ms)
✔ 15 个 operationId 与六份正式 OpenAPI 精确一致 (0.735666ms)
✔ API、角色、租户或安全/并发探针缺口均失败关闭 (1.636917ms)
✔ 缺失回执与 sourceCommit 不匹配均失败关闭 (2.042333ms)
✔ 干净的依赖图通过检查 (1.54975ms)
✔ 共享包反向依赖 apps 被识别为边界违规 (1.191375ms)
✔ contracts 反向依赖 apps 被识别为边界违规 (0.638958ms)
✔ apps 之间互相依赖被识别为边界违规 (0.767459ms)
✔ 工作区循环依赖被检出 (2.875375ms)
✔ 非工作区依赖（外部 npm 包）不参与检查 (0.45625ms)
✔ 当前仓库通过边界与循环依赖检查 (1.294166ms)
✔ CDK WARNING 与规则校验编号会触发 Gate (0.557125ms)
✔ 正常 synth 输出不会误报 (0.407417ms)
✔ 已交付 Lambda 缺失或回退到内联 501 占位时 Gate 失败 (0.158833ms)
✔ 已交付 Lambda 使用 S3 asset 时 Gate 通过 (0.05525ms)
✔ CMD/OTA 生产接线 Gate 对 Worker/调度任一缺失均失败关闭 (0.194041ms)
✔ CMD/OTA 生产接线 Gate 对 IoT/S3/KMS 权限缺失失败关闭 (0.222291ms)
✔ 真实登记文件：结构校验通过，并准确识别当前未决 DEC (3.454208ms)
✔ 真实契约版本文件：decisionRegisterVersion 与登记一致 (1.282959ms)
✔ 契约版本不一致被拒绝 (0.465042ms)
✔ 重复决策 ID 被拒绝（已知冲突必须有唯一决策 ID） (0.256583ms)
✔ 原则与决策之间 ID 也全局唯一 (0.12425ms)
✔ pending 决策携带批准人被拒绝 (0.069ms)
✔ frozen 决策必须有批准人、批准时间和 >=1.0.0 版本 (0.102916ms)
✔ blockingTasks 为空或格式非法被拒绝 (0.129625ms)
✔ history 必须非空且末条版本与条目版本一致 (0.213167ms)
✔ 非 UTC 时间戳被拒绝 (0.112625ms)
✔ CLI validate 模式：真实文件退出码 0 且输出实际未决数；--fail-on-pending 按实际未决数返回 (1.096292ms)
✔ CLI：结构错误退出码 1 (0.770583ms)
✔ 追溯校验：合法 x-decision-versions 引用通过（Schema 可追溯到决策版本） (7.073458ms)
✔ 追溯校验：不存在的决策 ID 被拒绝 (1.507708ms)
✔ 追溯校验：引用版本与登记版本不一致被拒绝 (1.436166ms)
✔ 追溯校验：缺少 x-decision-versions 或格式非法被拒绝 (1.990167ms)
✔ 追溯校验：嵌套在 OpenAPI info 下的 x-decision-versions 可被递归发现 (0.710333ms)
✔ 已交付 API（含管理后台 P1）的 129 个 OpenAPI operation 与生产路由双向一致 (6.6115ms)
✔ 版本化已交付清单缺失、重复或引用不存在文件时失败关闭 (1.223917ms)
✔ 缺失、额外、重复及 method/path 漂移均失败关闭 (0.276ms)
✔ CMD/OTA 治理 Gate 校验四份 REST 契约及 DEC-022/023 冻结状态 (3.437959ms)
✔ 有效链接、无易漂移计数且工具链配对正确时通过 (2.296291ms)
✔ 损坏的仓库内 Markdown 链接被拒绝 (0.873667ms)
✔ 陈旧测试计数或不兼容工具链声明被拒绝 (0.735875ms)
✔ 当前仓库 ENG/DB/DOM 与 IAC/AUTH/SEC 任务文档证据一致 (47.468791ms)
✔ BE-IOT-01～08 文档全部纳入默认链接与证据门禁 (0.117333ms)
✔ BE-ARC/RPL/ESG 四份文档及 P2 回归纳入默认证据门禁 (0.051708ms)
✔ 11 份管理后台业务文档全部纳入默认链接与证据门禁 (0.0435ms)
✔ BE-MED/RBAC/AUD/DASH/SET 五份文档纳入状态与 AWS 证据门禁 (0.03725ms)
✔ FE-06～FE-10 五份前端文档纳入四层状态与目标回执门禁 (0.04925ms)
✔ FE-11～FE-15 五份前端文档纳入四层状态与独立目标回执门禁 (0.455459ms)
✔ 前端任务文档拒绝缺层级、问题责任字段、目标 Gate 和 P1 陈旧描述 (0.270209ms)
✔ FE-11～FE-15 文档拒绝旧缺陷、任务级勾选及旧目标 Gate (0.208084ms)
✔ BE-MED/RBAC/AUD/DASH/SET 文档拒绝缺状态层、陈旧参数和设置生效误述 (0.194208ms)
✔ 管理后台业务文档拒绝缺证据引用和陈旧决策或部署说法 (0.195458ms)
✔ BE-ARC/RPL/ESG 文档拒绝缺审计快照和生产接线边界外旧说法 (0.128ms)
✔ BE-IOT 文档拒绝缺少审计快照、Report P2002 与 Media 另路由旧说法 (0.265958ms)
✔ BE-IOT 严格负向探针必须保留为可定位的永久回归 (0.762459ms)
✔ 安全任务文档拒绝历史计数、缺少 verify 命令与陈旧 DEC-012 状态 (0.074333ms)
✔ 安全任务文档接受当前命令、审计快照引用与 frozen 决策 (0.041875ms)
✔ 当前仓库（DB-01 已落地）Migration 结构通过 (9.885667ms)
✔ schema.prisma 未落地时跳过并通过（骨架期行为） (0.242167ms)
✔ 失败示例：Schema 已存在但无任何 Migration（未提交 Migration） (1.841416ms)
✔ 失败示例：migrations/ 为空且缺少 migration_lock.toml (1.956542ms)
✔ 失败示例：Migration 目录名非法与空 migration.sql (1.113625ms)
✔ 合法 Migration 结构通过 (0.89325ms)
✔ 失败示例：已有旧 Migration 但 Schema 已变化且未登记快照 (1.110042ms)
✔ 真实矩阵通过完整性检查 (3.0205ms)
✔ 真实引用集合：41 个矩阵 API 与 13 个 routeId 全部可解析 (0.412ms)
✔ index19.html 源清单：9 个菜单、12 个页面、128 个元素与矩阵双向覆盖 (0.321ms)
✔ 真实矩阵：9 菜单、12 页面、每项均有处置结论 (0.244334ms)
✔ 被拒绝的实时流、明文密码、状态混用不携带实现任务 (0.256416ms)
✔ 矩阵的 x-decision-versions 可追溯到决策登记（DEC-007~012） (0.993833ms)
✔ 缺少菜单或页面被拒绝 (0.262708ms)
✔ 重复元素 ID 被拒绝 (0.073542ms)
✔ Adapt/Reject 缺少依据被拒绝 (0.074625ms)
✔ Adopt/Adapt 生产字段缺少 API 来源被拒绝 (0.106625ms)
✔ rejectCategory 项非 Reject 或携带实现任务被拒绝 (0.072667ms)
✔ 未知角色被拒绝（R7） (0.06525ms)
✔ 格式合法但不存在的 operationId、routeId 与响应字段被拒绝 (0.859625ms)
✔ planned operation 的任务归属漂移被拒绝 (0.30125ms)
✔ 源清单与矩阵任一侧删除元素均被双向覆盖检查拒绝 (1.773166ms)
✔ index19.html 内容变化但未重新盘点源清单时失败关闭 (29.895833ms)
✔ 重复 operationId 与 routeId 被引用索引拒绝 (1.069958ms)
✔ CLI：真实矩阵退出码 0，违规矩阵退出码 1 (34.15025ms)
✔ remaining scope cannot replace full core, Active acceptance or failed cleanups (0.665333ms)
✔ 当前仓库全部 Schema、OpenAPI 片段与统一 bundle 通过引用校验 (188.8445ms)
✔ 失败示例：悬空内部 $ref 被拒绝 (0.675708ms)
✔ 失败示例：同目录相对 $ref 目标文件不存在被拒绝 (13.440833ms)
✔ 失败示例：JSON 语法损坏的 Schema 被拒绝 (0.616125ms)
✔ 失败示例：JSON Schema 2020-12 非法 type 被元 Schema 拒绝 (0.509584ms)
✔ 失败示例：OpenAPI 基座缺少 paths 被拒绝 (0.472625ms)
✔ 同目录相对 $ref 可解析时通过 (0.591458ms)
✔ 失败示例：PEM 私钥块被检出 (0.557333ms)
✔ 失败示例：AWS Access Key ID 被检出 (0.073459ms)
✔ 失败示例：GitHub 令牌被检出 (0.050416ms)
✔ 失败示例：Slack 令牌被检出 (0.044834ms)
✔ 正常内容不误报 (0.367ms)
✔ 失败示例：未跟踪且未忽略文件中的私钥也被扫描 (45.351916ms)
✔ 当前仓库通过敏感信息扫描 (1566.107958ms)
✔ 生产源码直接 console 与 raw trace API 均被拒绝 (1.452709ms)
✔ 测试目录可使用 console，生产统一 logger 允许 (1.526417ms)
✔ 当前仓库生产源码通过 sink 门禁 (73.239542ms)
✔ QA-02 MQTT heartbeat: all valid/invalid fixtures, missing meta and type mutation (6.06825ms)
✔ QA-02 MQTT telemetry: all valid/invalid fixtures, missing meta and type mutation (3.587ms)
✔ QA-02 MQTT report: all valid/invalid fixtures, missing meta and type mutation (2.45475ms)
✔ QA-02 MQTT alarm: all valid/invalid fixtures, missing meta and type mutation (1.488417ms)
✔ QA-02 MQTT event: all valid/invalid fixtures, missing meta and type mutation (0.851208ms)
✔ QA-02 MQTT ack: all valid/invalid fixtures, missing meta and type mutation (14.844875ms)
✔ QA-02 MQTT tamper: all valid/invalid fixtures, missing meta and type mutation (4.365833ms)
✔ QA-02 MQTT media: all valid/invalid fixtures, missing meta and type mutation (3.060833ms)
✔ QA-02 MQTT cmd: all valid/invalid fixtures, missing meta and type mutation (4.194458ms)
✔ QA-02 MQTT ota: all valid/invalid fixtures, missing meta and type mutation (1.751625ms)
✔ QA-02 MQTT notification: all valid/invalid fixtures, missing meta and type mutation (1.279667ms)
✔ MQTT semantic hash, discriminator and UTC calendar errors fail closed (0.454708ms)
✔ full REST response: field deletion/type mutation/envelope/date/errors/status/headers are enforced (2.606458ms)
✔ REST request validation: required body/path/query/header, optional Sync, bodyless Deactivate, no type coercion in JSON (9.899167ms)
✔ all device operations and declared response JSON Schemas compile; stable error catalog has no duplicates (172.695583ms)
✔ predecessor MQTT is compatible; known REST break requires exact version and frozen DEC approvals (67.675833ms)
✔ breaking contract mutations fail: removing fields/operations/status, changing type/required/security (81.580792ms)
✔ receipt coverage gate fails closed for missing operations/statuses, no valid request and forged records (0.283542ms)
✔ archived CSR upgrade mapping still verifies original baselines without rewriting history (3.773583ms)
✔ QA04 coverage Gate accepts complete matrix and proofs (0.756333ms)
✔ QA04 coverage Gate rejects missing domain (0.206208ms)
✔ QA04 coverage Gate rejects no negative path (0.111792ms)
✔ QA04 coverage Gate rejects untrusted handler (0.086208ms)
✔ QA04 coverage Gate rejects missing role (0.45475ms)
✔ QA04 coverage Gate rejects cross-tenant leak (0.119583ms)
✔ QA04 coverage Gate rejects two write winners (0.1175ms)
✔ QA04 coverage Gate rejects duplicate audit (0.102417ms)
✔ QA04 coverage Gate rejects rollback missing (0.110833ms)
✔ QA04 coverage Gate rejects unclean resource (0.128833ms)
✔ QA04 coverage Gate rejects reused isolation (0.101042ms)
✔ QA04 coverage Gate rejects no observed replay (0.122417ms)
✔ QA04 required acceptance cases are enforced (0.550625ms)
✔ QA04 skipped assertion fails execution Gate (0.056959ms)
✔ QA04 removed state-machine assertion fails coverage Gate (0.403416ms)
✔ migration source requires exact approved commit (0.55825ms)
✔ migration connection requires complete secret and verified TLS; special credentials are encoded (0.234416ms)
✔ database verification derives every mapped Prisma table (0.473542ms)
✔ runner without approved source fails without reporting credentials or driver details (39.047125ms)
✔ source packager archives committed tree, includes exact SHA and refuses overwriting ZIP (5447.438209ms)
✔ local TLS broker: 10 independent certificate sessions, QoS1, downlinks, reconnect and broker ACL rejection (923.993375ms)
✔ 10 concurrent sessions: all topics, exact 5% duplicates / 2% delayed telemetry, replay and isolated bad Schema (308.686ms)
✔ cross-device publish, subscribe, receive and wildcard denied (0.493209ms)
✔ invalid configuration, OTA transitions and test credential gate fail closed (0.560792ms)
✔ scripted failed command, missing target mapping and illegal downlink do not generate mixed ACK (2.727625ms)
✔ all sessions close when one transport fails; no successful receipt (176.137584ms)
✔ MQTT adapter rejects SUBACK denial and connection failures (0.238292ms)
✔ CLI creates offline receipt and refuses ungated mqtts before reading credential paths (505.478292ms)
✔ CDK wrapper accepts synth/diff and requires explicit deploy stack (0.779875ms)
✔ CDK wrapper builds the whole workspace and fails closed on build errors (0.114292ms)
✔ CDK wrapper uses local SSO but requires OIDC credentials in GitHub Actions (0.068459ms)
✔ QA03 Gate accepts complete local integration receipt (0.717041ms)
✔ QA03 Gate rejects missing scenario (0.324417ms)
✔ QA03 Gate rejects unclean resources (0.272667ms)
✔ QA03 Gate rejects reused isolation prefix (0.252875ms)
✔ QA03 Gate rejects lost message (0.214417ms)
✔ QA03 Gate rejects duplicate business record (0.260208ms)
✔ QA03 Gate rejects missing raw proof (0.193625ms)
✔ QA03 Gate rejects missing fault probe (0.331958ms)
✔ receipt covers all 128 decisions in two viewports (2.2295ms)
✔ fail closed: missing page (0.2985ms)
✔ fail closed: skipped case (1.763208ms)
✔ fail closed: flaky success (0.837583ms)
✔ fail closed: retry (0.238708ms)
✔ fail closed: unexpected external network (0.198292ms)
✔ fail closed: fixture collision (0.192208ms)
✔ fail closed: missing cleanup (0.175709ms)
✔ fail closed: updated baseline masquerades as regression (0.17725ms)
✔ fail closed: missing group (0.227916ms)
✔ fail closed: duplicate group (0.183792ms)
✔ fail closed: missing rejection assertion (0.224709ms)
✔ fail closed: missing menu (0.188375ms)
✔ fail closed: missing behavior guard (0.190458ms)
✔ fail closed: wrong viewport (0.17975ms)
✔ fail closed: snapshot hash mismatch (0.175375ms)
✔ binding omission, duplication and reject implementation fail closed (0.295625ms)
✔ real gzip bytes bind exact own devices, raw outbox hash and canonical published hash (4.992708ms)
✔ scope expansion, unknown customer/device, modified bytes and missing archive fail closed (2.233875ms)
✔ IoT normalized raw body binds outbox bytes while original publication binds canonical payload (1.278959ms)
✔ quick MQTT profile requires exact additional telemetry ledger and cannot waive missing archives (1.874833ms)
✔ archive deadline uses actual S3 modification times and cannot green an eventual late archive (1.036417ms)
✔ redelivery rejects foreign archives, unbounded inventories and unbound certificates before AWS operations (1.603958ms)
✔ nominal 30x profile cannot conceal a slower real publish window (5.1765ms)
✔ version proof requires CI deploy Amplify exact commit and 19 distinct verified artifact bytes (0.872416ms)
✔ own-fixture fault grant rejects shared changes and unknown faults while retaining deployment boundary (0.437708ms)
✔ database proof rejects foreign build, source, role and nonzero cleanup instead of trusting child PASS (0.946917ms)
✔ target gates reject missing finish cleanup required case and foreign device before live calls (1.30475ms)
✔ business cleanup preserves outside rows, rejects baseline drift and deletes own dependent rows atomically (2317.978083ms)
✔ fault injection rejects missing authorization and foreign export identity without mutation (0.443334ms)
✔ assertion-only validation cannot stand in for cleanup or whole target acceptance (0.136666ms)
✔ nonActive scope cannot enter the full wave that contains Active dependent probes (0.969667ms)
✔ foundation mode cannot be mistaken for full core or browser acceptance (0.092125ms)
✔ complete intermediate/root chain matches truststore and private key (20.384042ms)
✔ missing root is distinguished from valid signing certificate and key (6.068584ms)
✔ wrong parent, expired chain and wrong private key fail independently (3.105167ms)
✔ oversized worker chain, malformed values and arbitrary canaries never leak (1.374417ms)
✔ receipt gate accepts completed diagnostic with invalid chain, rejects data leak and missing cleanup (2.108041ms)
✔ approved exact Worker, Secret, KMS and original expiry scope is accepted (0.680916ms)
✔ removing role condition, wildcard Secret or extended expiry is rejected (0.307667ms)
✔ unrestricted KMS, different context or extra secret permissions are rejected (0.149458ms)
✔ repair gate requires retained versions, exact output binding and all cleanup (2.035ms)
✔ only root field changes, original version remains immutable and AWSPREVIOUS (5.425834ms)
✔ baseline drift prevents all writes (4.969292ms)
✔ wrong fixed root prevents all writes (8.662875ms)
✔ unknown put outcome recovers immutable token without a second put (12.424ms)
✔ candidate mutation fails before promotion (14.534375ms)
✔ concurrent current movement after candidate write is preserved (0.660625ms)
✔ unknown promotion response is recovered from current stages (0.958333ms)
✔ post-promotion failed readback rolls back only the known current candidate (0.661542ms)
✔ invalid version token rejects before accessing any secret (0.260125ms)
✔ rollback refuses to overwrite a concurrent foreign current version (0.65325ms)
✔ unknown AWS errors are returned as fixed codes without secret exception text (0.09375ms)
✔ successful promotion waits for metadata visibility without repeating stage writes (0.899542ms)
✔ existing current candidate is verified using read-only store without new versions or stage writes (0.790166ms)
✔ read-only recovery rejects changed fields without rolling back an existing current version (0.267166ms)
✔ capacity planning includes operational and rotation idle overlap and rejects naive concurrency increase (0.496833ms)
✔ range reads keep the original default and permit bounded slow-link retry (0.344333ms)
✔ range reads reject unbounded, ambiguous and below-default timeouts (0.197667ms)
✔ read-only asset concurrency stays bounded independently of DB/API capacity (0.110833ms)
✔ cold sampler collector binds exact own REPORT and safe client metrics: patch (68.377375ms)
✔ cold sampler collector binds exact own REPORT and safe client metrics: audit (64.732833ms)
✔ two batches preserve six own contracts, six winners/conflicts and audits with a hard concurrency/request bound (23.539125ms)
✔ unknown write drains siblings and waits for Lambda quiescence without retry or false PASS (9.615417ms)
✔ audit drift fails closed: audit-id (36.529125ms)
✔ audit drift fails closed: foreign-list (18.623042ms)
✔ foreign context, missing baseline or excess batches fail before any dispatch/receipt (0.435458ms)
✔ sampling correlation ledger rejects foreign or missing HTTP rows even with a valid business result (22.258917ms)
✔ DLQ scope requires closed ledger, 20 exact IDs and fresh empty database proof (1.051833ms)
✔ one-shot worker deletes only exact retired pointers, restores unknown visibility, and exports no bodies or handles (8.98025ms)
✔ six exact request/time/status/extended/Lambda links pass without saving unrelated fields or requests (57.389958ms)
✔ correlation refuses complete proof for time (50.551334ms)
✔ correlation refuses complete proof for lambda-id (46.512958ms)
✔ correlation refuses complete proof for duplicate (55.146167ms)
✔ correlation refuses complete proof for missing-http (59.156542ms)
✔ audit GET binds list/detail operation and timeout UUID without claiming client success (106.503709ms)
✔ phase proof covers success, conditional conflict and all audit reads without declaring latency/cleanup acceptance (0.954667ms)
✔ cold 409 gate requires matching cold phase flags and successful runtime initialization (2.022208ms)
✔ new account gate requires nested hook, Prisma query, first driver query and checkout on every request (0.202375ms)
✔ account gate rejects missing (0.193583ms)
✔ account gate rejects duplicate (0.307166ms)
✔ account gate rejects failure (0.407667ms)
✔ account gate rejects wait-boundary (0.187ms)
✔ account gate rejects timestamp (0.157959ms)
✔ account gate rejects outside-hook (0.156416ms)
✔ phase proof rejects foreign-invocation (0.182417ms)
✔ phase proof rejects missing-transaction (0.975917ms)
✔ phase proof rejects conflict-code (0.111333ms)
✔ phase proof rejects missing-http (0.044333ms)
✔ phase proof rejects other-run (0.041833ms)
✔ bounded sampler requires physical Init Duration as well as application cold phases and retains client metrics (0.543125ms)
✔ bounded sampler rejects foreign-report (0.161666ms)
✔ bounded sampler rejects duplicate-report (0.147333ms)
✔ bounded sampler rejects no-socket-metrics (0.162125ms)
✔ bounded sampler rejects missing-body (0.110708ms)
✔ bounded sampler rejects over-budget (0.10425ms)
✔ bounded sampler rejects missing-audit (0.085416ms)
✔ client preparation requires actual dispatch, cold adapter suffix and leaves warm adapter timings absent (0.643875ms)
✔ client preparation rejects missing prepare (0.3065ms)
✔ client preparation rejects settlement is not driver dispatch (0.188125ms)
✔ client preparation rejects preparation after driver start (0.1595ms)
✔ client preparation rejects cold missing suffix (0.148458ms)
✔ client preparation rejects suffix outside preparation (0.138125ms)
✔ client preparation rejects wrong invocation (0.132791ms)
✔ client preparation cannot bypass account phase checks (0.12025ms)
✔ success audits bind precisely and conflicts never have a success audit (0.41375ms)
✔ audit proof rejects duplicate (0.144041ms)
✔ audit proof rejects wrong-version (0.058625ms)
✔ audit proof rejects conflict-success (0.04775ms)
✔ Gateway overlap cannot conceal serialized Lambda executions (0.322875ms)
✔ three races accept either winner, bind every successful write to audit and advance once per version (75.664334ms)
✔ early failure still drains the late sibling before readback and never retries or reports PASS (3.094667ms)
✔ race fails closed for double-winner (4.316833ms)
✔ race fails closed for gateway-id (4.2515ms)
✔ race fails closed for audit-id (14.137541ms)
✔ foreign context fails before dispatch or receipt writes (0.312333ms)
✔ historical read scope rejects any resource outside the exact sealed old contract before live calls (0.124791ms)
✔ read-only completion accepts only all six settled exact successful PATCH receipts (1.886334ms)
✔ cleanup/completion guard rejects unknown-write (0.558666ms)
✔ cleanup/completion guard rejects foreign-site (0.215125ms)
✔ cleanup/completion guard rejects wrong-account (0.089709ms)
✔ cleanup/completion guard rejects unfinished (0.240542ms)
✔ cleanup/completion guard rejects gateway-id (0.134083ms)
✔ log projection redacts payload/error details and rejects unrecognized events (0.690375ms)
✔ serialized AWS log projection preserves closed event names through the 20-sequence Gate (1.463166ms)
✔ specific redelivery needs matching SQS ID, final disposition and durable duplicate receipt (0.139792ms)
✔ 20 sequence stage Gate rejects incomplete coverage and unrelated device evidence (9.447959ms)
✔ completed Build result tolerates delayed/truncated CloudWatch visibility and transient read failure without rerunning SQL (0.727084ms)
✔ wrong/multiple/failed frames and AccessDenied reject immediately, absent result fails closed after bounded reads (2.566333ms)
✔ expired SSO is a terminal authentication condition, never a transient log retry (0.112917ms)
✔ CloudWatch 250000-character fragments reassemble exact source-bound metadata without accepting truncation or another frame (7.615583ms)
✔ large fixture observations round-trip through bounded gzip without losing metadata (10.416125ms)
✔ compressed fixture frames reject corruption, noncanonical data and decompression bombs (33.845625ms)
✔ compressed metadata still requires the exact expected source/build/action binding (1.255083ms)
✔ fixed manifest rejects unsafe SQL identifiers, missing hash and duplicates (0.555084ms)
✔ migration comparison distinguishes missing, tampered, unfinished and rolled-back migrations (0.149208ms)
✔ snapshot uses repeatable read/read only, timeouts, fixed SELECTs and always rolls back (0.335625ms)
✔ writable transaction rejected before business queries and rolled back (0.181125ms)
✔ query failure rolls back instead of yielding partial PASS (0.117042ms)
✔ dedicated query project never changes migration project or passes StartBuild overrides (21.353708ms)
✔ legacy onboarding rows without CSR columns require reconciliation before migration (0.125ms)
✔ query success preserves real migration BLOCKED instead of promoting readiness (0.714959ms)
✔ wrong build, writable transaction, unbound hash and fabricated migration PASS rejected (0.254333ms)
✔ missing table count cannot become complete SQL evidence (1.085041ms)
✔ entity merge requires actual decisions on both viewports, scoped devices, versions and cleanup (0.641209ms)
✔ certificate merge cannot use review-only parent to claim real dual-channel certificate entity (0.108083ms)
✔ request UUID is durable before a single dispatch and credentials never enter receipts (21.741208ms)
✔ failed AWAIT_HEADERS preserves correlation without retry (0.413625ms)
✔ failed READ_BODY preserves correlation without retry (0.128583ms)
✔ malformed JSON cannot become a successful HTTP receipt (0.193083ms)
✔ socket events split DNS/TCP/TLS; receipts contain no URL, authorization or socket details (1.129ms)
✔ real delayed body is measured separately; a reused connection has absent DNS/TCP/TLS, not invented zeros (151.250625ms)
✔ total deadline aborts an unfinished response body; no complete-body receipt or retry (4.261792ms)
✔ injected fetch cannot masquerade as detailed socket observation (0.265333ms)
✔ layout diagnostic fails closed before AWS calls for foreign, finished or unbound fixtures (0.601542ms)
✔ diagnostic cleanup retains all actions and fails closed: absent (0.503125ms)
✔ diagnostic cleanup retains all actions and fails closed: still-present (0.054042ms)
✔ diagnostic cleanup retains all actions and fails closed: read-denied (0.054666ms)
✔ diagnostic cleanup retains all actions and fails closed: signout-failed (0.059541ms)
✔ diagnostic cleanup retains all actions and fails closed: delete-failed (0.074208ms)
✔ snapshot must be available encrypted manual and exact whitelist cannot expand (0.401417ms)
✔ real local SQL retires exactly two jobs/requests and preserves every other table (1987.174334ms)
✔ live status drift aborts with original rows intact (827.597667ms)
✔ unexpected cascade/trigger changing a preserved table rolls back all deletes (559.869834ms)
✔ valid HTTP writes cannot be inflated by malformed, wrong role, wrong method or failed requests (1.012ms)
✔ target License wire sequence proves ExpiringSoon renewal and Renewed activation using real handlers and PostgreSQL (1944.8415ms)
✔ recovery sub-gate checks all preserved tables without accepting full QA09 (1.223209ms)
✔ version mismatch, missing migration and changed certificate/other business data fail closed (0.788916ms)
✔ retirement evidence cannot hide wrong deleted IDs or lose preservation proof (0.610333ms)
✔ retirement project has fixed source and never modifies readonly/migration runner (19.419542ms)
✔ real Sync observation redacts secret domains and cannot treat delivery as firmware verification (0.906708ms)
✔ receipt runner sends only RECEIVED and redacts complete snapshots even with device password hashes (0.419625ms)
✔ receipt runner fails closed for mismatched snapshots and refused confirmation (0.154333ms)
✔ 117 elements require both real viewport receipts (15.535ms)
✔ one failure fails all elements in the affected behavior group (0.536375ms)
✔ Active dependent operations are explicit NOT_RUN, not successful disabled checks (0.621208ms)
✔ duplicate, foreign and invalid viewport receipts fail closed (0.611792ms)
✔ Defer and Reject failures also block the browser Gate (0.494459ms)
✔ CSV proof rejects empty, foreign and malformed downloads while parsing quoted data (0.265208ms)
✔ reopens own TLS session after same-clientId negative probe and closes on failure (0.7335ms)
✔ foreign MQTT scope is rejected before connection (0.096167ms)
✔ S3 fallback accepts exact owned version cleanup and rejects bucket, customer and pagination expansion (0.506ms)
✔ export scope rejects a foreign device before API, AWS or output writes (0.625083ms)
✔ domain cleanup refuses live run, foreign customer name, missing DB cleanup and out-of-scope objects (0.605875ms)
✔ unseeded identity cleanup rejects unfinished, foreign, seeded and pre-existing admin ledgers (0.493833ms)
✔ Cognito canonical UUID is allowed only with exact own email and creation within this failed run (0.197583ms)
✔ P95 uses all actual samples and rejects empty or invalid measurements (0.424958ms)
✔ complete P95 excludes censored timeouts and refuses partial sample acceptance (0.108542ms)
✔ performance summary refuses to report P95 PASS for missing or incomplete actual samples (53.027041ms)
✔ read-only pool probe distinguishes one connection, recovery and incomplete capacity acceptance (3.96525ms)
✔ observed connection-budget violation refuses a pool PASS receipt (2.844125ms)
✔ foreign probe application name is rejected before database access (0.089458ms)
✔ scheduled publishing overlaps slow PUBACK and drains failures without abandoning in-flight writes (24.166417ms)
✔ only exact test account and readonly role accepted (0.478084ms)
✔ stack identity, region, project and test tag fail closed (0.222584ms)
✔ permission denial is unverified, never classified as absent (0.146417ms)
✔ metadata health never promotes missing business evidence to AWS PASS (0.251708ms)
✔ five groups with unconfirmed or disabled users do not prove usable identities (0.150875ms)
✔ missing target receipts and version mismatch remain blockers (0.109042ms)
✔ existing test environment requires neither new account nor stack and retains real-response/cleanup boundaries (0.2705ms)
✔ real sub-scope acceptance cannot claim whole QA09 (0.981791ms)
✔ unfinished execution, missing role probe and failed assertion rejected (0.153834ms)
✔ missing cleanup, wrong target, secrets and source tampering rejected (5.904125ms)
✔ identity cleanup only accepts this run and the five known role identities (0.512125ms)
✔ record cleanup requires exact run namespace, not merely a partial prefix (0.100333ms)
✔ recovery excludes explicitly later own SLO records without waiving original bytes or deadlines (4.685584ms)
✔ later record exemption never includes other devices or customers (1.793667ms)
✔ site compensation rejects foreign-route before any AWS command (299.285667ms)
✔ site compensation rejects failed-cleanup before any AWS command (258.01775ms)
✔ site compensation rejects unbound-parent before any AWS command (271.428ms)
✔ remaining target rejects foreign fixture before an API or database call (0.991125ms)
✔ unproved license activation fails legal stage and independent stage failures remain explicit without credentials (1.716416ms)
✔ per-request service throttling requires both unique IDs and bound access-row time/status, never minute metrics (1.222958ms)
✔ QA09 rollout separates logging, budget and event publication and rejects silent phase mistakes (0.654333ms)
✔ security retest rejects foreign fixture before any credential or live API access (0.529542ms)
✔ six tampered tokens require HTTP rejection and keep credentials out of receipt (0.677166ms)
✔ unknown seed outcome requires observed complete own set or proven empty set, never a blind retry (0.449125ms)
✔ semantic SQL creates two scoped read models without lifecycle or authentication claims and refuses reuse (1688.94325ms)
✔ semantic SQL refuses scope/state drift: lifecycle_status='Active' (325.757ms)
✔ semantic SQL refuses scope/state drift: site_id=NULL (204.340167ms)
✔ semantic SQL refuses scope/state drift: customer_id='22222222-2222-2222-2222-222222222222' WHERE customer_id='11111111-1111-1111-1111-111111111111' (189.68875ms)
✔ semantic SQL refuses scope/state drift: name='outside' (203.364708ms)
✔ platform exports require the exact ledger and own frozen filters; foreign jobs remain unchanged (255.938417ms)
✔ business session cleanup never accepts a foreign email id role scope or lifecycle (0.658333ms)
✔ session fixtures require exact own customer and site binding before cleanup (0.120875ms)
✔ complete narrow real-environment scope never accepts full QA09 (1.507417ms)
✔ missing mTLS, shared keys, different ingress/archive bytes and missing cleanup fail closed (0.741375ms)
✔ CodeBuild inline source fits service limit and decompresses to exact reviewed bytes (42.931208ms)
✔ exact own-ten plan rejects expansion, historical identity and wrong customer namespace (23.899458ms)
✔ real SQL creates exact fixtures and cleanup preserves original devices/certificates (1201.956542ms)
✔ unexpected original-data trigger mutation rolls back fixture creation (639.293917ms)
✔ processing provisioning job prevents cleanup without deleting any own devices (494.406167ms)
✔ CSR proofs bind method, path, request ID, timestamp, nonce and independent key (70.616ms)
✔ closed-fixture audit and request outbox cleanup require ledger and preserve unrelated events (462.619833ms)
✔ closed-fixture access rejects missing approval audit and live customer (456.74075ms)
✔ unseeded capacity attempt has read-only empty audit with deleted customers and fixed original baseline (486.3885ms)
✔ business-only Onboarded fixtures preserve original rows, refuse reuse and make no certificate/authentication claim (600.872667ms)
✔ unseeded timeout audit reads only exact prefix and cannot mutate original or retry customer creation (447.015792ms)
✔ active lifecycle fixture changes exactly two own states and never claims a natural path (479.094833ms)
✔ capacity probe executes a read-only transaction and leaves fixture and original rows unchanged (442.083417ms)
✔ review-only mode cannot run without an explicit review hook or with unknown options (0.461458ms)
✔ fixture CLI distinguishes expired SSO from authorization rejection and transport timeouts (0.169208ms)
✔ TLS diagnostic bounds independent reads to 12 and six concurrent; fake observations cannot claim real target source (46.434791ms)
✔ TLS diagnostic retains settled siblings, missing samples and unexpected HTTP/authentication as PARTIAL (0.993875ms)
✔ version binding preserves prior defaults and accepts exact new target (0.666292ms)
✔ invalid version input is rejected before any AWS operation (0.147084ms)
✔ all delivered writes have an explicit permission and own or absent object path (0.678084ms)
✔ identical claims still change signed payload bytes rather than unused base64 signature bits (0.113958ms)
✔ Gateway 403 rejects tampered signatures while protected 2xx must fail (4.703625ms)
✔ quick has exact cadence, 24 historical hours, 30x burst, 5% duplicates and 2% delayed delivery (3.067709ms)
✔ full plan contains 86400 historical Telemetry samples for 10 devices at 10-second cadence (374.390875ms)
✔ unknown profile fails closed (1.010375ms)
✔ P95 uses nearest rank and does not mutate input (2.964542ms)
✔ invalid latency  rejected (0.101916ms)
✔ invalid latency NaN rejected (1.181666ms)
✔ invalid latency Infinity rejected (0.121125ms)
✔ invalid latency -1 rejected (0.065333ms)
✔ independent checker verifies count average min max and UTC buckets (0.331125ms)
✔ complete reliability proof passes (0.888083ms)
✔ Gate rejects missing trace (1.149875ms)
✔ Gate rejects duplicate trace (1.855375ms)
✔ Gate rejects failed cleanup (1.219833ms)
✔ Gate rejects wrong profile (3.007917ms)
✔ Gate rejects wrong cadence (0.500625ms)
✔ Gate rejects untracked loss (0.412875ms)
✔ Gate rejects duplicate business row (0.385167ms)
✔ Gate rejects missing archive (0.446583ms)
✔ Gate rejects missing reorder (0.386291ms)
✔ Gate rejects missing retry (0.369375ms)
✔ Gate rejects unresolved gap (3.542459ms)
✔ Gate rejects worker not paused (1.762125ms)
✔ Gate rejects no backlog (0.453375ms)
✔ Gate rejects unscoped replay (0.705417ms)
✔ Gate rejects duplicate MQTT publish (0.765084ms)
✔ Gate rejects late ACK changed terminal state (0.733041ms)
✔ Gate rejects telemetry P95 failed (5.672166ms)
✔ Gate rejects command P95 failed (0.507625ms)
✔ Gate rejects NaN P95 (0.421708ms)
✔ Gate rejects missing latency samples (0.400083ms)
✔ security receipt accepts complete execution and all observed acceptance proofs (3.86675ms)
✔ execution fails closed: deleted required test (2.047292ms)
✔ execution fails closed: missing file (0.133083ms)
✔ execution fails closed: pending test (0.089917ms)
✔ execution fails closed: failed test (1.446708ms)
✔ proof fails closed: missing proof (0.13575ms)
✔ proof fails closed: reused prefix (0.094416ms)
✔ proof fails closed: cleanup incomplete (0.09325ms)
✔ proof fails closed: expired JWT accepted (0.097333ms)
✔ proof fails closed: missing write operation (0.115375ms)
✔ proof fails closed: forged identity accepted (0.083708ms)
✔ proof fails closed: route resolved before auth (0.063333ms)
✔ proof fails closed: cross tenant allowed (1.706ms)
✔ proof fails closed: unauthorized side effect (1.45975ms)
✔ proof fails closed: prototype pollution (0.293834ms)
✔ proof fails closed: malicious media signed (0.213875ms)
✔ proof fails closed: malicious media persisted (0.432667ms)
✔ proof fails closed: leak ignored (0.181625ms)
✔ proof fails closed: unscanned audit (0.175792ms)
✔ proof fails closed: unscanned snapshot (0.269458ms)
✔ proof fails closed: partial response scan (0.118584ms)
✔ independent scanner rejects nested secrets raw JWT Error private key and signed URL without echoing values (5.552208ms)
✔ scanner detects opaque canary leakage and permits null redacted values and public certificate (0.232292ms)
ℹ tests 578
ℹ suites 0
ℹ pass 578
ℹ fail 0
ℹ cancelled 0
ℹ skipped 0
ℹ todo 0
ℹ duration_ms 9340.912625
