✔ cold sampler collector binds exact own REPORT and safe client metrics: patch (36.3975ms)
✔ cold sampler collector binds exact own REPORT and safe client metrics: audit (30.9ms)
✔ phase proof covers success, conditional conflict and all audit reads without declaring latency/cleanup acceptance (1.166792ms)
✔ cold 409 gate requires matching cold phase flags and successful runtime initialization (1.506333ms)
✔ new account gate requires nested hook, Prisma query, first driver query and checkout on every request (0.193208ms)
✔ account gate rejects missing (0.161167ms)
✔ account gate rejects duplicate (0.142875ms)
✔ account gate rejects failure (0.143792ms)
✔ account gate rejects wait-boundary (0.150875ms)
✔ account gate rejects timestamp (0.140041ms)
✔ account gate rejects outside-hook (0.139708ms)
✔ phase proof rejects foreign-invocation (0.127ms)
✔ phase proof rejects missing-transaction (0.081875ms)
✔ phase proof rejects conflict-code (0.392292ms)
✔ phase proof rejects missing-http (0.051333ms)
✔ phase proof rejects other-run (0.040042ms)
✔ bounded sampler requires physical Init Duration as well as application cold phases and retains client metrics (0.590125ms)
✔ bounded sampler rejects foreign-report (0.189ms)
✔ bounded sampler rejects duplicate-report (0.105ms)
✔ bounded sampler rejects no-socket-metrics (0.12275ms)
✔ bounded sampler rejects missing-body (0.091333ms)
✔ bounded sampler rejects over-budget (0.075875ms)
✔ bounded sampler rejects missing-audit (0.076416ms)
✔ client preparation requires actual dispatch, cold adapter suffix and leaves warm adapter timings absent (0.488417ms)
✔ client preparation rejects missing prepare (0.150875ms)
✔ client preparation rejects settlement is not driver dispatch (0.134334ms)
✔ client preparation rejects preparation after driver start (0.111666ms)
✔ client preparation rejects cold missing suffix (0.127541ms)
✔ client preparation rejects suffix outside preparation (0.120208ms)
✔ client preparation rejects wrong invocation (0.108791ms)
✔ client preparation cannot bypass account phase checks (0.110833ms)
✔ TLS diagnostic bounds independent reads to 12 and six concurrent; fake observations cannot claim real target source (40.812583ms)
✔ TLS diagnostic retains settled siblings, missing samples and unexpected HTTP/authentication as PARTIAL (0.38025ms)
ℹ tests 33
ℹ suites 0
ℹ pass 33
ℹ fail 0
ℹ cancelled 0
ℹ skipped 0
ℹ todo 0
ℹ duration_ms 127.3515
