node:internal/modules/package_json_reader:316
  throw new ERR_MODULE_NOT_FOUND(packageName, fileURLToPath(base), null);
        ^

Error [ERR_MODULE_NOT_FOUND]: Cannot find package '@fdp/observability' imported from /Users/anray/Documents/project/hiddenjoyacom/food-digester-platform/scripts/qa09-prisma-preparation-diagnostic.mjs
    at Object.getPackageJSONURL (node:internal/modules/package_json_reader:316:9)
    at packageResolve (node:internal/modules/esm/resolve:768:81)
    at moduleResolve (node:internal/modules/esm/resolve:858:18)
    at defaultResolve (node:internal/modules/esm/resolve:990:11)
    at #cachedDefaultResolve (node:internal/modules/esm/loader:718:20)
    at #resolveAndMaybeBlockOnLoaderThread (node:internal/modules/esm/loader:735:38)
    at nextStep (node:internal/modules/customization_hooks:189:26)
    at resolveBaseSync (file:///Users/anray/Documents/project/hiddenjoyacom/food-digester-platform/node_modules/tsx/dist/register-C4vWVmug.mjs:2:10932)
    at resolveDirectorySync (file:///Users/anray/Documents/project/hiddenjoyacom/food-digester-platform/node_modules/tsx/dist/register-C4vWVmug.mjs:2:12238)
    at resolveTsPathsSync (file:///Users/anray/Documents/project/hiddenjoyacom/food-digester-platform/node_modules/tsx/dist/register-C4vWVmug.mjs:2:13445) {
  code: 'ERR_MODULE_NOT_FOUND'
}

Node.js v24.12.0
node:internal/errors:985
  const err = new Error(message);
              ^

Error: Command failed: /Users/anray/.nvm/versions/node/v24.12.0/bin/node --import tsx /Users/anray/Documents/project/hiddenjoyacom/food-digester-platform/scripts/qa09-prisma-preparation-diagnostic.mjs --child lazy
node:internal/modules/package_json_reader:316
  throw new ERR_MODULE_NOT_FOUND(packageName, fileURLToPath(base), null);
        ^

Error [ERR_MODULE_NOT_FOUND]: Cannot find package '@fdp/observability' imported from /Users/anray/Documents/project/hiddenjoyacom/food-digester-platform/scripts/qa09-prisma-preparation-diagnostic.mjs
    at Object.getPackageJSONURL (node:internal/modules/package_json_reader:316:9)
    at packageResolve (node:internal/modules/esm/resolve:768:81)
    at moduleResolve (node:internal/modules/esm/resolve:858:18)
    at defaultResolve (node:internal/modules/esm/resolve:990:11)
    at #cachedDefaultResolve (node:internal/modules/esm/loader:718:20)
    at #resolveAndMaybeBlockOnLoaderThread (node:internal/modules/esm/loader:735:38)
    at nextStep (node:internal/modules/customization_hooks:189:26)
    at resolveBaseSync (file:///Users/anray/Documents/project/hiddenjoyacom/food-digester-platform/node_modules/tsx/dist/register-C4vWVmug.mjs:2:10932)
    at resolveDirectorySync (file:///Users/anray/Documents/project/hiddenjoyacom/food-digester-platform/node_modules/tsx/dist/register-C4vWVmug.mjs:2:12238)
    at resolveTsPathsSync (file:///Users/anray/Documents/project/hiddenjoyacom/food-digester-platform/node_modules/tsx/dist/register-C4vWVmug.mjs:2:13445) {
  code: 'ERR_MODULE_NOT_FOUND'
}

Node.js v24.12.0

    at genericNodeError (node:internal/errors:985:15)
    at wrappedFn (node:internal/errors:539:14)
    at checkExecSyncError (node:child_process:925:11)
    at execFileSync (node:child_process:961:15)
    at <anonymous> (/Users/anray/Documents/project/hiddenjoyacom/food-digester-platform/scripts/qa09-prisma-preparation-diagnostic.mjs:121:19)
    at ModuleJob.run (node:internal/modules/esm/module_job:413:25)
    at async onImport.tracePromise.__proto__ (node:internal/modules/esm/loader:660:26)
    at async asyncRunEntryPointWithESMLoader (node:internal/modules/run_main:101:5) {
  status: 1,
  signal: null,
  output: [
    null,
    '',
    'node:internal/modules/package_json_reader:316\n' +
      '  throw new ERR_MODULE_NOT_FOUND(packageName, fileURLToPath(base), null);\n' +
      '        ^\n' +
      '\n' +
      "Error [ERR_MODULE_NOT_FOUND]: Cannot find package '@fdp/observability' imported from /Users/anray/Documents/project/hiddenjoyacom/food-digester-platform/scripts/qa09-prisma-preparation-diagnostic.mjs\n" +
      '    at Object.getPackageJSONURL (node:internal/modules/package_json_reader:316:9)\n' +
      '    at packageResolve (node:internal/modules/esm/resolve:768:81)\n' +
      '    at moduleResolve (node:internal/modules/esm/resolve:858:18)\n' +
      '    at defaultResolve (node:internal/modules/esm/resolve:990:11)\n' +
      '    at #cachedDefaultResolve (node:internal/modules/esm/loader:718:20)\n' +
      '    at #resolveAndMaybeBlockOnLoaderThread (node:internal/modules/esm/loader:735:38)\n' +
      '    at nextStep (node:internal/modules/customization_hooks:189:26)\n' +
      '    at resolveBaseSync (file:///Users/anray/Documents/project/hiddenjoyacom/food-digester-platform/node_modules/tsx/dist/register-C4vWVmug.mjs:2:10932)\n' +
      '    at resolveDirectorySync (file:///Users/anray/Documents/project/hiddenjoyacom/food-digester-platform/node_modules/tsx/dist/register-C4vWVmug.mjs:2:12238)\n' +
      '    at resolveTsPathsSync (file:///Users/anray/Documents/project/hiddenjoyacom/food-digester-platform/node_modules/tsx/dist/register-C4vWVmug.mjs:2:13445) {\n' +
      "  code: 'ERR_MODULE_NOT_FOUND'\n" +
      '}\n' +
      '\n' +
      'Node.js v24.12.0\n'
  ],
  pid: 70795,
  stdout: '',
  stderr: 'node:internal/modules/package_json_reader:316\n' +
    '  throw new ERR_MODULE_NOT_FOUND(packageName, fileURLToPath(base), null);\n' +
    '        ^\n' +
    '\n' +
    "Error [ERR_MODULE_NOT_FOUND]: Cannot find package '@fdp/observability' imported from /Users/anray/Documents/project/hiddenjoyacom/food-digester-platform/scripts/qa09-prisma-preparation-diagnostic.mjs\n" +
    '    at Object.getPackageJSONURL (node:internal/modules/package_json_reader:316:9)\n' +
    '    at packageResolve (node:internal/modules/esm/resolve:768:81)\n' +
    '    at moduleResolve (node:internal/modules/esm/resolve:858:18)\n' +
    '    at defaultResolve (node:internal/modules/esm/resolve:990:11)\n' +
    '    at #cachedDefaultResolve (node:internal/modules/esm/loader:718:20)\n' +
    '    at #resolveAndMaybeBlockOnLoaderThread (node:internal/modules/esm/loader:735:38)\n' +
    '    at nextStep (node:internal/modules/customization_hooks:189:26)\n' +
    '    at resolveBaseSync (file:///Users/anray/Documents/project/hiddenjoyacom/food-digester-platform/node_modules/tsx/dist/register-C4vWVmug.mjs:2:10932)\n' +
    '    at resolveDirectorySync (file:///Users/anray/Documents/project/hiddenjoyacom/food-digester-platform/node_modules/tsx/dist/register-C4vWVmug.mjs:2:12238)\n' +
    '    at resolveTsPathsSync (file:///Users/anray/Documents/project/hiddenjoyacom/food-digester-platform/node_modules/tsx/dist/register-C4vWVmug.mjs:2:13445) {\n' +
    "  code: 'ERR_MODULE_NOT_FOUND'\n" +
    '}\n' +
    '\n' +
    'Node.js v24.12.0\n'
}

Node.js v24.12.0
