
> food-digester-platform@0.0.0 test:scripts /Users/anray/Documents/project/hiddenjoyacom/food-digester-platform
> node --import tsx --test scripts/*.test.mjs

✔ bootstrap input is bound to the normalized email and never accepts a password (0.750958ms)
✔ successful bootstrap creates Cognito identity before committing linked database user (0.510334ms)
✔ non-pristine Cognito or database fails before any mutation (0.420791ms)
✔ database failure deletes Cognito identity and records compensated failure (0.452583ms)
✔ failed Cognito compensation keeps reconciliation required (0.284083ms)
✔ source approval requires exact SHA and packager embeds committed SHA (4370.104375ms)
✔ runner without approved source fails closed without leaking configuration (27.419583ms)
✔ serial and parallel repeated browser receipts are validated (4.611ms)
✔ fail closed: missing required flow (0.298875ms)
✔ fail closed: skipped execution (0.114209ms)
✔ fail closed: flaky execution (0.087291ms)
✔ fail closed: retry hides failure (0.097709ms)
✔ fail closed: unexpected error (0.082667ms)
✔ fail closed: missing isolated trace (0.076625ms)
✔ fail closed: data prefix reused (0.630459ms)
✔ fail closed: context cleanup failed (0.100709ms)
✔ fail closed: unmocked network request (0.122167ms)
✔ fail closed: missing role proof (0.167375ms)
✔ fail closed: wrong route permission (2.635417ms)
✔ fail closed: Auditor OTA write enabled (0.686917ms)
✔ fail closed: missing MFA assertion (0.47875ms)
✔ fail closed: missing conflict response (0.179292ms)
✔ fail closed: missing forbidden response (0.148208ms)
✔ fail closed: missing repeat (0.073792ms)
✔ repeat traces cannot duplicate the first execution (0.14475ms)
✔ manifest exactly matches independent Playwright discovery (627.313667ms)
✔ discovery fails closed: missing case (0.367709ms)
✔ discovery fails closed: extra case (0.282333ms)
✔ discovery fails closed: duplicate replacing required case (0.208958ms)
✔ old Viewer permission cannot pass the updated matrix (0.396333ms)
✔ required behavioral proof cannot be missing: QA-09 设备管理长别名和序列号在375px完整换行且不裁切 (0.385583ms)
✔ required behavioral proof cannot be missing: H-01 API 拒绝停用会话后清除浏览器会话并返回登录 (0.564375ms)
✔ required behavioral proof cannot be missing: M-01 CustomerViewer 从菜单查询设备用户详情，全部写入口隐藏 (0.395209ms)
✔ required behavioral proof cannot be missing: UI redesign: all business routes at 1366x768 (0.272291ms)
✔ required behavioral proof cannot be missing: UI redesign: all business routes at 1440x900 (1.1735ms)
✔ required behavioral proof cannot be missing: UI redesign: all business routes at 1920x1080 (0.176542ms)
✔ required behavioral proof cannot be missing: QA05 login SRP MFA error success logout without persisting password (0.123958ms)
✔ required behavioral proof cannot be missing: QA05 ESG cursor totals export snapshot timezone and empty state (0.103375ms)
✔ required behavioral proof cannot be missing: QA05 Command dangerous confirmation terminal result and publish failure (0.098834ms)
✔ required behavioral proof cannot be missing: QA05 Media expiry renew 403 and audit read-only zero writes (0.10275ms)
✔ serial and repeated phases require all 108 independent prefixes (0.352542ms)
✔ phase budget accounts for startup, executions and worker slots, with a finite ceiling (0.056542ms)
✔ invalid phase budget rejected: repeat=0 workers=1 (0.035917ms)
✔ invalid phase budget rejected: repeat=1 workers=0 (0.0225ms)
✔ invalid phase budget rejected: repeat=0.5 workers=1 (0.020291ms)
✔ invalid phase budget rejected: repeat=1 workers=0.5 (0.049ms)
✔ invalid phase budget rejected: repeat=Infinity workers=1 (0.027959ms)
✔ invalid phase budget rejected: repeat=1 workers=NaN (0.02275ms)
✔ real child-process timeout is classified and cannot create a successful phase (52.274ms)
✔ failed/killed process cannot pass: status=1 (0.084708ms)
✔ failed/killed process cannot pass: status=null (0.032ms)
✔ spawn errors reject without disclosing raw process error details (0.196209ms)
✔ successful process may proceed to the strict report and trace validator (0.065833ms)
✔ 真实 OpenAPI 片段可确定性打包且无外部引用 (52.409292ms)
✔ bundle 新鲜度检查拒绝缺失或过期产物 (72.09875ms)
✔ 失败示例：非法 OpenAPI 版本与缺少 responses 被拒绝 (0.157375ms)
✔ 失败示例：全局重复 operationId 被拒绝 (0.069333ms)
✔ 失败示例：非法 parameter 与 Schema 被拒绝 (0.110041ms)
✔ 仓库提交的统一 bundle 与当前片段一致 (36.490083ms)
✔ scoped Gate accepts the archived real-target receipt, without promoting full acceptance (25.878125ms)
✔ scoped Gate rejects missing role (9.493292ms)
✔ scoped Gate rejects wrong SHA (21.408667ms)
✔ scoped Gate rejects unverified Lambda (11.087292ms)
✔ scoped Gate rejects runtime drift (6.818666ms)
✔ scoped Gate rejects mocked API (9.792292ms)
✔ scoped Gate rejects empty tenant (16.320958ms)
✔ scoped Gate rejects cross-Customer list leak (6.869083ms)
✔ scoped Gate rejects Viewer mutation accepted (8.577208ms)
✔ scoped Gate rejects expired old Token (10.796333ms)
✔ scoped Gate rejects two duplicate successes (67.361375ms)
✔ scoped Gate rejects two optimistic successes (28.76225ms)
✔ scoped Gate rejects bundled Firefox (17.937042ms)
✔ scoped Gate rejects missing browser-role case (6.34075ms)
✔ scoped Gate rejects persisted edit belongs to another record (6.479792ms)
✔ scoped Gate rejects forbidden page rendered as business page (6.51125ms)
✔ scoped Gate rejects missing screenshot (1.788084ms)
✔ scoped Gate rejects cleanup duplicate hides missing ID (6.406958ms)
✔ scoped Gate rejects cleanup incomplete (7.533916ms)
✔ scoped Gate rejects private credentials retained (16.793416ms)
✔ scoped Gate rejects scope promoted (6.602875ms)
✔ 当前管理后台源代码满足入口与组合根交付约束 (6.701584ms)
✔ 缺少入口和构建产物时失败关闭 (0.520167ms)
✔ FE-06 至 FE-19 任一任务或路由从事实源缺失时失败关闭 (4.599917ms)
✔ FE-11 至 FE-15 任一任务、路由或页面标识缺失时失败关闭 (4.6865ms)
✔ FE-06 至 FE-15 任一控制器或 operationId 缺失时失败关闭 (2.732709ms)
✔ FE-11 至 FE-15 控制器或 operationId 缺失时失败关闭 (2.919041ms)
✔ FE-16 至 FE-19 任一任务、路由、控制器、页面标识或 operationId 缺失时失败关闭 (2.885708ms)
✔ App 移除显式页面分支时失败关闭 (2.902ms)
✔ 完整目标回执覆盖双提交、隔离环境、五角色、七路由、五闭环与清理 (45.666709ms)
✔ 缺路由、角色、闭环或审计拒绝角色时失败关闭 (49.222542ms)
✔ mock、泄露、短链持久化、危险操作与只读写请求均失败关闭 (29.926292ms)
✔ 缺失回执、双部署提交漂移、HEAD 不一致与未清理均失败关闭 (41.04425ms)
✔ 目标 Gate 是显式发布步骤且不进入普通 verify (0.197041ms)
✔ 完整回执覆盖双提交、隔离环境、五角色、五路由、四闭环、隐私、双语布局与清理 (36.359333ms)
✔ 缺路由、角色、闭环、locale 或 viewport 时失败关闭 (41.827875ms)
✔ mock、权限、并发、泄露或布局不合格时失败关闭 (24.279417ms)
✔ 缺失回执、双部署提交漂移、HEAD 不一致与未清理均失败关闭 (66.093667ms)
✔ 目标 Gate 是显式发布步骤且不进入普通 verify (0.222167ms)
✔ 完整路由、五角色、五业务闭环、租户、并发、敏感字段与清理回执通过 (0.793833ms)
✔ 缺路由、角色或业务闭环时失败关闭 (0.149375ms)
✔ Cognito、部署 API、跨租户、并发与敏感字段证据不满足约束时失败关闭 (0.093625ms)
✔ 缺失回执、部署提交或 sourceCommit 不一致时失败关闭 (0.451333ms)
✔ 完整的 58 API、五角色、并发、ESG 与清理目标 AWS 回执通过 (0.816667ms)
✔ 58 个回执 operationId 与九份正式业务 OpenAPI 精确一致 (1.922792ms)
✔ API 缺项、角色缺项与跨 Customer 放行均失败关闭 (0.223667ms)
✔ 并发或 ESG 证据不满足生产约束时失败关闭 (0.088125ms)
✔ 缺失回执与 sourceCommit 不匹配均失败关闭 (4.294875ms)
✔ 完整覆盖 25 API、五角色、竞态、退役与导出的隔离 AWS 回执通过 (0.868042ms)
✔ 缺 operation、跨租户放行、竞态双成功、证书未失活与 MQTT/S3 缺口均失败关闭 (0.182875ms)
✔ operation 成功状态与负向状态集合不完整时失败关闭 (0.098583ms)
✔ 回执缺失、非法 JSON 或 sourceCommit 不一致时独立发布 Gate 失败 (2.277375ms)
✔ 完整 Archive、Replay、Summary 目标 AWS 回执通过 (0.771083ms)
✔ 缺探针、重复归档、Replay 复制业务行和空 Summary 均失败关闭 (0.221208ms)
✔ 缺少回执或提交不一致时独立 Gate 失败 (0.894125ms)
✔ 完整隔离 AWS 回执覆盖 8 Topic、负向路径、QA-03 与清理时通过 (0.791583ms)
✔ 缺 Topic、未知 Topic 命中、Error Action 未恢复和原文漂移均失败关闭 (0.15775ms)
✔ 未提供目标 AWS 回执时独立发布 Gate 明确失败 (0.461042ms)
✔ 回执必须对应待发布的精确 Git 提交 (0.348375ms)
✔ 完整的 15 API、角色、Cognito、并发、S3、Dashboard、审计与清理回执通过 (0.918875ms)
✔ 15 个 operationId 与六份正式 OpenAPI 精确一致 (0.702834ms)
✔ API、角色、租户或安全/并发探针缺口均失败关闭 (7.48525ms)
✔ 缺失回执与 sourceCommit 不匹配均失败关闭 (1.993875ms)
✔ 干净的依赖图通过检查 (1.434834ms)
✔ 共享包反向依赖 apps 被识别为边界违规 (0.727334ms)
✔ contracts 反向依赖 apps 被识别为边界违规 (0.528542ms)
✔ apps 之间互相依赖被识别为边界违规 (0.517042ms)
✔ 工作区循环依赖被检出 (0.732416ms)
✔ 非工作区依赖（外部 npm 包）不参与检查 (0.371458ms)
✔ 当前仓库通过边界与循环依赖检查 (0.773875ms)
✔ CDK WARNING 与规则校验编号会触发 Gate (0.492ms)
✔ 正常 synth 输出不会误报 (0.344166ms)
✔ 已交付 Lambda 缺失或回退到内联 501 占位时 Gate 失败 (0.14525ms)
✔ 已交付 Lambda 使用 S3 asset 时 Gate 通过 (0.052541ms)
✔ CMD/OTA 生产接线 Gate 对 Worker/调度任一缺失均失败关闭 (0.187208ms)
✔ CMD/OTA 生产接线 Gate 对 IoT/S3/KMS 权限缺失失败关闭 (0.224375ms)
✔ 真实登记文件：结构校验通过，并准确识别当前未决 DEC (1.923084ms)
✔ 真实契约版本文件：decisionRegisterVersion 与登记一致 (0.418333ms)
✔ 契约版本不一致被拒绝 (0.330125ms)
✔ 重复决策 ID 被拒绝（已知冲突必须有唯一决策 ID） (0.127166ms)
✔ 原则与决策之间 ID 也全局唯一 (0.092ms)
✔ pending 决策携带批准人被拒绝 (0.063125ms)
✔ frozen 决策必须有批准人、批准时间和 >=1.0.0 版本 (0.091166ms)
✔ blockingTasks 为空或格式非法被拒绝 (0.070459ms)
✔ history 必须非空且末条版本与条目版本一致 (0.067708ms)
✔ 非 UTC 时间戳被拒绝 (0.084708ms)
✔ CLI validate 模式：真实文件退出码 0 且输出实际未决数；--fail-on-pending 按实际未决数返回 (0.906958ms)
✔ CLI：结构错误退出码 1 (0.656208ms)
✔ 追溯校验：合法 x-decision-versions 引用通过（Schema 可追溯到决策版本） (1.734666ms)
✔ 追溯校验：不存在的决策 ID 被拒绝 (1.226ms)
✔ 追溯校验：引用版本与登记版本不一致被拒绝 (1.974125ms)
✔ 追溯校验：缺少 x-decision-versions 或格式非法被拒绝 (2.038ms)
✔ 追溯校验：嵌套在 OpenAPI info 下的 x-decision-versions 可被递归发现 (2.736083ms)
✔ 已交付 API（含管理后台 P1）的 129 个 OpenAPI operation 与生产路由双向一致 (14.81075ms)
✔ 版本化已交付清单缺失、重复或引用不存在文件时失败关闭 (4.412ms)
✔ 缺失、额外、重复及 method/path 漂移均失败关闭 (0.175667ms)
✔ CMD/OTA 治理 Gate 校验四份 REST 契约及 DEC-022/023 冻结状态 (5.045625ms)
✔ 有效链接、无易漂移计数且工具链配对正确时通过 (1.661916ms)
✔ 损坏的仓库内 Markdown 链接被拒绝 (0.915166ms)
✔ 陈旧测试计数或不兼容工具链声明被拒绝 (0.841125ms)
✔ 当前仓库 ENG/DB/DOM 与 IAC/AUTH/SEC 任务文档证据一致 (16.533125ms)
✔ BE-IOT-01～08 文档全部纳入默认链接与证据门禁 (0.128583ms)
✔ BE-ARC/RPL/ESG 四份文档及 P2 回归纳入默认证据门禁 (0.058208ms)
✔ 11 份管理后台业务文档全部纳入默认链接与证据门禁 (0.045625ms)
✔ BE-MED/RBAC/AUD/DASH/SET 五份文档纳入状态与 AWS 证据门禁 (0.037542ms)
✔ FE-06～FE-10 五份前端文档纳入四层状态与目标回执门禁 (0.048417ms)
✔ FE-11～FE-15 五份前端文档纳入四层状态与独立目标回执门禁 (0.078792ms)
✔ 前端任务文档拒绝缺层级、问题责任字段、目标 Gate 和 P1 陈旧描述 (0.084291ms)
✔ FE-11～FE-15 文档拒绝旧缺陷、任务级勾选及旧目标 Gate (0.05725ms)
✔ BE-MED/RBAC/AUD/DASH/SET 文档拒绝缺状态层、陈旧参数和设置生效误述 (0.053125ms)
✔ 管理后台业务文档拒绝缺证据引用和陈旧决策或部署说法 (0.051417ms)
✔ BE-ARC/RPL/ESG 文档拒绝缺审计快照和生产接线边界外旧说法 (0.044292ms)
✔ BE-IOT 文档拒绝缺少审计快照、Report P2002 与 Media 另路由旧说法 (0.0505ms)
✔ BE-IOT 严格负向探针必须保留为可定位的永久回归 (0.640333ms)
✔ 安全任务文档拒绝历史计数、缺少 verify 命令与陈旧 DEC-012 状态 (0.059917ms)
✔ 安全任务文档接受当前命令、审计快照引用与 frozen 决策 (0.035833ms)
✔ 当前仓库（DB-01 已落地）Migration 结构通过 (7.304333ms)
✔ schema.prisma 未落地时跳过并通过（骨架期行为） (0.19425ms)
✔ 失败示例：Schema 已存在但无任何 Migration（未提交 Migration） (1.750792ms)
✔ 失败示例：migrations/ 为空且缺少 migration_lock.toml (1.250208ms)
✔ 失败示例：Migration 目录名非法与空 migration.sql (0.883416ms)
✔ 合法 Migration 结构通过 (2.311875ms)
✔ 失败示例：已有旧 Migration 但 Schema 已变化且未登记快照 (1.655166ms)
✔ 真实矩阵通过完整性检查 (3.124333ms)
✔ 真实引用集合：41 个矩阵 API 与 13 个 routeId 全部可解析 (0.408917ms)
✔ index19.html 源清单：9 个菜单、12 个页面、128 个元素与矩阵双向覆盖 (0.330583ms)
✔ 真实矩阵：9 菜单、12 页面、每项均有处置结论 (0.258583ms)
✔ 被拒绝的实时流、明文密码、状态混用不携带实现任务 (0.23475ms)
✔ 矩阵的 x-decision-versions 可追溯到决策登记（DEC-007~012） (0.963917ms)
✔ 缺少菜单或页面被拒绝 (0.254583ms)
✔ 重复元素 ID 被拒绝 (0.087208ms)
✔ Adapt/Reject 缺少依据被拒绝 (0.085ms)
✔ Adopt/Adapt 生产字段缺少 API 来源被拒绝 (0.105042ms)
✔ rejectCategory 项非 Reject 或携带实现任务被拒绝 (0.077792ms)
✔ 未知角色被拒绝（R7） (0.070667ms)
✔ 格式合法但不存在的 operationId、routeId 与响应字段被拒绝 (0.883709ms)
✔ planned operation 的任务归属漂移被拒绝 (0.303416ms)
✔ 源清单与矩阵任一侧删除元素均被双向覆盖检查拒绝 (2.006167ms)
✔ index19.html 内容变化但未重新盘点源清单时失败关闭 (1.569792ms)
✔ 重复 operationId 与 routeId 被引用索引拒绝 (1.100417ms)
✔ CLI：真实矩阵退出码 0，违规矩阵退出码 1 (71.574459ms)
✔ remaining scope cannot replace full core, Active acceptance or failed cleanups (1.194583ms)
✔ 当前仓库全部 Schema、OpenAPI 片段与统一 bundle 通过引用校验 (131.81125ms)
✔ 失败示例：悬空内部 $ref 被拒绝 (0.612083ms)
✔ 失败示例：同目录相对 $ref 目标文件不存在被拒绝 (0.311584ms)
✔ 失败示例：JSON 语法损坏的 Schema 被拒绝 (0.519417ms)
✔ 失败示例：JSON Schema 2020-12 非法 type 被元 Schema 拒绝 (0.456708ms)
✔ 失败示例：OpenAPI 基座缺少 paths 被拒绝 (0.450667ms)
✔ 同目录相对 $ref 可解析时通过 (0.536875ms)
✔ 失败示例：PEM 私钥块被检出 (0.527375ms)
✔ 失败示例：AWS Access Key ID 被检出 (0.071584ms)
✔ 失败示例：GitHub 令牌被检出 (0.0495ms)
✔ 失败示例：Slack 令牌被检出 (0.042833ms)
✔ 正常内容不误报 (0.336916ms)
✔ 失败示例：未跟踪且未忽略文件中的私钥也被扫描 (33.426666ms)
✔ 当前仓库通过敏感信息扫描 (880.245958ms)
✔ 生产源码直接 console 与 raw trace API 均被拒绝 (1.341ms)
✔ 测试目录可使用 console，生产统一 logger 允许 (0.932333ms)
✔ 当前仓库生产源码通过 sink 门禁 (33.762209ms)
✔ QA-02 MQTT heartbeat: all valid/invalid fixtures, missing meta and type mutation (14.4465ms)
✔ QA-02 MQTT telemetry: all valid/invalid fixtures, missing meta and type mutation (11.875667ms)
✔ QA-02 MQTT report: all valid/invalid fixtures, missing meta and type mutation (2.119916ms)
✔ QA-02 MQTT alarm: all valid/invalid fixtures, missing meta and type mutation (3.730833ms)
✔ QA-02 MQTT event: all valid/invalid fixtures, missing meta and type mutation (1.092041ms)
✔ QA-02 MQTT ack: all valid/invalid fixtures, missing meta and type mutation (1.665334ms)
✔ QA-02 MQTT tamper: all valid/invalid fixtures, missing meta and type mutation (1.462333ms)
✔ QA-02 MQTT media: all valid/invalid fixtures, missing meta and type mutation (1.144292ms)
✔ QA-02 MQTT cmd: all valid/invalid fixtures, missing meta and type mutation (1.293917ms)
✔ QA-02 MQTT ota: all valid/invalid fixtures, missing meta and type mutation (7.313666ms)
✔ QA-02 MQTT notification: all valid/invalid fixtures, missing meta and type mutation (1.357792ms)
✔ MQTT semantic hash, discriminator and UTC calendar errors fail closed (0.429834ms)
✔ full REST response: field deletion/type mutation/envelope/date/errors/status/headers are enforced (2.538167ms)
✔ REST request validation: required body/path/query/header, optional Sync, bodyless Deactivate, no type coercion in JSON (3.693ms)
✔ all device operations and declared response JSON Schemas compile; stable error catalog has no duplicates (87.764792ms)
✔ predecessor MQTT is compatible; known REST break requires exact version and frozen DEC approvals (48.031084ms)
✔ breaking contract mutations fail: removing fields/operations/status, changing type/required/security (100.1635ms)
✔ receipt coverage gate fails closed for missing operations/statuses, no valid request and forged records (0.316417ms)
✔ archived CSR upgrade mapping still verifies original baselines without rewriting history (5.359ms)
✔ QA04 coverage Gate accepts complete matrix and proofs (0.760458ms)
✔ QA04 coverage Gate rejects missing domain (0.212125ms)
✔ QA04 coverage Gate rejects no negative path (0.106917ms)
✔ QA04 coverage Gate rejects untrusted handler (0.790958ms)
✔ QA04 coverage Gate rejects missing role (0.163458ms)
✔ QA04 coverage Gate rejects cross-tenant leak (0.118709ms)
✔ QA04 coverage Gate rejects two write winners (0.122ms)
✔ QA04 coverage Gate rejects duplicate audit (0.105875ms)
✔ QA04 coverage Gate rejects rollback missing (0.120125ms)
✔ QA04 coverage Gate rejects unclean resource (0.13125ms)
✔ QA04 coverage Gate rejects reused isolation (0.105917ms)
✔ QA04 coverage Gate rejects no observed replay (0.119917ms)
✔ QA04 required acceptance cases are enforced (0.554791ms)
✔ QA04 skipped assertion fails execution Gate (0.069791ms)
✔ QA04 removed state-machine assertion fails coverage Gate (0.404291ms)
✔ migration source requires exact approved commit (0.428458ms)
✔ migration connection requires complete secret and verified TLS; special credentials are encoded (0.154417ms)
✔ database verification derives every mapped Prisma table (0.427ms)
✔ runner without approved source fails without reporting credentials or driver details (46.610167ms)
✔ source packager archives committed tree, includes exact SHA and refuses overwriting ZIP (4193.503541ms)
✔ local TLS broker: 10 independent certificate sessions, QoS1, downlinks, reconnect and broker ACL rejection (648.807208ms)
✔ 10 concurrent sessions: all topics, exact 5% duplicates / 2% delayed telemetry, replay and isolated bad Schema (137.707292ms)
✔ cross-device publish, subscribe, receive and wildcard denied (0.454834ms)
✔ invalid configuration, OTA transitions and test credential gate fail closed (0.66ms)
✔ scripted failed command, missing target mapping and illegal downlink do not generate mixed ACK (0.26825ms)
✔ all sessions close when one transport fails; no successful receipt (172.58525ms)
✔ MQTT adapter rejects SUBACK denial and connection failures (0.244709ms)
✔ CLI creates offline receipt and refuses ungated mqtts before reading credential paths (385.415084ms)
✔ CDK wrapper accepts synth/diff and requires explicit deploy stack (0.7685ms)
✔ CDK wrapper builds the whole workspace and fails closed on build errors (0.121959ms)
✔ CDK wrapper uses local SSO but requires OIDC credentials in GitHub Actions (0.072792ms)
✔ QA03 Gate accepts complete local integration receipt (0.5315ms)
✔ QA03 Gate rejects missing scenario (0.161542ms)
✔ QA03 Gate rejects unclean resources (0.086042ms)
✔ QA03 Gate rejects reused isolation prefix (0.079667ms)
✔ QA03 Gate rejects lost message (0.082875ms)
✔ QA03 Gate rejects duplicate business record (0.109291ms)
✔ QA03 Gate rejects missing raw proof (0.085ms)
✔ QA03 Gate rejects missing fault probe (0.558208ms)
✔ receipt covers all 128 decisions in two viewports (1.696ms)
✔ fail closed: missing page (3.169625ms)
✔ fail closed: skipped case (0.31575ms)
✔ fail closed: flaky success (0.289125ms)
✔ fail closed: retry (0.260417ms)
✔ fail closed: unexpected external network (0.211542ms)
✔ fail closed: fixture collision (0.192917ms)
✔ fail closed: missing cleanup (0.172666ms)
✔ fail closed: updated baseline masquerades as regression (0.184667ms)
✔ fail closed: missing group (0.230542ms)
✔ fail closed: duplicate group (0.195709ms)
✔ fail closed: missing rejection assertion (0.216333ms)
✔ fail closed: missing menu (0.177667ms)
✔ fail closed: missing behavior guard (0.176541ms)
✔ fail closed: wrong viewport (0.172792ms)
✔ fail closed: snapshot hash mismatch (0.177834ms)
✔ binding omission, duplication and reject implementation fail closed (0.299209ms)
✔ real gzip bytes bind exact own devices, raw outbox hash and canonical published hash (5.274625ms)
✔ scope expansion, unknown customer/device, modified bytes and missing archive fail closed (3.781833ms)
✔ IoT normalized raw body binds outbox bytes while original publication binds canonical payload (1.999083ms)
✔ quick MQTT profile requires exact additional telemetry ledger and cannot waive missing archives (1.883708ms)
✔ archive deadline uses actual S3 modification times and cannot green an eventual late archive (1.079541ms)
✔ redelivery rejects foreign archives, unbounded inventories and unbound certificates before AWS operations (0.870625ms)
✔ nominal 30x profile cannot conceal a slower real publish window (21.730167ms)
✔ version proof requires CI deploy Amplify exact commit and 19 distinct verified artifact bytes (0.386209ms)
✔ own-fixture fault grant rejects shared changes and unknown faults while retaining deployment boundary (0.141334ms)
✔ database proof rejects foreign build, source, role and nonzero cleanup instead of trusting child PASS (0.31975ms)
✔ target gates reject missing finish cleanup required case and foreign device before live calls (0.5915ms)
✔ business cleanup preserves outside rows, rejects baseline drift and deletes own dependent rows atomically (1781.034167ms)
✔ fault injection rejects missing authorization and foreign export identity without mutation (0.592584ms)
✔ assertion-only validation cannot stand in for cleanup or whole target acceptance (0.123417ms)
✔ nonActive scope cannot enter the full wave that contains Active dependent probes (0.926917ms)
✔ foundation mode cannot be mistaken for full core or browser acceptance (0.086416ms)
✔ complete intermediate/root chain matches truststore and private key (8.264125ms)
✔ missing root is distinguished from valid signing certificate and key (0.668042ms)
✔ wrong parent, expired chain and wrong private key fail independently (1.14325ms)
✔ oversized worker chain, malformed values and arbitrary canaries never leak (1.286833ms)
✔ receipt gate accepts completed diagnostic with invalid chain, rejects data leak and missing cleanup (1.549333ms)
✔ approved exact Worker, Secret, KMS and original expiry scope is accepted (0.935083ms)
✔ removing role condition, wildcard Secret or extended expiry is rejected (0.310834ms)
✔ unrestricted KMS, different context or extra secret permissions are rejected (0.142ms)
✔ repair gate requires retained versions, exact output binding and all cleanup (1.0185ms)
✔ only root field changes, original version remains immutable and AWSPREVIOUS (12.45175ms)
✔ baseline drift prevents all writes (0.111ms)
✔ wrong fixed root prevents all writes (0.335167ms)
✔ unknown put outcome recovers immutable token without a second put (1.169583ms)
✔ candidate mutation fails before promotion (0.315083ms)
✔ concurrent current movement after candidate write is preserved (0.569333ms)
✔ unknown promotion response is recovered from current stages (0.845ms)
✔ post-promotion failed readback rolls back only the known current candidate (0.599708ms)
✔ invalid version token rejects before accessing any secret (0.227083ms)
✔ rollback refuses to overwrite a concurrent foreign current version (0.643833ms)
✔ unknown AWS errors are returned as fixed codes without secret exception text (0.096583ms)
✔ successful promotion waits for metadata visibility without repeating stage writes (0.840291ms)
✔ existing current candidate is verified using read-only store without new versions or stage writes (0.752542ms)
✔ read-only recovery rejects changed fields without rolling back an existing current version (0.257709ms)
✔ capacity planning includes operational and rotation idle overlap and rejects naive concurrency increase (0.425791ms)
✔ range reads keep the original default and permit bounded slow-link retry (0.349666ms)
✔ range reads reject unbounded, ambiguous and below-default timeouts (0.184375ms)
✔ read-only asset concurrency stays bounded independently of DB/API capacity (0.106208ms)
✔ cold sampler collector binds exact own REPORT and safe client metrics: patch (50.974875ms)
✔ cold sampler collector binds exact own REPORT and safe client metrics: audit (56.429625ms)
✔ two batches preserve six own contracts, six winners/conflicts and audits with a hard concurrency/request bound (36.696583ms)
✔ unknown write drains siblings and waits for Lambda quiescence without retry or false PASS (16.082167ms)
✔ audit drift fails closed: audit-id (28.94975ms)
✔ audit drift fails closed: foreign-list (24.125084ms)
✔ foreign context, missing baseline or excess batches fail before any dispatch/receipt (2.350834ms)
✔ sampling correlation ledger rejects foreign or missing HTTP rows even with a valid business result (39.749875ms)
✔ DLQ scope requires closed ledger, 20 exact IDs and fresh empty database proof (0.77775ms)
✔ one-shot worker deletes only exact retired pointers, restores unknown visibility, and exports no bodies or handles (21.8305ms)
✔ six exact request/time/status/extended/Lambda links pass without saving unrelated fields or requests (53.455917ms)
✔ correlation refuses complete proof for time (49.338792ms)
✔ correlation refuses complete proof for lambda-id (63.7855ms)
✔ correlation refuses complete proof for duplicate (51.676791ms)
✔ correlation refuses complete proof for missing-http (69.101208ms)
✔ audit GET binds list/detail operation and timeout UUID without claiming client success (108.231792ms)
✔ phase proof covers success, conditional conflict and all audit reads without declaring latency/cleanup acceptance (0.936333ms)
✔ cold 409 gate requires matching cold phase flags and successful runtime initialization (4.049167ms)
✔ new account gate requires nested hook, Prisma query, first driver query and checkout on every request (0.199209ms)
✔ account gate rejects missing (0.183959ms)
✔ account gate rejects duplicate (0.155042ms)
✔ account gate rejects failure (0.138708ms)
✔ account gate rejects wait-boundary (0.147375ms)
✔ account gate rejects timestamp (0.171ms)
✔ account gate rejects outside-hook (0.153792ms)
✔ phase proof rejects foreign-invocation (0.120667ms)
✔ phase proof rejects missing-transaction (0.079625ms)
✔ phase proof rejects conflict-code (0.078375ms)
✔ phase proof rejects missing-http (1.184916ms)
✔ phase proof rejects other-run (0.145875ms)
✔ bounded sampler requires physical Init Duration as well as application cold phases and retains client metrics (2.441625ms)
✔ bounded sampler rejects foreign-report (0.20725ms)
✔ bounded sampler rejects duplicate-report (0.116375ms)
✔ bounded sampler rejects no-socket-metrics (0.129875ms)
✔ bounded sampler rejects missing-body (0.094708ms)
✔ bounded sampler rejects over-budget (0.084291ms)
✔ bounded sampler rejects missing-audit (0.0815ms)
✔ client preparation requires actual dispatch, cold adapter suffix and leaves warm adapter timings absent (0.547208ms)
✔ client preparation rejects missing prepare (0.175ms)
✔ client preparation rejects settlement is not driver dispatch (0.163666ms)
✔ client preparation rejects preparation after driver start (0.192792ms)
✔ client preparation rejects cold missing suffix (0.230334ms)
✔ client preparation rejects suffix outside preparation (0.159167ms)
✔ client preparation rejects wrong invocation (0.166667ms)
✔ client preparation cannot bypass account phase checks (0.131375ms)
✔ success audits bind precisely and conflicts never have a success audit (0.339875ms)
✔ audit proof rejects duplicate (0.1305ms)
✔ audit proof rejects wrong-version (0.05325ms)
✔ audit proof rejects conflict-success (0.045417ms)
✔ Gateway overlap cannot conceal serialized Lambda executions (0.31325ms)
✔ three races accept either winner, bind every successful write to audit and advance once per version (82.586291ms)
✔ early failure still drains the late sibling before readback and never retries or reports PASS (2.988334ms)
✔ race fails closed for double-winner (7.306542ms)
✔ race fails closed for gateway-id (9.054709ms)
✔ race fails closed for audit-id (20.0965ms)
✔ foreign context fails before dispatch or receipt writes (0.342375ms)
✔ historical read scope rejects any resource outside the exact sealed old contract before live calls (0.096709ms)
✔ read-only completion accepts only all six settled exact successful PATCH receipts (0.710041ms)
✔ cleanup/completion guard rejects unknown-write (0.200416ms)
✔ cleanup/completion guard rejects foreign-site (0.082333ms)
✔ cleanup/completion guard rejects wrong-account (0.069459ms)
✔ cleanup/completion guard rejects unfinished (0.070666ms)
✔ cleanup/completion guard rejects gateway-id (0.075958ms)
✔ log projection redacts payload/error details and rejects unrecognized events (0.452834ms)
✔ serialized AWS log projection preserves closed event names through the 20-sequence Gate (12.492792ms)
✔ specific redelivery needs matching SQS ID, final disposition and durable duplicate receipt (0.155291ms)
✔ 20 sequence stage Gate rejects incomplete coverage and unrelated device evidence (2.177417ms)
✔ completed Build result tolerates delayed/truncated CloudWatch visibility and transient read failure without rerunning SQL (0.567542ms)
✔ wrong/multiple/failed frames and AccessDenied reject immediately, absent result fails closed after bounded reads (0.402542ms)
✔ expired SSO is a terminal authentication condition, never a transient log retry (0.07725ms)
✔ CloudWatch 250000-character fragments reassemble exact source-bound metadata without accepting truncation or another frame (8.8395ms)
✔ large fixture observations round-trip through bounded gzip without losing metadata (10.254334ms)
✔ compressed fixture frames reject corruption, noncanonical data and decompression bombs (39.276083ms)
✔ compressed metadata still requires the exact expected source/build/action binding (1.157875ms)
✔ fixed manifest rejects unsafe SQL identifiers, missing hash and duplicates (0.574666ms)
✔ migration comparison distinguishes missing, tampered, unfinished and rolled-back migrations (0.141667ms)
✔ snapshot uses repeatable read/read only, timeouts, fixed SELECTs and always rolls back (0.389541ms)
✔ writable transaction rejected before business queries and rolled back (0.179375ms)
✔ query failure rolls back instead of yielding partial PASS (0.116042ms)
✔ dedicated query project never changes migration project or passes StartBuild overrides (26.013083ms)
✔ legacy onboarding rows without CSR columns require reconciliation before migration (0.112208ms)
✔ query success preserves real migration BLOCKED instead of promoting readiness (0.752333ms)
✔ wrong build, writable transaction, unbound hash and fabricated migration PASS rejected (0.270209ms)
✔ missing table count cannot become complete SQL evidence (0.526125ms)
✔ entity merge requires actual decisions on both viewports, scoped devices, versions and cleanup (0.634708ms)
✔ certificate merge cannot use review-only parent to claim real dual-channel certificate entity (0.104833ms)
✔ request UUID is durable before a single dispatch and credentials never enter receipts (9.680958ms)
✔ failed AWAIT_HEADERS preserves correlation without retry (0.421167ms)
✔ failed READ_BODY preserves correlation without retry (0.132917ms)
✔ malformed JSON cannot become a successful HTTP receipt (0.201292ms)
✔ socket events split DNS/TCP/TLS; receipts contain no URL, authorization or socket details (1.131041ms)
✔ real delayed body is measured separately; a reused connection has absent DNS/TCP/TLS, not invented zeros (156.698667ms)
✔ total deadline aborts an unfinished response body; no complete-body receipt or retry (7.180875ms)
✔ injected fetch cannot masquerade as detailed socket observation (0.254ms)
✔ layout diagnostic fails closed before AWS calls for foreign, finished or unbound fixtures (0.596791ms)
✔ diagnostic cleanup retains all actions and fails closed: absent (0.490792ms)
✔ diagnostic cleanup retains all actions and fails closed: still-present (0.052709ms)
✔ diagnostic cleanup retains all actions and fails closed: read-denied (0.049875ms)
✔ diagnostic cleanup retains all actions and fails closed: signout-failed (0.058583ms)
✔ diagnostic cleanup retains all actions and fails closed: delete-failed (0.06525ms)
✔ snapshot must be available encrypted manual and exact whitelist cannot expand (0.429041ms)
✔ real local SQL retires exactly two jobs/requests and preserves every other table (1469.560667ms)
✔ live status drift aborts with original rows intact (532.119417ms)
✔ unexpected cascade/trigger changing a preserved table rolls back all deletes (458.253042ms)
✔ valid HTTP writes cannot be inflated by malformed, wrong role, wrong method or failed requests (0.993416ms)
✔ target License wire sequence proves ExpiringSoon renewal and Renewed activation using real handlers and PostgreSQL (1639.441583ms)
✔ recovery sub-gate checks all preserved tables without accepting full QA09 (3.197041ms)
✔ version mismatch, missing migration and changed certificate/other business data fail closed (0.433417ms)
✔ retirement evidence cannot hide wrong deleted IDs or lose preservation proof (0.269417ms)
✔ retirement project has fixed source and never modifies readonly/migration runner (23.099583ms)
✔ real Sync observation redacts secret domains and cannot treat delivery as firmware verification (0.485291ms)
✔ receipt runner sends only RECEIVED and redacts complete snapshots even with device password hashes (0.389583ms)
✔ receipt runner fails closed for mismatched snapshots and refused confirmation (0.138584ms)
✔ 117 elements require both real viewport receipts (4.941625ms)
✔ one failure fails all elements in the affected behavior group (5.206875ms)
✔ Active dependent operations are explicit NOT_RUN, not successful disabled checks (0.566416ms)
✔ duplicate, foreign and invalid viewport receipts fail closed (0.571166ms)
✔ Defer and Reject failures also block the browser Gate (0.487583ms)
✔ CSV proof rejects empty, foreign and malformed downloads while parsing quoted data (0.238208ms)
✔ reopens own TLS session after same-clientId negative probe and closes on failure (0.681417ms)
✔ foreign MQTT scope is rejected before connection (0.088208ms)
✔ S3 fallback accepts exact owned version cleanup and rejects bucket, customer and pagination expansion (0.45725ms)
✔ export scope rejects a foreign device before API, AWS or output writes (0.575666ms)
✔ domain cleanup refuses live run, foreign customer name, missing DB cleanup and out-of-scope objects (0.625958ms)
✔ unseeded identity cleanup rejects unfinished, foreign, seeded and pre-existing admin ledgers (0.480917ms)
✔ Cognito canonical UUID is allowed only with exact own email and creation within this failed run (0.184208ms)
✔ P95 uses all actual samples and rejects empty or invalid measurements (0.504291ms)
✔ complete P95 excludes censored timeouts and refuses partial sample acceptance (0.115ms)
✔ performance summary refuses to report P95 PASS for missing or incomplete actual samples (52.41075ms)
✔ read-only pool probe distinguishes one connection, recovery and incomplete capacity acceptance (1.898916ms)
✔ observed connection-budget violation refuses a pool PASS receipt (0.567042ms)
✔ foreign probe application name is rejected before database access (0.06075ms)
✔ CPU ancestry attributes minified constructor and compile samples exclusively (0.399ms)
✔ curl metrics differences preserve boundaries and reject bad ordering or nonfinite values (0.458667ms)
✔ curl probes are six bounded verified GETs with no credential/config/retry path; proxy prevents dispatch (1.27225ms)
✔ curl failures retain siblings and discard raw error text (0.167584ms)
✔ scheduled publishing overlaps slow PUBACK and drains failures without abandoning in-flight writes (25.888083ms)
✔ only exact test account and readonly role accepted (0.452166ms)
✔ stack identity, region, project and test tag fail closed (0.098834ms)
✔ permission denial is unverified, never classified as absent (0.102667ms)
✔ metadata health never promotes missing business evidence to AWS PASS (0.223417ms)
✔ five groups with unconfirmed or disabled users do not prove usable identities (0.070125ms)
✔ missing target receipts and version mismatch remain blockers (0.070625ms)
✔ existing test environment requires neither new account nor stack and retains real-response/cleanup boundaries (0.218542ms)
✔ real sub-scope acceptance cannot claim whole QA09 (1.088375ms)
✔ unfinished execution, missing role probe and failed assertion rejected (0.23175ms)
✔ missing cleanup, wrong target, secrets and source tampering rejected (1.019041ms)
✔ identity cleanup only accepts this run and the five known role identities (0.46ms)
✔ record cleanup requires exact run namespace, not merely a partial prefix (0.094167ms)
✔ recovery excludes explicitly later own SLO records without waiving original bytes or deadlines (6.0065ms)
✔ later record exemption never includes other devices or customers (2.879125ms)
✔ site compensation rejects foreign-route before any AWS command (165.968584ms)
✔ site compensation rejects failed-cleanup before any AWS command (196.934458ms)
✔ site compensation rejects unbound-parent before any AWS command (208.516292ms)
✔ remaining target rejects foreign fixture before an API or database call (0.964209ms)
✔ unproved license activation fails legal stage and independent stage failures remain explicit without credentials (1.459583ms)
✔ per-request service throttling requires both unique IDs and bound access-row time/status, never minute metrics (0.35275ms)
✔ QA09 rollout separates logging, budget and event publication and rejects silent phase mistakes (0.648917ms)
✔ security retest rejects foreign fixture before any credential or live API access (0.535416ms)
✔ six tampered tokens require HTTP rejection and keep credentials out of receipt (0.65125ms)
✔ unknown seed outcome requires observed complete own set or proven empty set, never a blind retry (0.48375ms)
✔ semantic SQL creates two scoped read models without lifecycle or authentication claims and refuses reuse (1289.858208ms)
✔ semantic SQL refuses scope/state drift: lifecycle_status='Active' (183.488709ms)
✔ semantic SQL refuses scope/state drift: site_id=NULL (183.509916ms)
✔ semantic SQL refuses scope/state drift: customer_id='22222222-2222-2222-2222-222222222222' WHERE customer_id='11111111-1111-1111-1111-111111111111' (175.132208ms)
✔ semantic SQL refuses scope/state drift: name='outside' (171.392917ms)
✔ platform exports require the exact ledger and own frozen filters; foreign jobs remain unchanged (237.987958ms)
✔ business session cleanup never accepts a foreign email id role scope or lifecycle (0.618042ms)
✔ session fixtures require exact own customer and site binding before cleanup (0.157292ms)
✔ complete narrow real-environment scope never accepts full QA09 (1.256083ms)
✔ missing mTLS, shared keys, different ingress/archive bytes and missing cleanup fail closed (0.766166ms)
✔ CodeBuild inline source fits service limit and decompresses to exact reviewed bytes (25.627333ms)
✔ exact own-ten plan rejects expansion, historical identity and wrong customer namespace (11.143125ms)
✔ real SQL creates exact fixtures and cleanup preserves original devices/certificates (974.652333ms)
✔ unexpected original-data trigger mutation rolls back fixture creation (500.544792ms)
✔ processing provisioning job prevents cleanup without deleting any own devices (458.467625ms)
✔ CSR proofs bind method, path, request ID, timestamp, nonce and independent key (53.613084ms)
✔ closed-fixture audit and request outbox cleanup require ledger and preserve unrelated events (446.106583ms)
✔ closed-fixture access rejects missing approval audit and live customer (434.897875ms)
✔ unseeded capacity attempt has read-only empty audit with deleted customers and fixed original baseline (432.060667ms)
✔ business-only Onboarded fixtures preserve original rows, refuse reuse and make no certificate/authentication claim (431.746042ms)
✔ unseeded timeout audit reads only exact prefix and cannot mutate original or retry customer creation (414.575875ms)
✔ active lifecycle fixture changes exactly two own states and never claims a natural path (408.120167ms)
✔ capacity probe executes a read-only transaction and leaves fixture and original rows unchanged (405.290458ms)
✔ review-only mode cannot run without an explicit review hook or with unknown options (0.413667ms)
✔ fixture CLI distinguishes expired SSO from authorization rejection and transport timeouts (0.128416ms)
✔ TLS diagnostic bounds independent reads to 12 and six concurrent; fake observations cannot claim real target source (47.332291ms)
✔ TLS diagnostic retains settled siblings, missing samples and unexpected HTTP/authentication as PARTIAL (0.512459ms)
✔ version binding preserves prior defaults and accepts exact new target (0.699541ms)
✔ invalid version input is rejected before any AWS operation (0.697542ms)
✔ all delivered writes have an explicit permission and own or absent object path (0.670708ms)
✔ identical claims still change signed payload bytes rather than unused base64 signature bits (0.122875ms)
✔ Gateway 403 rejects tampered signatures while protected 2xx must fail (27.958125ms)
✔ quick has exact cadence, 24 historical hours, 30x burst, 5% duplicates and 2% delayed delivery (3.365542ms)
✔ full plan contains 86400 historical Telemetry samples for 10 devices at 10-second cadence (478.199333ms)
✔ unknown profile fails closed (0.194167ms)
✔ P95 uses nearest rank and does not mutate input (0.123958ms)
✔ invalid latency  rejected (0.067834ms)
✔ invalid latency NaN rejected (0.038583ms)
✔ invalid latency Infinity rejected (0.036542ms)
✔ invalid latency -1 rejected (0.040875ms)
✔ independent checker verifies count average min max and UTC buckets (0.603125ms)
✔ complete reliability proof passes (1.838834ms)
✔ Gate rejects missing trace (1.480208ms)
✔ Gate rejects duplicate trace (1.542417ms)
✔ Gate rejects failed cleanup (1.517375ms)
✔ Gate rejects wrong profile (0.939458ms)
✔ Gate rejects wrong cadence (0.914334ms)
✔ Gate rejects untracked loss (0.85675ms)
✔ Gate rejects duplicate business row (2.476125ms)
✔ Gate rejects missing archive (0.409125ms)
✔ Gate rejects missing reorder (0.455417ms)
✔ Gate rejects missing retry (0.349042ms)
✔ Gate rejects unresolved gap (0.315792ms)
✔ Gate rejects worker not paused (0.341584ms)
✔ Gate rejects no backlog (0.341625ms)
✔ Gate rejects unscoped replay (0.302125ms)
✔ Gate rejects duplicate MQTT publish (0.310167ms)
✔ Gate rejects late ACK changed terminal state (0.311375ms)
✔ Gate rejects telemetry P95 failed (0.331708ms)
✔ Gate rejects command P95 failed (0.31725ms)
✔ Gate rejects NaN P95 (0.455708ms)
✔ Gate rejects missing latency samples (1.026292ms)
✔ security receipt accepts complete execution and all observed acceptance proofs (1.957542ms)
✔ execution fails closed: deleted required test (0.812833ms)
✔ execution fails closed: missing file (0.079875ms)
✔ execution fails closed: pending test (0.070416ms)
✔ execution fails closed: failed test (1.418875ms)
✔ proof fails closed: missing proof (0.2805ms)
✔ proof fails closed: reused prefix (0.206667ms)
✔ proof fails closed: cleanup incomplete (0.192834ms)
✔ proof fails closed: expired JWT accepted (0.207125ms)
✔ proof fails closed: missing write operation (0.236417ms)
✔ proof fails closed: forged identity accepted (0.239ms)
✔ proof fails closed: route resolved before auth (0.233125ms)
✔ proof fails closed: cross tenant allowed (0.235041ms)
✔ proof fails closed: unauthorized side effect (0.208625ms)
✔ proof fails closed: prototype pollution (0.204916ms)
✔ proof fails closed: malicious media signed (0.182959ms)
✔ proof fails closed: malicious media persisted (0.176583ms)
✔ proof fails closed: leak ignored (0.21125ms)
✔ proof fails closed: unscanned audit (0.289875ms)
✔ proof fails closed: unscanned snapshot (0.340709ms)
✔ proof fails closed: partial response scan (0.199417ms)
✔ independent scanner rejects nested secrets raw JWT Error private key and signed URL without echoing values (1.696042ms)
✔ scanner detects opaque canary leakage and permits null redacted values and public certificate (0.136125ms)
ℹ tests 582
ℹ suites 0
ℹ pass 582
ℹ fail 0
ℹ cancelled 0
ℹ skipped 0
ℹ todo 0
ℹ duration_ms 7516.655
