✔ complete public-port receipt retains strict parent proof and microsecond partitions (2.707125ms)
✔ strict offline receipt rejects old source (0.156958ms)
✔ strict offline receipt rejects claims (0.085416ms)
✔ strict offline receipt rejects compiler (0.072166ms)
✔ strict offline receipt rejects pool (0.07175ms)
✔ strict offline receipt rejects scheduling (0.068125ms)
✔ strict offline receipt rejects control (0.071041ms)
✔ strict offline receipt rejects missing (0.085625ms)
✔ strict offline receipt rejects duplicate (0.08775ms)
✔ strict offline receipt rejects foreign mark (0.146417ms)
✔ strict offline receipt rejects foreign phase (0.091458ms)
✔ strict offline receipt rejects reverse (0.096209ms)
✔ strict offline receipt rejects fraction (0.09525ms)
✔ strict offline receipt rejects negative cpu (0.085709ms)
✔ strict offline receipt rejects missing wall (0.082833ms)
✔ strict offline receipt rejects wall outside (0.179833ms)
✔ strict offline receipt rejects incomplete pg (0.077709ms)
✔ strict offline receipt rejects sequence (0.128791ms)
✔ strict offline receipt rejects leak (0.055917ms)
✔ strict offline receipt rejects retry (0.052958ms)
✔ strict offline receipt rejects network (0.052667ms)
✔ strict offline receipt rejects missing downstream (0.054583ms)
✔ strict offline receipt rejects cpu scope (0.056834ms)
✔ strict offline receipt rejects wrong phase boundary (0.231542ms)
✔ CPU partition uses counter differences and never sums nested windows (0.223083ms)
✔ injection must land in its named window, not only increase total load (0.209875ms)
✔ runner refuses all existing directories before starting any process (0.412291ms)
ℹ tests 27
ℹ suites 0
ℹ pass 27
ℹ fail 0
ℹ cancelled 0
ℹ skipped 0
ℹ todo 0
ℹ duration_ms 45.473041
