
 RUN  v4.1.11 /Users/anray/Documents/project/hiddenjoyacom/food-digester-platform

 ❯ packages/database/test/contract-load-detail.test.ts (12 tests | 1 failed) 8ms
   × default off preserves query Promise and does not emit children even if a leased port exists 2ms

⎯⎯⎯⎯⎯⎯⎯ Failed Tests 1 ⎯⎯⎯⎯⎯⎯⎯

 FAIL  packages/database/test/contract-load-detail.test.ts > default off preserves query Promise and does not emit children even if a leased port exists
AssertionError: expected [Function] to throw error matching /DETAIL_REQUIRED/ but got 'CONTRACT_AWAIT_CHECKPOINT_REQUIRED'

- Expected:
/DETAIL_REQUIRED/

+ Received:
"CONTRACT_AWAIT_CHECKPOINT_REQUIRED"

 ❯ packages/database/test/contract-load-detail.test.ts:211:10
    209|   );
    210|   assert.isFalse(rows.some((r) => r.phase === 'contract-load-driver-pg…
    211|   assert.throws(() => proof(rows), /DETAIL_REQUIRED/);
       |          ^
    212|   c.value.release();
    213| });

⎯⎯⎯⎯⎯⎯⎯⎯⎯⎯⎯⎯⎯⎯⎯⎯⎯⎯⎯⎯⎯⎯⎯⎯[1/1]⎯


 Test Files  1 failed | 2 passed (3)
      Tests  1 failed | 31 passed (32)
   Start at  07:26:07
   Duration  1.01s (transform 181ms, setup 36ms, import 270ms, tests 893ms, environment 0ms)

