✔ public child proof retains legacy partition and never implies compiler/server/P95 attribution (1.547ms)
✔ detail rejects missing (0.112791ms)
✔ detail rejects duplicate (0.08275ms)
✔ detail rejects foreign (0.077333ms)
✔ detail rejects failed (0.080083ms)
✔ detail rejects boundary (0.06525ms)
✔ detail rejects CPU (0.068ms)
✔ detail rejects negative CPU (0.059875ms)
✔ detail rejects fraction (0.104583ms)
✔ detail rejects wait (0.11425ms)
✔ detail rejects wrong wait (0.060375ms)
✔ detail rejects gap (0.064291ms)
✔ detail rejects overlap (0.063958ms)
✔ detail rejects coverage (0.060125ms)
✔ detail rejects invalid time (0.07075ms)
✔ detail rejects off (0.038083ms)
✔ detail rejects two pg (0.035584ms)
✔ detail rejects unsettled (0.034666ms)
✔ detail rejects root (0.051959ms)
✔ fresh planner preserves fixed budget, demands both detail modes, never dispatches (0.178834ms)
✔ legacy manifests cannot be promoted to detailed target proof (0.591333ms)
✔ hosted detail input byte binding is explicit and rejects run, mode, budget, context and hash drift (0.329209ms)
✔ checkpoint splits public await only and rejects legacy target promotion (0.212875ms)
✔ checkpoint rejects missing (0.064709ms)
✔ checkpoint rejects duplicate (0.062083ms)
✔ checkpoint rejects foreign (0.068709ms)
✔ checkpoint rejects failure (0.055959ms)
✔ checkpoint rejects CPU (0.0465ms)
✔ checkpoint rejects negative (0.049958ms)
✔ checkpoint rejects boundary (0.042875ms)
✔ checkpoint rejects wait (0.051084ms)
✔ checkpoint rejects gap (0.067125ms)
✔ checkpoint rejects overlap (0.067958ms)
✔ checkpoint rejects coverage (0.069166ms)
✔ checkpoint rejects invalid time (0.081917ms)
✔ await planner holds native candidate off and old manifests cannot satisfy new proof (0.876125ms)
ℹ tests 36
ℹ suites 0
ℹ pass 36
ℹ fail 0
ℹ cancelled 0
ℹ skipped 0
ℹ todo 0
ℹ duration_ms 44.843167
