{"command":["pnpm","exec","eslint",".","--ignore-pattern","build/**"]}
{"command":["pnpm","exec","prettier","--check",".","--ignore-path","/var/folders/k8/_4hymb6j59s0c8xntb11ktmc0000gn/T/qa09-verify-4JPyCc/prettierignore"]}
Checking formatting...
[warn] .pnpm-store/v10/files/00/19e00ea632d62d2926010926f4cf33b2e146585f63b689fc51c61674b5da9b0ee626553ac2f552f0cd69fc849194ad607cb1830a72c1eba820f8f610381bc0-exec
[error] .pnpm-store/v10/files/0a/83a02fe8b3b6c4422aa353d2446fd9d37f92a37f06cd3636027ff37d644058f0af1cbc8bdc8e7f333436eb99ee22a4f674301a47823498292bc3b7f90df999: SyntaxError: Unexpected token, expected "," (2:35)
[error]   1 | #!/usr/bin/env node
[error] > 2 | export default function start(args: string[]): any;
[error]     |                                   ^
[error]   3 |
[warn] .pnpm-store/v10/files/28/bde0d8e3076f0e7be1a9fc34b5ed87c53d65b3fc369e26621a167390df26b2b1936202f14b02a0679d0d7ec9d45868cb00e92e5a255c371f0ffb19029ed9a3
[warn] .pnpm-store/v10/files/2c/04efdcab887ff94f6adbbd70d0470dbc29b17ebd7c823e8eb3be5320e913cf25af2db514cd6de92beacab7051e2e497eb52dd04562ca28b57d018b05ba7001-exec
[error] .pnpm-store/v10/files/2e/cdb863d35f211e32f83c085ab2bbf9bb1c705f1862cf852bbb89dfc67ec9a5f6f82545cc13459539166dbd64063015e7c1f0916a62441e11f5ffd817796608: SyntaxError: Unexpected token, expected "from" (4:13)
[error]   2 |
[error]   3 | import { PGlite, DebugLevel } from '@electric-sql/pglite'
[error] > 4 | import type { Extension, Extensions } from '@electric-sql/pglite'
[error]     |             ^
[error]   5 | import { PGLiteSocketServer } from '../index'
[error]   6 | import { parseArgs } from 'node:util'
[error]   7 | import { spawn, ChildProcess } from 'node:child_process'
[warn] .pnpm-store/v10/files/30/b69022d909bb0ca1ace289c85fc52ad21d2702220aef142b43d234c769db2731523e787986d7f9e279a84adb0467991daa6be0076cb8ff47fbb830d4a934a4-exec
[warn] .pnpm-store/v10/files/30/be76ac58ca58a79b70f6412d4de70a659a4e5cfd1c5bd191147d8be5fa7d73cfae44c4104b138e5d9a955b520f90fce36778d9e84ff194315c813e6e3ab95a-exec
[warn] .pnpm-store/v10/files/32/2a3fdcbdc0ab2240acda547abe636d51f7f2114200491f7fc66c4353d43d37a4052df0d32f29ede80c8a768d312efae8ed28639f55c2e5a678f306a45986f9-exec
[warn] .pnpm-store/v10/files/37/ab2d53a6e63de9800aac896db0949db125f69c5ef24b5a703672bbd11f8e6f2a0ec402f4e18e6c83e09ae3b7359a8edc59186177a76135fe0da9cb61a14b21
[warn] .pnpm-store/v10/files/3a/56c99b00a1cd0cab8fc5b4ea47346252be6dbc8075374fc352cdc963136deb9081b43b65106b7fe6e8f826c1deec7a9bbc2d34d726a7a8bb1993192e7ebb64-exec
[warn] .pnpm-store/v10/files/3b/a8ecbebb45d5b46cf14a9287abcb3d65c59bd759a19d70838af785a4ddfc02b1109334d7f0b7224bf518e815eeaee9661c435caa0b5b0a63773fb4508fab84-exec
[warn] .pnpm-store/v10/files/53/b53536d70a19888e4c589f4af9329f092419372c16cacd80a7772b93d3d984d13fe45cdb520185e8b02d478df6cc1faa514df364fed85484519d6441b531fa-exec
[error] .pnpm-store/v10/files/54/5655a17c6c9a87fa0fddd7e233d374589580b5cbc2ac76fd5e8535c239b22109282b92d1084d569d5b459b9d4cc916530c73954c19f422411ff3e11e78bf4c: SyntaxError: Unexpected token (4:9)
[error]   2 |
[error]   3 | const cdk = require('aws-cdk-lib/core');
[error] > 4 | const { %name.PascalCased%Stack } = require('../lib/%name%-stack');
[error]     |         ^
[error]   5 |
[error]   6 | const app = new cdk.App();
[error]   7 | new %name.PascalCased%Stack(app, '%stackname%', {
[warn] .pnpm-store/v10/files/56/2336fe85580e0bd4be3094caac937b9c2bce1339f0606665e70546062f3966f9b75360c5d9727a97a0ca84cb0586bf09f5c398f7a42d4b640e5cf7b6a209d2-exec
[warn] .pnpm-store/v10/files/6d/d11b8a6784c0a672e582310a3339388bf2ad090e85246c37ec596f63c8a21b746290be97d8129fb1ff3ca09cca252d671011c0e0f3434a26da644dedf4d65e-exec
[warn] .pnpm-store/v10/files/73/38239652b86f7635c182ea1cf26f76758204633cec0634c4d2dc35788ce000447f1c395ba24ab59114f069750eb78da3dd95595d43bc29b671d79b91d315cd-exec
[warn] .pnpm-store/v10/files/7f/fee6843ca2a0e770beaa0aa9653befdd07f50f89ab30debf89505b4ddc74b5e6a6a3a4cdb086c5fc2353ada1997bd6bedf56e9e5ab15a5fe8f60504f3237fd-exec
[warn] .pnpm-store/v10/files/81/45fd6a4ed626936fb46b0434732db5761d9d4230a74e0ebba9f4c6b982fa9dd269887b39f9c7000161ed217615b1210820a40d16c21bdfce0c93006da28d5b-exec
[warn] .pnpm-store/v10/files/8d/136edff9acbbc58e981a083d323d84e32a51a409e066ff7efb21383bff278e4b5f9a65b961e1884e9cf6fb90880e7ec26815e0519355c2ab000c6c4b87f56f-exec
[warn] .pnpm-store/v10/files/8e/156fd799a572e934bd88e7acf559639da1f1dd209a5628a27a9e743e526e58ee76073211280a7ed4cd18b5618faf98f6dae6b9ebdb605918de88d89a430d99-exec
[warn] .pnpm-store/v10/files/8f/805d00da9bac31f60875d95e28d902e84bef1116d7bd2d5daf1e0234d78fb0e2dc3fab72171dadb0d9293b0268901aaea50bf9295da4ed11d7720c6ab926e6-exec
[error] .pnpm-store/v10/files/99/4ee0dac9af7f63125791cb331242c02abf4b51db1e31165aa2802a89b4971d6d3753b1b39866fc793f436d670a71c681a69609ecb66b705b263ea8c4d13e4e: SyntaxError: Unexpected token (3:9)
[error]   1 | #!/usr/bin/env node
[error]   2 | const cdk = require('aws-cdk-lib/core');
[error] > 3 | const { %name.PascalCased%Stack } = require('../lib/%name%-stack');
[error]     |         ^
[error]   4 |
[error]   5 | const app = new cdk.App();
[error]   6 | new %name.PascalCased%Stack(app, '%stackname%');
[warn] .pnpm-store/v10/files/9b/9355458ac48f2bfc1ba9fd08ca7f550bedf5fa1e40e39e2467ef939003914519000a1cb3a9165f81cc5d3c1398e22ce844e8ef7256c76cc6f0bc3a8a52404f
[warn] .pnpm-store/v10/files/a1/ad0a93a2943300c05abace0ae32537095117fcfc2054c45e185a97872c6b80611dfd5419c696dd4100e5e7aa6b422271b6905bd21235dc17aa0015ab535b8d-exec
[warn] .pnpm-store/v10/files/a2/b10a52a3dfd6777cb2aa3595db0a8b087aec4363b90be0cbd7a619f4b6ba68fd0fc3453ff8451a86953feee03d89e71dfa5d44ad9d1c5601a73fa2068252db-exec
[warn] .pnpm-store/v10/files/a8/5f9d3eb59a6bf2718d85fa4ad21860477c3b465d24d37809a0124d4210afe95c74ecae5824842c0482e8d7e756d9e8cd3a4049d6ad78f470eb04c38ab42812-exec
[warn] .pnpm-store/v10/files/ab/f0b62b37f1a147c9b875953c7293c59eafc0243d4a3355adc83ffc2ce62e59b3d416f8afbb5a9fdebf87331406b47df8dfc1480d407582cfae26a8a5fa195c-exec
[warn] .pnpm-store/v10/files/b6/8c24f7062adbc3c10a1915801529c59b3222eba2ab86df94afd980634b5abcf2bbf6770af611f0100c7292b31af9d83d946e6ecfb338843a935fc039ca8e4a-exec
[warn] .pnpm-store/v10/files/b8/76fec18990769fee107ad912aa8491fe8deffa73383ca3f6e8cc913373aa8c5a43f16121f9435f624b5f3605da575189c9860dbcde6fdfab6a5ed908148a09
[warn] .pnpm-store/v10/files/b8/8189920a7860f21f5d63315d4cf94694056af38bd158109707bf0778ae4b9424a620d141f0f42fb4e2c211bc185173d97b8cae250599bd05c975fbf879aa71-exec
[warn] .pnpm-store/v10/files/c8/82f11a6f5eaba89d462c1dc828fef273683f9c51dc18834c4d6144b7bb8aae24289024cecf7c2a02443500732533d9721c8244cd2a13c6affdb97f3a2a8091
[warn] .pnpm-store/v10/files/d1/29222c3f531e56958b9e1c9bd7bff2e7aa8be9dd55d3860c07764128c69f0df623bb30735e17e5816cdd5b5c409627fb23db67f8831934e62f5224fde42c92-exec
[warn] .pnpm-store/v10/files/d5/3a18fbda0a76a5b56ccc5df42dd7e051978952f135ae4ce2a55cf5d139a4137e04c13e22f733ed5074fbfe0be6b41727b0d5db944c619561dbce3c9997ed13
[error] .pnpm-store/v10/files/d5/b29fdca3caa83d2f48aff47cd054d3751de10b8112f82be5b570a01e3aa53f05cef883aa09f350e1a62ca2074a64b518c6f8614d9f259203c5e54e469858ff: SyntaxError: Unexpected token (3:10)
[error]   1 | #!/usr/bin/env node
[error]   2 | import * as cdk from 'aws-cdk-lib/core';
[error] > 3 | import { %name.PascalCased%Stack } from '../lib/%name%-stack';
[error]     |          ^
[error]   4 |
[error]   5 | const app = new cdk.App();
[error]   6 | new %name.PascalCased%Stack(app, '%stackname%');
[warn] .pnpm-store/v10/files/d8/008ee75392469706b8c4e4e94eadcaf86d6769f0bfe7a15e0ee9217019d1ba9ab5ee5257710af965b987024f83d431c245c09139ae70d6a4dbde8b00284583-exec
[warn] .pnpm-store/v10/files/dc/1b3df49802cb674beeccd7f524ef1e026e7314a08368fabe0fac406138f5afe8337a5e4e251c69a1d77481494a36677a49374877ffde44fa5f2f50ebb78d00
[warn] .pnpm-store/v10/files/dc/fccd36de3c22a395e97e8eb226bd83c5d9ed42ffbc57e06a35f98cd1fa20e0f410537e96f7389bd7cb65ec7f55b943926d6c6f0d523f28d957cdab48be4f57-exec
[error] .pnpm-store/v10/files/dd/62abf95e6cd2056ad338a030d56861305b5868e80343c2d715433cb266e05d793af3ecdfc578ee2296783a55dd6f06f0fbcf71e4a034d5816404a4f0d6e6b5: SyntaxError: Unexpected token (3:10)
[error]   1 | #!/usr/bin/env node
[error]   2 | import * as cdk from 'aws-cdk-lib/core';
[error] > 3 | import { %name.PascalCased%Stack } from '../lib/%name%-stack';
[error]     |          ^
[error]   4 |
[error]   5 | const app = new cdk.App();
[error]   6 | new %name.PascalCased%Stack(app, '%stackname%', {
[warn] .pnpm-store/v10/files/e5/afcc03ae4f90e480e104679cde692ee2d58cb97098c9f76001d2bf3b04b63904b7d4f9e6b0071682eaf754bd00b395efded92bd6f09debcbee02bceb30a7a0
[warn] .pnpm-store/v10/files/ea/c420c2c8964edcd983cdd728b4cd292d430b4dcfc926c959adc0ef1cc71ce55ba47287c67fef43c32b0dbfbdd79438c0e3df98a1ddc692765e6161c12ede83-exec
[warn] .pnpm-store/v10/files/fb/efe82dfc7ea9e1e13a534348145f26a5395ee0e79b1fac445d8db8f9c137cc80b6de2973d22fe33906b6e166fb65e564a12235ad8de0e4773193256e5a66d2
[warn] .pnpm-store/v10/files/fe/12eff522b58a8d18aa50f9fbe21215caf6d5fa9db92d17adae5224a424a27727294d03da28b7e8b93c91b6dcaf8d83c3ccee6d3a9d2890e2a95a52b78ca57a-exec
[warn] .pnpm-store/v10/index/00/2ffb2687c9bd91abae779635a12725e38b531f89946b7bb4d6b4c198913d3e-jiti@2.7.0.json
[warn] .pnpm-store/v10/index/00/6ad0e104a0b2c6b534699698b3ea379358d8a6a317932ac5eb4d10efa8d27d-delaunator@5.1.0.json
[warn] .pnpm-store/v10/index/00/aa5a6251e7f2de1255b3870b2f9be7e28a82f478bebb03f2f6efadb890269b-base64-js@1.5.1.json
[warn] .pnpm-store/v10/index/00/bdaa2482c7ee5363ac3982403bddc4c7c0508bfc28c3593afaf0010f22f3ff-@esbuild+openbsd-arm64@0.28.2.json
[warn] .pnpm-store/v10/index/02/5ccb253449f3e50580af029b1229c88a49d3e61a170d36222392758aeac703-@electric-sql+pglite-tools@0.3.3.json
[warn] .pnpm-store/v10/index/02/7cdb04446cacb2ad9365d27d36d844b8d03ddcb5d7a4adcb8abe4fe069dc80-@types+react@19.2.18.json
[warn] .pnpm-store/v10/index/02/9e86d16430714fcb1ecbcbc0e3757c0417f59a7403663a63f709065f6bfc96-esquery@1.7.0.json
[warn] .pnpm-store/v10/index/02/cb82cdf7c61c9c9b49a46b9abe5e1ebf359b0254de48f0e8cfaea6b5af0978-undici-types@7.18.2.json
[warn] .pnpm-store/v10/index/02/ea7b69439fa5b01483644e38937a230e5ff43301973bb4988926fe66a52d01-@babel+code-frame@7.29.7.json
[warn] .pnpm-store/v10/index/03/26ab8e82d4e58971b956a5462fb0f09447d99f384c16c53b6468196cfd77c6-@rc-component+mutate-observer@2.0.1.json
[warn] .pnpm-store/v10/index/03/db92767ef6a336d15128add1e89bd135bb9d7b8d3e569e334cdc1a427e9c4e-@smithy+credential-provider-imds@4.5.2.json
[warn] .pnpm-store/v10/index/04/083a42413c5be4ee40baebc34520afb1de81776e46eba3f3fb62da448e73e8-ignore@7.0.6.json
[warn] .pnpm-store/v10/index/04/b2374e5d535b73ef97bd25df2ab763ae22f9ac29c17aac181616924a8cb676-which@2.0.2.json
[warn] .pnpm-store/v10/index/04/bae011c453c17da8ea01b118e08dc8cbc64a9df96287ee633c3d87520c4d19-balanced-match@4.0.4.json
[warn] .pnpm-store/v10/index/04/c84b0ff4b0f866c90b6d42fd48326995f8d673edf1b51383e8d6c837a0edee-webidl-conversions@8.0.1.json
[warn] .pnpm-store/v10/index/04/ddb607979a30c23d50cb63ac677983978260fa423c3532d052576d8b1a4f9c-word-wrap@1.2.5.json
[warn] .pnpm-store/v10/index/05/d6e8cbe97bb40dce196e858f21475a43f92ee0728f54e4df72e3caad1ac72c-json-stable-stringify-without-jsonify@1.0.1.json
[warn] .pnpm-store/v10/index/06/36ac5238b13c5752f8d2a4ca9732c8de4f9a0f373a5b2dd3e73abc6a2fd1d8-@radix-ui+react-use-controllable-state@1.2.2.json
[warn] .pnpm-store/v10/index/06/379909143e870fb858086faf0f2b26fcb97dc900db1a5ffd7d974043800541-@rc-component+image@1.10.0.json
[warn] .pnpm-store/v10/index/06/d8f604e38ef37a375b21f9f5ef0c817b3111055c6ab9143a9118aee6c1d2ea-detect-libc@2.1.2.json
[warn] .pnpm-store/v10/index/07/bd7fe28ca3eb588d1f429e09a98bb84dab98ab933b96f24ce495c0408ce450-throttle-debounce@5.0.2.json
[warn] .pnpm-store/v10/index/08/05e5f83b5df5452e25df2928a77087a30b9b7314322a8c3e6859ded4d25cfa-@esbuild+linux-ppc64@0.28.2.json
[warn] .pnpm-store/v10/index/09/5f535b76377fcff04f405115cd7f280550dd350789799a01be955bdbed88c1-html-encoding-sniffer@6.0.0.json
[warn] .pnpm-store/v10/index/09/6d60ecff55f2ef9ef0941d52c97645683e182b2879ed26b498d95020b19ffb-@rc-component+pagination@1.4.0.json
[warn] .pnpm-store/v10/index/09/6dd6376ac8204fce7f6d66ba58609c63b0a03c8414dca0c8804e38d49dc80b-tldts-core@7.4.11.json
[warn] .pnpm-store/v10/index/09/86e78fbf07b08780f8386050a80509fbcdb131c584c32b8a752b319a435c95-@esbuild+linux-ia32@0.28.2.json
[warn] .pnpm-store/v10/index/09/8e9cac6ab7d77317f06930bc1eedce0a7df6f8d0c58d7efb9cb5d3f04a37f1-js-yaml@4.3.1.json
[warn] .pnpm-store/v10/index/0a/c39e2aaffd900df2e95247b7effe5530ad05ac49e0e4c5a60ae321484fa432-@smithy+core@3.33.3.json
[warn] .pnpm-store/v10/index/0b/1c29b7649f4f34ed5dc7ce97318479ef0ef9cf8c994806acd8817179ee5b1b-ansi-styles@5.2.0.json
[warn] .pnpm-store/v10/index/0c/25eee887e1a9c92ced364a6371f1a77cbaaa9858e522599ab58c0eb29c1114-fast-levenshtein@2.0.6.json
[warn] .pnpm-store/v10/index/0c/b7bf8be97cca720163b5c4435f754de66f0a8a302066b5f11f9d215df4196e-@rolldown+binding-android-arm-eabi@1.2.5.json
[warn] .pnpm-store/v10/index/0d/371473caa28be7291efb4ec2080cb4144c8ca6475d859dc3cb32458bb6bedc-@playwright+test@1.62.1.json
[warn] .pnpm-store/v10/index/0d/38383096c631691f8ba55915d36ddbf71a31b432e0ebbe3a9fe1250bc61167-nanoid@3.3.18.json
[warn] .pnpm-store/v10/index/0e/0652eb668f2d72a59f120b4bf0180a846f1da65e5dc788ce55cf924186cc95-eslint@9.39.5.json
[warn] .pnpm-store/v10/index/0e/1f2f02c577ea2839c1af4e5f8a57bcc73d0f755e89b7f0db08b1d0253060e0-@types+node@24.13.3.json
[warn] .pnpm-store/v10/index/0e/a0ba9f7410efbcdd16908c0120356b72656fae07bf63760dc8851a43bfe0bf-lru.min@1.1.4.json
[warn] .pnpm-store/v10/index/0e/dbb482be1d9c04d900fc0461ba42b06f8ca4b33b380962cb68137a91054309-@aws-sdk+checksums@3.1000.29.json
[warn] .pnpm-store/v10/index/0f/7006430772139f209afc7ac1a5525c9f342463be218e4bd8ef070e748e7b1e-@rc-component+async-validator@6.0.0.json
[warn] .pnpm-store/v10/index/0f/f3ba88702a966d1be37d2f2067b06a74acaf94736966d20c594761d28b5a56-@aws-sdk+middleware-sdk-sqs@3.972.42.json
[warn] .pnpm-store/v10/index/10/e666373715f2e27499a7b70e14ec887828342baed49f6650b42918287adb33-@prisma+query-plan-executor@7.2.0.json
[warn] .pnpm-store/v10/index/10/f0f9ab5b97c85c49a42acb9c27359c79eade039ae83641a1c008888d936920-util-deprecate@1.0.2.json
[warn] .pnpm-store/v10/index/11/0a82312bffb3c35b163a3e873dc52acbef61f3fed90b25b0527fdb8fcee65f-@visx+event@4.0.1-alpha.0.json
[warn] .pnpm-store/v10/index/11/d7a9fd7f5f1aa54d9b328156c0d820eb43fb3d6db9ecd5ef42c18dd0acb7d4-brace-expansion@1.1.18.json
[warn] .pnpm-store/v10/index/12/b8924e5b79382f7fed25e445208085f4b1c684948019b7dce1fe224c1b7698-@eslint-community+regexpp@4.12.2.json
[warn] .pnpm-store/v10/index/12/f18af042770e16877db465113396012e693bd31921379ab87289c9bf30c9a8-xml-name-validator@5.0.0.json
[warn] .pnpm-store/v10/index/13/29094ff4352a34d672da698080207d23b4b4a56e6548e180caf5ee4a93ba63-has-flag@4.0.0.json
[warn] .pnpm-store/v10/index/13/c953018341d4a5be147f95189b993358a8031d84ea8565bd0151adfe4ff196-@babel+parser@7.29.8.json
[warn] .pnpm-store/v10/index/13/e5d0091c126da6a20a1b6fea4e83c2073e6f1f81b3abee2891c7979928c7f0-buffer-from@1.1.2.json
[warn] .pnpm-store/v10/index/14/1ac66aed085e6baa83885a1194417c7356079994011c3a84dc0f0d75c68345-mysql2@3.15.3.json
[warn] .pnpm-store/v10/index/14/37f82f8b18ccab73598854fd79b401015d4e3748c4da3d1254dfda6c5733a9-tsx@4.23.12.json
[warn] .pnpm-store/v10/index/14/e2a9559a1bf4c3d39f6ce74731ab9ec307bfb04eb0a570dd788ffdc3b260b0-@smithy+types@4.17.2.json
[warn] .pnpm-store/v10/index/15/3882a4dc6dc226591c465b71b4c87198c44552029fdcaafe90c591397de7f0-buffer@6.0.3.json
[warn] .pnpm-store/v10/index/15/d5bdaff8d066149ea21b35677b08d72c4540d16f31c9e67ee8f85813144f13-pgpass@1.0.5.json
[warn] .pnpm-store/v10/index/16/b8f30d55f5c0a7d93748116c216abfc547b939dc1b8b1b23f586120e2d4924-worker-timers-broker@8.0.18.json
[warn] .pnpm-store/v10/index/17/bceb1907e2247a233f08bcbe1c59402d6d5ad273bcbef870afe7aab8b6964f-@typescript-eslint+tsconfig-utils@8.68.0.json
[warn] .pnpm-store/v10/index/18/f3129133ad327bf653617c8317b8228eaa995b3e60aca9f37d84b6aab1af48-@esbuild+sunos-x64@0.28.2.json
[warn] .pnpm-store/v10/index/19/0d84591a5057cfe8f80c3c62ab5f6593df3515996246e2744f64e6ba65fe10-parent-module@1.0.1.json
[warn] .pnpm-store/v10/index/19/18dea935031d3a391b09edb0b68031c05a846de79698dfb575992cdef71e26-@rolldown+binding-linux-ppc64-gnu@1.2.5.json
[warn] .pnpm-store/v10/index/19/95b8eb8835487eda83763b8578dff11a14b80148aa494e02adcc465e0e6966-d3-scale@4.0.2.json
[warn] .pnpm-store/v10/index/19/e5c27a3e0842d53507e4250d5f16fd146f6f32373bf4adb2cfbf6c25efe256-@esbuild+linux-riscv64@0.28.2.json
[warn] .pnpm-store/v10/index/1a/174f832d5e978fc898fd395f4e54c38730dbf33ddc10949a712f599352b650-@types+estree@1.0.9.json
[warn] .pnpm-store/v10/index/1a/35dc46b46cbaf757c433bcf072981de89375e959c31a6a267efe87a9f019c3-@redocly+cli@2.51.1.json
[warn] .pnpm-store/v10/index/1a/372aee67999423a258dd6dd71082fbbfecf3986e987568913048ecf2604dfa-@rc-component+input-number@1.6.2.json
[warn] .pnpm-store/v10/index/1a/c628b209c00994c00dc984c8972d909228a808478edb70ed1b05ad5a093576-cross-env@10.1.0.json
[warn] .pnpm-store/v10/index/1a/f61648a79a2533b1c42e69ebe9ce49a7737ef5c0d61f02fe21c53c5657facc-@rc-component+upload@1.1.1.json
[warn] .pnpm-store/v10/index/1c/a54b4bc76f208fb1a0a5bd926ab16d12ab9d61177c926bfc56618499a2a880-esbuild@0.28.2.json
[warn] .pnpm-store/v10/index/1c/aba270f1c9baf3e0083fa7a7a49ef4c42f4ba3826c998e8c6bf29733094650-@types+d3-color@3.1.0.json
[warn] .pnpm-store/v10/index/1c/c4bdb11a049997b2f0bb04fd8a3afa4961973535d8f8ac8eb55cc9d5b74a8e-@ant-design+react-slick@2.0.0.json
[warn] .pnpm-store/v10/index/1c/e264ae1698b307a1f96f9eef8627ed84ad64e8a59283dbe9fc9ca7034b2b34-deepmerge-ts@7.1.5.json
[warn] .pnpm-store/v10/index/1d/5404dc001bfe9c45f1f400a22aa9be0f62ddebeaba0de1a22c1a90ec990302-denque@2.1.0.json
[warn] .pnpm-store/v10/index/1f/8d3807b749976982ac1a9a843118b1a9c1d3185d0e9ead5e75dc4d49d79a6a-@aws-sdk+credential-provider-env@3.972.70.json
[warn] .pnpm-store/v10/index/1f/ec90b25faa103f4d8a543783acdda6c330520c158eb70c4e434701645553f3-@rc-component+select@1.10.1.json
[warn] .pnpm-store/v10/index/20/a5e9bc8ce39c2f574c051b54170c7c64b410f6885ed5babfecebf91469fa1a-iconv-lite@0.7.3.json
[warn] .pnpm-store/v10/index/20/c2cd95daee0d049cadc7d3f8c5a76b38476c326171127238404025fc109c79-d3-delaunay@6.0.2.json
[warn] .pnpm-store/v10/index/21/77f6cc17d9adb4064fe1bc2f19e82020c11a730720f222ab91c2467dc40df2-@rc-component+util@1.13.0.json
[warn] .pnpm-store/v10/index/21/788c8d5e6cd2b7332c195f87b1b99c1e0cdf7eb99ab11e79d8f02ad7f923e3-@rc-component+listy@1.2.3.json
[warn] .pnpm-store/v10/index/22/9d844029e0a3024b18e7c2c241613d753bfe58e5867e91c659b2e1761f2f66-pg@8.23.0.json
[warn] .pnpm-store/v10/index/23/38bc45071f7ea09e3558058a02a58b5b2c92521ba479c261ce809275c66280-assertion-error@2.0.1.json
[warn] .pnpm-store/v10/index/23/55f1ad9490fa812b9114788d86c0c8412ed88d1abc1bef30ce4937ee84069a-ret@0.5.0.json
[warn] .pnpm-store/v10/index/23/c6cfa432dc1c1bf5aa22225c30b2ef546df1e4032893f4b0c4962698437407-@types+react-dom@19.2.7.json
[warn] .pnpm-store/v10/index/23/d415bc1c3953f870dd1996a58291ba651e6838314cf778d35c77eb8acb9960-get-port-please@3.2.0.json
[warn] .pnpm-store/v10/index/24/4a391f15c374361709a59dc0b46defdcbb8222bc49b85925b1565ea6d14e89-d3-geo@3.1.0.json
[warn] .pnpm-store/v10/index/24/d03365c5eb0ade365462ee633d337c0cc37c0bc9596e807d8943050c835790-lru-cache@10.4.3.json
[warn] .pnpm-store/v10/index/25/317df54ffa5c88c2068d30aa4539b0ad7482561edbb31146c7f0a22ab9cf33-@radix-ui+primitive@1.1.3.json
[warn] .pnpm-store/v10/index/25/5beb56f6367d96ac7f8816e1fbc5ef1d5031752dbef1a39d32837ba729a564-aws-cdk@2.1139.0.json
[warn] .pnpm-store/v10/index/25/99c328af01d11083c3ce0535d0c022964af89b89c3eb3b2f3f2792c23b488b-xmlchars@2.2.0.json
[warn] .pnpm-store/v10/index/25/be7dc5f1084a83799a66e703e1d8a9db6b497dc2802b49a287fe5790fcfd38-@aws-sdk+credential-provider-login@3.972.77.json
[warn] .pnpm-store/v10/index/26/08be11b381aae8defd735da1fafbc5b25064f6093fe0653df47487e58de331-@rc-component+switch@1.0.3.json
[warn] .pnpm-store/v10/index/26/65cc67ac2ebc398b88712697dca4cea3ba97015ba1fd061b822470668435d0-imurmurhash@0.1.4.json
[warn] .pnpm-store/v10/index/26/d736eb5d9720db818c897f4135ac57952f13c507b8d6e570edef5400d2acab-postgres@3.4.7.json
[warn] .pnpm-store/v10/index/28/a51eee567f022827af9d47ea13948a4f0bc139c88288c7ff59708658bc03ca-worker-timers-worker@9.0.15.json
[warn] .pnpm-store/v10/index/29/f61b9a9466d156cb8c4bd56bdc86c028bd188df8c6f8bb03f1d761640eeb90-expect-type@1.4.0.json
[warn] .pnpm-store/v10/index/2a/2184ac6d89d06f362d2a67895d02b48ce3949d74134e23d3654eb9d26c3f23-zeptomatch@2.1.0.json
[warn] .pnpm-store/v10/index/2a/4a3e6395d0e9f33e09edddab79bd606c6769c619625f5c035c198da17755ba-readdirp@5.1.1.json
[warn] .pnpm-store/v10/index/2a/67ca2f76fa1be457bcff0dd6faf74ead642ffa021609f63585c4b6a3fcfcbd-esrecurse@4.3.0.json
[warn] .pnpm-store/v10/index/2a/cfc8a17d344ed0a56c642be135977a602792d010bd807b1f3702c431aa1195-is-property@1.0.2.json
[warn] .pnpm-store/v10/index/2a/fa78e7d1eb576144275080b22d4abbe318de46ac1f5f53172913cf6c5698c7-convert-source-map@2.0.0.json
[warn] .pnpm-store/v10/index/2c/072258cd0cd5d08bf2196cc6edaf7a76d565c7717a66b406d0dfa56615aabf-@electric-sql+pglite-socket@0.1.3.json
[warn] .pnpm-store/v10/index/2c/0e198f096751b947560ab4a01177265ffa87f36fb397f304bc1d105e27bb19-node-gyp-build@4.8.4.json
[warn] .pnpm-store/v10/index/2c/a614d620172575200179fd5118e2bbe3168725171ecbdfa7b99cb989bd7525-xtend@4.0.2.json
[warn] .pnpm-store/v10/index/2d/2ce058660381e083811e2bd57954dbd81b630b3a1e92e7bc977fb8c84b796f-@rc-component+slider@1.1.1.json
[warn] .pnpm-store/v10/index/2d/a363b51594058fbecc1e6713f37071aa0cca548f93e4be647341d53cdd6cc2-p-locate@5.0.0.json
[warn] .pnpm-store/v10/index/2d/aac51f4fba55fae2121a8c31c2d7d85ed2c125de5b09c400912c626e502967-node-forge@1.4.0.json
[warn] .pnpm-store/v10/index/2e/381d4f2b5515779482d1d9afd59856261233f83c3247133d80e53daddc0ea3-perfect-debounce@2.1.0.json
[warn] .pnpm-store/v10/index/2e/4c0b2f604b6c2eb034d9b825a1fd99b12a04c74e64272de95018aa174de14d-@aws-sdk+types@3.974.5.json
[warn] .pnpm-store/v10/index/2e/73e784e04b109115292f1614355a037f7b2fd2aae7943da1221326254b1d57-grammex@3.1.13.json
[warn] .pnpm-store/v10/index/2f/3b6f52077030d24c2248f78509e7c620b65f2d73371abddbc5bfc618c22da3-@vitest+runner@4.1.11.json
[warn] .pnpm-store/v10/index/2f/edb1653c9eff64fde9fde5c02c2cd19c3a186d891d95bd7bc16956018179e1-@aws-sdk+signature-v4-multi-region@3.996.46.json
[warn] .pnpm-store/v10/index/30/7cb4634ca7a9e11bc7f4b8e7e8bf6c1b2c772dd7e8a3417e62403f7e46ae0b-typescript-eslint@8.68.0.json
[warn] .pnpm-store/v10/index/30/c74046e54443388d4de243f0380caa6870475d41450fdc04ffa92ed61d4939-estraverse@5.3.0.json
[warn] .pnpm-store/v10/index/30/f0a95fc6f17bccd2f899a64f02e9f23774772d6b026eb44defd22fc26b40cd-@testing-library+user-event@14.6.7.json
[warn] .pnpm-store/v10/index/31/6b9f61d170e7771c1a3080f8e97b5c96290255bafe9ad2333b8f3934672467-concat-stream@2.0.0.json
[warn] .pnpm-store/v10/index/32/08f9f7f1d3b9878af46cf6300fa60562a71ec02090149e735e5931bd6cb77a-@rolldown+binding-linux-x64-gnu@1.2.5.json
[warn] .pnpm-store/v10/index/32/703e613f1fc1f24f801c779bad0c36a6a49b7d173a4c88a07d72ea1b9342f0-agent-base@7.1.4.json
[warn] .pnpm-store/v10/index/32/f218d01f3faa3abb6cac5d375783fa7ae58e879a6a2faa8cb2607d19f74e23-mqtt-packet@9.0.2.json
[warn] .pnpm-store/v10/index/32/f473d670aa5b47eccbc433e1d9cb22f84e94ccea0d505a6d9c7a947f98cb01-@asamuzakjp+dom-selector@6.8.1.json
[warn] .pnpm-store/v10/index/33/0e79f28780f5f15bbfae7fcb8987b570ecf5b3e714c6402ff8f174f154a4e1-@types+chai@5.2.3.json
[warn] .pnpm-store/v10/index/34/cf3f3fd9f75e35e12199f594b86415a0024ce5114178d6855e0103f4673aff-json-schema-traverse@1.0.0.json
[warn] .pnpm-store/v10/index/35/2de57af76c44850e9a227c1595823fb2c6dd0a49cabb3f4c4d19a5fd72bd9b-robust-predicates@3.0.3.json
[warn] .pnpm-store/v10/index/35/43d196e39f3a24ca04abd63ed483e0f845bd60aa3a2d01192b4d5ace7b5fd8-chai@6.2.2.json
[warn] .pnpm-store/v10/index/35/929eabd01fc90bc478d94dd3349801a5ab9817df261dc810b3197d1a495568-aws-ssl-profiles@1.1.2.json
[warn] .pnpm-store/v10/index/35/99692864a994e625985e6e9141757c22ebd27b3959f8cda2a3253247f80073-@rc-component+segmented@1.4.0.json
[warn] .pnpm-store/v10/index/35/f054bc169880a22eaba13f4412d8d66d08a21ccd1c06326891ae4caefd676d-@asamuzakjp+css-color@4.1.2.json
[warn] .pnpm-store/v10/index/36/1120af28e5045f70dfc657a86ca6415dbc2219186b598a8656d89ea222b39e-@aws-sdk+nested-clients@3.997.44.json
[warn] .pnpm-store/v10/index/36/a2d721482e15b8041e9228c82bc06e912eadb2be014ba48aff7a808a205673-pglite-prisma-adapter@0.7.2.json
[warn] .pnpm-store/v10/index/36/af0e8465a264864657a84b1e8c8028b2dc26284fff115e04c189a14af14d7d-@babel+runtime@7.29.7.json
[warn] .pnpm-store/v10/index/37/190fc44ef452adcf87b82879f41aee0812b15cc7adac820f43b2c652602133-mqtt@5.14.1.json
[warn] .pnpm-store/v10/index/37/b15505eea24b6e0c94ce91ff84414f11a14217991aceed890f54df652d17be-lightningcss-linux-arm-gnueabihf@1.33.0.json
[warn] .pnpm-store/v10/index/37/b9f04a8af41ced4acfac41bf44cf02300fcac28ad1f69cea9e1f54ddde9ec2-@prisma+adapter-pg@7.10.0.json
[warn] .pnpm-store/v10/index/38/76821cb1eccc27a0757988ab665121904dfc4b694fa5a6f121bf829ccb0131-@rc-component+color-picker@3.1.1.json
[warn] .pnpm-store/v10/index/38/9fe26f184f96aacc33452234727fd02290928285db8dff0049a996ddeaa518-ts-api-utils@2.5.0.json
[warn] .pnpm-store/v10/index/38/a2ac0f4b589a83625393d6db37a13b5c8ee7a8d83a6d52858971a27fd9d122-@typescript-eslint+typescript-estree@8.68.0.json
[warn] .pnpm-store/v10/index/39/6343f1e8b756d342f61ed5eb4a9f7f7495a1b1ebf7de824f0831b9b8324181-natural-compare@1.4.0.json
[warn] .pnpm-store/v10/index/39/63913697e332c49250156b44154610292159c50b380273f595bcb8af6a8310-@emotion+unitless@0.7.5.json
[warn] .pnpm-store/v10/index/39/6752e833267966fb6c9046a8fc5866941bcc1941897654bb6b2aa3a222ed28-@rc-component+table@1.11.1.json
[warn] .pnpm-store/v10/index/3a/5108083c7f5e5d05a92a786ebcbccc59c2bc6a628371a5e200aabaf6301eea-lightningcss-win32-x64-msvc@1.33.0.json
[warn] .pnpm-store/v10/index/3a/9374cf355d89a880871a6eba3e5e7e9212e2c63d8fb6d8eae4799a78f9c8fc-prettier@3.9.6.json
[warn] .pnpm-store/v10/index/3a/b2f8e144d502f90a74e751419209a4b9007635c64d175ad39dac378b0eefb6-number-allocator@1.0.14.json
[warn] .pnpm-store/v10/index/3b/7f3b8ad7bb4b353209ccb72505f83f86cbb4403b6cb2e4c7e7acbdee491e7c-@esbuild+android-x64@0.28.2.json
[warn] .pnpm-store/v10/index/3c/1e6024c30e8344393f5b6c816b4402a41a7095ead2a12a4470d7fd827815a4-@typescript-eslint+utils@8.68.0.json
[warn] .pnpm-store/v10/index/3c/886112413db8f06579106b404269527ecc06789b6736c6cd858f998df1f98a-@esbuild+win32-arm64@0.28.2.json
[warn] .pnpm-store/v10/index/3c/af11eb4619450bd8c41ac61bd8bb976feb172cf2fb632e23574ab66b6b0aa3-@prisma+get-platform@7.9.1.json
[warn] .pnpm-store/v10/index/3d/1a2653bdb900131ffe59d0a791e207b9b2d648c46c56340f5d0de255d8c4ae-@ant-design+icons-svg@4.6.0.json
[warn] .pnpm-store/v10/index/3d/66980352ffabdbb6bbbc58422f98dcbdd87e789eed7c8b79a248095d4c183e-react@19.2.8.json
[warn] .pnpm-store/v10/index/3d/be628cfad9f3d1831fcdb6dcbe143fc8ba400a56c6cd3845b3d02537960d5d-@babel+helper-string-parser@7.29.7.json
[warn] .pnpm-store/v10/index/3f/c06302c5ef652f95203508d7584709012fef8613ebb6148b924914d588a8bd-callsites@3.1.0.json
[warn] .pnpm-store/v10/index/40/34c25343343314778507e794325fc1e91089a6a79b5b9b383db7d6eef75817-dayjs@1.11.23.json
[warn] .pnpm-store/v10/index/40/a025f66f2059618757c8d970f7b29ba8fe5d42e2ead39fd664fcdd6609e0b9-tinyexec@1.3.0.json
[warn] .pnpm-store/v10/index/41/033f4e2fe141a8c9c0263e4625ae099f6c76d23f5d093b9c32b9bc2f2491dc-lightningcss-freebsd-x64@1.33.0.json
[warn] .pnpm-store/v10/index/41/a2b187478d222da613da76bc47737da80e28709c8f5a49e7a1041c640e571a-whatwg-mimetype@4.0.0.json
[warn] .pnpm-store/v10/index/41/bd60cb93ab3f9fb30dfd81be7cdd9778ec4dfd6a5d531acdbbc2a0a86d2aa5-pretty-format@27.5.1.json
[warn] .pnpm-store/v10/index/42/9f166d93817be6e5829b944fe970db185e2cff2ad286ad73d5299a27a61080-@radix-ui+react-use-effect-event@0.0.2.json
[warn] .pnpm-store/v10/index/42/d8ae3f2b5c851c82e2bc142a17b125d40abc3b99ea15a5a22de282a3d03542-@esbuild+openbsd-x64@0.28.2.json
[warn] .pnpm-store/v10/index/43/150b1c09bb70dbbbdb0f7b25434204538315a5e96c383e74ff1bfe8585019d-@csstools+css-tokenizer@4.0.0.json
[warn] .pnpm-store/v10/index/43/2c10baccd087bee92170acabdf7c73c85b8524c8fdacd3b72d59e8de777660-@eslint+js@9.39.5.json
[warn] .pnpm-store/v10/index/43/59cf2c8bcaafde5e97fabbeb26818799efd61a82b1668741bf14eef5c40cc7-@rc-component+progress@1.0.3.json
[warn] .pnpm-store/v10/index/44/6c305a7c10be455f6af295b76d8518bc3ec5849dcc04709b4aeee83853540d-debug@4.4.3.json
[warn] .pnpm-store/v10/index/44/7c4c2e9f659ca1c61d19e0f5016144231b600715a67ebdb2648672addfdfac-isexe@2.0.0.json
[warn] .pnpm-store/v10/index/44/ab21408d51dd843e9fd609cf6410d78ecfeba10ba5ad45404836d0393ca16f-bidi-js@1.0.3.json
[warn] .pnpm-store/v10/index/45/11023ec8fb8aeff16f9a0a61cb051d2a6914d9ec8ffe763954d129be333f9a-color-convert@2.0.1.json
[warn] .pnpm-store/v10/index/45/88986e4a24c34b6b7caaaacdf179e658229f010fac3dce2437d3b89cc5b353-lightningcss-linux-x64-musl@1.33.0.json
[warn] .pnpm-store/v10/index/45/b2514b85164059331d34f057298c4d4bfc12a6213a9f1d38ebe22e3dae82d4-@radix-ui+react-use-layout-effect@1.1.1.json
[warn] .pnpm-store/v10/index/45/b279fe398570d342703579a3d7939c12c9fc7b33595d0fef76dcf857f89d2f-graceful-fs@4.2.11.json
[warn] .pnpm-store/v10/index/45/d2547e5704ddc5332a232a420b02bb4e853eef5474824ed1b7986cf8473789-js-tokens@4.0.0.json
[warn] .pnpm-store/v10/index/45/ea32fa92a7bec92c374950525707e9d3868d167fdd64705d1fff9beffc96dd-@types+d3-array@3.0.3.json
[warn] .pnpm-store/v10/index/46/3bf33ec664c15120df1bbefe30c3a837940812409d6ca538d16519e4208397-@rc-component+menu@1.5.0.json
[warn] .pnpm-store/v10/index/46/697e5a2b6816f5e6bfa259d7c53fc467460c61af07f98e8a7d326b49539d3a-@aws-sdk+credential-provider-node@3.972.81.json
[warn] .pnpm-store/v10/index/47/2920eace5c781bb29cc3865a0a28c0ee0dfb6ec97e7a9702755a4ae9d99748-@aws-sdk+credential-provider-ini@3.973.15.json
[warn] .pnpm-store/v10/index/47/46b40af18079862c0603c8805341dda8065e1eaaba48ddb8d8459705555f54-@turbo+darwin-arm64@2.10.11.json
[warn] .pnpm-store/v10/index/49/a2c1bb01a6dcc395891ab600193778ba31c1910ba47eb3865dc56c0a09ed59-d3-shape@3.2.0.json
[warn] .pnpm-store/v10/index/49/b29b00d90deb4dd58b88c466fe3d2de549327e321b0b1bcd9c28ac4a32122b-is-extglob@2.1.1.json
[warn] .pnpm-store/v10/index/49/c43822ebc8105d533253fb66dfaf8c9ffff7394f6f64837315b13376e4f2ce-brace-expansion@5.0.9.json
[warn] .pnpm-store/v10/index/49/c89acfc79e9cd4ca9fd6f7b7bfb1af48a94e9f58c4a418e27a704379ab46e2-lightningcss-darwin-arm64@1.33.0.json
[warn] .pnpm-store/v10/index/49/f7eb039eda4bda2e6f756e23b6a33e12533ed68dc67812bed4610f8d1177c7-@rc-component+cascader@1.22.0.json
[warn] .pnpm-store/v10/index/4b/3a1183bbb1e43593208f49daa92b66ba95d60b7ead36a8b9f3311335db4b6e-json2mq@0.2.0.json
[warn] .pnpm-store/v10/index/4b/a98bd32341fc06edf448b8b6af200e171ccdce12dfebd0e2b6bbbf19c07fe6-@exodus+bytes@1.15.1.json
[warn] .pnpm-store/v10/index/4c/590a2df3470dd66412857ec9969d2aa37dc4733907b1e647629a8054a594c4-@aws-sdk+client-iot-data-plane@3.1127.0.json
[warn] .pnpm-store/v10/index/4d/0326737c3ee40c63a4bf22222c1e6c5ef77510c5e1f04889e02a1a7f511825-chokidar@5.0.0.json
[warn] .pnpm-store/v10/index/4d/1dca7eb4d94d82cf07a8d48dfc7a305f56716ac72fdb2ee5339b2b86646200-import-fresh@3.3.1.json
[warn] .pnpm-store/v10/index/4d/839a9ccdf01b0346b193767154d83c0af0e39e319d78f9aa6585d5b12801ce-p-limit@3.1.0.json
[warn] .pnpm-store/v10/index/4e/16e58be3a53a3fa230f60505505f2773a60809da4b2367e0cd6fcfd4fa1a46-ajv@8.20.0.json
[warn] .pnpm-store/v10/index/4e/334f6e537807001631753cb3d004cf82664319c3d4d34bedb34e63f00a533c-proper-lockfile@4.1.2.json
[warn] .pnpm-store/v10/index/4e/da5c349dd7033c771aaf2c591cc96956a346cd2e57103660091d6f58e6d989-escape-string-regexp@4.0.0.json
[warn] .pnpm-store/v10/index/4f/3d3db042f6104bafe5f168c26e35f5cd7e6bf8d232206323d807c552eb55d6-named-placeholders@1.1.6.json
[warn] .pnpm-store/v10/index/4f/3ff29ddc92bcb0045e1f9493c962142c4ec151fa62eb6e47be2eb6f39cbbb2-is-mobile@5.0.0.json
[warn] .pnpm-store/v10/index/4f/58240226180d6631dd5e419b2bbb1dc7dcbcbee652b4d688ceb239f6b73c8a-http-proxy-agent@7.0.2.json
[warn] .pnpm-store/v10/index/4f/9797a5c689360f1b8631c9f118e9ebc56afd006d798b53298f1366a54d3da5-@typescript-eslint+scope-manager@8.68.0.json
[warn] .pnpm-store/v10/index/51/610e06f5c7588b488028eb0166c1650f0c6ac8f4a4d391a463f50f2940d3e5-@aws-sdk+client-sqs@3.1119.0.json
[warn] .pnpm-store/v10/index/51/758c2a12cec1529bef6f0852d40f5f17d853ebac7726ed52b2bff2e184f024-source-map-js@1.2.1.json
[warn] .pnpm-store/v10/index/51/c8dc24e5a49eb36417a3cb5fcdea70733a28781528d915eb663c6b9b980d5b-split2@4.2.0.json
[warn] .pnpm-store/v10/index/52/15cd9be08531671b0a15f2c05c249a1aa3b373d10a67126bf85f0602c86fba-@humanfs+core@0.19.2.json
[warn] .pnpm-store/v10/index/52/1764e6c7ea71e7bff47feb08e262918cfaee8d1ad93c3684644f386d98d51d-eslint-visitor-keys@4.2.1.json
[warn] .pnpm-store/v10/index/52/8d7ddcd8106cf333ea5aeb86d45040570c0ba45efc42cb15b6ee54bdf45839-@testing-library+react@16.3.3.json
[warn] .pnpm-store/v10/index/52/93187b3338bf9ff5f05dbc682eba004b235c8804d3693210c1fac8b7602d7b-react-is@19.3.0.json
[warn] .pnpm-store/v10/index/52/9ad748c357c76345e68c38a6a690b44f0eb81cfa2bbf01d30734b67d8bdbc1-@prisma+engines@7.9.1.json
[warn] .pnpm-store/v10/index/52/f759ce6a45c249e77eb7a1e898a37bce1e9246063d81098571b5b45cc2b027-@prisma+dev@0.24.17.json
[warn] .pnpm-store/v10/index/54/3d881393d41b83a3f33cf6546ca4898779c1b9e3748892b0d41bf10bb907e9-rolldown@1.2.5.json
[warn] .pnpm-store/v10/index/54/bab805c954dcb8117b8ea0da14ebd9b76c33cb4562cedd570a6e0fcf2b3cd3-@rc-component+tooltip@1.5.2.json
[warn] .pnpm-store/v10/index/54/bbd4437dc2fb727ef29f8369ffa76123ac8c1e065e9d7dfd2fda1a8eb49bd8-@types+d3-shape@3.1.7.json
[warn] .pnpm-store/v10/index/54/c64163242f6c6996c9655e6b4107b3f0702e0c5cf8c2a2d732c308e364b28c-@types+d3-path@3.1.1.json
[warn] .pnpm-store/v10/index/55/186e1ce2e82983b2e146e294b6d4cdb620f775cb8efd8f9dc242e7412e4d63-compute-scroll-into-view@3.1.1.json
[warn] .pnpm-store/v10/index/55/7db1e6f3495c44f8eca005cf011123e29132d4d30925937d230ab16ec9b14b-@vitest+expect@4.1.11.json
[warn] .pnpm-store/v10/index/56/08d652c9e74fa9fe35493a799abbef37857695b62d60f33facc51ab09b1d78-minimatch@3.1.5.json
[warn] .pnpm-store/v10/index/56/28cb5db8b750008debd2342555c9b17e2d8c00a336840382fda04c5eacc76c-node-addon-api@8.9.2.json
[warn] .pnpm-store/v10/index/56/3d6317770f7f183b3807e823b42754a2e820b966d8917da67547ad7f2ac7b0-@babel+types@7.29.8.json
[warn] .pnpm-store/v10/index/56/8ef3ffaaeb418c69351ca5a784e5a1bd9e9736e1f8dfcc3906f1155582c52e-pg-cloudflare@1.4.0.json
[warn] .pnpm-store/v10/index/56/966b52a53903af5e4325b6739080d63b4b79c0ac37653f6c3e958a5ac50d6a-postgres-array@2.0.0.json
[warn] .pnpm-store/v10/index/56/a2a3cc12de8db48c4f82206e65600e3a6462b3565182676c21a8f3be2eecc3-d3-time@3.1.0.json
[warn] .pnpm-store/v10/index/56/d00e6b299655f65c9996e9e84da6ca6a43207bf28d7b3fd762ea5988d5c3aa-@eslint+object-schema@2.1.7.json
[warn] .pnpm-store/v10/index/57/5f65ee243b8dc701bfc91aa3f101cae23aa38c6dc73ccb57d9ea548d6146f9-@visx+group@4.0.1-alpha.0.json
[warn] .pnpm-store/v10/index/57/67d7fe7284ca6353ac75f07cfdba3c68e82d2b4edf93a0bbe7b1ec21496cba-@prisma+studio-core@0.33.0.json
[warn] .pnpm-store/v10/index/58/04870e90a6eaa3b98e3f60d5afbc3625b9f860a40322d1791e7aff856bb989-@typescript-eslint+eslint-plugin@8.68.0.json
[warn] .pnpm-store/v10/index/58/2b5a6d2eadddcf129290c15256f59233acee5ebac6c19d2a920f66c838c11f-pg-int8@1.0.1.json
[warn] .pnpm-store/v10/index/58/a80a5a0e5e531bd1646c16f05bdf6da1fb0174a1d9c2fede3e5f306cd4302c-fast-decode-uri-component@1.0.1.json
[warn] .pnpm-store/v10/index/59/48c6700a8fd6041a72841ef8e049b0503b2dde03c97b9422367971cef970b1-pathe@2.0.3.json
[warn] .pnpm-store/v10/index/59/72fe0eab26d06e9d9c2ebaad0b2f337b4f4f669d85ba928ab5940991a09640-worker-timers@8.0.34.json
[warn] .pnpm-store/v10/index/5a/4503ae88ee26cd3192019fdae756c5adf21814713edc54901efd8ba68264b4-lightningcss@1.33.0.json
[warn] .pnpm-store/v10/index/5a/48580e6a538cbbc6952700d6bc234549a197893ca174777086eda969842e05-@esbuild+openharmony-arm64@0.28.2.json
[warn] .pnpm-store/v10/index/5c/2d10b279e155eeec2c85a662674fc3bc793f48785bcbd453736fd724a0597b-@oxc-project+types@0.146.0.json
[warn] .pnpm-store/v10/index/5c/4c5c3be76f2cabd5b4d4e26d24c17a3d4d0806da1a15a7f56c3564fc7cd2ab-@esbuild+aix-ppc64@0.28.2.json
[warn] .pnpm-store/v10/index/5d/74d4c02be2b1ae6869c34644ff527cdb5804d00c8be44fc011666e564417b3-file-entry-cache@8.0.0.json
[warn] .pnpm-store/v10/index/5d/fd2759ee91b1ece214cbbe029f5b8a251b9a996ae92f7fa7eef0ed85cffc90-require-from-string@2.0.2.json
[warn] .pnpm-store/v10/index/5e/1dc8b33c6f952bf7fcf2d81720b65198bd2cd07cdf23a7901fcb3664736b2a-@rc-component+motion@1.3.3.json
[warn] .pnpm-store/v10/index/5e/50e7bb6ab9ca8a9e9acfb16b2eb0480720f430c3ecaf512ca64404e3199b77-@esbuild+linux-arm@0.28.2.json
[warn] .pnpm-store/v10/index/5e/5794a1cf6ec065ea8d6c176944d9026ccc705679f39f10036befc7552be712-type-check@0.4.0.json
[warn] .pnpm-store/v10/index/5f/058319c2d11825c047c17f00ce5b1bb43e0375a6dace907848e538a64b947d-pg-connection-string@2.14.0.json
[warn] .pnpm-store/v10/index/5f/1c08f043a1550816a7a8832feddbd2bf3a7f877a017eb3494e791df078c9d0-glob-parent@6.0.2.json
[warn] .pnpm-store/v10/index/5f/b049db2125b27389df4a59178b882037c1115805e17101c4bf41c61cba767a-dom-accessibility-api@0.5.16.json
[warn] .pnpm-store/v10/index/5f/bb2343371e521bb5bbb63fca5ad1645536152e8b462155a7aaca2cf836df2d-css-tree@3.2.1.json
[warn] .pnpm-store/v10/index/5f/bef3aa86351237961acff424dc5e68c7e9e42e65233e13c3ccbae85d4d7bc1-@typescript-eslint+type-utils@8.68.0.json
[warn] .pnpm-store/v10/index/5f/df3360ead539eba8b025feea4b5fdbd142d8dd861cf2e26bbaafea6ccfcd37-@aws-sdk+credential-provider-http@3.972.72.json
[warn] .pnpm-store/v10/index/61/1eb9806746bd350058b95d0b7c4b3af3b36a6746cc1e00e7f37cade844687b-@typescript-eslint+visitor-keys@8.68.0.json
[warn] .pnpm-store/v10/index/61/219389294101524fcd7e0e35998ca2d2fea33270423466670790348abf111d-@prisma+debug@7.2.0.json
[warn] .pnpm-store/v10/index/61/3493fcdea4a6aa43cf720cb8cfcf492667ac3a52380e9d807bf5da03c0f746-@rc-component+dropdown@1.0.3.json
[warn] .pnpm-store/v10/index/61/9a372bcd920fb462ca2d04d4440fa232f3ee4a5ea6749023d2323db1c78355-safer-buffer@2.1.2.json
[warn] .pnpm-store/v10/index/62/4e21b6e9e13c0c0dd171a523002b46898e8dda011570b7fa40b12b651b83b2-@types+d3-scale@4.0.2.json
[warn] .pnpm-store/v10/index/62/625b7d396f53b49d9fd041fb83d1112e2807aa71812dfb30038d8fe841aff7-@esbuild+win32-ia32@0.28.2.json
[warn] .pnpm-store/v10/index/62/98108884d6dc95c69edcdd526c9447557cd761e7f13d58557842bbec0edcea-decimal.js@10.6.0.json
[warn] .pnpm-store/v10/index/63/2508e8012e63f5a9b7c2962e0647b0853ce9ab668a4ba83a609fa269add0b6-d3-format@3.1.0.json
[warn] .pnpm-store/v10/index/63/b7802e227c96bd0cd871f5d3726cfa0ed5df8c1feac9e5a592c0b0723dd2e2-@rolldown+binding-linux-arm64-gnu@1.2.5.json
[warn] .pnpm-store/v10/index/63/bfca0ec6fc2e3a28669c1aa86cae94ee8342592c8029dc7211c693eb19218e-semver@7.8.5.json
[warn] .pnpm-store/v10/index/64/1d40fadcd342482d4787e53eb00cbf120039e94820e38eb29db67d4d8d69de-@rc-component+picker@1.12.2.json
[warn] .pnpm-store/v10/index/65/16122924b7f6ab05c7dde9dba6dd7bb254649b21b140444119515cfb896250-@rc-component+collapse@1.2.0.json
[warn] .pnpm-store/v10/index/65/5ca46c3ca4ef9d7d57088d6fd2dc8fd9bc5cceafe55f6e28fbeb10c92411e7-@esbuild+linux-mips64el@0.28.2.json
[warn] .pnpm-store/v10/index/65/9d70d1aa10930b94b82ed87feeec75e68d7ea42288b71245b7c8d3ca00c6a2-@humanfs+types@0.15.0.json
[warn] .pnpm-store/v10/index/66/7477192687fbfbc9d189476aedb51637cb6233296152334c3f0cf2f20442f2-@acemir+cssom@0.9.31.json
[warn] .pnpm-store/v10/index/67/950f031ceb8e558d3721b2ea2eb9709cf3be02790f74fac0cbecfa05a963d7-lightningcss-darwin-x64@1.33.0.json
[warn] .pnpm-store/v10/index/68/0bf74213cfd71c9a7ee4d93b1b9be9ae78a427819cddc8c10929113ac1b6d8-@rc-component+qrcode@2.0.0.json
[warn] .pnpm-store/v10/index/68/188d6b209f4d0c6e209066d3a33ec51d787186989439525d96e0b272b328dc-tldts@7.4.11.json
[warn] .pnpm-store/v10/index/68/fa9e3e8648ab09407216e06c50ceff01ea181fbb1f59e3f6068cf8eb0bf61e-prisma@7.9.1.json
[warn] .pnpm-store/v10/index/69/b93434b039d7d2f1442b3399b1348d82ae43d60fa1c3974e23973a8e98afe6-@rolldown+binding-linux-arm-gnueabihf@1.2.5.json
[warn] .pnpm-store/v10/index/69/e3661e70716e2d92b746aee950550bb25716584b94e9ef20895e3cd9e2c943-@radix-ui+react-slot@1.2.3.json
[warn] .pnpm-store/v10/index/6a/4f50cb943b8d86f65b071ecb9169be0d8aa0073f64884b48b392066466ca03-path-exists@4.0.0.json
[warn] .pnpm-store/v10/index/6a/935afe9ad0cb6a827b2c219e2c4e1cf442806361be0ed3e036a97e5d466a12-@vitest+spy@4.1.11.json
[warn] .pnpm-store/v10/index/6a/bf89bbb2e670dd09a381692f88691726f0346f7fdc0fc1af9296da7da3c8e0-lightningcss-linux-x64-gnu@1.33.0.json
[warn] .pnpm-store/v10/index/6a/e8b8af84ea993cf068181c4311d87a9f2433c3d38d916e7e3a2439ba72df92-@rc-component+tour@2.4.0.json
[warn] .pnpm-store/v10/index/6b/53a2e84261a8085d3b1c6ea5d262e9f3f444f1cc2a7e5371f917dbe965690e-@rc-component+tree-select@1.16.1.json
[warn] .pnpm-store/v10/index/6c/261e440dab5626ca65dfacdbadb98069c617fb7b0d2a83b3874fec2acb0359-is-potential-custom-element-name@1.0.1.json
[warn] .pnpm-store/v10/index/6c/b54c2cfb6cb6567888c407a451d347b1801a3da3c62f03834b3687631a7c01-tr46@6.0.0.json
[warn] .pnpm-store/v10/index/6d/559ac2fa19a01629a7ac88a10b505c76639b3df94525479d439379f97c55c8-pure-rand@6.1.0.json
[warn] .pnpm-store/v10/index/6d/5d13828f4ae217cf09e93e68c027f35469a452afdb248341e328499baf4c04-@humanwhocodes+retry@0.4.3.json
[warn] .pnpm-store/v10/index/6e/2241fda391354da5bd96425fbf374bf83c6ad7c4f1a92b10a46346bb1756db-antd@6.6.5.json
[warn] .pnpm-store/v10/index/6e/45f1781a83a65e48382ef22fb19c4988d0c7d1bc1feea42d842735959e058a-@rc-component+rate@1.0.1.json
[warn] .pnpm-store/v10/index/6e/ec2477c9eca61e11f9a8d1bf0d2a3391e36bf4d7428c37a6dcd63b611b1bf7-@esbuild+linux-loong64@0.28.2.json
[warn] .pnpm-store/v10/index/6f/1bde57857cbf961be277054d3deb3d281904ea429237cad32e28555549c08b-@humanwhocodes+module-importer@1.0.1.json
[warn] .pnpm-store/v10/index/6f/3c99d5ef3cc3d3b588d25b2a73a5bd84eb58f0e5e3a3b56c6d03dd7227bfef-signal-exit@4.1.0.json
[warn] .pnpm-store/v10/index/6f/43f4b193cab72bbc1e479101f0aad087d44592be4aec0c8d8d545c6054dbbc-aria-query@5.3.0.json
[warn] .pnpm-store/v10/index/70/528b57f3d18005252119b95a332327cea3adfb73a6a7201fe52cf834bc988d-vite@8.2.2.json
[warn] .pnpm-store/v10/index/70/cd00a45412057ba8bab25e8f3c2ffc0b8f46f031a2b753c8f6ab4557078e3b-c12@3.3.4.json
[warn] .pnpm-store/v10/index/71/843ddf5d20aeac6e7966e5f96b885086a251a0dc8fb58eab97d58449633558-@jridgewell+sourcemap-codec@1.5.5.json
[warn] .pnpm-store/v10/index/71/aca024ab65b6644881d2778d1a643abef23380d6eb3c68e6e3a6a2329615bd-@prisma+debug@7.10.0.json
[warn] .pnpm-store/v10/index/71/d19e7ff76b585a32743d49b0ccee15ff35d349d997e193fb269c7366c471e7-process@0.11.10.json
[warn] .pnpm-store/v10/index/72/4fabd645bf252bf4c313e38b728ddacb3d2ba674aaac2eb30fe67ffd09a1b5-@rc-component+portal@2.2.1.json
[warn] .pnpm-store/v10/index/72/e69d73154513cb032ba89625bb3c4a7d1abf636b8764121908559415bd01a0-@eslint-community+eslint-utils@4.10.1.json
[warn] .pnpm-store/v10/index/73/98a162c3e4746e890a4536cd3326e3e93aafb457b86c6d59886ee431cc2221-@csstools+css-calc@3.3.0.json
[warn] .pnpm-store/v10/index/73/d87d75554c8a030f7386f04ef0b9771aada8967040f78fb168cf96948e9e88-@types+deep-eql@4.0.2.json
[warn] .pnpm-store/v10/index/74/6958daf83b8e9b0b8c64b56dff6c0ff730d6c18c0186de1c640a1911717796-@turbo+linux-64@2.10.11.json
[warn] .pnpm-store/v10/index/74/6b0918325079d03406aa95823dc5f01bc75d34998a3ca14d775b01d91cc7c9-@rc-component+tree@1.4.0.json
[warn] .pnpm-store/v10/index/74/9c4f065cc2ecdba00763c32f0a3d43c2624d1dccddee3f5c0364ade2925311-d3-time-format@4.1.0.json
[warn] .pnpm-store/v10/index/74/ae106a4238da7cd68094f9b26e32e32fcefff0f83b133be7f707dbc44b57e9-@rolldown+binding-darwin-arm64@1.2.5.json
[warn] .pnpm-store/v10/index/74/ecbedc0b96ddadb035b64722e319a537208c6b8b53fb812ffb9b71917d3976-color-name@1.1.4.json
[warn] .pnpm-store/v10/index/75/ccaa843bd7d42e3a95765c56a0a92be16d31141574830debf0dfe63b36ce8b-ieee754@1.2.1.json
[warn] .pnpm-store/v10/index/76/d2544dea73316dcb9bf34fc517f7c0fe3ae365168632f6b10c5cfb29b660c8-env-paths@3.0.0.json
[warn] .pnpm-store/v10/index/77/7006c95bbbe7d3c6af7e66101dacdb6c7194d100e6ba5dc6d48f26d85f3c52-@aws-sdk+credential-provider-web-identity@3.972.76.json
[warn] .pnpm-store/v10/index/77/868c16c0058f5f45b71572c3c2339542afe59bb8b08be09c48c8d8853a2160-@aws-cdk+asset-awscli-v1@2.2.292.json
[warn] .pnpm-store/v10/index/78/3ba4365cfdbcdb33006bfb8b7cca5ddc44777c20566371b898a362df33bd38-@rc-component+dialog@1.10.0.json
[warn] .pnpm-store/v10/index/78/dbfe5ab55b2aed5fdef6d8253ff1b62179b320391cf20cb5ff48818fe72a0d-scheduler@0.27.0.json
[warn] .pnpm-store/v10/index/79/23fdfa38ec48206cdb1d10a49665a78f5d483d4420cc171fb3ec30885d5a4e-@turbo+linux-arm64@2.10.11.json
[warn] .pnpm-store/v10/index/79/89b441606d52b0566561b4777f3a386030d7a67df793e2395a3607b6e35926-clsx@2.1.1.json
[warn] .pnpm-store/v10/index/79/e07919f30d79ebe6fc6458ab6d12866b1a19c988f359085f62bd5d0c799a20-generate-function@2.3.1.json
[warn] .pnpm-store/v10/index/7a/c2897a0a56e27724874a3a915dd391becd3c86586cf9e71719900d498bd3cb-@ant-design+fast-color@3.0.1.json
[warn] .pnpm-store/v10/index/7a/e21010d660eb1f268f77ceea8f7e7ce5bc3229942383e90ff7d906125f7a2a-data-urls@6.0.1.json
[warn] .pnpm-store/v10/index/7b/18189a798bfec269477ba965f5c6e4fa1ab574228b9e710225c65f363eb113-tough-cookie@6.0.2.json
[warn] .pnpm-store/v10/index/7b/4572be4553c1561588da2f46467d6a8761c55972a0c9fb78985550fc59f9e2-socks@2.8.10.json
[warn] .pnpm-store/v10/index/7b/f497a60212cfe228a95712488d2bc7f77f85ef33a8b7b1fbfac25a99c7a665-@rolldown+binding-win32-x64-msvc@1.2.5.json
[warn] .pnpm-store/v10/index/7c/7ab6542d64a7261fbc471b88c8cea72498e164bbbe8129f3dc804e1ac7457e-@typescript-eslint+parser@8.68.0.json
[warn] .pnpm-store/v10/index/7c/a547a6290f760e062a4b3726e2c486fc12cafc33176de19da6cfcba0c3f258-@types+pg@8.23.1.json
[warn] .pnpm-store/v10/index/7e/0171ec77e8abad32b4ad9cec386717c8c8bf362038cc5fba08cb3923078cb2-ajv@6.15.0.json
[warn] .pnpm-store/v10/index/7e/1002acd5d489d21b19206be4595bb8190eed5582d59c8b9740cee025360eb4-vitest@4.1.11.json
[warn] .pnpm-store/v10/index/7e/83d5974f92588b25194b43ff106bd69f54e002b33e135812c797611468e504-@ant-design+colors@8.0.1.json
[warn] .pnpm-store/v10/index/7e/a4802da52ed568ddd672b6b96da424359d2c273c971d48718f8c4d8dba02ea-@rolldown+binding-darwin-x64@1.2.5.json
[warn] .pnpm-store/v10/index/7f/62479fbe71d899705302de9d9ca981ccd1ed858c6ffb8ef41bd45edbacf893-find-my-way@9.7.0.json
[warn] .pnpm-store/v10/index/7f/7a90f68432f63d808417bf1fd542f75c0b98a042094fe00ce9ca340606e61b-fast-deep-equal@3.1.3.json
[warn] .pnpm-store/v10/index/7f/b71c14f2b7497147a71d795081b2449fc525072db8a674cd5b8dddfac1a381-flat-cache@4.0.1.json
[warn] .pnpm-store/v10/index/80/1af137cf203887f747b8dae4af6c97035ac9571980ae923943919b6b81cd37-@eslint+config-helpers@0.4.2.json
[warn] .pnpm-store/v10/index/80/4a514da94a768b29e016fca96b5cda23a013949e2079694b5ba9f5b16adb00-lightningcss-android-arm64@1.33.0.json
[warn] .pnpm-store/v10/index/80/4d5e40d67747efa44f3154a5d1a5a66cbc903643fcc2f21ea0f0aa3915408d-@humanfs+node@0.16.8.json
[warn] .pnpm-store/v10/index/80/85e32aab45b96120cc544903d58241e4892d90e380950e302333c6dbc5abfd-foreground-child@3.3.1.json
[warn] .pnpm-store/v10/index/80/ab4f9057503d4dc392ca2854b8bd2ec8d9c6bb015192296beeda571f8b579a-pg-pool@3.14.0.json
[warn] .pnpm-store/v10/index/80/b36cba7bf07f79828b9bb9a38ebf67f25c24c9e16c749a67af6b9203f334cd-@csstools+color-helpers@6.1.1.json
[warn] .pnpm-store/v10/index/80/c0f295e2d6544fa2e9282d73441b6d8ea910aa98b3decd1a2ea2b0740fa989-rc9@3.0.1.json
[warn] .pnpm-store/v10/index/81/463fa9e1eaff236aaa808a36ae2fb6914b76809dbf23695a80bf28d8e119b8-d3-array@3.2.1.json
[warn] .pnpm-store/v10/index/82/3742bc9e9ddd1c870277aac4c60c5bd40c0b060c6f78e938ed08c87655d5b9-valibot@1.4.2.json
[warn] .pnpm-store/v10/index/83/3ad471b23d5661d2db851ffb4fbb0cdcdd230ee47a0949b03e66fcc1f140e5-@prisma+driver-adapter-utils@7.2.0.json
[warn] .pnpm-store/v10/index/83/a2ae2969855dcd1f203f16587d238ade20d00181a0984290931bd5199bb121-fast-querystring@1.1.2.json
[warn] .pnpm-store/v10/index/85/4ae669605d543731bd8aa7ca1d3dcee9cacd13968db65388dcbc741123912e-why-is-node-running@2.3.0.json
[warn] .pnpm-store/v10/index/86/1c1cd06fac170338a81ba12485019f6a7525ff2ffc5c262d400d05ffd0f8bb-worker-factory@7.0.50.json
[warn] .pnpm-store/v10/index/86/4457f14d568c915df0bb03276c90ff0596c5aa2912c0015355df90cf00fa3d-string_decoder@1.3.0.json
[warn] .pnpm-store/v10/index/86/bdd6b69fc664873fe830063c3715e3ff56a19863ae45ec8b907fd3b4205fcb-seq-queue@0.0.5.json
[warn] .pnpm-store/v10/index/86/c053354a904c3c245ad71d608da2d3a63f9d4044b0d10324a8d676280bbde8-ignore@5.3.2.json
[warn] .pnpm-store/v10/index/87/96e0256a7124db306d4eea0ab574b4829009a4b76e53c3aea296c7e431ceec-lz-string@1.5.0.json
[warn] .pnpm-store/v10/index/87/9fb53b3cdf082dc47fb55bb4a75cbfbcecb2d510c140e5629513be3794b090-fast-check@3.23.2.json
[warn] .pnpm-store/v10/index/87/c950f2d69c6589d1def3504e089b8feb4e0c7239ffe974e80bb63dcae2bff1-abort-controller@3.0.0.json
[warn] .pnpm-store/v10/index/88/5bd3513f56f890bf3128a7d9a18093c36ab15953cdc131342f4365aae238dd-@rc-component+input@1.3.1.json
[warn] .pnpm-store/v10/index/88/f64ae9e6236f146edee078fd667712c10830914ca80a28a65dd1fb3baad148-locate-path@6.0.0.json
[warn] .pnpm-store/v10/index/89/c86e59382d77898e3351b84a9c8625ae6dad3d379566ccca90d5d1f5175025-@electric-sql+pglite@0.4.3.json
[warn] .pnpm-store/v10/index/8a/07deecd3fd70e9830212f2e73f89bb3f1f86338cccc6c5ed346847fcaa5c8b-@rc-component+virtual-list@1.5.2.json
[warn] .pnpm-store/v10/index/8a/25bb27da911651b1bc2388043043c4578f4129fb64c027ad81a1aeb3a8eac8-jose@6.2.10.json
[warn] .pnpm-store/v10/index/8a/34dfaff371d3d7f4def223f67c93af7cf85ed87863be78dbb51aa20261e9d9-@visx+point@4.0.1-alpha.0.json
[warn] .pnpm-store/v10/index/8b/00d9aa0d10006ae0f516afe47e27d0ceb87379a4479f5c27ac10a7eec2e272-undici-types@6.21.0.json
[warn] .pnpm-store/v10/index/8b/a5330ec70efd77c070d603ef909f2029267cb79da723c3768ceb2cc9907393-empathic@2.0.0.json
[warn] .pnpm-store/v10/index/8b/fd976e74b3feec51094ebe35d54980a5834cce36efe32a61b910cc3df6d43b-event-target-shim@5.0.1.json
[warn] .pnpm-store/v10/index/8c/bb0f80dfd84af3d483d517d0a77bdc25e99b63ec83d17131e0925e79375813-bl@6.1.6.json
[warn] .pnpm-store/v10/index/8d/04f92154964873d33455d033661038d3e9b6388a5d96b80382b3c21db1921d-@rc-component+notification@2.0.9.json
[warn] .pnpm-store/v10/index/8d/1bbad54cf6ef8a55d73ca2a1799ba32acbbad61b9cab208e3e278d21829e17-@visx+curve@4.0.1-alpha.0.json
[warn] .pnpm-store/v10/index/8e/4860ffca1c000a1cd111722cc842c3eff3661ee0cacb5081de05e21ce735af-@aws-sdk+credential-provider-sso@3.973.14.json
[warn] .pnpm-store/v10/index/8e/5d6f6733c38a72ebf5e52ddc9feded5e8580d130f508ef04f772b33f4a7d00-typescript@5.9.3.json
[warn] .pnpm-store/v10/index/8f/1e657a8b5279a7378ebd1178f387d4a751f6b2121bdd50204e10d8f613bb83-@types+d3-interpolate@3.0.1.json
[warn] .pnpm-store/v10/index/8f/6bff8ad9b2e0794dc6573abe829762006a362d0d8362d2860e33ec6b9fa448-lightningcss-linux-arm64-gnu@1.33.0.json
[warn] .pnpm-store/v10/index/8f/a3c0436b94afbf4f6610633f90b97e197c7b7f459919ce8ec0f99469d6ac55-espree@10.4.0.json
[warn] .pnpm-store/v10/index/90/126d7fb3c7e9a5b067a7e46b7cd0d29e92058cf1e1f9752e865713646b9d84-@emotion+hash@0.8.0.json
[warn] .pnpm-store/v10/index/90/3a14969a5ccd5c8251316d845e9c1e63f330162a359421bbd8fa132217fd82-@ant-design+icons@6.3.4.json
[warn] .pnpm-store/v10/index/90/7c6bdb366962d766acdd6a0e3aeb5ff675ad1d641bc0f1fa09292b51b87979-shebang-command@2.0.0.json
[warn] .pnpm-store/v10/index/91/5b1ca97938382a7af126747648042958baffc8a3df4d0a0564c9ab7d8ffdd6-esutils@2.0.3.json
[warn] .pnpm-store/v10/index/91/75e888f55519072721818e79aa2fc0e511a678830694aae00d37aa443e04c4-@esbuild+android-arm@0.28.2.json
[warn] .pnpm-store/v10/index/92/8f9a5af80db8fe3d99e1ab76352eeeb0be63e59a8b77023f13f7c56c07b077-broker-factory@3.1.15.json
[warn] .pnpm-store/v10/index/93/55749744ddd7bdf6107a407e2d9ec924decf2965a24f5d5dbe9441a9da8e42-@prisma+get-platform@7.2.0.json
[warn] .pnpm-store/v10/index/93/fbc6697e3f6256b75b3c8c0af4d039761e207bea38ab67a8176ecd31e9ce94-inherits@2.0.4.json
[warn] .pnpm-store/v10/index/94/6abef72af5fc6b8059a558207463befc921b9ff855f288bc2f045b14ad3dd7-acorn@8.18.0.json
[warn] .pnpm-store/v10/index/95/2d6875c861153799bf7c701c7df560f39b9899fc80e83b2ead768a7aebd3e0-@radix-ui+react-toggle@1.1.10.json
[warn] .pnpm-store/v10/index/96/177fc05f8b93df076684c2b6556b687b5f8795d88a32236a55dc93bb1a52db-fast-json-stable-stringify@2.1.0.json
[warn] .pnpm-store/v10/index/96/50448569b549a72847080752840962dc29e0f04b1787da422e530a9206c86b-magicast@0.5.4.json
[warn] .pnpm-store/v10/index/96/a9f3095fa633480800368a8a188283a89f81f5362f7879137deb35004dd58e-@esbuild+netbsd-x64@0.28.2.json
[warn] .pnpm-store/v10/index/96/b4cfaa0bdf150b51fde63faa4233a7df0e19d349bb49b98e2deafe7248f2fd-@epic-web+invariant@1.0.0.json
[warn] .pnpm-store/v10/index/97/6525f4fac7b0f08a70463f69ced58058fd0fcd02ed2ebcb0e29ceb5f12c870-@eslint+eslintrc@3.3.6.json
[warn] .pnpm-store/v10/index/97/6685cb98c02e19e21b91e0aab0fa8d72e2feb516acabea37fa89c7aca826c8-@standard-schema+spec@1.1.0.json
[warn] .pnpm-store/v10/index/98/d0206751a6c8d843ec0baa9d31b7fd5436ea8efad3e65804f2a33efba03bcf-long@5.3.2.json
[warn] .pnpm-store/v10/index/98/e481bc718364cb8811931d3b3fda0846030afd04ee77dc36c221505fbf3fec-safe-regex2@5.1.1.json
[warn] .pnpm-store/v10/index/99/0c3ed9f9106c02f343b574318d08a9d9d734e793b4fe2bd2537dcfb0006b00-events@3.3.0.json
[warn] .pnpm-store/v10/index/99/520119874ee421662b41ef8f1aed7c8c9041c3dd6fcf2948279542b89540f5-@prisma+client-runtime-utils@7.9.1.json
[warn] .pnpm-store/v10/index/99/794337421776d57c62aaa6f35f791020b2adb99fbef7cabf056f4a51f4faab-@rc-component+trigger@3.10.1.json
[warn] .pnpm-store/v10/index/99/8f003f4fe2721b1b840c469cb6b7777f8cc15d047e0acf343d9ba65237626f-@rolldown+binding-linux-x64-musl@1.2.5.json
[warn] .pnpm-store/v10/index/9a/11f18efd320f07a92dcfcf2c9c7681159546fd42972de89e76a438da64c771-@aws-sdk+client-cognito-identity-provider@3.1128.0.json
[warn] .pnpm-store/v10/index/9a/1545d819c3e013be8ed3a9ef3d4277368ae266ee2b42cb41802f74e2ea1d36-@types+node-forge@1.3.14.json
[warn] .pnpm-store/v10/index/9a/27f3966dbee6767e94470b24ca012b4fc81ff6c383c5e725f77f5aae883fec-js-sdsl@4.3.0.json
[warn] .pnpm-store/v10/index/9a/3ceac16443f58d49d4a522ed6f7b1a36b56f038e339520d0467a5032b7c52e-jsdom@27.4.0.json
[warn] .pnpm-store/v10/index/9b/b5fd53a046dbe27e47595239d0a22132cbaf19be71694d2371d4140f76a0b3-@phc+format@1.0.0.json
[warn] .pnpm-store/v10/index/9b/cb49908ad3adb43d3b5b87c55d0652aeb6dd9835ebbf311a76bc78cb32e0a6-@turbo+windows-arm64@2.10.11.json
[warn] .pnpm-store/v10/index/9b/d813c11921cb696f08f7ba409a787771b54d81141e7fc5cc952dabd3231f8e-@radix-ui+react-primitive@2.1.3.json
[warn] .pnpm-store/v10/index/9c/051219f48318e68e0041b0aac458dbb18f39e6bb08d8a924f380ee53db744a-postgres-array@3.0.4.json
[warn] .pnpm-store/v10/index/9c/303d00378834df12036bb6c02b54fac8961534c3a90477ed7be03c80c399ba-fast-unique-numbers@9.0.27.json
[warn] .pnpm-store/v10/index/9c/8e14dd3a2db4a01c003f4b2ee77809bedbd90ced40c5047c76ef8531f4f5ba-dotenv@17.4.2.json
[warn] .pnpm-store/v10/index/9c/99762864e5adff468cb8a6808aeef95fe6ce048ad000420d046fc70e418d44-@eslint+config-array@0.21.2.json
[warn] .pnpm-store/v10/index/9d/9c964e64a92445e5e95b5654c049bdeffbc75d8366eeac217d73d5af9931a1-@smithy+fetch-http-handler@5.7.2.json
[warn] .pnpm-store/v10/index/9f/38de13ceef15201719616288d7c1a4d2c07f443c4267fab32bca2e3a8d8b89-@visx+scale@4.0.1-alpha.0.json
[warn] .pnpm-store/v10/index/9f/82aa90e42badac4725c82333546fc1b8a07d028828956933bc69f8ab318b25-@esbuild+darwin-arm64@0.28.2.json
[warn] .pnpm-store/v10/index/9f/c1ae612ac8f5b17b14567f4a38707af94773cc5a5656ffec79877a59dcfcf6-@asamuzakjp+nwsapi@2.3.9.json
[warn] .pnpm-store/v10/index/9f/e234053491228cbe77a44f2a7115c2a979530049a25cadbd8e2600e204268a-@esbuild+freebsd-arm64@0.28.2.json
[warn] .pnpm-store/v10/index/a0/250a4aea4a4c75f9dc4ca30edb9943ae298cb27ac980ada66130d20a18c6d8-std-env@4.2.0.json
[warn] .pnpm-store/v10/index/a0/818699ca532f03e06bc067ebf67be5255a1f5cf9754badda26d2c803158665-readable-stream@4.7.0.json
[warn] .pnpm-store/v10/index/a0/83f392c993838fccae289a6063bea245c34fbced9ffc37129b6fffe81221d3-deep-is@0.1.4.json
[warn] .pnpm-store/v10/index/a0/916ef781d06fe29576e49440bef09e99aa9df98bb0e03f9c087a6fa107d300-tslib@2.8.1.json
[warn] .pnpm-store/v10/index/a0/a9db845c91217a54b9ecfc881326c846b89db8f820e432ba173fc32f6463bf-chalk@4.1.2.json
[warn] .pnpm-store/v10/index/a1/0861d32d6aa36fd929d00012f1d902a28a88738553993f6d6f7a7c4d927204-better-result@2.10.0.json
[warn] .pnpm-store/v10/index/a1/a846bee3064253f0fe2bc86018d54ab5807d62c17a4bb9b693c4d9f38f2e2f-globals@14.0.0.json
[warn] .pnpm-store/v10/index/a2/399e374a9dfb2d23b3312da18e3caf43deab97703049089423aee90e5fe359-path-key@3.1.1.json
[warn] .pnpm-store/v10/index/a3/154790747f1097f608d5e75b144b5ba9a0ec9c82094706d03b441a62f672d5-keyv@4.5.4.json
[warn] .pnpm-store/v10/index/a3/83d725089da8997cd9c90569751ea005be5f2b0f2dab98238dc06e48b98400-@testing-library+dom@10.4.1.json
[warn] .pnpm-store/v10/index/a3/caa086523c3591d4d652cfae98b6f94abb69b8781863e96003656a5cd6c725-w3c-xmlserializer@5.0.0.json
[warn] .pnpm-store/v10/index/a3/ed731b2c10658d3ec8ec77230f3bc1ce1b6cf251aff1e722e913c1f3b3e145-@visx+responsive@4.0.1-alpha.0.json
[warn] .pnpm-store/v10/index/a4/38aea87faa637cccf658612e36ca275b6728e1f34365785abff7aacc7229e2-@aws-cdk+asset-node-proxy-agent-v6@2.1.2.json
[warn] .pnpm-store/v10/index/a4/dee2927d4e37b87c79ee20200a78033c8afb306d24fcd56ea3a0bb92c2121e-@vitest+snapshot@4.1.11.json
[warn] .pnpm-store/v10/index/a5/6e000b43f78adf1cedda3d315338a79d45cc7cdd33f4d9adeaeeae045c1c9d-@esbuild+linux-arm64@0.28.2.json
[warn] .pnpm-store/v10/index/a5/bfcc6265ecb40932b11171f2988d235b4614d408140def904dc6ab812e0357-resolve-from@4.0.0.json
[warn] .pnpm-store/v10/index/a6/81c6a4e4400688c926e72757d29b39abc44d6f250559e98645bbec4479fc14-es-module-lexer@2.3.2.json
[warn] .pnpm-store/v10/index/a7/728fe4709ffdbbe305248ab9789de99aa28f1ef021f356f89fe668fb3e8b04-d3-path@3.1.0.json
[warn] .pnpm-store/v10/index/a8/2f62cf616537b0d0977fb08f09f7f34d914f28c2c7bb03bdf4045dc8706ba0-sqlstring@2.3.3.json
[warn] .pnpm-store/v10/index/a8/c2df0c9b1cacd1bca7f6b0f88913f56edf823e74678c06e5b2c1cb44f1b31c-effect@3.20.0.json
[warn] .pnpm-store/v10/index/a9/300096b12c97cb383a211063af700ef70c21d40deb0773e688d088ecba6113-pg-types@2.2.0.json
[warn] .pnpm-store/v10/index/a9/c26ef3c436216a89b030f9dbd24a31dc069bf76f2275b81ef427470887f49b-picomatch@4.0.7.json
[warn] .pnpm-store/v10/index/a9/e8711a4463e7987f7dff0431a27e71887268a947231a980e7ebcdb0403ed13-@babel+helper-validator-identifier@7.29.7.json
[warn] .pnpm-store/v10/index/aa/9080bd197db2db8e1ef78ab27ec79dc251befe74d6a21a70acd094effe2f0c-supports-color@7.2.0.json
[warn] .pnpm-store/v10/index/aa/e2505e54d25062f62c7f52517a3c570b18e2ca1a9e1828e8b3529bce04d4b0-ansi-regex@5.0.1.json
[warn] .pnpm-store/v10/index/ab/56f737942445459497b8b2ca569a8f790ea484f43768bd32a2044173fbdc65-rfdc@1.4.1.json
[warn] .pnpm-store/v10/index/ad/592cbec9cd09d27fa2119ceb180fc3237c7a1782c6c88b33c9b1b84fedfe63-yocto-queue@0.1.0.json
[warn] .pnpm-store/v10/index/ad/5a6b8a67c6046dc347e4ead08406d834f93f12ad8755881839a3e723e6973a-react-dom@19.2.8.json
[warn] .pnpm-store/v10/index/ad/ea8f14442b6710d9a5e1a3e0f14c7a905e4792c660746aabf2f49a8b53ce01-@aws-sdk+core@3.977.9.json
[warn] .pnpm-store/v10/index/ad/f4fddee8f9b343d12fb13371c18cb376eba6585cae08670e8576e8da8a8420-@types+aria-query@5.0.4.json
[warn] .pnpm-store/v10/index/ae/9dd2a34eca71d9a629b1af81a37141226bedb1954959394bd12ad45fa9a5b4-safe-buffer@5.2.1.json
[warn] .pnpm-store/v10/index/ae/af6cf893617f4202863b435f196527b838d68664e52957b69d0b1f0c80e5c7-acorn-jsx@5.3.2.json
[warn] .pnpm-store/v10/index/af/272eb469931cefb39cd74fba685e58c8259bb61fa5f7ef470524572e73cb85-@visx+grid@4.0.1-alpha.0.json
[warn] .pnpm-store/v10/index/af/e9afb838eb8cca6c770e3a2a67b275bf1b7479bbc0e2b0f30341b539dd9236-giget@3.3.1.json
[warn] .pnpm-store/v10/index/b0/1414e36a4473db9ddf2795536127d9eb9045484283adde68920f115a41b44e-aws-cdk-lib@2.266.0.json
[warn] .pnpm-store/v10/index/b0/82d7bad2d58c22e3703b8e9af857e5ed99e1c4b9a86ffa06edd592917075ff-pg-protocol@1.16.0.json
[warn] .pnpm-store/v10/index/b0/d5ce7ca0a7ef8aedf1120228cbc94bb5ca57f5e4f6403b0f226bf262629374-eslint-scope@8.4.0.json
[warn] .pnpm-store/v10/index/b1/20134633de0c1837a5d807a107e8601a1bd752a4d4519af65ba2e51207642a-@esbuild+netbsd-arm64@0.28.2.json
[warn] .pnpm-store/v10/index/b1/770d707382e75b8f185d0ffc3e0d56dae48d25367cdb26f62a20e19bd926c2-whatwg-mimetype@5.0.0.json
[warn] .pnpm-store/v10/index/b1/92c2747bc151c35bcb5701e85777641ac005b8f3defd559bdd27cac090e95b-@types+d3-time@3.0.0.json
[warn] .pnpm-store/v10/index/b1/a1d83b384842ceb0cb6b15c5333a6d40ec40ee05e7457d450db6a81a447425-classnames@2.5.1.json
[warn] .pnpm-store/v10/index/b1/de9acdf743803ea1c26a92c73fb4ec7525f49de5b90412e12dd7d5444220c0-@aws-sdk+client-kms@3.1118.0.json
[warn] .pnpm-store/v10/index/b2/04d7fe6674918ac5ba4c26db7f13e4ec91293dd0c544bd55d4a5e220fca6ef-@aws-sdk+client-secrets-manager@3.1127.0.json
[warn] .pnpm-store/v10/index/b2/5e019baca230d62b64a92aa8315637451f9d68654bc8af2b1ad897eeadd200-@aws+lambda-invoke-store@0.3.0.json
[warn] .pnpm-store/v10/index/b2/e0e68cb55083bf2730ad94678e788401be3805be1d03d9ea7fbe4cd0d45fe2-postgres-date@1.0.7.json
[warn] .pnpm-store/v10/index/b3/27e68000016870a7083ccfc0767fdadbaf21ca4e3b78de7d864c99f90dfa99-@rc-component+overflow@1.0.1.json
[warn] .pnpm-store/v10/index/b4/3e34787c40df98743c421935e223907a034786238c9a77e1b88cd260efa650-eslint-visitor-keys@5.0.1.json
[warn] .pnpm-store/v10/index/b4/86d8b596ee70eb340511aa3c992c84951874bf920c7edd54cf208f2f84469d-fdir@6.5.0.json
[warn] .pnpm-store/v10/index/b4/bc50dac7d3d29eacc5d1bbe5ce9ffde92ac63c98474f8bc0faec3b599b0bd6-@types+d3-delaunay@6.0.1.json
[warn] .pnpm-store/v10/index/b5/d4009b2035f22e09ef0a6ba58abc0a5731672dd20b7d5031e072c8217246de-d3-array@3.2.4.json
[warn] .pnpm-store/v10/index/b6/cd9d5418b45545ce2ca72ac8b62c1d4598a7018f15dfb19b8abee98e238cff-@aws-cdk+cloud-assembly-schema@54.20.0.json
[warn] .pnpm-store/v10/index/b7/33e3cc2c7280029614e24fd35d68c451ece7b1f3221384ada70880078f138a-bowser@2.14.1.json
[warn] .pnpm-store/v10/index/b7/f05bd16f2ebcbe0f60a001dd8702842f839478745ade6433babf27ed2aa551-@rc-component+resize-observer@1.1.2.json
[warn] .pnpm-store/v10/index/b9/5d903963f69d6ceccb668ca7c69189b862f5d9731791e0879487681f4e8931-cross-spawn@7.0.6.json
[warn] .pnpm-store/v10/index/ba/01535c2b4366e9dbcdab2a071acaf77224fc3458b0ee92fdf79d91610c2aab-destr@2.0.5.json
[warn] .pnpm-store/v10/index/ba/21a90256e508d9738873f08f84b8232fe87a67aecff851d3799b8848d3097c-@rc-component+context@2.0.2.json
[warn] .pnpm-store/v10/index/ba/aeacb885983f7eeacc675d04a3f0e501103e2e8788b1ac3bb5269297f26983-@esbuild+darwin-x64@0.28.2.json
[warn] .pnpm-store/v10/index/bb/cce47112e56abc8eeb9d93e2a6af060d079b3356e6d48a76c0a7ea17353e15-@prisma+driver-adapter-utils@7.10.0.json
[warn] .pnpm-store/v10/index/bb/cd8def82c5cc6f1c6be743f29b8f9e99535e8187e1f4cfa551ae21bb77e86d-postcss@8.5.26.json
[warn] .pnpm-store/v10/index/bb/fd6d74f978c909cf0639d5ae674ba3d82db8bbc42cab00a116a97a45a081d8-string-convert@0.2.1.json
[warn] .pnpm-store/v10/index/bc/66ebb83e73aae86873c0fd49589780dd85049b4d753c90e03b46f925a21069-@rolldown+binding-win32-arm64-msvc@1.2.5.json
[warn] .pnpm-store/v10/index/bc/af4fe7f8947dd97de4023e255c94b88715b5de287efb6b3abdc736d336cb10-https-proxy-agent@7.0.6.json
[warn] .pnpm-store/v10/index/bc/b353478e45d94c1cf00b9f90d5cf981e15962697b3e16f721784a20233397c-@rolldown+binding-linux-s390x-gnu@1.2.5.json
[warn] .pnpm-store/v10/index/bd/8b7b503d54f5683ad77f2c84bb4b3af740bbef03b02fe2945b44547707fb0c-punycode@2.3.1.json
[warn] .pnpm-store/v10/index/bd/dd85e1853211728670b1e8abe4c4c828f1b9e49e1e7171cb28cda7cd328345-magic-string@0.30.21.json
[warn] .pnpm-store/v10/index/be/47033eb459a354192db9f944b18fa60fd698843ae6aa165a170629ffdbe5ea-prelude-ls@1.2.1.json
[warn] .pnpm-store/v10/index/be/5dd605a1367cca9f9c4872aae94a4fa6483cdb0247671a0a9b3ddadcadd721-@aws-sdk+s3-request-presigner@3.1127.0.json
[warn] .pnpm-store/v10/index/be/92d012cf952c2af59d4d015d2d3b99a628170943007d209e042ebadb71230b-minimatch@10.2.6.json
[warn] .pnpm-store/v10/index/bf/690311ee7b95e713ba568322e3533f2dd1cb880b189e99d4edef13592b8176-lodash@4.17.21.json
[warn] .pnpm-store/v10/index/bf/747ed51fd8b28cf2a3ea7b462f0c0886e774ebd8b770e03c5ac62e1ae14077-@turbo+darwin-64@2.10.11.json
[warn] .pnpm-store/v10/index/bf/9301c7ccc372a093faec9b2602a9731dc582bbe3d26deef80ff5e5195205a3-@rc-component+mentions@1.12.0.json
[warn] .pnpm-store/v10/index/c0/c22c36e99154a68d30a86f53fb3d56b744c04f12ea04b35e9e11ca0146e411-@aws-sdk+middleware-sdk-s3@3.972.75.json
[warn] .pnpm-store/v10/index/c0/f612c0404963d187ada2125eacaab71d276b42e93b75c45fb8cd0e19ed6dec-playwright-core@1.62.1.json
[warn] .pnpm-store/v10/index/c1/747f758a5ca8a99f5a911d66388a24ec023459dd0f40cc9eb5bf7188d51adb-tinyglobby@0.2.17.json
[warn] .pnpm-store/v10/index/c2/5166088194970178cf1fe49dcc3e6e6c53421d4779226ae26615fd5e5c6544-@aws-sdk+xml-builder@3.972.40.json
[warn] .pnpm-store/v10/index/c2/70f6644fa5f923c2feea12d2f5de13d2f5fb4c2e68ca8a95fcfd00c528dfc2-signal-exit@3.0.7.json
[warn] .pnpm-store/v10/index/c2/973e2d77a2ca28acc4f944914cd4eacbf24b57eb20edcc8318f57ddcbb3e6f-eslint-visitor-keys@3.4.3.json
[warn] .pnpm-store/v10/index/c3/61accae90beb62099e569f7ff9d17a03d047de02fd75da9af3169921d1278c-react-is@17.0.2.json
[warn] .pnpm-store/v10/index/c4/083b48e9c486b9b9cc8de9b8e38acb2d4e31c32520965834963bc4b0704b37-saxes@6.0.0.json
[warn] .pnpm-store/v10/index/c4/cbd98276d98386159d1fc05f66f7a0e3c34c5609bd455a260e4579d03f2eeb-@rolldown+binding-linux-arm64-musl@1.2.5.json
[warn] .pnpm-store/v10/index/c5/b6c21f9742614e53f0b704861ba1ec727cf075ee5b7aac237634cce64529f6-json-schema-traverse@0.4.1.json
[warn] .pnpm-store/v10/index/c5/c787dac9e1b5be4cf658aa0ec984c39ea57b7efa993664117fe311bfd1c4d1-picocolors@1.1.1.json
[warn] .pnpm-store/v10/index/c5/e9526b21c7dfa66013b6568658bba56df884d6cd97c3a3bf92959a4243e210-is-glob@4.0.3.json
[warn] .pnpm-store/v10/index/c6/2a8c411e3101e1d3b81f6e5a6f9f1517083a02813223813fe7978b24fb8ec8-fsevents@2.3.2.json
[warn] .pnpm-store/v10/index/c6/2b9771a0b0c8e5a90fc6bcb1c744c4597e6e7b4da61016f1779e9cbd628367-@rc-component+mini-decimal@1.1.4.json
[warn] .pnpm-store/v10/index/c8/bfec2eba66b43685122523d68b113f84c8d8c0f3d4075d24bfa367b292aaf0-@eslint+core@0.17.0.json
[warn] .pnpm-store/v10/index/c9/07f0415a115f03aec97d4bc62245045360e957ee621fbf47264b77cdbe8ac8-turbo@2.10.11.json
[warn] .pnpm-store/v10/index/c9/abbcc89753b7df3d326d0177fdb7e909f31223dfdb12cb4ea51945424ea3fd-tinyrainbow@3.1.1.json
[warn] .pnpm-store/v10/index/c9/bc7458ed7ff1b4812c459766f11dee0316dd29f7245956dd3bd7d674446c32-siginfo@2.0.0.json
[warn] .pnpm-store/v10/index/ca/01ecc2395cfe8a60d95aed898bd438f2e3c63b5d2af8c6cf5fe99438641bae-remeda@2.33.4.json
[warn] .pnpm-store/v10/index/ca/0222bcaaa1f1a1f3364b9c3825c7c880600692cf7eb488d260aa5c5faf2c1b-@aws-sdk+token-providers@3.1116.0.json
[warn] .pnpm-store/v10/index/ca/23b944e32e6108176c2eb4ca3654e4261215918a5cbd071404d7b7d987267d-lightningcss-linux-arm64-musl@1.33.0.json
[warn] .pnpm-store/v10/index/ca/26733db1934bd4abfc9a4597ccc7adc2240287cd6c557a936d6f22040dfdc6-@vitest+pretty-format@4.1.11.json
[warn] .pnpm-store/v10/index/ca/c3869604c56cddbf63a0a0dc8c9ef182ae947c3e4767cd5c7ae04a65c84907-confbox@0.2.4.json
[warn] .pnpm-store/v10/index/cb/e89c85c81cd8bac00ee84b340c7c0c58d57e0cfdd694717d9748dd40e1c47b-pkg-types@2.3.1.json
[warn] .pnpm-store/v10/index/cc/73c63774b9e6c8a1490a347416cad00e6aa62d91df5cfb1d90d99ebcb789f3-argon2@0.44.0.json
[warn] .pnpm-store/v10/index/cd/30951a9c85b0658186594ec8a953c3fbe7afa0fdab1b1f483c9f6f26664f28-@vitest+utils@4.1.11.json
[warn] .pnpm-store/v10/index/cd/77302a5400a5800e10b1ddf0fc0a0c591a81817d5b2e1ed1127ed2a9f397d3-@rolldown+binding-android-arm64@1.2.5.json
[warn] .pnpm-store/v10/index/cd/b07dac22404f5adb8e25436f686a2851cd60bc60b64f0d511c59dc86700f71-ansi-styles@4.3.0.json
[warn] .pnpm-store/v10/index/ce/0fdc85b5f2781b4c4352db0ff592a16d83a42dc8d26a663dd5beca74538ffc-d3-color@3.1.0.json
[warn] .pnpm-store/v10/index/ce/70e410e19707c5b7906d4b25428fddfa01658ffda8b3347a297f0f15974a9d-@aws-sdk+credential-provider-node@3.972.82.json
[warn] .pnpm-store/v10/index/cf/07f325e710fd47a3eadbac32ac00a94ffa28bd97681d95676260e7825ee9a8-entities@8.0.0.json
[warn] .pnpm-store/v10/index/cf/1c51f64fabc7992d3304ff170c8b74f0ababbc4de9ee151861c7f21034d6f5-elkjs@0.11.1.json
[warn] .pnpm-store/v10/index/cf/51c629c632db103c00641fc2b9f43c0cbe3c1ed7fc64a3dd45495bda8aca7e-csstype@3.2.3.json
[warn] .pnpm-store/v10/index/cf/57bf1cc1bdd286d219e89d9658b7863edc6e8728bb4ff06b91da72f237012c-parse5@8.0.1.json
[warn] .pnpm-store/v10/index/cf/87aa26f7e236714c1c822f5cfdc2639ef2d9626ce60dafdd7d339bd984264a-@radix-ui+react-compose-refs@1.1.2.json
[warn] .pnpm-store/v10/index/d0/aa63a97455beb6320ac5f5b3047f5d32b4bdae9542440ce8c368ecfa96efb0-lodash.merge@4.6.2.json
[warn] .pnpm-store/v10/index/d0/cf8bdcb003f3f9e6e79e0b3a56bd032c748f4b66159d0505ca10ec5d55b951-playwright@1.62.1.json
[warn] .pnpm-store/v10/index/d1/371e6cbe79f4c0722aa4c9f92b2b148120db6f22c3c50255115c93381f4528-@prisma+streams-local@0.1.11.json
[warn] .pnpm-store/v10/index/d2/37bea8f28710ca21bdf453084a370ab3c6e9c033018826ccacb14626124839-dequal@2.0.3.json
[warn] .pnpm-store/v10/index/d3/e0d4bea58c55a94b9a16ba96be240fc88030ad47cd5d3f68a9c2b566fdbfde-tinybench@2.9.0.json
[warn] .pnpm-store/v10/index/d4/45d5b1228f642ea41ab22ac55724ee401633a4fae5be9eb7f9f9c0873289a2-@rc-component+form@1.8.6.json
[warn] .pnpm-store/v10/index/d4/af8c3df2d2155a69873a5d6df92195693ac01ad339b0734b64fa75bd743cd3-lightningcss-win32-arm64-msvc@1.33.0.json
[warn] .pnpm-store/v10/index/d5/73091397d0a358c61fa63fede6e7c0f3811242049d3e10177d9de51d7e5577-stackback@0.0.2.json
[warn] .pnpm-store/v10/index/d6/26fe7d9129e8506ef98bdc224b66fa7090f90faa229c29a1a247ea8a46af8a-@rc-component+drawer@1.4.2.json
[warn] .pnpm-store/v10/index/d8/0be1357de66fccdde99cbb20d4ed4a9975175e475ba5a7aa3d2cad696428b7-yaml@2.9.0.json
[warn] .pnpm-store/v10/index/d8/1b0f3c592ccf70905171ba69fdeb542b492a0ebe2491894ed7e0bb67d4f037-@prisma+engines-version@7.9.0-1.e922089b7d7502aff4249d5da3420f6fa55fc6ad.json
[warn] .pnpm-store/v10/index/d8/7cbc0670841f7d713de48b6e1841d9cb423d7136667012762f8a6d2792efd0-@ant-design+cssinjs@2.1.2.json
[warn] .pnpm-store/v10/index/d9/72550f9e5dd68e40668bace42086292ef883fae23a3f68744b766d0a425597-@vitest+mocker@4.1.11.json
[warn] .pnpm-store/v10/index/da/3635b52a4445f3df5aac81576a47fa21856a0855b0826ccc936c4fb871b506-@smithy+node-http-handler@4.11.3.json
[warn] .pnpm-store/v10/index/da/3f5b1ade4987c863faf3ed8333ed97bda3d324711c0cae9a8a3a4cd7c08ec2-@rolldown+pluginutils@1.0.1.json
[warn] .pnpm-store/v10/index/da/bcb4ddf19126be2c5778c8fa87238f926a00b9c50faca63392a23420d932fa-@aws-sdk+credential-provider-process@3.972.70.json
[warn] .pnpm-store/v10/index/da/c4e4dd7eb5f4fd88abf89348b74a10449c74a30fce43be59ad510975eac91f-@aws-sdk+client-iot@3.1127.0.json
[warn] .pnpm-store/v10/index/db/2b43934922123ff2bbdd09380a78e0f54f5243bdfa3561c9ff92c9b2a54474-whatwg-url@15.1.0.json
[warn] .pnpm-store/v10/index/db/2c8047ca8190ddd8ba17896a7529582e54ddb6f9a2c0f2c0d07c4730d5943c-minimist@1.2.8.json
[warn] .pnpm-store/v10/index/db/4d5367f90f5b1a0faff38a5a3aae651d5258a5dcbf1747f9ed71af1f3d6f76-ws@8.21.3.json
[warn] .pnpm-store/v10/index/dc/25c63e9011f60b0f29e3b637bf0700f3b3537d1475e983e87189a165493a96-@rc-component+checkbox@2.0.0.json
[warn] .pnpm-store/v10/index/dc/55ebfbd64823cb452d6b835ab82345ac5977699ace428900644511f566a78a-@rc-component+tabs@1.13.0.json
[warn] .pnpm-store/v10/index/dc/7d707936193f1b7f58e841caccd06726d2f70e652b3527d450ccb2010285b1-@esbuild+linux-s390x@0.28.2.json
[warn] .pnpm-store/v10/index/dd/02a347fbf1ca37125c12e06fa94fd12dcc19dbf06e6a92b2f2cf6d8755391a-@csstools+css-color-parser@4.2.2.json
[warn] .pnpm-store/v10/index/dd/b62cd6b383df7ba8f1aa897ca3f72563c089b830f199b6f8bf6f04a1072764-d3-interpolate@3.0.1.json
[warn] .pnpm-store/v10/index/de/849e50ed13315ebb84dd4099b5ec2b8c9aa94eed8e21e56f144364ea47d0a5-balanced-match@1.0.2.json
[warn] .pnpm-store/v10/index/de/8b943a9421b60adb39ad7b27bfaec4e4e92136166863fbfc0868477f80fbfd-process-nextick-args@2.0.1.json
[warn] .pnpm-store/v10/index/de/f2d02be757c6104c4765b1f7d3d30a27c4faf1ed5b69dd656ca56bcc8af35d-@csstools+css-syntax-patches-for-csstree@1.1.12.json
[warn] .pnpm-store/v10/index/e0/f20ca0f9e2868f8ba979a94b977736e1989dc1ba5d6964052546896c9c2f6d-commist@3.2.0.json
[warn] .pnpm-store/v10/index/e1/a0fb79da2027c6ab2bc0cecaf8d323628ac267210f933f58ce0166089daed1-@turbo+windows-64@2.10.11.json
[warn] .pnpm-store/v10/index/e1/af8eb18bfd524b4e24a13e9750383ae7c381d445f4f89f5a3fad2671d4468f-obug@2.1.4.json
[warn] .pnpm-store/v10/index/e1/b57905f4769aa7d04c99be579b4f3dd7fe669ba1888bd3b8007983c91cad73-json-buffer@3.0.1.json
[warn] .pnpm-store/v10/index/e2/97ccd457f4c79d28d2d4306f9b9cc3f4733720f4fd824c13a215712b5a959b-lru-cache@11.5.2.json
[warn] .pnpm-store/v10/index/e3/14d9af5154992a105b85c85a68addedcd0ad44d933e3773f45d5f3144e2981-@esbuild+linux-x64@0.28.2.json
[warn] .pnpm-store/v10/index/e3/39ca8714e65e6b8fc9ef59ea96c8c986f9559964674e6a1b52fa0ebe20fbba-@prisma+config@7.9.1.json
[warn] .pnpm-store/v10/index/e3/7feab6b0d4a24afb2c9aa8176737f91227bbfb78cdfae961da120df632860e-@eslint+plugin-kit@0.4.1.json
[warn] .pnpm-store/v10/index/e3/da0da518d646f9d4f0dc8656651a606e23b5390da2715923ce8c986443a81a-scroll-into-view-if-needed@3.1.0.json
[warn] .pnpm-store/v10/index/e4/642d59909715c158bb1f79e69be84b4d962dce3da57365bc8c6870a8d2d1c9-@typescript-eslint+project-service@8.68.0.json
[warn] .pnpm-store/v10/index/e4/64b5d8574e64d9623399803b115183b22bd295b3f0c769626e8063a54f906a-std-env@3.10.0.json
[warn] .pnpm-store/v10/index/e4/787b635c106ef639a281a03db0da2f98982c03f331352b8ccba5b241cb1fac-internmap@2.0.3.json
[warn] .pnpm-store/v10/index/e4/a63bd227c20b3a2b90bb889037b467d6137fd451d828c15f589a246fab80cf-@types+d3-format@3.0.1.json
[warn] .pnpm-store/v10/index/e5/87ca79e23ca967c16485febb6c590b76656f73acfe02d2dac6c428cf88e193-@esbuild+android-arm64@0.28.2.json
[warn] .pnpm-store/v10/index/e5/9f59a51cdfb87ea5fd402f08f00f528dfaeb9364db02da654df1f932c7295c-stylis@4.4.0.json
[warn] .pnpm-store/v10/index/e5/e6e9c6bde758cceb2ffae7508ef9e4992e79ed1b1cbfc6ab459317d96f729b-@esbuild+win32-x64@0.28.2.json
[warn] .pnpm-store/v10/index/e5/f4c7435e7c8c9279742fc409ec887595332b113f9a910c459c6d8721b5b30f-@ant-design+cssinjs-utils@2.1.2.json
[warn] .pnpm-store/v10/index/e7/1a037d7f9f2fb7da0139da82658fa5b16dc21fd1efb5a630caaa1c64bae42d-fsevents@2.3.3.json
[warn] .pnpm-store/v10/index/e7/29159ff117335845d1709a5a1d3955b62f12238bda5635901c59b5a62ccaf8-graphmatch@1.1.1.json
[warn] .pnpm-store/v10/index/e7/e7cff0ff0c14d0be0326420f1ac1da991914f1b3a90594ce949ebae54bbe6f-@types+json-schema@7.0.15.json
[warn] .pnpm-store/v10/index/e7/ec9b841640344271687dd7e5ebc015ab54c4b7c41d2afb9fa91827ed507749-flatted@3.4.4.json
[warn] .pnpm-store/v10/index/e7/ee47a979ec64f13ae4825948c919b544404597a57a5da85d410ef2b1fcdd54-postgres-bytea@1.0.1.json
[warn] .pnpm-store/v10/index/e8/2f27a96babde3f7c53afa55c37d351621f82f654f84ba6be91ca7188ee8ca1-@types+geojson@7946.0.16.json
[warn] .pnpm-store/v10/index/e8/5973b9b4cb646dc9d9afcd542025784863ceae68c601f268253dc985ef70bb-ms@2.1.3.json
[warn] .pnpm-store/v10/index/e8/8a50ee6294c5171934b20e6d1d21cfb971b1aa5248860d649c173c6785d264-optionator@0.9.4.json
[warn] .pnpm-store/v10/index/e8/8f8cbaa5c172ff639e5715a301e81ca49d93d8174d69072cacaa07045683b2-@visx+vendor@4.0.0-alpha.0.json
[warn] .pnpm-store/v10/index/e9/6064b343453ba6148463f4de608d91b26e5455b0ad93ebcd9fefb2700f9ec0-@electric-sql+pglite@0.5.7.json
[warn] .pnpm-store/v10/index/e9/f3dcf91e22870a8fe8dfda22fd9fd60307f25395b56407a2a0b8c8aea84835-strip-json-comments@3.1.1.json
[warn] .pnpm-store/v10/index/ea/8601022e62920e0f97e906b2862d6b050c053db364c0af3cd17ba552e71d97-@types+node@20.19.43.json
[warn] .pnpm-store/v10/index/eb/641e8953663e5b5ead01b086410371babb33432a634941b0ae50297b4cf59a-@visx+shape@4.0.1-alpha.0.json
[warn] .pnpm-store/v10/index/eb/94bfe6093d612b1a4637327fb35f6ba87f77713cff582c9695df2385bb0f19-ohash@2.0.12.json
[warn] .pnpm-store/v10/index/eb/b31097e7e958a5534f53587679a8dd4e2c73fc4fa3fcd00677159c8ef8aa64-@types+ws@8.18.2.json
[warn] .pnpm-store/v10/index/ec/3d843d596d46bb13921a509a4b08bbe2f1796008124eb0443309d6a96396ff-cssstyle@5.3.7.json
[warn] .pnpm-store/v10/index/ec/6b312fc59de57de387bdffaa05bb5829db06f192743f14dc4e098aebacdfff-@types+readable-stream@4.0.25.json
[warn] .pnpm-store/v10/index/ec/7ff68054888adc5cd211b79ce2358254bc40ba3f10704514b93cbc45235d8f-ip-address@10.7.2.json
[warn] .pnpm-store/v10/index/ec/871a975bc510caf4a276d5cc40c8ade336d88e24856f9fcf240fc2f005581a-fast-uri@3.1.6.json
[warn] .pnpm-store/v10/index/ec/89869be1641d12dc05a46db4800c67a6f325959bd9c246a188eae3a176523c-@smithy+signature-v4@5.7.3.json
[warn] .pnpm-store/v10/index/ec/d2be2f3deca50e765ec5064f1204554e2360ddbf748697f2c4f1445014b589-@babel+runtime@8.0.5.json
[warn] .pnpm-store/v10/index/ed/150a7d781230c933b7a66e5e6a9aa4ebab2c63cf7e08fa97db9167b9511a89-estree-walker@3.0.3.json
[warn] .pnpm-store/v10/index/ee/b294cb2df7435c9cf7ca50d430262edc17d74f45ed321f5a55b561da3c5a5d-uri-js@4.4.1.json
[warn] .pnpm-store/v10/index/ef/18289945fa00399c6331629341f303187fef7625291f5b985cdfe75099c11f-help-me@5.0.0.json
[warn] .pnpm-store/v10/index/ef/3db6426516890ff67742a475898035b45454006967d48d6321f9bf1e8f67e9-defu@6.1.7.json
[warn] .pnpm-store/v10/index/ef/c5c94c992f3ecd24cf6c3ad77d353c98d797883bab726a898319fccff2548e-@esbuild+freebsd-x64@0.28.2.json
[warn] .pnpm-store/v10/index/ef/cfcf5d3d7094b2c3813cc3b3bb23abd873cf4bd70fece7fbbc32a447b87d74-find-up@5.0.0.json
[warn] .pnpm-store/v10/index/ef/ef9d161b5cc77df9dee05aabc0c347836ec417ad0730bb6503a19934089c71-shebang-regex@3.0.0.json
[warn] .pnpm-store/v10/index/f1/22ecb00da8c1e031c91803a7bf3d0027d16ffdcffb3351269cd9c528b3c45f-@rolldown+binding-openharmony-arm64@1.2.5.json
[warn] .pnpm-store/v10/index/f3/9eac724174a0ffdd897b52e2336c890c3f52e2b97d01bc97f6bd5552de4a8b-@types+d3-geo@3.1.0.json
[warn] .pnpm-store/v10/index/f3/e507d6e056c236d1bb4ba04c1849fdcbb7acbfefcdfd6d9bdff7fb16467f5b-@aws-sdk+client-s3@3.1119.0.json
[warn] .pnpm-store/v10/index/f3/ef56a9e6db173a57f4e47e59ae8edbd6ac22881e44ccdc1ad00835da4c1c7c-argparse@2.0.1.json
[warn] .pnpm-store/v10/index/f4/3c31acd4de4f6e4eadbbbd096874099bd5972635966b1ca5b69e2d970e9ee4-@prisma+fetch-engine@7.9.1.json
[warn] .pnpm-store/v10/index/f4/b9224f08d487aad3e79e43b44f6b4d7f81281c8f7eb333100b67944b5d130a-retry@0.12.0.json
[warn] .pnpm-store/v10/index/f5/0364e4ac0317e06fcfe3f239b9264988c8e64b15518b635bb014db6af634a7-symbol-tree@3.2.4.json
[warn] .pnpm-store/v10/index/f5/19e9b06263ac096508c79f19556c22624cdb862eae10b443587851bbe2bedb-@typescript-eslint+types@8.68.0.json
[warn] .pnpm-store/v10/index/f5/4fe36548239d21b29ed46beb2e4cbaed4c25cc0597a90fbbb93ca8b17420c3-exsolve@1.1.1.json
[warn] .pnpm-store/v10/index/f5/8b9b9edddef00d0e2b0c58497ca12f29865b8b02b9f70b1ba55d8837541959-mdn-data@2.27.1.json
[warn] .pnpm-store/v10/index/f5/985728cfebc37e74375a2fb961db1b19c687f48d278727c4788cd2bc44e153-postgres-interval@1.2.0.json
[warn] .pnpm-store/v10/index/f6/efec9e20ab6370f959db04447cc71381b66025eaa06e454c7522082e1221ba-readable-stream@3.6.2.json
[warn] .pnpm-store/v10/index/f7/884ad0787cacfa90976c577371ec681a0e5ca576d0c4e83e4717bf06c84962-smart-buffer@4.2.0.json
[warn] .pnpm-store/v10/index/f7/cc865d8ca178fa8f621ddc62ef27cc1111980842d0338d7b7503d37a242b49-constructs@10.8.1.json
[warn] .pnpm-store/v10/index/f8/1f3ba92edf206dcbe61deac09fc815b8e856839efdba4e761f610235dbbf1d-@csstools+css-parser-algorithms@4.0.0.json
[warn] .pnpm-store/v10/index/f8/ad4d20ef08f85f7fc0dba57d5beedb74187743def7f382a91ae29b83686087-@types+lodash@4.17.25.json
[warn] .pnpm-store/v10/index/f9/b4f6b87e04e4b184ee1fe7ddebdc4bfb109495c2a48a7aca6f0e589e5e57af-levn@0.4.1.json
[warn] .pnpm-store/v10/index/fb/182b87612125517bf700b4c97e46e0f23545d726ed09ff9de90d43eb7f3b5e-@prisma+client@7.9.1.json
[warn] .pnpm-store/v10/index/fd/2aefe1db30c903417e8846a73f68e986f71b3dd2ad40ea047e6b4ee84647b6-concat-map@0.0.1.json
[warn] .pnpm-store/v10/index/fd/a0831066ad1af67604893e1e62dfe227c2245c2f28535bf7f25e64f32e95f8-typedarray@0.0.6.json
[warn] .pnpm-store/v10/index/fd/bf601dcbc31a34c3589656efed64285bf3b348eb11e43c985bef2205fe87bc-@rc-component+steps@1.2.3.json
[warn] .pnpm-store/v10/index/fd/ca556788adc6d72007c18706f66d726b848eafa55ac2eb449c4531bc19ad3d-@prisma+debug@7.9.1.json
[warn] .pnpm-store/v10/index/fe/6c93dc8ec4c25ba434e5f6c5574ccdbf0546037344ca6c65d770b2df4b77f5-@types+d3-time-format@2.1.0.json
[warn] .pnpm-store/v10/index/fe/f0a7371964c6cf6d2b134373259478fa49fcf813cf121a561a0ce52986f145-@rolldown+binding-freebsd-x64@1.2.5.json
[warn] .pnpm-store/v11/files/00/61a8646b26d16deb6ed9705454917d48d7f784becdccf24aac2efce3e3c46b7b6fa74e6bb92c2e568c7ef217538b6bc865d518245bebeba92c47f43b0050fc
[warn] .pnpm-store/v11/files/29/bd265df2c6256e2381c04f4b4d7297e5b9b2b308a263ec6a0090b8de6a2b114b5a00bfcb146e17ea51674a3a3079b34003edc0b0618e0a06c5b1b00efbc454-exec
[warn] .pnpm-store/v11/files/32/2a3fdcbdc0ab2240acda547abe636d51f7f2114200491f7fc66c4353d43d37a4052df0d32f29ede80c8a768d312efae8ed28639f55c2e5a678f306a45986f9
[warn] .pnpm-store/v11/files/39/fab96905a297d2571f72eb753b8d6e5ca1a14f8bc24299423c907ce9d9c3a7c1556d1851f49c37b651f3adba1d60eda9b70e9311cd0e85df6446096a2ccf41
[warn] .pnpm-store/v11/files/5b/f4848194131f5debadb75125c1be5cd1e5df2e4c4c41edbbe0964eb3949c7fa0d8ca6708767799fe650864a820a1ca76d6bcfc9c0886f471b01c6688c7099e-exec
[warn] .pnpm-store/v11/files/9a/d98abce255e5eaa6e6b45232ba96e4bc18585993e8564c552fd801501d7522de2c0254b778efca93d6a1cde7b3f2a5c44014fc02b12e537e2437aadedd3bba
[warn] .pnpm-store/v11/files/bc/3fc768bc6194bd0b1248e3874d324cc969030a91150659325bb3cc0b340bcf0e7feda84c7ab077f0c077274d12bb5de3ddbdad7819ba38e525182d040aac12
[warn] .pnpm-store/v11/files/f1/4190dcc8626f611d6502a907add0d432aab91049b7980e5f03b3e91d0dbb33f38a49a363b46b73b187c78b0d3c899d08922237e8b23e30fd1d63ccacfd97b6
[warn] .pnpm-store/v11/files/fc/ef619089e4cb5d52085b0e1017d1839ce1f7a111f20fde490fbca0be183da2b6aca2303299d8f718116ed5ce5bc1bb4e5357b37c9fad5f6dbedba37a7c9cce-exec
[warn] apps/admin-web/test-results/.last-run.json
[warn] contracts/mqtt/payloads.ts
[warn] contracts/prototype-traceability.yaml
[warn] contracts/rest/openapi.bundle.json
[warn] packages/database/src/generated/browser.ts
[warn] packages/database/src/generated/client.ts
[warn] packages/database/src/generated/commonInputTypes.ts
[warn] packages/database/src/generated/enums.ts
[warn] packages/database/src/generated/internal/class.ts
[warn] packages/database/src/generated/internal/prismaNamespace.ts
[warn] packages/database/src/generated/internal/prismaNamespaceBrowser.ts
[warn] packages/database/src/generated/models.ts
[warn] packages/database/src/generated/models/ActivityExportJob.ts
[warn] packages/database/src/generated/models/Alarm.ts
[warn] packages/database/src/generated/models/AuditLog.ts
[warn] packages/database/src/generated/models/AuthRateLimit.ts
[warn] packages/database/src/generated/models/BusinessSetting.ts
[warn] packages/database/src/generated/models/CertificateRotationRequest.ts
[warn] packages/database/src/generated/models/CommandAck.ts
[warn] packages/database/src/generated/models/CommandAttempt.ts
[warn] packages/database/src/generated/models/ConfigurationVersion.ts
[warn] packages/database/src/generated/models/ConsumableProjection.ts
[warn] packages/database/src/generated/models/ConsumableRequest.ts
[warn] packages/database/src/generated/models/Contract.ts
[warn] packages/database/src/generated/models/ContractDevice.ts
[warn] packages/database/src/generated/models/Customer.ts
[warn] packages/database/src/generated/models/CustomerNotificationConfig.ts
[warn] packages/database/src/generated/models/Device.ts
[warn] packages/database/src/generated/models/DeviceAssignment.ts
[warn] packages/database/src/generated/models/DeviceCertificate.ts
[warn] packages/database/src/generated/models/DeviceCommand.ts
[warn] packages/database/src/generated/models/DeviceConfiguration.ts
[warn] packages/database/src/generated/models/DeviceEvent.ts
[warn] packages/database/src/generated/models/DeviceLatestState.ts
[warn] packages/database/src/generated/models/DevicePublicKey.ts
[warn] packages/database/src/generated/models/DeviceRetirement.ts
[warn] packages/database/src/generated/models/DeviceStateHistory.ts
[warn] packages/database/src/generated/models/DeviceUser.ts
[warn] packages/database/src/generated/models/DeviceUserAssignment.ts
[warn] packages/database/src/generated/models/DeviceUserSyncReceipt.ts
[warn] packages/database/src/generated/models/EsgCalculationVersion.ts
[warn] packages/database/src/generated/models/EsgDailySummary.ts
[warn] packages/database/src/generated/models/EsgExportJob.ts
[warn] packages/database/src/generated/models/EsgReport.ts
[warn] packages/database/src/generated/models/FirmwarePackage.ts
[warn] packages/database/src/generated/models/IngestionGap.ts
[warn] packages/database/src/generated/models/IngestionReceipt.ts
[warn] packages/database/src/generated/models/License.ts
[warn] packages/database/src/generated/models/LicenseEntitlement.ts
[warn] packages/database/src/generated/models/LicenseHistory.ts
[warn] packages/database/src/generated/models/MediaObject.ts
[warn] packages/database/src/generated/models/MediaUploadSession.ts
[warn] packages/database/src/generated/models/NotificationDelivery.ts
[warn] packages/database/src/generated/models/OnboardingProofNonce.ts
[warn] packages/database/src/generated/models/OnboardingProvisioningJob.ts
[warn] packages/database/src/generated/models/OnboardingRequest.ts
[warn] packages/database/src/generated/models/OtaCampaign.ts
[warn] packages/database/src/generated/models/OtaDownloadGrant.ts
[warn] packages/database/src/generated/models/OtaStatusHistory.ts
[warn] packages/database/src/generated/models/OtaTarget.ts
[warn] packages/database/src/generated/models/OutboxEvent.ts
[warn] packages/database/src/generated/models/ReplayJob.ts
[warn] packages/database/src/generated/models/Role.ts
[warn] packages/database/src/generated/models/Site.ts
[warn] packages/database/src/generated/models/TamperEvent.ts
[warn] packages/database/src/generated/models/TelemetryDaily.ts
[warn] packages/database/src/generated/models/TelemetryHourly.ts
[warn] packages/database/src/generated/models/User.ts
[warn] packages/database/src/generated/models/UserRole.ts
[warn] packages/database/src/generated/models/UserScope.ts
Error occurred when checking code style in 6 files.
CHECK_FAILED
