{"command":["pnpm","exec","eslint",".","--ignore-pattern","build/**"]}
{"command":["pnpm","exec","prettier","--check",".","!build/**"]}
Checking formatting...
All matched files use Prettier code style!
{"command":["pnpm","typecheck"]}

> food-digester-platform@0.0.0 typecheck /Users/anray/Documents/project/hiddenjoyacom/food-digester-platform
> turbo run typecheck

• turbo 2.10.11

   • Packages in scope: @fdp/admin-web, @fdp/archive-worker, @fdp/auth, @fdp/aws-clients, @fdp/cloud-api, @fdp/contracts, @fdp/database, @fdp/domain, @fdp/infra, @fdp/ingestion-worker, @fdp/media, @fdp/observability, @fdp/summary-worker
   • Running typecheck in 13 packages
   • Remote caching disabled

@fdp/observability:build: cache miss, executing edbefc8e5c2419b1
@fdp/observability:typecheck: cache miss, executing fc8e8de21d50fc55
@fdp/database:generate: cache miss, executing 39fc1540743a437a
@fdp/contracts:typecheck: cache hit, replaying logs aa15856efcfb63ca
@fdp/contracts:build: cache hit, replaying logs badb40bf08f6da73
@fdp/aws-clients:typecheck: cache hit, replaying logs 767e47322641a244
@fdp/infra:typecheck: cache hit, replaying logs ce88fe65165f8d55
@fdp/contracts:typecheck: 
@fdp/contracts:typecheck: > @fdp/contracts@0.0.0 typecheck /Users/anray/Documents/project/hiddenjoyacom/food-digester-platform/contracts
@fdp/contracts:typecheck: > tsc -p tsconfig.json
@fdp/contracts:typecheck: 
@fdp/contracts:build: 
@fdp/contracts:build: > @fdp/contracts@0.0.0 build /Users/anray/Documents/project/hiddenjoyacom/food-digester-platform/contracts
@fdp/contracts:build: > node -e "console.log('@fdp/contracts 为源码契约包：内部使用 .ts 扩展名互引，不经 tsc 构建；消费方经 tsx/打包器直接使用源码')"
@fdp/contracts:build: 
@fdp/contracts:build: @fdp/contracts 为源码契约包：内部使用 .ts 扩展名互引，不经 tsc 构建；消费方经 tsx/打包器直接使用源码
@fdp/aws-clients:typecheck: 
@fdp/infra:typecheck: 
@fdp/aws-clients:typecheck: > @fdp/aws-clients@0.0.0 typecheck /Users/anray/Documents/project/hiddenjoyacom/food-digester-platform/packages/aws-clients
@fdp/aws-clients:typecheck: > tsc -p tsconfig.json
@fdp/aws-clients:typecheck: 
@fdp/infra:typecheck: > @fdp/infra@0.0.0 typecheck /Users/anray/Documents/project/hiddenjoyacom/food-digester-platform/infra
@fdp/infra:typecheck: > tsc -p tsconfig.json
@fdp/infra:typecheck: 
@fdp/domain:typecheck: cache hit, replaying logs fd26312a4c0953c8
@fdp/domain:typecheck: 
@fdp/domain:typecheck: > @fdp/domain@0.0.0 typecheck /Users/anray/Documents/project/hiddenjoyacom/food-digester-platform/packages/domain
@fdp/domain:typecheck: > tsc -p tsconfig.json
@fdp/domain:typecheck: 
@fdp/domain:build: cache hit, replaying logs 47ef0249a0b99843
@fdp/domain:build: 
@fdp/domain:build: > @fdp/domain@0.0.0 build /Users/anray/Documents/project/hiddenjoyacom/food-digester-platform/packages/domain
@fdp/domain:build: > tsc -p tsconfig.build.json
@fdp/domain:build: 
@fdp/aws-clients:build: cache hit, replaying logs 72b741ff8e28f9c8
@fdp/aws-clients:build: 
@fdp/aws-clients:build: > @fdp/aws-clients@0.0.0 build /Users/anray/Documents/project/hiddenjoyacom/food-digester-platform/packages/aws-clients
@fdp/aws-clients:build: > tsc -p tsconfig.build.json
@fdp/aws-clients:build: 
@fdp/observability:typecheck: 
@fdp/observability:typecheck: > @fdp/observability@0.0.0 typecheck /Users/anray/Documents/project/hiddenjoyacom/food-digester-platform/packages/observability
@fdp/observability:typecheck: > tsc -p tsconfig.json
@fdp/observability:typecheck: 
@fdp/database:generate: 
@fdp/database:generate: > @fdp/database@0.0.0 generate /Users/anray/Documents/project/hiddenjoyacom/food-digester-platform/packages/database
@fdp/database:generate: > prisma generate
@fdp/database:generate: 
@fdp/observability:build: 
@fdp/observability:build: > @fdp/observability@0.0.0 build /Users/anray/Documents/project/hiddenjoyacom/food-digester-platform/packages/observability
@fdp/observability:build: > tsc -p tsconfig.build.json
@fdp/observability:build: 
@fdp/database:generate: Loaded Prisma config from prisma.config.ts.
@fdp/database:generate: 
@fdp/database:generate: Prisma schema loaded from prisma/schema.prisma.
@fdp/database:generate: 
@fdp/database:generate: ✔ Generated Prisma Client (7.9.1) to ./src/generated in 126ms
@fdp/database:generate: 
@fdp/database:build: cache miss, executing 249d52d833192fb0
@fdp/database:typecheck: cache miss, executing 9550e106f90c4fc5
@fdp/database:typecheck: 
@fdp/database:typecheck: > @fdp/database@0.0.0 typecheck /Users/anray/Documents/project/hiddenjoyacom/food-digester-platform/packages/database
@fdp/database:typecheck: > tsc -p tsconfig.json
@fdp/database:typecheck: 
@fdp/database:build: 
@fdp/database:build: > @fdp/database@0.0.0 build /Users/anray/Documents/project/hiddenjoyacom/food-digester-platform/packages/database
@fdp/database:build: > tsc -p tsconfig.build.json
@fdp/database:build: 
@fdp/media:typecheck: cache miss, executing 13b871f9a731f6ce
@fdp/auth:build: cache miss, executing ec55b75726af97e8
@fdp/summary-worker:typecheck: cache miss, executing df8a2d394905510a
@fdp/media:build: cache miss, executing dc7bb5dc88db10a6
@fdp/auth:typecheck: cache miss, executing c5117e6580d5ad41
@fdp/archive-worker:typecheck: cache miss, executing 18aee283e77b4c0f
@fdp/auth:typecheck: 
@fdp/auth:typecheck: > @fdp/auth@0.0.0 typecheck /Users/anray/Documents/project/hiddenjoyacom/food-digester-platform/packages/auth
@fdp/auth:typecheck: > tsc -p tsconfig.json
@fdp/auth:typecheck: 
@fdp/archive-worker:typecheck: 
@fdp/archive-worker:typecheck: > @fdp/archive-worker@0.0.0 typecheck /Users/anray/Documents/project/hiddenjoyacom/food-digester-platform/apps/archive-worker
@fdp/archive-worker:typecheck: > tsc -p tsconfig.json
@fdp/archive-worker:typecheck: 
@fdp/media:build: 
@fdp/media:build: > @fdp/media@0.0.0 build /Users/anray/Documents/project/hiddenjoyacom/food-digester-platform/packages/media
@fdp/media:build: > tsc -p tsconfig.build.json
@fdp/media:build: 
@fdp/media:typecheck: 
@fdp/media:typecheck: > @fdp/media@0.0.0 typecheck /Users/anray/Documents/project/hiddenjoyacom/food-digester-platform/packages/media
@fdp/media:typecheck: > tsc -p tsconfig.json
@fdp/media:typecheck: 
@fdp/summary-worker:typecheck: 
@fdp/summary-worker:typecheck: > @fdp/summary-worker@0.0.0 typecheck /Users/anray/Documents/project/hiddenjoyacom/food-digester-platform/apps/summary-worker
@fdp/summary-worker:typecheck: > tsc -p tsconfig.json
@fdp/summary-worker:typecheck: 
@fdp/auth:build: 
@fdp/auth:build: > @fdp/auth@0.0.0 build /Users/anray/Documents/project/hiddenjoyacom/food-digester-platform/packages/auth
@fdp/auth:build: > tsc -p tsconfig.build.json
@fdp/auth:build: 
@fdp/ingestion-worker:typecheck: cache miss, executing 1c4ec71a4de564c5
@fdp/cloud-api:typecheck: cache miss, executing 90948f864cdf9c0e
@fdp/admin-web:typecheck: cache miss, executing a974eb328c09b1ae
@fdp/cloud-api:typecheck: 
@fdp/cloud-api:typecheck: > @fdp/cloud-api@0.0.0 typecheck /Users/anray/Documents/project/hiddenjoyacom/food-digester-platform/apps/cloud-api
@fdp/cloud-api:typecheck: > tsc -p tsconfig.json
@fdp/cloud-api:typecheck: 
@fdp/ingestion-worker:typecheck: 
@fdp/ingestion-worker:typecheck: > @fdp/ingestion-worker@0.0.0 typecheck /Users/anray/Documents/project/hiddenjoyacom/food-digester-platform/apps/ingestion-worker
@fdp/ingestion-worker:typecheck: > tsc -p tsconfig.json
@fdp/ingestion-worker:typecheck: 
@fdp/admin-web:typecheck: 
@fdp/admin-web:typecheck: > @fdp/admin-web@0.0.0 typecheck /Users/anray/Documents/project/hiddenjoyacom/food-digester-platform/apps/admin-web
@fdp/admin-web:typecheck: > tsc -p tsconfig.json && tsc -p tsconfig.e2e.json
@fdp/admin-web:typecheck: 

 Tasks:    21 successful, 21 total
Cached:    7 cached, 21 total
  Time:    6.517s 

{"command":["pnpm","openapi:check"]}

> food-digester-platform@0.0.0 openapi:check /Users/anray/Documents/project/hiddenjoyacom/food-digester-platform
> node scripts/build-openapi.mjs --check && redocly lint contracts/rest/openapi-base.json "contracts/rest/*-api.json" contracts/rest/openapi.bundle.json --extends spec

OpenAPI bundle 新鲜：contracts/rest/openapi.bundle.json
validating contracts/rest/openapi-base.json...
contracts/rest/openapi-base.json: validated in 6ms

validating contracts/rest/prototype-planned-api.json...
contracts/rest/prototype-planned-api.json: validated in 5ms

validating contracts/rest/device-sync-api.json...
contracts/rest/device-sync-api.json: validated in 5ms

validating contracts/rest/device-ota-api.json...
contracts/rest/device-ota-api.json: validated in 2ms

validating contracts/rest/device-onboarding-api.json...
contracts/rest/device-onboarding-api.json: validated in 3ms

validating contracts/rest/device-media-api.json...
contracts/rest/device-media-api.json: validated in 3ms

validating contracts/rest/device-deactivate-api.json...
contracts/rest/device-deactivate-api.json: validated in 2ms

validating contracts/rest/device-certificate-api.json...
contracts/rest/device-certificate-api.json: validated in 2ms

validating contracts/rest/admin-user-api.json...
contracts/rest/admin-user-api.json: validated in 3ms

validating contracts/rest/admin-site-api.json...
contracts/rest/admin-site-api.json: validated in 3ms

validating contracts/rest/admin-settings-api.json...
contracts/rest/admin-settings-api.json: validated in 2ms

validating contracts/rest/admin-replay-api.json...
contracts/rest/admin-replay-api.json: validated in 2ms

validating contracts/rest/admin-ota-package-api.json...
contracts/rest/admin-ota-package-api.json: validated in 3ms

validating contracts/rest/admin-ota-campaign-api.json...
contracts/rest/admin-ota-campaign-api.json: validated in 4ms

validating contracts/rest/admin-onboarding-api.json...
contracts/rest/admin-onboarding-api.json: validated in 3ms

validating contracts/rest/admin-media-api.json...
contracts/rest/admin-media-api.json: validated in 2ms

validating contracts/rest/admin-license-api.json...
contracts/rest/admin-license-api.json: validated in 3ms

validating contracts/rest/admin-esg-api.json...
contracts/rest/admin-esg-api.json: validated in 4ms

validating contracts/rest/admin-device-user-api.json...
contracts/rest/admin-device-user-api.json: validated in 3ms

validating contracts/rest/admin-device-status-api.json...
contracts/rest/admin-device-status-api.json: validated in 2ms

validating contracts/rest/admin-device-retirement-api.json...
contracts/rest/admin-device-retirement-api.json: validated in 2ms

validating contracts/rest/admin-device-console-api.json...
contracts/rest/admin-device-console-api.json: validated in 3ms

validating contracts/rest/admin-device-assignment-api.json...
contracts/rest/admin-device-assignment-api.json: validated in 2ms

validating contracts/rest/admin-device-api.json...
contracts/rest/admin-device-api.json: validated in 3ms

validating contracts/rest/admin-dashboard-api.json...
contracts/rest/admin-dashboard-api.json: validated in 2ms

validating contracts/rest/admin-customer-api.json...
contracts/rest/admin-customer-api.json: validated in 3ms

validating contracts/rest/admin-contract-device-api.json...
contracts/rest/admin-contract-device-api.json: validated in 3ms

validating contracts/rest/admin-contract-api.json...
contracts/rest/admin-contract-api.json: validated in 3ms

validating contracts/rest/admin-consumable-request-api.json...
contracts/rest/admin-consumable-request-api.json: validated in 2ms

validating contracts/rest/admin-consumable-api.json...
contracts/rest/admin-consumable-api.json: validated in 2ms

validating contracts/rest/admin-configuration-api.json...
contracts/rest/admin-configuration-api.json: validated in 3ms

validating contracts/rest/admin-command-api.json...
contracts/rest/admin-command-api.json: validated in 2ms

validating contracts/rest/admin-certificate-rotation-api.json...
contracts/rest/admin-certificate-rotation-api.json: validated in 2ms

validating contracts/rest/admin-audit-api.json...
contracts/rest/admin-audit-api.json: validated in 2ms

validating contracts/rest/admin-alarm-api.json...
contracts/rest/admin-alarm-api.json: validated in 3ms

validating contracts/rest/openapi.bundle.json...
contracts/rest/openapi.bundle.json: validated in 30ms

Woohoo! Your API descriptions are valid. 🎉

{"command":["pnpm","test"]}

> food-digester-platform@0.0.0 test /Users/anray/Documents/project/hiddenjoyacom/food-digester-platform
> vitest run && pnpm test:contracts && pnpm test:scripts


 RUN  v4.1.11 /Users/anray/Documents/project/hiddenjoyacom/food-digester-platform

Bundling asset Qa09Perf/IngestionFn/Code/Stage...
Bundling asset TestStack/IngestionFn/Code/Stage...
Bundling asset DeployTest/IngestionFn/Code/Stage...
Bundling asset TestStack/ArchiveFn/Code/Stage...
Bundling asset DeployTest/ArchiveFn/Code/Stage...
Bundling asset Qa09Perf/ArchiveFn/Code/Stage...
Bundling asset DeployTest/OutboxPublisherFn/Code/Stage...
Bundling asset TestStack/OutboxPublisherFn/Code/Stage...
Bundling asset Qa09Perf/OutboxPublisherFn/Code/Stage...
Bundling asset TestStack/NotificationPublisherFn/Code/Stage...
Bundling asset DeployTest/NotificationPublisherFn/Code/Stage...
Bundling asset Qa09Perf/NotificationPublisherFn/Code/Stage...
Bundling asset TestStack/SummaryFn/Code/Stage...
Bundling asset DeployTest/SummaryFn/Code/Stage...
Bundling asset Qa09Perf/SummaryFn/Code/Stage...
Bundling asset DeployTest/ReplayTriggerPublisherFn/Code/Stage...
Bundling asset Qa09Perf/ReplayTriggerPublisherFn/Code/Stage...
Bundling asset TestStack/ReplayTriggerPublisherFn/Code/Stage...
Bundling asset DeployTest/ReplayFn/Code/Stage...
Bundling asset Qa09Perf/ReplayFn/Code/Stage...
Bundling asset TestStack/ReplayFn/Code/Stage...
Bundling asset DeployTest/CertPackageSweeperFn/Code/Stage...
Bundling asset Qa09Perf/CertPackageSweeperFn/Code/Stage...
Bundling asset TestStack/CertPackageSweeperFn/Code/Stage...
Bundling asset DeployTest/OnboardingDeadlineFn/Code/Stage...
Bundling asset Qa09Perf/OnboardingDeadlineFn/Code/Stage...
Bundling asset TestStack/OnboardingDeadlineFn/Code/Stage...
Bundling asset DeployTest/RetirementTimeoutFn/Code/Stage...
Bundling asset Qa09Perf/RetirementTimeoutFn/Code/Stage...
Bundling asset TestStack/RetirementTimeoutFn/Code/Stage...
Bundling asset DeployTest/ActivityExportFn/Code/Stage...
Bundling asset Qa09Perf/ActivityExportFn/Code/Stage...
Bundling asset TestStack/ActivityExportFn/Code/Stage...
Bundling asset DeployTest/EsgExportFn/Code/Stage...
Bundling asset Qa09Perf/EsgExportFn/Code/Stage...
Bundling asset TestStack/EsgExportFn/Code/Stage...
Bundling asset DeployTest/CommandPublisherFn/Code/Stage...
Bundling asset Qa09Perf/CommandPublisherFn/Code/Stage...
Bundling asset TestStack/CommandPublisherFn/Code/Stage...
Bundling asset DeployTest/CommandTimeoutFn/Code/Stage...
Bundling asset Qa09Perf/CommandTimeoutFn/Code/Stage...
Bundling asset TestStack/CommandTimeoutFn/Code/Stage...
Bundling asset DeployTest/OtaDispatcherFn/Code/Stage...
Bundling asset Qa09Perf/OtaDispatcherFn/Code/Stage...
Bundling asset TestStack/OtaDispatcherFn/Code/Stage...
Bundling asset DeployTest/OnboardingApiFn/Code/Stage...
Bundling asset Qa09Perf/OnboardingApiFn/Code/Stage...
Bundling asset TestStack/OnboardingApiFn/Code/Stage...
Bundling asset DeployTest/OnboardingProvisioningFn/Code/Stage...
Bundling asset Qa09Perf/OnboardingProvisioningFn/Code/Stage...
Bundling asset TestStack/OnboardingProvisioningFn/Code/Stage...
Bundling asset DeployTest/DeviceApiFn/Code/Stage...
Bundling asset Qa09Perf/DeviceApiFn/Code/Stage...
Bundling asset TestStack/DeviceApiFn/Code/Stage...
Bundling asset Qa09Perf/ApiFn/Code/Stage...
Bundling asset DeployTest/ApiFn/Code/Stage...
Bundling asset TestStack/ApiFn/Code/Stage...
Bundling asset TestStack/IngestionFn/Code/Stage...
Bundling asset TestStack/ArchiveFn/Code/Stage...
Bundling asset TestStack/OutboxPublisherFn/Code/Stage...
Bundling asset TestStack/NotificationPublisherFn/Code/Stage...
Bundling asset TestStack/SummaryFn/Code/Stage...
Bundling asset TestStack/ReplayTriggerPublisherFn/Code/Stage...
Bundling asset TestStack/ReplayFn/Code/Stage...
Bundling asset TestStack/CertPackageSweeperFn/Code/Stage...
Bundling asset TestStack/OnboardingDeadlineFn/Code/Stage...
Bundling asset TestStack/RetirementTimeoutFn/Code/Stage...
Bundling asset TestStack/ActivityExportFn/Code/Stage...
Bundling asset TestStack/EsgExportFn/Code/Stage...
Bundling asset TestStack/CommandPublisherFn/Code/Stage...
Bundling asset TestStack/CommandTimeoutFn/Code/Stage...
Bundling asset TestStack/OtaDispatcherFn/Code/Stage...
Bundling asset TestStack/OnboardingApiFn/Code/Stage...
Bundling asset TestStack/OnboardingProvisioningFn/Code/Stage...
Bundling asset TestStack/DeviceApiFn/Code/Stage...
Bundling asset TestStack/ApiFn/Code/Stage...
Bundling asset TestStack/IngestionFn/Code/Stage...
Bundling asset TestStack/ArchiveFn/Code/Stage...
Bundling asset TestStack/OutboxPublisherFn/Code/Stage...
Bundling asset TestStack/NotificationPublisherFn/Code/Stage...
Bundling asset TestStack/SummaryFn/Code/Stage...
Bundling asset TestStack/ReplayTriggerPublisherFn/Code/Stage...
Bundling asset TestStack/ReplayFn/Code/Stage...
Bundling asset TestStack/CertPackageSweeperFn/Code/Stage...
Bundling asset TestStack/OnboardingDeadlineFn/Code/Stage...
Bundling asset TestStack/RetirementTimeoutFn/Code/Stage...
Bundling asset TestStack/ActivityExportFn/Code/Stage...
Bundling asset TestStack/EsgExportFn/Code/Stage...
Bundling asset TestStack/CommandPublisherFn/Code/Stage...
Bundling asset TestStack/CommandTimeoutFn/Code/Stage...
Bundling asset TestStack/OtaDispatcherFn/Code/Stage...
Bundling asset TestStack/OnboardingApiFn/Code/Stage...
Bundling asset TestStack/OnboardingProvisioningFn/Code/Stage...
Bundling asset TestStack/DeviceApiFn/Code/Stage...
Bundling asset TestStack/ApiFn/Code/Stage...
Bundling asset TestStack/IngestionFn/Code/Stage...
Bundling asset TestStack/ArchiveFn/Code/Stage...
Bundling asset TestStack/OutboxPublisherFn/Code/Stage...
Bundling asset TestStack/NotificationPublisherFn/Code/Stage...
Bundling asset TestStack/IngestionFn/Code/Stage...
Bundling asset TestStack/SummaryFn/Code/Stage...
Bundling asset TestStack/ArchiveFn/Code/Stage...
Bundling asset TestStack/ReplayTriggerPublisherFn/Code/Stage...
Bundling asset TestStack/OutboxPublisherFn/Code/Stage...
Bundling asset TestStack/ReplayFn/Code/Stage...
Bundling asset TestStack/NotificationPublisherFn/Code/Stage...
Bundling asset TestStack/CertPackageSweeperFn/Code/Stage...
Bundling asset TestStack/SummaryFn/Code/Stage...
Bundling asset TestStack/OnboardingDeadlineFn/Code/Stage...
Bundling asset TestStack/ReplayTriggerPublisherFn/Code/Stage...
Bundling asset TestStack/RetirementTimeoutFn/Code/Stage...
Bundling asset TestStack/ReplayFn/Code/Stage...
Bundling asset TestStack/ActivityExportFn/Code/Stage...
Bundling asset TestStack/CertPackageSweeperFn/Code/Stage...
Bundling asset TestStack/EsgExportFn/Code/Stage...
Bundling asset TestStack/OnboardingDeadlineFn/Code/Stage...
Bundling asset TestStack/CommandPublisherFn/Code/Stage...
Bundling asset TestStack/RetirementTimeoutFn/Code/Stage...
Bundling asset TestStack/CommandTimeoutFn/Code/Stage...
Bundling asset TestStack/ActivityExportFn/Code/Stage...
Bundling asset TestStack/OtaDispatcherFn/Code/Stage...
Bundling asset TestStack/EsgExportFn/Code/Stage...
Bundling asset TestStack/OnboardingApiFn/Code/Stage...
Bundling asset TestStack/CommandPublisherFn/Code/Stage...
Bundling asset TestStack/OnboardingProvisioningFn/Code/Stage...
Bundling asset TestStack/CommandTimeoutFn/Code/Stage...
Bundling asset TestStack/DeviceApiFn/Code/Stage...
Bundling asset TestStack/OtaDispatcherFn/Code/Stage...
Bundling asset TestStack/ApiFn/Code/Stage...
Bundling asset TestStack/OnboardingApiFn/Code/Stage...
Bundling asset TestStack/OnboardingProvisioningFn/Code/Stage...
Bundling asset TestStack/DeviceApiFn/Code/Stage...
Bundling asset TestStack/IngestionFn/Code/Stage...
Bundling asset TestStack/ApiFn/Code/Stage...
Bundling asset TestStack/ArchiveFn/Code/Stage...
Bundling asset TestStack/OutboxPublisherFn/Code/Stage...
Bundling asset TestStack/NotificationPublisherFn/Code/Stage...
Bundling asset TestStack/SummaryFn/Code/Stage...
Bundling asset TestStack/ReplayTriggerPublisherFn/Code/Stage...
Bundling asset TestStack/ReplayFn/Code/Stage...
Bundling asset TestStack/CertPackageSweeperFn/Code/Stage...
Bundling asset TestStack/OnboardingDeadlineFn/Code/Stage...
Bundling asset TestStack/RetirementTimeoutFn/Code/Stage...
Bundling asset TestStack/ActivityExportFn/Code/Stage...
Bundling asset TestStack/EsgExportFn/Code/Stage...
Bundling asset TestStack/CommandPublisherFn/Code/Stage...
Bundling asset TestStack/CommandTimeoutFn/Code/Stage...
Bundling asset TestStack/OtaDispatcherFn/Code/Stage...
Bundling asset TestStack/OnboardingApiFn/Code/Stage...
Bundling asset TestStack/OnboardingProvisioningFn/Code/Stage...
Bundling asset TestStack/DeviceApiFn/Code/Stage...
Bundling asset TestStack/ApiFn/Code/Stage...
Bundling asset TestStack/IngestionFn/Code/Stage...
Bundling asset TestStack/ArchiveFn/Code/Stage...
Bundling asset TestStack/OutboxPublisherFn/Code/Stage...
Bundling asset TestStack/NotificationPublisherFn/Code/Stage...
Bundling asset TestStack/SummaryFn/Code/Stage...
Bundling asset TestStack/ReplayTriggerPublisherFn/Code/Stage...
Bundling asset TestStack/ReplayFn/Code/Stage...
Bundling asset TestStack/CertPackageSweeperFn/Code/Stage...
Bundling asset TestStack/OnboardingDeadlineFn/Code/Stage...
Bundling asset TestStack/RetirementTimeoutFn/Code/Stage...
Bundling asset TestStack/ActivityExportFn/Code/Stage...
Bundling asset TestStack/EsgExportFn/Code/Stage...
Bundling asset TestStack/CommandPublisherFn/Code/Stage...
Bundling asset TestStack/CommandTimeoutFn/Code/Stage...
Bundling asset TestStack/OtaDispatcherFn/Code/Stage...
Bundling asset TestStack/OnboardingApiFn/Code/Stage...
Bundling asset TestStack/OnboardingProvisioningFn/Code/Stage...
Bundling asset TestStack/DeviceApiFn/Code/Stage...
Bundling asset TestStack/ApiFn/Code/Stage...
Bundling asset TestStack/IngestionFn/Code/Stage...
Bundling asset TestStack/ArchiveFn/Code/Stage...
Bundling asset TestStack/OutboxPublisherFn/Code/Stage...
Bundling asset TestStack/NotificationPublisherFn/Code/Stage...
Bundling asset TestStack/SummaryFn/Code/Stage...
Bundling asset TestStack/ReplayTriggerPublisherFn/Code/Stage...
Bundling asset TestStack/ReplayFn/Code/Stage...
Bundling asset TestStack/CertPackageSweeperFn/Code/Stage...
Bundling asset TestStack/OnboardingDeadlineFn/Code/Stage...
Bundling asset TestStack/RetirementTimeoutFn/Code/Stage...
Bundling asset TestStack/ActivityExportFn/Code/Stage...
Bundling asset TestStack/EsgExportFn/Code/Stage...
Bundling asset TestStack/CommandPublisherFn/Code/Stage...
Bundling asset TestStack/CommandTimeoutFn/Code/Stage...
Bundling asset TestStack/OtaDispatcherFn/Code/Stage...
Bundling asset TestStack/OnboardingApiFn/Code/Stage...
Bundling asset TestStack/OnboardingProvisioningFn/Code/Stage...
Bundling asset TestStack/DeviceApiFn/Code/Stage...
Bundling asset TestStack/ApiFn/Code/Stage...
Bundling asset Named/IngestionFn/Code/Stage...
Bundling asset Named/ArchiveFn/Code/Stage...
Bundling asset Named/OutboxPublisherFn/Code/Stage...
Bundling asset Named/NotificationPublisherFn/Code/Stage...
Bundling asset Named/SummaryFn/Code/Stage...
Bundling asset Named/ReplayTriggerPublisherFn/Code/Stage...
Bundling asset Named/ReplayFn/Code/Stage...
Bundling asset Named/CertPackageSweeperFn/Code/Stage...
Bundling asset Named/OnboardingDeadlineFn/Code/Stage...
Bundling asset Named/RetirementTimeoutFn/Code/Stage...
Bundling asset Named/ActivityExportFn/Code/Stage...
Bundling asset Named/EsgExportFn/Code/Stage...
Bundling asset Named/CommandPublisherFn/Code/Stage...
Bundling asset Named/CommandTimeoutFn/Code/Stage...
Bundling asset Named/OtaDispatcherFn/Code/Stage...
Bundling asset Named/OnboardingApiFn/Code/Stage...
Bundling asset Named/OnboardingProvisioningFn/Code/Stage...
Bundling asset Named/DeviceApiFn/Code/Stage...
Bundling asset Named/ApiFn/Code/Stage...
Bundling asset TestStack/IngestionFn/Code/Stage...
Bundling asset TestStack/ArchiveFn/Code/Stage...
Bundling asset TestStack/OutboxPublisherFn/Code/Stage...
Bundling asset TestStack/NotificationPublisherFn/Code/Stage...
Bundling asset TestStack/SummaryFn/Code/Stage...
Bundling asset TestStack/ReplayTriggerPublisherFn/Code/Stage...
Bundling asset TestStack/ReplayFn/Code/Stage...
Bundling asset TestStack/CertPackageSweeperFn/Code/Stage...
Bundling asset TestStack/OnboardingDeadlineFn/Code/Stage...
Bundling asset TestStack/RetirementTimeoutFn/Code/Stage...
Bundling asset TestStack/ActivityExportFn/Code/Stage...
Bundling asset TestStack/EsgExportFn/Code/Stage...
Bundling asset TestStack/CommandPublisherFn/Code/Stage...
Bundling asset TestStack/CommandTimeoutFn/Code/Stage...
Bundling asset TestStack/OtaDispatcherFn/Code/Stage...
Bundling asset TestStack/OnboardingApiFn/Code/Stage...
Bundling asset TestStack/OnboardingProvisioningFn/Code/Stage...
Bundling asset TestStack/DeviceApiFn/Code/Stage...
Bundling asset TestStack/ApiFn/Code/Stage...

 Test Files  184 passed (184)
      Tests  1522 passed (1522)
   Start at  07:32:46
   Duration  69.22s (transform 9.88s, setup 1.34s, import 157.99s, tests 305.04s, environment 11.33s)


> food-digester-platform@0.0.0 test:contracts /Users/anray/Documents/project/hiddenjoyacom/food-digester-platform
> pnpm --filter @fdp/contracts test


> @fdp/contracts@0.0.0 test /Users/anray/Documents/project/hiddenjoyacom/food-digester-platform/contracts
> node --import tsx --test mqtt/*.test.ts mqtt/*.test.mjs domain/*.test.ts lifecycle/*.test.ts media/*.test.ts security/*.test.ts rest/*.test.ts iot/*.test.mjs archive/*.test.mjs configuration/*.test.ts settings/*.test.ts

✔ 合法 Manifest fixtures 通过校验 (0.846208ms)
✔ 非法 Manifest fixtures 被拒绝 (0.899792ms)
✔ DEC-016 已冻结且策略覆盖全部阻塞任务 (0.639167ms)
✔ 三类来源使用独立 Envelope 与互斥前缀 (0.127834ms)
✔ License/OTA 禁止伪装为 MQTT 原文，OTA 记录类型封闭 (0.063375ms)
✔ 归档 Envelope 判别字段和版本固定 (0.052417ms)
✔ DEC-018 策略结构有效、已冻结且覆盖全部阻塞任务 (0.849667ms)
✔ V1 只允许四字段，范围、单位、默认值与冻结值一致 (0.070625ms)
✔ Admin Configuration 与 Device Sync OpenAPI 逐字段匹配统一策略 (0.125583ms)
✔ TS 常量与 JSON 策略一致 (0.055084ms)
✔ 策略 JSON 通过自身 JSON Schema 结构校验 (0.712041ms)
✔ 负向结构：实时流启用、非法范围/刷新模式与缺失字段被 Schema 拒绝 (0.257833ms)
✔ x-decision-versions 引用 DEC-009 且版本与决策登记一致；prototype-traceability.yaml 同步 (0.070583ms)
✔ 冻结值定性规则可执行：仅最新授权 Media、手动刷新、禁实时流 (0.056917ms)
✔ 策略消费者均为合法任务 ID 且覆盖 DEC-009 阻塞任务 (0.108708ms)
✔ TS 常量与 camera-interaction-policy.json 完全一致 (0.094833ms)
✔ 策略 JSON 通过自身 JSON Schema 结构校验 (0.727667ms)
✔ 负向结构：数据来源篡改与缺失字段被 Schema 拒绝 (0.329667ms)
✔ x-decision-versions 引用 DEC-008 且版本与决策登记一致；prototype-traceability.yaml 同步 (0.056209ms)
✔ 冻结值定性规则可执行：封闭类型集合、仅设备上报、禁云端臆测 (0.089583ms)
✔ 冻结参数可执行：正式名称、阈值和 24 小时过期规则 (0.208334ms)
✔ 策略消费者均为合法任务 ID 且覆盖 DEC-008 阻塞任务 (0.106958ms)
✔ TS 常量与 consumables-policy.json 完全一致 (0.090584ms)
✔ 策略 JSON 通过自身 JSON Schema 结构校验 (0.737958ms)
✔ 负向结构：联动规则反转与缺失字段被 Schema 拒绝 (0.277209ms)
✔ x-decision-versions 引用 DEC-007 且版本与决策登记一致；prototype-traceability.yaml 同步 (0.058708ms)
✔ 冻结值定性规则可执行：职责划分、联动与展示 (0.106375ms)
✔ 策略消费者均为合法任务 ID 且覆盖 DEC-007 阻塞任务与关联任务 (0.117125ms)
✔ TS 常量与 contract-license-relation.json 完全一致 (0.0665ms)
✔ DEC-019 alias 策略已冻结且无待定参数 (0.547875ms)
✔ TS、JSON 与 Admin Device OpenAPI 使用同一 alias 规则 (0.09175ms)
✔ 策略 JSON 通过自身 JSON Schema 结构校验 (0.730917ms)
✔ 负向结构：单字段混用、独立存储"启用"与缺失字段被 Schema 拒绝 (0.31525ms)
✔ x-decision-versions 引用 DEC-010 且版本与决策登记一致；prototype-traceability.yaml 同步 (0.061583ms)
✔ 冻结值定性规则可执行：四轴分离、禁单字段混用、派生原则 (0.098417ms)
✔ 冻结参数可执行：启用由 Active 生命周期和有效 License 派生 (0.048041ms)
✔ 策略消费者均为合法任务 ID 且覆盖 DEC-010 阻塞任务与关联任务 (0.115167ms)
✔ TS 常量与 device-status-axes-policy.json 完全一致 (0.075708ms)
✔ 策略 JSON 通过自身 JSON Schema 结构校验 (0.699792ms)
✔ 负向结构：设备地域真值与缺失字段被 Schema 拒绝 (0.226083ms)
✔ x-decision-versions 引用 DEC-011 且版本与决策登记一致；prototype-traceability.yaml 同步 (0.059625ms)
✔ 冻结值定性规则可执行：层级链、Site 属性、设备仅关联 Site (0.098875ms)
✔ 策略消费者均为合法任务 ID 且覆盖 DEC-011 阻塞任务 (0.120917ms)
✔ TS 常量与 geo-model-policy.json 完全一致 (0.067208ms)
✔ 策略 JSON 通过自身 JSON Schema 结构校验 (0.708667ms)
✔ 负向结构：AWS 授权、矩阵可编辑与缺失字段被 Schema 拒绝 (0.281125ms)
✔ x-decision-versions 引用 DEC-012 且版本与决策登记一致；prototype-traceability.yaml 同步 (0.066833ms)
✔ 冻结值定性规则可执行：封闭映射、界面名、AWS 权限与矩阵规则 (0.146583ms)
✔ 策略消费者均为合法任务 ID 且覆盖 DEC-012 阻塞任务 (0.113792ms)
✔ TS 常量与 role-mapping-policy.json 完全一致 (0.065917ms)
✔ Envelope 必填五个 iot* 上下文字段，Payload 平铺透传 (0.575916ms)
✔ iotType 枚举与 topic-catalog 上行类型严格一致（8 个） (0.084875ms)
✔ 所有合法 Fixture 通过校验（含 Payload 内不可信身份字段的样本） (0.274084ms)
✔ 所有非法 Fixture 被稳定拒绝且错误路径正确 (0.13025ms)
✔ 矩阵 JSON 通过自身 JSON Schema 结构校验 (1.073875ms)
✔ 负向结构：缺失必填字段、非法枚举与额外行为键被 Schema 拒绝 (0.434ms)
✔ x-decision-versions 引用 DEC-001 且版本与决策登记一致 (0.056333ms)
✔ 冻结值：独立状态；允许维护、同步、遥测、告警和 OTA (0.068375ms)
✔ Maintenance Sync 节奏为 15 分钟（Suspended 节奏） (0.049792ms)
✔ 失败关闭：未知行为拒绝并抛出稳定错误 (0.192875ms)
✔ 命令策略与 command-catalog 一致：Maintenance 允许集合 == Suspended 允许集合 (0.106416ms)
✔ 行为条目消费者均为合法任务 ID 且覆盖 DEC-001 阻塞任务 (0.112625ms)
✔ TS 常量与 maintenance-behavior-matrix.json 完全一致 (0.119ms)
✔ DEC-017 策略结构有效、已冻结且覆盖全部阻塞任务 (0.771375ms)
✔ 24 小时截止从证书包存储开始，截止边界包含在超时内 (1.191791ms)
✔ 超时处置、迟到 Heartbeat 与重新申请规则失败关闭 (0.076583ms)
✔ TS 常量与 JSON 策略一致 (0.062ms)
✔ 策略 JSON 通过自身 JSON Schema 结构校验 (0.727583ms)
✔ 负向结构：存储位置篡改、非法处置行为与缺失字段被 Schema 拒绝 (0.313292ms)
✔ x-decision-versions 引用 DEC-005 且版本与决策登记一致 (0.054042ms)
✔ 冻结值定性规则可执行：RDS 元数据 / S3 文件分离 (0.055791ms)
✔ 冻结参数可执行：元数据 365 天、文件 90 天且删除文件保留元数据 (0.062833ms)
✔ 策略消费者均为合法任务 ID 且覆盖 DEC-005 阻塞任务与关联任务 (0.104667ms)
✔ TS 常量与 media-retention-policy.json 完全一致 (0.093916ms)
✔ 策略 JSON 通过自身 JSON Schema 结构校验 (0.743625ms)
✔ 负向结构：客户端指定 Key、篡改冻结 TTL/配额与缺失字段被 Schema 拒绝 (0.31425ms)
✔ 锁定规则：mediaTypes 与 CT-03 media.schema.json 枚举一致；客户端不得指定 Key (0.104417ms)
✔ DEC-024 冻结值可执行且无待定参数 (0.055583ms)
✔ TS 常量与 media-upload-policy.json 完全一致 (0.129667ms)
✔ 22 个 Command 全部唯一且覆盖六大分类 (0.625791ms)
✔ 13 个 Notification 全部唯一且有设备动作映射 (0.116625ms)
✔ 高风险标记与文档一致（EMERGENCY_STOP/FACTORY_RESET/SHUTDOWN/全部加热、排料、电机控制） (0.065833ms)
✔ 允许状态矩阵无遗漏：22 命令 × 4 状态 (0.096208ms)
✔ Suspended 仅允许安全停止、诊断、同步和维护/恢复类命令 (0.066875ms)
✔ MAINTENANCE 按 Suspended 限制（DEC-001 冻结值） (0.053542ms)
✔ 未知命令/通知在运行时被拒绝 (0.174209ms)
✔ denyReason 稳定且允许时返回 null (0.042875ms)
✔ TS 常量与 command-catalog.json / notification-catalog.json 完全一致 (0.10025ms)
✔ Schema 枚举与目录一致（cmd/ack command、notification type） (0.304667ms)
✔ 策略 JSON 通过自身 JSON Schema 结构校验 (0.723333ms)
✔ 负向结构：非法取值与缺失字段被 Schema 拒绝 (0.258167ms)
✔ x-decision-versions 引用 DEC-006 且版本与决策登记一致 (0.051584ms)
✔ 冻结值可执行：V1 下行 seq 可选、上行必填、Command 以 meta.id 幂等 (0.052ms)
✔ 策略与 common.schema.json 一致：下行 metaBase 不要求 seq、id 必填；上行 metaSeq 要求 seq (0.051625ms)
✔ 下行/上行 Schema 的 meta 引用与策略一致 (0.452333ms)
✔ 策略消费者均为合法任务 ID 且覆盖 DEC-006 阻塞任务 (0.11925ms)
✔ TS 常量与 downlink-policy.json 完全一致 (0.09275ms)
✔ DEC-015 策略冻结、可追溯且覆盖全部阻塞任务 (0.6355ms)
✔ 唯一通道为既有 ACK；Topic 总数和 IoT 权限面不扩大 (0.065667ms)
✔ ACK 判别字段、关联键和 OTA 状态与冻结策略一致 (0.052959ms)
✔ 状态机只允许冻结的单向迁移；相同状态幂等 (0.057291ms)
✔ TS 常量与 JSON 策略完全一致 (0.068166ms)
✔ DEC-013 策略 JSON 通过自身 Schema 且覆盖登记阻塞任务 (0.804875ms)
✔ DEC-013 策略关键值被 Schema 锁定，篡改时失败关闭 (0.16075ms)
✔ DEC-013 策略冻结且无待定参数 (0.047084ms)
✔ Heartbeat 旧嵌套结构在兼容期转换为正式扁平结构且不修改原对象 (0.184042ms)
✔ Telemetry motorCurrentAmp 在兼容期转换为 currentAmp；同值并存允许、冲突失败关闭 (0.242084ms)
✔ 兼容截止边界起拒绝嵌套结构、motorCurrentAmp 与 DISCHARING (0.080541ms)
✔ RFC 8785 固定向量与 audit.hash 覆盖 {meta,data} (0.173584ms)
✔ 11 类消息均有 Schema 和 Fixture，且每类 >=1 合法 + >=3 非法 (2.077792ms)
✔ 所有合法 Fixture 通过校验 (1.532375ms)
✔ 所有非法 Fixture 被稳定拒绝并返回明确错误路径 (2.225541ms)
✔ 非法枚举被稳定拒绝且路径明确 (0.236833ms)
✔ 单位/类型错误被拒绝（integer 不接受小数与字符串） (0.667209ms)
✔ 缺少必填字段被拒绝（meta.id、上行 seq、Heartbeat 必填 data 字段） (0.510083ms)
✔ 额外身份字段（customerId/tenantId/deviceId）在各层均被拒绝 (0.263833ms)
✔ 下行消息 meta.seq 可选（DEC-006），上行强制 (0.118833ms)
✔ Telemetry/Report/Tamper 强制 audit.hash；Command 禁止 audit（DEC-002） (0.214041ms)
✔ DEC-013：Audited 合法 Fixture 携带可复算的 RFC 8785 audit.hash (0.440667ms)
✔ schemaVer 缺省按 1.0 归一化；非法 schemaVer 被拒绝 (0.190458ms)
✔ meta.id 字符集与长度固定 (0.089625ms)
✔ payloads.ts 与 Schema 保持一致（生成器新鲜度） (1.180834ms)
✔ 全部 Schema 的 x-decision-versions 可追溯到决策登记 (1.009583ms)
✔ Telemetry current (0.393042ms)
✔ Telemetry past 300s (0.049166ms)
✔ Telemetry past 301s (0.034167ms)
✔ Telemetry past 24h inclusive (0.026917ms)
✔ Telemetry past 24h plus 1ms (0.036667ms)
✔ Telemetry future 300s inclusive (0.034917ms)
✔ Telemetry future 300s plus 1ms (0.035625ms)
✔ other topics retain symmetric 300-second tolerance (0.061333ms)
✔ configured tolerance affects future bound but cannot enlarge Telemetry history (0.043667ms)
✔ invalid numeric policy inputs fail closed (0.074208ms)
✔ Tier 登记 JSON 通过自身 JSON Schema 结构校验 (1.358667ms)
✔ 负向结构：非法 Tier、未知 Topic 键与缺失字段被 Schema 拒绝 (0.503792ms)
✔ x-decision-versions 引用 DEC-002 且版本与决策登记一致 (0.060834ms)
✔ 冻结值：Telemetry/Report/Tamper 为 AUDITED，Command 及其余为 STANDARD (0.150667ms)
✔ Tier 与 topic-catalog.json 的 payloadEnvelope 完全一致 (0.055917ms)
✔ Tier 与 11 个 MQTT Schema 的 audit 强制完全一致 (0.612292ms)
✔ 失败关闭：未知 Topic 拒绝并抛出稳定错误 (0.243792ms)
✔ Tier 条目消费者均为合法任务 ID 且覆盖 DEC-002 阻塞任务 (0.155625ms)
✔ 登记覆盖全部 11 个 Topic 且 TS 常量与 topic-tier.json 完全一致 (0.113584ms)
✔ catalog 恰好包含 8 个上行和 3 个下行 Topic (0.598417ms)
✔ 11 个 Topic 的方向与 QoS 矩阵全部符合契约 (0.110542ms)
✔ TS 常量与 topic-catalog.json 完全一致 (0.090166ms)
✔ 合法 Topic 可解析出 deviceId/type/direction (0.113792ms)
✔ buildTopic 与 parseTopic 往返一致 (0.080708ms)
✔ 未知层级和空 deviceId 被拒绝 (0.233ms)
✔ buildTopic 拒绝空和非法 deviceId (0.089542ms)
✔ 权限模板：设备只能发布自身上行、只能订阅自身下行 (0.094667ms)
✔ 权限模板拒绝非法 deviceId (0.06625ms)
✔ 六个端点齐备且 CognitoJwt 认证；响应码齐备 (0.642708ms)
✔ 筛选参数齐备：severity/status/device/site/时间范围 + 游标分页 (0.097125ms)
✔ Schema 封闭：Alarm 处理字段（操作者/原因/时间）与 replayed 齐备；确认/清除强制 reason (0.069125ms)
✔ 所有 $ref 可解析（内部引用 + 同目录相对引用 openapi-base.json） (0.324875ms)
✔ 端点齐备且 CognitoJwt 认证：列表 + 详情 (0.59ms)
✔ 只读 API：不存在任何写路由（post/put/patch/delete） (0.065625ms)
✔ 筛选参数齐备（actor/Customer/对象/动作/结果/时间 + 游标分页）；响应不暴露敏感字段 (0.107167ms)
✔ 所有 $ref 可解析（内部引用 + openapi-base.json） (0.192ms)
✔ 端点存在且 Cognito 认证；轮换请求视图为七字段且不含密钥材料 (1.909875ms)
✔ 所有 $ref 可解析（内部引用 + 同目录相对引用 openapi-base.json） (0.435917ms)
✔ 端点齐备且 CognitoJwt 认证；201 创建 + 200 幂等重放 + 409 冲突/状态门 (0.573791ms)
✔ 命令枚举与 CT-04 目录 22 个白名单一致；确认凭证与 timeoutSec 边界齐备 (0.092458ms)
✔ 响应 Schema 封闭且含 requestedBy/expiresAt/replayed/confirmedBy (0.051833ms)
✔ BE-CMD-03 查询端点齐备：列表/详情 + 状态枚举 + attempts/acks 时间线 (0.093208ms)
✔ 所有 $ref 可解析（内部引用 + 同目录相对引用 openapi-base.json） (0.275958ms)
✔ 七个端点齐备且 Cognito 认证；operationId 与响应码齐备 (0.663209ms)
✔ Schema 封闭：DEC-018 冻结 V1 四字段、单位、范围与默认值 (0.186833ms)
✔ 所有 $ref 可解析（内部引用 + 同目录相对引用 openapi-base.json） (0.313458ms)
✔ 列表与按需联系人端点齐备且 Cognito 认证；筛选参数齐备 (0.629708ms)
✔ Schema 封闭：两种耗材列恒在；列表零联系人 PII；按需联系人独立；百分比 0~100 (0.090917ms)
✔ 所有 $ref 可解析（内部引用 + 同目录相对引用 openapi-base.json） (0.223125ms)
✔ 六个端点齐备且 Cognito 认证；状态迁移强制 If-Match (0.662833ms)
✔ Schema 封闭：四态枚举/source 固定 ADMIN/幂等 replayed/完整历史字段 (0.088416ms)
✔ 所有 $ref 可解析（内部引用 + 同目录相对引用 openapi-base.json） (0.283083ms)
✔ 八个端点齐备且 Cognito 认证；写操作强制 If-Match (0.693375ms)
✔ Schema 封闭：五态枚举/唯一编号/强制原因/派生状态/最小权限 contact (0.103958ms)
✔ 所有 $ref 可解析（内部引用 + 同目录相对引用 openapi-base.json） (0.302917ms)
✔ 五个端点齐备且 Cognito 认证；operationId 与响应码齐备 (0.650375ms)
✔ Schema 封闭：设备视图字段齐备/关联窗口/强制原因/批量语义 (0.096084ms)
✔ 所有 $ref 可解析（内部引用 + 同目录相对引用 openapi-base.json） (0.286583ms)
✔ 六端点齐备且 Cognito 认证；写操作声明 If-Match；响应码齐备 (0.690041ms)
✔ Customer 视图六字段封闭；status 枚举 ACTIVE|SUSPENDED；请求体封闭 (0.08025ms)
✔ 所有 $ref 可解析（内部引用 + 同目录相对引用 openapi-base.json） (0.271125ms)
✔ 端点齐备且 CognitoJwt 认证：仅 GET 总览（只读，无写路由） (0.577958ms)
✔ 总览 DTO 齐备：Contract/设备分布/在线率/今日 ESG/最新告警/设备卡片；四轴分离不合并 (0.161375ms)
✔ 所有 $ref 可解析（内部引用 + openapi-base.json） (0.221958ms)
✔ 列表/详情端点存在且 Cognito 认证；筛选参数齐备；响应码齐备 (0.668333ms)
✔ Device 视图字段封闭（原型设备群表格字段均有来源）；证书仅摘要 (0.170125ms)
✔ BE-DEV-06 元数据 PATCH 端点：白名单仅 alias + If-Match 乐观锁 + 409 冲突语义 (0.083625ms)
✔ 所有 $ref 可解析（内部引用 + 同目录相对引用 openapi-base.json） (0.279042ms)
✔ 分配/历史端点齐备且 Cognito 认证；响应码齐备 (0.59025ms)
✔ DeviceAssignment 视图封闭：授权窗口（assignedAt/endedAt）+ 幂等/通知字段齐备 (0.087542ms)
✔ 所有 $ref 可解析（内部引用 + 同目录相对引用 openapi-base.json） (0.204833ms)
✔ 端点齐备且 CognitoJwt 认证：console/activities/export/导出详情 (0.634292ms)
✔ 四轴分离 + 数据块 observedAt/stale/单位；最新 Media 可选块稳定可空 (0.110417ms)
✔ 不透传 MQTT 原始消息、不含实时流/运维字段；所有 $ref 可解析 (0.34175ms)
✔ retire/force-complete 端点齐备且 Cognito 认证；响应码齐备 (0.627375ms)
✔ 请求体封闭：retire 强制原因 + confirm 恒 true；视图封闭且通知枚举正确 (0.093125ms)
✔ 所有 $ref 可解析（内部引用 + 同目录相对引用 openapi-base.json） (0.214791ms)
✔ suspend/reactivate 端点齐备且 Cognito 认证；响应码齐备 (0.624625ms)
✔ 请求体封闭：挂起强制原因；恢复强制原因 + issueResolved 恒 true；通知枚举正确 (0.087583ms)
✔ 所有 $ref 可解析（内部引用 + 同目录相对引用 openapi-base.json） (0.257417ms)
✔ 七个端点齐备且 Cognito 认证；写操作强制 If-Match (0.689416ms)
✔ Schema 封闭：管理 DTO 无 PHC；写接口只受控接收 writeOnly password (0.50125ms)
✔ 所有 $ref 可解析（内部引用 + 同目录相对引用 openapi-base.json） (0.38075ms)
✔ 八个端点齐备且 CognitoJwt 认证；导出创建返回 202 (0.666875ms)
✔ 查询筛选参数齐备（customerId/siteId/deviceId/时间范围 + 游标）；reports 含 reportType (0.098166ms)
✔ Schema 封闭：导出数据集枚举、短期 URL 过期字段、CSV 一致性字段 (0.074708ms)
✔ 所有 $ref 可解析（内部引用 + 同目录相对引用 openapi-base.json） (0.34775ms)
✔ 八个端点齐备且 Cognito 认证；operationId 与响应码齐备 (0.654833ms)
✔ Schema 封闭：七态枚举/Entitlement 三码/签名字段/强制原因/幂等与派生字段 (0.096958ms)
✔ 所有 $ref 可解析（内部引用 + 同目录相对引用 openapi-base.json） (0.337708ms)
✔ 四个审批端点存在且使用 Cognito JWT 认证 (0.597125ms)
✔ approve/reject 强制 If-Match；reject 强制 reason (0.094708ms)
✔ 申请 DTO 不含 CSR 原文 (0.047875ms)
✔ 管理端明确暴露内部 TIMED_OUT，列表状态过滤为封闭枚举 (0.055416ms)
✔ 所有 $ref 可解析（内部引用 + 同目录相对引用 openapi-base.json） (0.217167ms)
✔ 端点齐备且 CognitoJwt 认证：创建/列表/详情/targets/扩大批次/pause/resume/cancel/retry (0.683333ms)
✔ 首批强制恰好 1 台；最终全量审批契约封闭；状态机枚举封闭 (0.088ms)
✔ 视图封闭且不泄露内部字段；批次/重试结果结构稳定 (0.07025ms)
✔ 所有 $ref 可解析（内部引用 + 同目录相对引用 openapi-base.json） (0.385709ms)
✔ 端点齐备且 CognitoJwt 认证：上传会话/complete/列表/详情 (2.122708ms)
✔ packageType/sha256 与 CT-03 OTA Schema 一致；创建字段封闭且签名必填 (0.075292ms)
✔ 状态机封闭：UPLOADED/VERIFIED/RETIRED；可发布=VERIFIED；视图不泄露信任根 (0.097667ms)
✔ 所有 $ref 可解析（内部引用 + 同目录相对引用 openapi-base.json） (0.259334ms)
✔ 端点存在且 Cognito 认证；三端点（create/list/detail）响应码齐备 (0.614958ms)
✔ ReplayJob 视图七字段封闭；状态枚举与统计字段齐备；scope 封闭 (0.087334ms)
✔ 所有 $ref 可解析（内部引用 + 同目录相对引用 openapi-base.json） (0.223041ms)
✔ 端点齐备且 CognitoJwt 认证：列表/读取/更新（无删除与新建路由） (0.591792ms)
✔ 封闭 key 集与乐观锁版本控制；固定枚举不可经 API 改写 (0.115334ms)
✔ 所有 $ref 可解析（内部引用 + openapi-base.json） (0.19375ms)
✔ 六端点齐备且 Cognito 认证；写操作声明 If-Match；响应码齐备 (0.633791ms)
✔ Site 视图字段封闭（含 deviceCount/version）；status 枚举；请求体封闭且更新体不含 customerId (0.079833ms)
✔ 所有 $ref 可解析（内部引用 + 同目录相对引用 openapi-base.json） (0.279667ms)
✔ 端点齐备且 CognitoJwt 认证：列表/邀请/角色/scope/停用/密码重置 (0.650875ms)
✔ 角色封闭集与 DEC-012 映射；输入不含密码字段；响应不含凭证材料 (0.109709ms)
✔ 所有 $ref 可解析（内部引用 + openapi-base.json） (0.27175ms)
✔ 端点存在且使用 Device mTLS 认证 (0.602083ms)
✔ 轮换契约：请求强制 currentCertificateId；响应五字段；409/403/400/401 齐整 (0.107792ms)
✔ 状态契约为四态枚举且响应不含 PEM/私钥字段 (0.068375ms)
✔ 状态查询由 mTLS 身份定位证书，不增加源稿未定义的 deviceId Query (0.045084ms)
✔ 所有 $ref 可解析（内部引用 + 同目录相对引用 openapi-base.json） (0.187ms)
✔ deactivate 端点齐备且 DeviceMtls 认证；响应码齐备 (0.627209ms)
✔ 响应视图封闭：退役记录 + 证书摘要（无证书材料字段）；幂等字段齐备 (0.147167ms)
✔ 所有 $ref 可解析（内部引用 + 同目录相对引用 openapi-base.json） (0.191708ms)
✔ BE-ONB-01 端点存在且 CSR 首次申请无需预置 Token (0.571875ms)
✔ 请求体包含设备资料和必填 CSR (0.095666ms)
✔ 成功响应含 requestId 与 PENDING 状态（200 幂等重放 / 201 新建） (0.069292ms)
✔ 匿名申请负向响应覆盖稳定错误码语义：400/404/409/429/500 (0.063833ms)
✔ 所有 $ref 可解析（内部引用 + 同目录相对引用 openapi-base.json） (0.216916ms)
✔ BE-ONB-03 status 端点：requestId 与 CSR 私钥签名，三态响应不含设备私钥 (0.093458ms)
✔ BE-OTA-03 下载兑换必须使用 Device mTLS 且绑定 target/token (0.55725ms)
✔ 一次性兑换响应禁止缓存，并封闭安全失败状态 (0.374208ms)
✔ 六个设备 Endpoint 的 Method、Path 完整且认证方式符合 DEC-025 (0.656375ms)
✔ Onboarding 按 DEC-026 增加 chain 与 REST，保留顶层结构，不使用 data/meta 包裹 (0.074125ms)
✔ Certificate 与 Sync 关键字段遵循源稿日期、枚举、用户和配置结构 (0.088709ms)
✔ 管理端 License/Device 投影不把源稿 OTA entitlement 改名为 OTA_UPDATE (0.038083ms)
✔ 所有 REST OpenAPI 使用当前正式决策登记版本且无非法 SEC 决策引用 (6.10375ms)
✔ sync 端点齐备且 DeviceMtls 认证；响应码齐备 (0.577959ms)
✔ 请求体封闭：lastSyncTime 与可选许可证确认 (0.059209ms)
✔ 快照顶层与源稿六域同形，兼容元数据不成为必填线协议 (0.189875ms)
✔ Retired 退役确认待处理设备仍可 Sync，契约不在认证层全局拒绝 (0.074334ms)
✔ 所有 $ref 可解析（内部引用 + 同目录相对引用 openapi-base.json） (0.313708ms)
✔ 许可证确认绑定版本与快照，规范验签输入保留完整UTC时间 (0.091083ms)
✔ 基座 SuccessResponse 结构：data + meta(requestId, UTC timestamp) (1.695958ms)
✔ 游标分页响应与往返解析 (0.125625ms)
✔ 非法游标返回 CURSOR_INVALID（400） (0.142875ms)
✔ limit 归一化：默认 50，范围 1~100 (0.070333ms)
✔ Idempotency-Key：缺失/非法被拒绝，合法值透传 (0.097667ms)
✔ If-Match 并发版本冲突返回确定的 409 (0.172458ms)
✔ 验证失败有确定响应（400 + VALIDATION_FAILED） (0.100166ms)
✔ 异常映射器不泄露堆栈、SQL 或 AWS 内部错误 (0.070667ms)
✔ 错误码目录、HTTP 状态映射与 OpenAPI ErrorCode 枚举三者一致 (0.096833ms)
✔ OpenAPI 基座结构有效：四个 API 分组与安全方案 (0.10075ms)
✔ OpenAPI 基座所有内部 $ref 均可解析（无悬空引用） (0.141083ms)
✔ 设备端：上传会话端点齐备且 DeviceMtls 认证；输入封闭；objectPath 由服务端签发 (0.695041ms)
✔ 管理端：列表/下载端点齐备且 CognitoJwt 认证；视图不泄露内部存储信息 (0.140209ms)
✔ Media 状态枚举封闭（AVAILABLE/DELETED）；配额/大小/TTL 引用 DEC-024 冻结值 (0.086541ms)
✔ 所有 $ref 可解析（内部引用 + openapi-base.json） (0.261209ms)
✔ 策略 JSON 通过自身 JSON Schema 结构校验 (0.734125ms)
✔ 负向结构：非法枚举、非空待冻结参数与缺失字段被 Schema 拒绝 (0.331667ms)
✔ x-decision-versions 引用 DEC-003 且版本与决策登记一致 (0.053708ms)
✔ 暂定值定性规则可执行：KMS 信封、一次性领取、成功即销毁、丢失重签 (0.062ms)
✔ 冻结参数可直接执行：24 小时、一次成功领取、无待定参数 (0.064959ms)
✔ 策略消费者均为合法任务 ID 且覆盖 DEC-003 阻塞任务与 SEC-01 (0.114834ms)
✔ TS 常量与 certificate-package-policy.json 完全一致 (0.108875ms)
✔ 策略 JSON 通过自身 JSON Schema 结构校验 (0.717125ms)
✔ 负向结构：复用云端 Hash、非独立 salt 与非法字段被 Schema 拒绝 (0.339083ms)
✔ x-decision-versions 引用 DEC-004 且版本与决策登记一致 (0.05325ms)
✔ 暂定值定性规则可执行：设备本地专用、禁复用云端 Hash、每用户 salt、仅 Sync 下发 (0.0955ms)
✔ 冻结参数可直接执行：Argon2id PHC、固定参数与长度 (0.067416ms)
✔ 策略消费者均为合法任务 ID 且覆盖 DEC-004 阻塞任务 (0.107667ms)
✔ TS 常量与 device-user-verifier-policy.json 完全一致 (0.091584ms)
✔ 策略 JSON 通过自身 JSON Schema 结构校验 (0.71825ms)
✔ 负向结构：跳过服务端验签、非失败关闭与内嵌信任根被 Schema 拒绝 (0.325083ms)
✔ 暂定值定性规则可执行：服务端验签强制、失败关闭、载荷字段锁定、信任根带外分发 (0.09525ms)
✔ DEC-022 冻结算法、信任根类型、编码且无待定参数 (0.052375ms)
✔ DEC-022 固定 RSA/SHA-256 测试向量可复验 (0.679708ms)
✔ 策略消费者均为合法任务 ID 且覆盖 BE-OTA-01 (0.106625ms)
✔ TS 常量与 ota-package-signature-policy.json 完全一致 (0.085083ms)
✔ 四类业务设置共享版本化 JSON Schema 与运行时校验器 (22.58875ms)
ℹ tests 302
ℹ suites 0
ℹ pass 302
ℹ fail 0
ℹ cancelled 0
ℹ skipped 0
ℹ todo 0
ℹ duration_ms 703.802416

> food-digester-platform@0.0.0 test:scripts /Users/anray/Documents/project/hiddenjoyacom/food-digester-platform
> node --import tsx --test scripts/*.test.mjs

✔ bootstrap input is bound to the normalized email and never accepts a password (1.750125ms)
✔ successful bootstrap creates Cognito identity before committing linked database user (0.467292ms)
✔ non-pristine Cognito or database fails before any mutation (0.2345ms)
✔ database failure deletes Cognito identity and records compensated failure (0.217167ms)
✔ failed Cognito compensation keeps reconciliation required (0.123083ms)
✔ source approval requires exact SHA and packager embeds committed SHA (7923.591334ms)
✔ runner without approved source fails closed without leaking configuration (23.841167ms)
✔ serial and parallel repeated browser receipts are validated (6.428291ms)
✔ fail closed: missing required flow (0.187417ms)
✔ fail closed: skipped execution (0.112583ms)
✔ fail closed: flaky execution (0.093625ms)
✔ fail closed: retry hides failure (0.099459ms)
✔ fail closed: unexpected error (0.087167ms)
✔ fail closed: missing isolated trace (0.080667ms)
✔ fail closed: data prefix reused (2.669208ms)
✔ fail closed: context cleanup failed (0.138292ms)
✔ fail closed: unmocked network request (0.141959ms)
✔ fail closed: missing role proof (0.18375ms)
✔ fail closed: wrong route permission (0.168583ms)
✔ fail closed: Auditor OTA write enabled (0.159375ms)
✔ fail closed: missing MFA assertion (0.170084ms)
✔ fail closed: missing conflict response (0.183292ms)
✔ fail closed: missing forbidden response (0.2565ms)
✔ fail closed: missing repeat (0.094625ms)
✔ repeat traces cannot duplicate the first execution (0.175083ms)
✔ manifest exactly matches independent Playwright discovery (750.250209ms)
✔ discovery fails closed: missing case (0.423125ms)
✔ discovery fails closed: extra case (0.285625ms)
✔ discovery fails closed: duplicate replacing required case (0.18975ms)
✔ old Viewer permission cannot pass the updated matrix (0.320042ms)
✔ required behavioral proof cannot be missing: QA-09 设备管理长别名和序列号在375px完整换行且不裁切 (0.187083ms)
✔ required behavioral proof cannot be missing: H-01 API 拒绝停用会话后清除浏览器会话并返回登录 (0.15025ms)
✔ required behavioral proof cannot be missing: M-01 CustomerViewer 从菜单查询设备用户详情，全部写入口隐藏 (0.141458ms)
✔ required behavioral proof cannot be missing: UI redesign: all business routes at 1366x768 (0.126ms)
✔ required behavioral proof cannot be missing: UI redesign: all business routes at 1440x900 (0.997125ms)
✔ required behavioral proof cannot be missing: UI redesign: all business routes at 1920x1080 (0.304292ms)
✔ required behavioral proof cannot be missing: QA05 login SRP MFA error success logout without persisting password (0.279417ms)
✔ required behavioral proof cannot be missing: QA05 ESG cursor totals export snapshot timezone and empty state (0.2395ms)
✔ required behavioral proof cannot be missing: QA05 Command dangerous confirmation terminal result and publish failure (0.2545ms)
✔ required behavioral proof cannot be missing: QA05 Media expiry renew 403 and audit read-only zero writes (0.240959ms)
✔ serial and repeated phases require all 108 independent prefixes (0.71325ms)
✔ phase budget accounts for startup, executions and worker slots, with a finite ceiling (0.068042ms)
✔ invalid phase budget rejected: repeat=0 workers=1 (0.045208ms)
✔ invalid phase budget rejected: repeat=1 workers=0 (0.025208ms)
✔ invalid phase budget rejected: repeat=0.5 workers=1 (0.021916ms)
✔ invalid phase budget rejected: repeat=1 workers=0.5 (0.023584ms)
✔ invalid phase budget rejected: repeat=Infinity workers=1 (0.020958ms)
✔ invalid phase budget rejected: repeat=1 workers=NaN (0.027ms)
✔ real child-process timeout is classified and cannot create a successful phase (53.307291ms)
✔ failed/killed process cannot pass: status=1 (0.213042ms)
✔ failed/killed process cannot pass: status=null (0.092459ms)
✔ spawn errors reject without disclosing raw process error details (0.212417ms)
✔ successful process may proceed to the strict report and trace validator (0.083417ms)
✔ 真实 OpenAPI 片段可确定性打包且无外部引用 (43.293959ms)
✔ bundle 新鲜度检查拒绝缺失或过期产物 (72.057583ms)
✔ 失败示例：非法 OpenAPI 版本与缺少 responses 被拒绝 (0.163209ms)
✔ 失败示例：全局重复 operationId 被拒绝 (0.070542ms)
✔ 失败示例：非法 parameter 与 Schema 被拒绝 (0.108333ms)
✔ 仓库提交的统一 bundle 与当前片段一致 (29.908791ms)
✔ scoped Gate accepts the archived real-target receipt, without promoting full acceptance (29.263458ms)
✔ scoped Gate rejects missing role (9.233208ms)
✔ scoped Gate rejects wrong SHA (6.502041ms)
✔ scoped Gate rejects unverified Lambda (10.138208ms)
✔ scoped Gate rejects runtime drift (6.436333ms)
✔ scoped Gate rejects mocked API (7.556416ms)
✔ scoped Gate rejects empty tenant (6.596541ms)
✔ scoped Gate rejects cross-Customer list leak (10.622459ms)
✔ scoped Gate rejects Viewer mutation accepted (6.15875ms)
✔ scoped Gate rejects expired old Token (9.757917ms)
✔ scoped Gate rejects two duplicate successes (34.256208ms)
✔ scoped Gate rejects two optimistic successes (6.131ms)
✔ scoped Gate rejects bundled Firefox (6.237875ms)
✔ scoped Gate rejects missing browser-role case (10.000959ms)
✔ scoped Gate rejects persisted edit belongs to another record (11.772042ms)
✔ scoped Gate rejects forbidden page rendered as business page (6.313792ms)
✔ scoped Gate rejects missing screenshot (1.810542ms)
✔ scoped Gate rejects cleanup duplicate hides missing ID (7.92325ms)
✔ scoped Gate rejects cleanup incomplete (14.668ms)
✔ scoped Gate rejects private credentials retained (6.679125ms)
✔ scoped Gate rejects scope promoted (7.414833ms)
✔ 当前管理后台源代码满足入口与组合根交付约束 (8.915459ms)
✔ 缺少入口和构建产物时失败关闭 (0.32825ms)
✔ FE-06 至 FE-19 任一任务或路由从事实源缺失时失败关闭 (5.060917ms)
✔ FE-11 至 FE-15 任一任务、路由或页面标识缺失时失败关闭 (6.208917ms)
✔ FE-06 至 FE-15 任一控制器或 operationId 缺失时失败关闭 (2.816ms)
✔ FE-11 至 FE-15 控制器或 operationId 缺失时失败关闭 (2.995458ms)
✔ FE-16 至 FE-19 任一任务、路由、控制器、页面标识或 operationId 缺失时失败关闭 (2.884916ms)
✔ App 移除显式页面分支时失败关闭 (3.56875ms)
✔ 完整目标回执覆盖双提交、隔离环境、五角色、七路由、五闭环与清理 (59.264542ms)
✔ 缺路由、角色、闭环或审计拒绝角色时失败关闭 (23.3315ms)
✔ mock、泄露、短链持久化、危险操作与只读写请求均失败关闭 (13.271666ms)
✔ 缺失回执、双部署提交漂移、HEAD 不一致与未清理均失败关闭 (19.919208ms)
✔ 目标 Gate 是显式发布步骤且不进入普通 verify (0.214458ms)
✔ 完整回执覆盖双提交、隔离环境、五角色、五路由、四闭环、隐私、双语布局与清理 (40.667792ms)
✔ 缺路由、角色、闭环、locale 或 viewport 时失败关闭 (50.591209ms)
✔ mock、权限、并发、泄露或布局不合格时失败关闭 (19.634708ms)
✔ 缺失回执、双部署提交漂移、HEAD 不一致与未清理均失败关闭 (10.91625ms)
✔ 目标 Gate 是显式发布步骤且不进入普通 verify (0.232333ms)
✔ 完整路由、五角色、五业务闭环、租户、并发、敏感字段与清理回执通过 (0.792583ms)
✔ 缺路由、角色或业务闭环时失败关闭 (0.144708ms)
✔ Cognito、部署 API、跨租户、并发与敏感字段证据不满足约束时失败关闭 (0.090292ms)
✔ 缺失回执、部署提交或 sourceCommit 不一致时失败关闭 (0.473042ms)
✔ 完整的 58 API、五角色、并发、ESG 与清理目标 AWS 回执通过 (0.821ms)
✔ 58 个回执 operationId 与九份正式业务 OpenAPI 精确一致 (4.884416ms)
✔ API 缺项、角色缺项与跨 Customer 放行均失败关闭 (0.302208ms)
✔ 并发或 ESG 证据不满足生产约束时失败关闭 (0.113708ms)
✔ 缺失回执与 sourceCommit 不匹配均失败关闭 (0.574625ms)
✔ 完整覆盖 25 API、五角色、竞态、退役与导出的隔离 AWS 回执通过 (0.887459ms)
✔ 缺 operation、跨租户放行、竞态双成功、证书未失活与 MQTT/S3 缺口均失败关闭 (0.216458ms)
✔ operation 成功状态与负向状态集合不完整时失败关闭 (0.094041ms)
✔ 回执缺失、非法 JSON 或 sourceCommit 不一致时独立发布 Gate 失败 (0.731792ms)
✔ 完整 Archive、Replay、Summary 目标 AWS 回执通过 (0.758208ms)
✔ 缺探针、重复归档、Replay 复制业务行和空 Summary 均失败关闭 (0.198333ms)
✔ 缺少回执或提交不一致时独立 Gate 失败 (0.556875ms)
✔ 完整隔离 AWS 回执覆盖 8 Topic、负向路径、QA-03 与清理时通过 (0.779416ms)
✔ 缺 Topic、未知 Topic 命中、Error Action 未恢复和原文漂移均失败关闭 (0.153541ms)
✔ 未提供目标 AWS 回执时独立发布 Gate 明确失败 (0.447417ms)
✔ 回执必须对应待发布的精确 Git 提交 (0.286041ms)
✔ 完整的 15 API、角色、Cognito、并发、S3、Dashboard、审计与清理回执通过 (0.944333ms)
✔ 15 个 operationId 与六份正式 OpenAPI 精确一致 (0.73625ms)
✔ API、角色、租户或安全/并发探针缺口均失败关闭 (0.211291ms)
✔ 缺失回执与 sourceCommit 不匹配均失败关闭 (1.028ms)
✔ 干净的依赖图通过检查 (1.533792ms)
✔ 共享包反向依赖 apps 被识别为边界违规 (0.832917ms)
✔ contracts 反向依赖 apps 被识别为边界违规 (0.619792ms)
✔ apps 之间互相依赖被识别为边界违规 (0.563042ms)
✔ 工作区循环依赖被检出 (1.023292ms)
✔ 非工作区依赖（外部 npm 包）不参与检查 (0.394333ms)
✔ 当前仓库通过边界与循环依赖检查 (2.823042ms)
✔ CDK WARNING 与规则校验编号会触发 Gate (0.559708ms)
✔ 正常 synth 输出不会误报 (0.384792ms)
✔ 已交付 Lambda 缺失或回退到内联 501 占位时 Gate 失败 (0.176166ms)
✔ 已交付 Lambda 使用 S3 asset 时 Gate 通过 (0.0595ms)
✔ CMD/OTA 生产接线 Gate 对 Worker/调度任一缺失均失败关闭 (0.194833ms)
✔ CMD/OTA 生产接线 Gate 对 IoT/S3/KMS 权限缺失失败关闭 (0.233625ms)
✔ 真实登记文件：结构校验通过，并准确识别当前未决 DEC (1.506542ms)
✔ 真实契约版本文件：decisionRegisterVersion 与登记一致 (4.265333ms)
✔ 契约版本不一致被拒绝 (0.420916ms)
✔ 重复决策 ID 被拒绝（已知冲突必须有唯一决策 ID） (0.1715ms)
✔ 原则与决策之间 ID 也全局唯一 (0.113209ms)
✔ pending 决策携带批准人被拒绝 (0.066083ms)
✔ frozen 决策必须有批准人、批准时间和 >=1.0.0 版本 (0.099833ms)
✔ blockingTasks 为空或格式非法被拒绝 (0.106166ms)
✔ history 必须非空且末条版本与条目版本一致 (0.09425ms)
✔ 非 UTC 时间戳被拒绝 (0.086375ms)
✔ CLI validate 模式：真实文件退出码 0 且输出实际未决数；--fail-on-pending 按实际未决数返回 (1.005542ms)
✔ CLI：结构错误退出码 1 (0.701708ms)
✔ 追溯校验：合法 x-decision-versions 引用通过（Schema 可追溯到决策版本） (2.255875ms)
✔ 追溯校验：不存在的决策 ID 被拒绝 (0.983792ms)
✔ 追溯校验：引用版本与登记版本不一致被拒绝 (0.742459ms)
✔ 追溯校验：缺少 x-decision-versions 或格式非法被拒绝 (0.779792ms)
✔ 追溯校验：嵌套在 OpenAPI info 下的 x-decision-versions 可被递归发现 (0.833917ms)
✔ 已交付 API（含管理后台 P1）的 129 个 OpenAPI operation 与生产路由双向一致 (8.759083ms)
✔ 版本化已交付清单缺失、重复或引用不存在文件时失败关闭 (1.06725ms)
✔ 缺失、额外、重复及 method/path 漂移均失败关闭 (0.160292ms)
✔ CMD/OTA 治理 Gate 校验四份 REST 契约及 DEC-022/023 冻结状态 (3.4315ms)
✔ 有效链接、无易漂移计数且工具链配对正确时通过 (2.025625ms)
✔ 损坏的仓库内 Markdown 链接被拒绝 (0.7545ms)
✔ 陈旧测试计数或不兼容工具链声明被拒绝 (0.638875ms)
✔ 当前仓库 ENG/DB/DOM 与 IAC/AUTH/SEC 任务文档证据一致 (20.123792ms)
✔ BE-IOT-01～08 文档全部纳入默认链接与证据门禁 (0.103375ms)
✔ BE-ARC/RPL/ESG 四份文档及 P2 回归纳入默认证据门禁 (0.051666ms)
✔ 11 份管理后台业务文档全部纳入默认链接与证据门禁 (0.048459ms)
✔ BE-MED/RBAC/AUD/DASH/SET 五份文档纳入状态与 AWS 证据门禁 (0.045292ms)
✔ FE-06～FE-10 五份前端文档纳入四层状态与目标回执门禁 (0.045708ms)
✔ FE-11～FE-15 五份前端文档纳入四层状态与独立目标回执门禁 (0.075875ms)
✔ 前端任务文档拒绝缺层级、问题责任字段、目标 Gate 和 P1 陈旧描述 (0.08375ms)
✔ FE-11～FE-15 文档拒绝旧缺陷、任务级勾选及旧目标 Gate (0.055584ms)
✔ BE-MED/RBAC/AUD/DASH/SET 文档拒绝缺状态层、陈旧参数和设置生效误述 (0.051ms)
✔ 管理后台业务文档拒绝缺证据引用和陈旧决策或部署说法 (0.045583ms)
✔ BE-ARC/RPL/ESG 文档拒绝缺审计快照和生产接线边界外旧说法 (0.043542ms)
✔ BE-IOT 文档拒绝缺少审计快照、Report P2002 与 Media 另路由旧说法 (0.053292ms)
✔ BE-IOT 严格负向探针必须保留为可定位的永久回归 (5.343833ms)
✔ 安全任务文档拒绝历史计数、缺少 verify 命令与陈旧 DEC-012 状态 (0.271667ms)
✔ 安全任务文档接受当前命令、审计快照引用与 frozen 决策 (0.084417ms)
✔ 当前仓库（DB-01 已落地）Migration 结构通过 (7.879041ms)
✔ schema.prisma 未落地时跳过并通过（骨架期行为） (0.234291ms)
✔ 失败示例：Schema 已存在但无任何 Migration（未提交 Migration） (0.425417ms)
✔ 失败示例：migrations/ 为空且缺少 migration_lock.toml (1.155125ms)
✔ 失败示例：Migration 目录名非法与空 migration.sql (4.43ms)
✔ 合法 Migration 结构通过 (1.074709ms)
✔ 失败示例：已有旧 Migration 但 Schema 已变化且未登记快照 (0.722041ms)
✔ 真实矩阵通过完整性检查 (1.8975ms)
✔ 真实引用集合：41 个矩阵 API 与 13 个 routeId 全部可解析 (0.368625ms)
✔ index19.html 源清单：9 个菜单、12 个页面、128 个元素与矩阵双向覆盖 (0.320209ms)
✔ 真实矩阵：9 菜单、12 页面、每项均有处置结论 (0.237625ms)
✔ 被拒绝的实时流、明文密码、状态混用不携带实现任务 (0.215666ms)
✔ 矩阵的 x-decision-versions 可追溯到决策登记（DEC-007~012） (0.988292ms)
✔ 缺少菜单或页面被拒绝 (0.245875ms)
✔ 重复元素 ID 被拒绝 (0.089167ms)
✔ Adapt/Reject 缺少依据被拒绝 (0.083041ms)
✔ Adopt/Adapt 生产字段缺少 API 来源被拒绝 (0.102291ms)
✔ rejectCategory 项非 Reject 或携带实现任务被拒绝 (0.079125ms)
✔ 未知角色被拒绝（R7） (0.06875ms)
✔ 格式合法但不存在的 operationId、routeId 与响应字段被拒绝 (0.872417ms)
✔ planned operation 的任务归属漂移被拒绝 (0.285958ms)
✔ 源清单与矩阵任一侧删除元素均被双向覆盖检查拒绝 (2.811167ms)
✔ index19.html 内容变化但未重新盘点源清单时失败关闭 (3.634292ms)
✔ 重复 operationId 与 routeId 被引用索引拒绝 (1.143583ms)
✔ CLI：真实矩阵退出码 0，违规矩阵退出码 1 (26.612875ms)
✔ remaining scope cannot replace full core, Active acceptance or failed cleanups (0.466625ms)
✔ 当前仓库全部 Schema、OpenAPI 片段与统一 bundle 通过引用校验 (83.145375ms)
✔ 失败示例：悬空内部 $ref 被拒绝 (0.717583ms)
✔ 失败示例：同目录相对 $ref 目标文件不存在被拒绝 (0.881041ms)
✔ 失败示例：JSON 语法损坏的 Schema 被拒绝 (0.4045ms)
✔ 失败示例：JSON Schema 2020-12 非法 type 被元 Schema 拒绝 (0.8705ms)
✔ 失败示例：OpenAPI 基座缺少 paths 被拒绝 (0.555833ms)
✔ 同目录相对 $ref 可解析时通过 (0.62525ms)
✔ 失败示例：PEM 私钥块被检出 (0.569584ms)
✔ 失败示例：AWS Access Key ID 被检出 (0.071791ms)
✔ 失败示例：GitHub 令牌被检出 (0.050833ms)
✔ 失败示例：Slack 令牌被检出 (0.047416ms)
✔ 正常内容不误报 (0.3785ms)
✔ 失败示例：未跟踪且未忽略文件中的私钥也被扫描 (53.714542ms)
✔ 当前仓库通过敏感信息扫描 (3599.148541ms)
✔ 生产源码直接 console 与 raw trace API 均被拒绝 (1.848458ms)
✔ 测试目录可使用 console，生产统一 logger 允许 (1.109042ms)
✔ 当前仓库生产源码通过 sink 门禁 (157.10425ms)
✔ QA-02 MQTT heartbeat: all valid/invalid fixtures, missing meta and type mutation (14.568709ms)
✔ QA-02 MQTT telemetry: all valid/invalid fixtures, missing meta and type mutation (2.043166ms)
✔ QA-02 MQTT report: all valid/invalid fixtures, missing meta and type mutation (2.02225ms)
✔ QA-02 MQTT alarm: all valid/invalid fixtures, missing meta and type mutation (1.326416ms)
✔ QA-02 MQTT event: all valid/invalid fixtures, missing meta and type mutation (0.840166ms)
✔ QA-02 MQTT ack: all valid/invalid fixtures, missing meta and type mutation (1.15ms)
✔ QA-02 MQTT tamper: all valid/invalid fixtures, missing meta and type mutation (1.891166ms)
✔ QA-02 MQTT media: all valid/invalid fixtures, missing meta and type mutation (0.907666ms)
✔ QA-02 MQTT cmd: all valid/invalid fixtures, missing meta and type mutation (1.227875ms)
✔ QA-02 MQTT ota: all valid/invalid fixtures, missing meta and type mutation (1.21775ms)
✔ QA-02 MQTT notification: all valid/invalid fixtures, missing meta and type mutation (1.00075ms)
✔ MQTT semantic hash, discriminator and UTC calendar errors fail closed (0.4215ms)
✔ full REST response: field deletion/type mutation/envelope/date/errors/status/headers are enforced (9.347125ms)
✔ REST request validation: required body/path/query/header, optional Sync, bodyless Deactivate, no type coercion in JSON (3.284667ms)
✔ all device operations and declared response JSON Schemas compile; stable error catalog has no duplicates (20.653875ms)
✔ predecessor MQTT is compatible; known REST break requires exact version and frozen DEC approvals (29.370291ms)
✔ breaking contract mutations fail: removing fields/operations/status, changing type/required/security (87.757958ms)
✔ receipt coverage gate fails closed for missing operations/statuses, no valid request and forged records (0.285792ms)
✔ archived CSR upgrade mapping still verifies original baselines without rewriting history (2.232834ms)
✔ QA04 coverage Gate accepts complete matrix and proofs (0.727084ms)
✔ QA04 coverage Gate rejects missing domain (0.207ms)
✔ QA04 coverage Gate rejects no negative path (0.108916ms)
✔ QA04 coverage Gate rejects untrusted handler (0.086ms)
✔ QA04 coverage Gate rejects missing role (1.169458ms)
✔ QA04 coverage Gate rejects cross-tenant leak (0.384416ms)
✔ QA04 coverage Gate rejects two write winners (0.339333ms)
✔ QA04 coverage Gate rejects duplicate audit (0.2935ms)
✔ QA04 coverage Gate rejects rollback missing (0.280542ms)
✔ QA04 coverage Gate rejects unclean resource (0.302917ms)
✔ QA04 coverage Gate rejects reused isolation (0.246458ms)
✔ QA04 coverage Gate rejects no observed replay (0.31025ms)
✔ QA04 required acceptance cases are enforced (1.015167ms)
✔ QA04 skipped assertion fails execution Gate (0.073125ms)
✔ QA04 removed state-machine assertion fails coverage Gate (0.403417ms)
✔ migration source requires exact approved commit (0.490959ms)
✔ migration connection requires complete secret and verified TLS; special credentials are encoded (0.4205ms)
✔ database verification derives every mapped Prisma table (0.460208ms)
✔ runner without approved source fails without reporting credentials or driver details (34.624417ms)
✔ source packager archives committed tree, includes exact SHA and refuses overwriting ZIP (7628.565ms)
✖ local TLS broker: 10 independent certificate sessions, QoS1, downlinks, reconnect and broker ACL rejection (137.907875ms)
✔ 10 concurrent sessions: all topics, exact 5% duplicates / 2% delayed telemetry, replay and isolated bad Schema (103.586625ms)
✔ cross-device publish, subscribe, receive and wildcard denied (0.44975ms)
✔ invalid configuration, OTA transitions and test credential gate fail closed (0.604208ms)
✔ scripted failed command, missing target mapping and illegal downlink do not generate mixed ACK (0.241667ms)
✔ all sessions close when one transport fails; no successful receipt (64.225666ms)
✔ MQTT adapter rejects SUBACK denial and connection failures (0.356125ms)
✔ CLI creates offline receipt and refuses ungated mqtts before reading credential paths (470.90275ms)
✔ CDK wrapper accepts synth/diff and requires explicit deploy stack (0.82825ms)
✔ CDK wrapper builds the whole workspace and fails closed on build errors (0.125459ms)
✔ CDK wrapper uses local SSO but requires OIDC credentials in GitHub Actions (0.082584ms)
✔ QA03 Gate accepts complete local integration receipt (0.551208ms)
✔ QA03 Gate rejects missing scenario (0.167334ms)
✔ QA03 Gate rejects unclean resources (0.077625ms)
✔ QA03 Gate rejects reused isolation prefix (0.077542ms)
✔ QA03 Gate rejects lost message (0.093125ms)
✔ QA03 Gate rejects duplicate business record (0.160375ms)
✔ QA03 Gate rejects missing raw proof (0.210042ms)
✔ QA03 Gate rejects missing fault probe (0.537458ms)
✔ receipt covers all 128 decisions in two viewports (2.530084ms)
✔ fail closed: missing page (0.320084ms)
✔ fail closed: skipped case (0.792375ms)
✔ fail closed: flaky success (0.237584ms)
✔ fail closed: retry (0.217875ms)
✔ fail closed: unexpected external network (0.185167ms)
✔ fail closed: fixture collision (0.178333ms)
✔ fail closed: missing cleanup (0.174167ms)
✔ fail closed: updated baseline masquerades as regression (0.184292ms)
✔ fail closed: missing group (0.236041ms)
✔ fail closed: duplicate group (0.187875ms)
✔ fail closed: missing rejection assertion (0.2015ms)
✔ fail closed: missing menu (0.17425ms)
✔ fail closed: missing behavior guard (0.177958ms)
✔ fail closed: wrong viewport (0.169875ms)
✔ fail closed: snapshot hash mismatch (0.185583ms)
✔ binding omission, duplication and reject implementation fail closed (0.271917ms)
✔ actual config guard accepts R0/R1 and final false restore without declaring business/P95 (0.591125ms)
✔ config rejects accountReadCandidate drift (0.128667ms)
✔ config rejects pool drift (0.052916ms)
✔ config rejects memory drift (0.04675ms)
✔ config rejects preconnect drift (0.049916ms)
✔ config rejects engineCpu drift (0.054917ms)
✔ config rejects envName drift (0.044667ms)
✔ config rejects revisionId drift (0.048709ms)
✔ config rejects codeSha256 drift (0.051542ms)
✔ config rejects state drift (0.074625ms)
✔ config rejects architecture drift (0.047458ms)
✔ config rejects source, inventory and concurrency drift (0.096417ms)
✔ new detail receipts require explicit matching actual flag, including false restore (0.106583ms)
✔ real gzip bytes bind exact own devices, raw outbox hash and canonical published hash (4.509958ms)
✔ scope expansion, unknown customer/device, modified bytes and missing archive fail closed (2.645375ms)
✔ IoT normalized raw body binds outbox bytes while original publication binds canonical payload (2.843458ms)
✔ quick MQTT profile requires exact additional telemetry ledger and cannot waive missing archives (3.728792ms)
✔ archive deadline uses actual S3 modification times and cannot green an eventual late archive (1.452167ms)
✔ redelivery rejects foreign archives, unbounded inventories and unbound certificates before AWS operations (1.895ms)
✔ C1 waits for both branches then independent query/checkout; C0 refuses candidate signal; warm absent is null (1.849208ms)
✔ preconnect proof rejects missing (0.082416ms)
✔ preconnect proof rejects duplicate (0.054083ms)
✔ preconnect proof rejects failed (0.055333ms)
✔ preconnect proof rejects foreign (0.069208ms)
✔ preconnect proof rejects bad timestamp (0.080875ms)
✔ preconnect proof rejects dispatch instead of settlement (0.059875ms)
✔ preconnect proof rejects not connection wait (0.059834ms)
✔ preconnect proof rejects query before preparation (0.09525ms)
✔ preconnect proof rejects checkout steals readiness (0.242417ms)
✔ preconnect proof rejects outside hook (0.441916ms)
✔ preconnect proof rejects invalid duration (0.0765ms)
✔ preconnect proof rejects orphan (0.052834ms)
✔ preconnect proof rejects consistently empty invocation identities (0.153375ms)
✔ nominal 30x profile cannot conceal a slower real publish window (5.853125ms)
✔ version proof requires CI deploy Amplify exact commit and 19 distinct verified artifact bytes (0.377167ms)
✔ own-fixture fault grant rejects shared changes and unknown faults while retaining deployment boundary (0.12875ms)
✔ database proof rejects foreign build, source, role and nonzero cleanup instead of trusting child PASS (0.286625ms)
✔ target gates reject missing finish cleanup required case and foreign device before live calls (0.564625ms)
✔ business cleanup preserves outside rows, rejects baseline drift and deletes own dependent rows atomically (1563.037916ms)
✔ fault injection rejects missing authorization and foreign export identity without mutation (1.93175ms)
✔ assertion-only validation cannot stand in for cleanup or whole target acceptance (0.688125ms)
✔ nonActive scope cannot enter the full wave that contains Active dependent probes (2.236417ms)
✔ foundation mode cannot be mistaken for full core or browser acceptance (0.120458ms)
✔ complete intermediate/root chain matches truststore and private key (3.279042ms)
✔ missing root is distinguished from valid signing certificate and key (0.390708ms)
✔ wrong parent, expired chain and wrong private key fail independently (0.915042ms)
✔ oversized worker chain, malformed values and arbitrary canaries never leak (1.235291ms)
✔ receipt gate accepts completed diagnostic with invalid chain, rejects data leak and missing cleanup (3.140917ms)
✔ approved exact Worker, Secret, KMS and original expiry scope is accepted (0.648167ms)
✔ removing role condition, wildcard Secret or extended expiry is rejected (0.331333ms)
✔ unrestricted KMS, different context or extra secret permissions are rejected (0.143084ms)
✔ repair gate requires retained versions, exact output binding and all cleanup (2.428459ms)
✔ only root field changes, original version remains immutable and AWSPREVIOUS (20.08275ms)
✔ baseline drift prevents all writes (0.114166ms)
✔ wrong fixed root prevents all writes (0.330375ms)
✔ unknown put outcome recovers immutable token without a second put (1.183333ms)
✔ candidate mutation fails before promotion (0.332834ms)
✔ concurrent current movement after candidate write is preserved (0.594833ms)
✔ unknown promotion response is recovered from current stages (0.859209ms)
✔ post-promotion failed readback rolls back only the known current candidate (0.596875ms)
✔ invalid version token rejects before accessing any secret (0.236458ms)
✔ rollback refuses to overwrite a concurrent foreign current version (0.658791ms)
✔ unknown AWS errors are returned as fixed codes without secret exception text (2.170042ms)
✔ successful promotion waits for metadata visibility without repeating stage writes (22.430458ms)
✔ existing current candidate is verified using read-only store without new versions or stage writes (0.905583ms)
✔ read-only recovery rejects changed fields without rolling back an existing current version (0.293ms)
✔ capacity planning includes operational and rotation idle overlap and rejects naive concurrency increase (0.449375ms)
✔ read recovery preserves original timeout, reads only one started ID and never replays a mutation (24.566333ms)
✔ known authorization, expired SSO, invalid JSON and unknown failures never retry (75.210792ms)
✔ two read recoveries are the global bound, repeated timeout remains FAIL (16.279917ms)
✔ started Build waiting is bounded by polls and elapsed time; non-success terminal status never admits cleanup (12.790167ms)
✔ every cloud ownership field and raw Plan is required before reading results (26.819417ms)
✔ CLI failure records exit/signal/timing, classifies recognized errors and stores no stderr or credentials (1.004166ms)
✔ cleanup observer persists each success/failure and preserves failure identity without raw message, stack or input (0.30975ms)
✔ sign-out failure still deletes and verifies own identity, retains failure and cannot admit cleanup PASS (0.215334ms)
✔ only UserNotFound proves absence, failed delete is retained, and surviving identity fails closed (0.222792ms)
✔ partition preserves 722ms without treating CPU as exclusive scheduling or compiler time (2.383833ms)
✔ split rejects missing setup (0.201125ms)
✔ split rejects setup gap (0.199083ms)
✔ split rejects setup wrong boundary (0.145792ms)
✔ split rejects missing (0.125917ms)
✔ split rejects duplicate (0.107584ms)
✔ split rejects foreign (0.102333ms)
✔ split rejects invalid CPU (0.103625ms)
✔ split rejects no CPU (0.132416ms)
✔ split rejects wrong boundary (0.181708ms)
✔ split rejects failed (0.134458ms)
✔ split rejects gap (0.96725ms)
✔ split rejects overlap (0.103458ms)
✔ split rejects fake duration (0.065584ms)
✔ split rejects connection claim (0.042666ms)
✔ target observer setup gap remains rejected: 737ms/17ms (0.09425ms)
✔ target observer setup gap remains rejected: 498ms/18ms (0.031125ms)
✔ target observer setup gap remains rejected: 40ms/20ms (0.036834ms)
✔ explicit setup covers 17ms without shifting original entrance (0.055084ms)
✔ explicit setup covers 18ms without shifting original entrance (0.03625ms)
✔ explicit setup covers 20ms without shifting original entrance (0.045458ms)
✔ range reads keep the original default and permit bounded slow-link retry (0.342708ms)
✔ range reads reject unbounded, ambiguous and below-default timeouts (0.190875ms)
✔ read-only asset concurrency stays bounded independently of DB/API capacity (0.121959ms)
✔ cold sampler collector binds exact own REPORT and safe client metrics: patch (85.781875ms)
✔ cold sampler collector binds exact own REPORT and safe client metrics: audit (61.109583ms)
✔ two batches preserve six own contracts, six winners/conflicts and audits with a hard concurrency/request bound (88.795959ms)
✔ unknown write drains siblings and waits for Lambda quiescence without retry or false PASS (11.116792ms)
✔ audit drift fails closed: audit-id (9.707542ms)
✔ audit drift fails closed: foreign-list (8.953375ms)
✔ foreign context, missing baseline or excess batches fail before any dispatch/receipt (0.546458ms)
✔ sampling correlation ledger rejects foreign or missing HTTP rows even with a valid business result (24.322417ms)
✔ DLQ scope requires closed ledger, 20 exact IDs and fresh empty database proof (0.834458ms)
✔ one-shot worker deletes only exact retired pointers, restores unknown visibility, and exports no bodies or handles (2.741667ms)
✔ six exact request/time/status/extended/Lambda links pass without saving unrelated fields or requests (59.908667ms)
✔ correlation refuses complete proof for time (51.26575ms)
✔ correlation refuses complete proof for lambda-id (52.740708ms)
✔ correlation refuses complete proof for duplicate (46.272667ms)
✔ correlation refuses complete proof for missing-http (51.299333ms)
✔ audit GET binds list/detail operation and timeout UUID without claiming client success (113.9005ms)
✔ public child proof retains legacy partition and never implies compiler/server/P95 attribution (2.472333ms)
✔ detail rejects missing (0.143ms)
✔ detail rejects duplicate (0.099666ms)
✔ detail rejects foreign (0.326084ms)
✔ detail rejects failed (0.2985ms)
✔ detail rejects boundary (0.273375ms)
✔ detail rejects CPU (0.36425ms)
✔ detail rejects negative CPU (0.265875ms)
✔ detail rejects fraction (0.298417ms)
✔ detail rejects wait (0.278958ms)
✔ detail rejects wrong wait (0.21525ms)
✔ detail rejects gap (0.168208ms)
✔ detail rejects overlap (0.193166ms)
✔ detail rejects coverage (0.108833ms)
✔ detail rejects invalid time (0.077042ms)
✔ detail rejects off (0.058958ms)
✔ detail rejects two pg (0.052917ms)
✔ detail rejects unsettled (0.042ms)
✔ detail rejects root (0.055042ms)
✔ fresh planner preserves fixed budget, demands both detail modes, never dispatches (0.228625ms)
✔ legacy manifests cannot be promoted to detailed target proof (0.604167ms)
✔ hosted detail input byte binding is explicit and rejects run, mode, budget, context and hash drift (0.40075ms)
✔ checkpoint splits public await only and rejects legacy target promotion (0.46725ms)
✔ checkpoint rejects missing (0.213041ms)
✔ checkpoint rejects duplicate (0.175791ms)
✔ checkpoint rejects foreign (0.193458ms)
✔ checkpoint rejects failure (0.084916ms)
✔ checkpoint rejects CPU (0.069875ms)
✔ checkpoint rejects negative (0.053125ms)
✔ checkpoint rejects boundary (0.04775ms)
✔ checkpoint rejects wait (0.053834ms)
✔ checkpoint rejects gap (0.053708ms)
✔ checkpoint rejects overlap (0.063916ms)
✔ checkpoint rejects coverage (0.063375ms)
✔ checkpoint rejects invalid time (0.05975ms)
✔ await planner holds native candidate off and old manifests cannot satisfy new proof (1.959375ms)
✔ driver partition separates controlled wait and result access without causal claims (1.775666ms)
✔ reject crossed boundary (0.252958ms)
✔ reject nonfinite boundary (0.103333ms)
✔ reject missing boundary (0.08425ms)
✔ reject wrong sample order (0.102542ms)
✔ reject extra sample (0.613292ms)
✔ reject hidden query retry (0.29575ms)
✔ reject unreleased connection (0.167417ms)
✔ reject extra pool (0.167916ms)
✔ reject target equivalence (0.208042ms)
✔ reject compiler-only claim (0.184875ms)
✔ reject server-only claim (0.121417ms)
✔ reject wrong controlled recipe (0.1365ms)
✔ reject wrong account mode (0.158583ms)
✔ reject unproved phases (0.268292ms)
✔ cold summary requires exact transactional physical proof and never copies payloads (1.962042ms)
✔ strict load split preserves 5ms coverage and only public boundary attribution (0.702833ms)
✔ rejects foreign request (0.097875ms)
✔ rejects duplicate (0.063417ms)
✔ rejects missing model boundary (0.075542ms)
✔ rejects multiple SQL (0.053375ms)
✔ rejects root query (0.06075ms)
✔ rejects duplicate ownership (0.044334ms)
✔ rejects CPU attribution (0.060958ms)
✔ rejects boundary guess (0.099542ms)
✔ rejects gap (0.061334ms)
✔ rejects overlap (0.04925ms)
✔ rejects failure (0.049ms)
✔ rejects invalid wait (0.038042ms)
✔ phase proof covers success, conditional conflict and all audit reads without declaring latency/cleanup acceptance (1.343583ms)
✔ cold 409 gate requires matching cold phase flags and successful runtime initialization (3.314666ms)
✔ new account gate requires nested hook, Prisma query, first driver query and checkout on every request (0.550084ms)
✔ account gate rejects missing (0.501375ms)
✔ account gate rejects duplicate (0.533125ms)
✔ account gate rejects failure (0.231167ms)
✔ account gate rejects wait-boundary (1.815417ms)
✔ account gate rejects timestamp (0.206542ms)
✔ account gate rejects outside-hook (0.164458ms)
✔ phase proof rejects foreign-invocation (0.139375ms)
✔ phase proof rejects missing-transaction (0.085583ms)
✔ phase proof rejects conflict-code (0.092167ms)
✔ phase proof rejects missing-http (0.043167ms)
✔ phase proof rejects other-run (0.044333ms)
✔ bounded sampler requires physical Init Duration as well as application cold phases and retains client metrics (9.555583ms)
✔ bounded sampler rejects foreign-report (0.777083ms)
✔ bounded sampler rejects duplicate-report (0.151583ms)
✔ bounded sampler rejects no-socket-metrics (0.164583ms)
✔ bounded sampler rejects missing-body (0.103542ms)
✔ bounded sampler rejects over-budget (0.094625ms)
✔ bounded sampler rejects missing-audit (0.084458ms)
✔ client preparation requires actual dispatch, cold adapter suffix and leaves warm adapter timings absent (0.649792ms)
✔ client preparation rejects missing prepare (0.201167ms)
✔ client preparation rejects settlement is not driver dispatch (0.183833ms)
✔ client preparation rejects preparation after driver start (0.161375ms)
✔ client preparation rejects cold missing suffix (0.15925ms)
✔ client preparation rejects suffix outside preparation (0.1485ms)
✔ client preparation rejects wrong invocation (0.13575ms)
✔ client preparation cannot bypass account phase checks (0.117166ms)
✔ engine CPU mode proves preparation before model, preserves driver boundary and refuses old lazy ownership (1.578375ms)
✔ runtime assembly opt-in preserves both engine ownership modes and rejects old partial runtime receipts (7.289708ms)
✔ parent phase Gate requires engine/runtime and C1 settlement before queries; C0 refuses candidate phases (0.807459ms)
✔ new contract-load split opt-in cannot reuse an older unsplit target receipt (0.079625ms)
✔ success audits bind precisely and conflicts never have a success audit (0.360125ms)
✔ audit proof rejects duplicate (0.136209ms)
✔ audit proof rejects wrong-version (0.050792ms)
✔ audit proof rejects conflict-success (0.040166ms)
✔ Gateway overlap cannot conceal serialized Lambda executions (0.302625ms)
✔ three races accept either winner, bind every successful write to audit and advance once per version (47.809541ms)
✔ early failure still drains the late sibling before readback and never retries or reports PASS (2.411958ms)
✔ race fails closed for double-winner (6.002542ms)
✔ race fails closed for gateway-id (5.724375ms)
✔ race fails closed for audit-id (16.134041ms)
✔ foreign context fails before dispatch or receipt writes (0.347458ms)
✔ historical read scope rejects any resource outside the exact sealed old contract before live calls (0.0825ms)
✔ read-only completion accepts only all six settled exact successful PATCH receipts (0.715ms)
✔ cleanup/completion guard rejects unknown-write (0.185875ms)
✔ cleanup/completion guard rejects foreign-site (0.077416ms)
✔ cleanup/completion guard rejects wrong-account (0.063208ms)
✔ cleanup/completion guard rejects unfinished (0.068333ms)
✔ cleanup/completion guard rejects gateway-id (0.071084ms)
✔ log projection redacts payload/error details and rejects unrecognized events (0.463875ms)
✔ serialized AWS log projection preserves closed event names through the 20-sequence Gate (1.567583ms)
✔ specific redelivery needs matching SQS ID, final disposition and durable duplicate receipt (0.192ms)
✔ 20 sequence stage Gate rejects incomplete coverage and unrelated device evidence (0.671542ms)
✔ completed Build result tolerates delayed/truncated CloudWatch visibility and transient read failure without rerunning SQL (0.790167ms)
✔ wrong/multiple/failed frames and AccessDenied reject immediately, absent result fails closed after bounded reads (0.486833ms)
✔ expired SSO is a terminal authentication condition, never a transient log retry (0.08025ms)
✔ CloudWatch 250000-character fragments reassemble exact source-bound metadata without accepting truncation or another frame (5.592667ms)
✔ large fixture observations round-trip through bounded gzip without losing metadata (24.554833ms)
✔ compressed fixture frames reject corruption, noncanonical data and decompression bombs (70.671709ms)
✔ compressed metadata still requires the exact expected source/build/action binding (1.622958ms)
✔ fixed manifest rejects unsafe SQL identifiers, missing hash and duplicates (0.540208ms)
✔ migration comparison distinguishes missing, tampered, unfinished and rolled-back migrations (0.139125ms)
✔ snapshot uses repeatable read/read only, timeouts, fixed SELECTs and always rolls back (0.339333ms)
✔ writable transaction rejected before business queries and rolled back (0.176667ms)
✔ query failure rolls back instead of yielding partial PASS (0.114625ms)
✔ dedicated query project never changes migration project or passes StartBuild overrides (28.48475ms)
✔ legacy onboarding rows without CSR columns require reconciliation before migration (0.145875ms)
✔ query success preserves real migration BLOCKED instead of promoting readiness (0.728334ms)
✔ wrong build, writable transaction, unbound hash and fabricated migration PASS rejected (0.264167ms)
✔ missing table count cannot become complete SQL evidence (0.27475ms)
✔ explicit manual false overrides repository true and preserves capacity/immediate context (0.787375ms)
✔ manual deployment rejects branch/SHA, missing mode, phase drift and unsupported events before cloud work (0.162375ms)
✔ push keeps existing resolved defaults but cannot ignore explicit invalid input (0.068375ms)
✔ input pair gate never implies target acceptance and rejects SHA/config/context/duplicate run drift (0.362625ms)
✔ workflow records input receipt before verification/AWS and never interpolates manual input into shell (0.245ms)
✔ C0/C1 same SHA and engine=true differ only preconnect; push cannot turn candidate on (0.81425ms)
✔ R0/R1 input pair binds same SHA and budget, differs only account read; push always off (0.3295ms)
✔ detail is off on push, manual detail requires guarded preconnect and round trips both R inputs (0.297833ms)
✔ entity merge requires actual decisions on both viewports, scoped devices, versions and cleanup (0.617417ms)
✔ certificate merge cannot use review-only parent to claim real dual-channel certificate entity (0.098334ms)
✔ baseline normal/exact collection shares every ownership/PG/CPU field without business requests (75.288459ms)
✔ cold normal/exact collection shares every ownership/PG/CPU field without business requests (71.840458ms)
✔ audit normal/exact collection shares every ownership/PG/CPU field without business requests (63.305041ms)
✔ exact collection rejects source before another AWS read and preserves prior bytes (59.334166ms)
✔ exact collection rejects raw-bytes before another AWS read and preserves prior bytes (53.034167ms)
✔ exact collection rejects time before another AWS read and preserves prior bytes (87.829ms)
✔ exact collection rejects duplicate before another AWS read and preserves prior bytes (73.752ms)
✔ exact collection rejects id before another AWS read and preserves prior bytes (55.434416ms)
✔ exact collection rejects shared before another AWS read and preserves prior bytes (68.046167ms)
✔ exact collection rejects extended before another AWS read and preserves prior bytes (56.607291ms)
✔ exact collection rejects overwrite before another AWS read and preserves prior bytes (47.712666ms)
✔ exact collection rejects over-limit before another AWS read and preserves prior bytes (58.278834ms)
✔ parent snapshot covers every executed child source before any cloud fixture starts (3.046791ms)
✔ pre-start rejection is persisted and never retried; no started receipt or SQL is invented (671.774708ms)
✔ post-start authorization rejection retains exact Build receipt and failed read with no restart (527.956292ms)
✔ terminal failed Build remains FAIL, is known terminal and never reads successful frame (452.984416ms)
✔ in-budget transient read recovers the same Build, retains original FAIL and runs mutation once (2494.989667ms)
✔ lost start response is UNKNOWN, never assumed unstarted, restarted or attributed to an invented Build (315.580875ms)
✔ request UUID is durable before a single dispatch and credentials never enter receipts (10.30625ms)
✔ failed AWAIT_HEADERS preserves correlation without retry (0.398584ms)
✔ failed READ_BODY preserves correlation without retry (0.140416ms)
✔ malformed JSON cannot become a successful HTTP receipt (0.205ms)
✔ socket events split DNS/TCP/TLS; receipts contain no URL, authorization or socket details (1.3265ms)
✖ real delayed body is measured separately; a reused connection has absent DNS/TCP/TLS, not invented zeros (7.391625ms)
✖ total deadline aborts an unfinished response body; no complete-body receipt or retry (1.879708ms)
✔ injected fetch cannot masquerade as detailed socket observation (0.300625ms)
✔ layout diagnostic fails closed before AWS calls for foreign, finished or unbound fixtures (0.642458ms)
✔ diagnostic cleanup retains all actions and fails closed: absent (0.528375ms)
✔ diagnostic cleanup retains all actions and fails closed: still-present (0.046625ms)
✔ diagnostic cleanup retains all actions and fails closed: read-denied (0.048708ms)
✔ diagnostic cleanup retains all actions and fails closed: signout-failed (0.056708ms)
✔ diagnostic cleanup retains all actions and fails closed: delete-failed (0.066334ms)
✔ snapshot must be available encrypted manual and exact whitelist cannot expand (0.454958ms)
✔ real local SQL retires exactly two jobs/requests and preserves every other table (1399.021292ms)
✔ live status drift aborts with original rows intact (566.482166ms)
✔ unexpected cascade/trigger changing a preserved table rolls back all deletes (445.725625ms)
✔ valid HTTP writes cannot be inflated by malformed, wrong role, wrong method or failed requests (1.0205ms)
✔ target License wire sequence proves ExpiringSoon renewal and Renewed activation using real handlers and PostgreSQL (1413.206125ms)
✔ planner never dispatches and matchable inputs never accept P95 or causal benefit (0.937875ms)
✔ pair rejects drift or missing proof sourceCommit (0.196209ms)
✔ pair rejects drift or missing proof memoryMiB (0.195709ms)
✔ pair rejects drift or missing proof architecture (0.175416ms)
✔ pair rejects drift or missing proof poolMax (0.151917ms)
✔ pair rejects drift or missing proof actorRole (0.095584ms)
✔ pair rejects drift or missing proof accountState (0.092458ms)
✔ pair rejects drift or missing proof operationId (0.114459ms)
✔ pair rejects drift or missing proof expectedStatus (0.119083ms)
✔ pair rejects drift or missing proof authenticatedPreconnect (0.731875ms)
✔ pair rejects drift or missing proof engineCpuDiagnosis (0.295458ms)
✔ pair rejects drift or missing proof artifactSetSha256 (0.085ms)
✔ pair rejects drift or missing proof lambdaCount (0.109375ms)
✔ pair rejects drift or missing proof cleanupGate (0.043334ms)
✔ pair rejects drift or missing proof source (0.083541ms)
✔ pair rejects drift or missing proof coldProofGroup (0.035584ms)
✔ pair rejects drift or missing proof naturalCold409Count (0.040291ms)
✔ pair rejects drift or missing proof platformInitDurationMs (0.047208ms)
✔ pair rejects drift or missing proof clientSplitGate (0.202333ms)
✔ pair rejects drift or missing proof firstCheckoutOwned (0.038958ms)
✔ pair rejects drift or missing proof startedAt (0.082334ms)
✔ actual receipt loader rejects byte drift and directory escape before reading semantic proof (1.852791ms)
✔ matched independent sampling stays distinct from baseline and cannot accept a missing group (0.075ms)
✔ recovery sub-gate checks all preserved tables without accepting full QA09 (1.435083ms)
✔ version mismatch, missing migration and changed certificate/other business data fail closed (0.417958ms)
✔ retirement evidence cannot hide wrong deleted IDs or lose preservation proof (0.823833ms)
✔ retirement project has fixed source and never modifies readonly/migration runner (46.770125ms)
✔ real Sync observation redacts secret domains and cannot treat delivery as firmware verification (1.138958ms)
✔ receipt runner sends only RECEIVED and redacts complete snapshots even with device password hashes (1.018875ms)
✔ receipt runner fails closed for mismatched snapshots and refused confirmation (0.3755ms)
✔ 117 elements require both real viewport receipts (3.835084ms)
✔ one failure fails all elements in the affected behavior group (0.648833ms)
✔ Active dependent operations are explicit NOT_RUN, not successful disabled checks (0.439708ms)
✔ duplicate, foreign and invalid viewport receipts fail closed (0.559417ms)
✔ Defer and Reject failures also block the browser Gate (0.439458ms)
✔ CSV proof rejects empty, foreign and malformed downloads while parsing quoted data (0.22025ms)
✔ parent success persists entries before launch and observes each owned cleanup without changing writes (11.171541ms)
✔ parent keeps observe failure, continues remaining cleanup, and cannot close PASS (0.662292ms)
✔ parent keeps cleanup failure, continues remaining cleanup, and cannot close PASS (0.461792ms)
✔ parent keeps baseline failure, continues remaining cleanup, and cannot close PASS (0.483ms)
✔ parent keeps refresh failure, continues remaining cleanup, and cannot close PASS (0.552458ms)
✔ parent keeps cleanup-customer-b failure, continues remaining cleanup, and cannot close PASS (0.416833ms)
✔ parent keeps verify-customer-gone-b failure, continues remaining cleanup, and cannot close PASS (1.493166ms)
✔ parent keeps scope failure, continues remaining cleanup, and cannot close PASS (1.017916ms)
✔ parent keeps signout failure, continues remaining cleanup, and cannot close PASS (1.718583ms)
✔ parent keeps delete failure, continues remaining cleanup, and cannot close PASS (2.736334ms)
✔ parent keeps get failure, continues remaining cleanup, and cannot close PASS (0.749458ms)
✔ parent keeps survives failure, continues remaining cleanup, and cannot close PASS (3.270542ms)
✔ no session uses only owned admin signout and records the actual SDK operation (1.47475ms)
✔ failed or unknown startup is persisted once without restarting or guessing a Build ID (0.507208ms)
✔ reopens own TLS session after same-clientId negative probe and closes on failure (0.717083ms)
✔ foreign MQTT scope is rejected before connection (0.102541ms)
✔ S3 fallback accepts exact owned version cleanup and rejects bucket, customer and pagination expansion (0.499708ms)
✔ export scope rejects a foreign device before API, AWS or output writes (0.566042ms)
✔ domain cleanup refuses live run, foreign customer name, missing DB cleanup and out-of-scope objects (0.620667ms)
✔ unseeded identity cleanup rejects unfinished, foreign, seeded and pre-existing admin ledgers (0.56025ms)
✔ Cognito canonical UUID is allowed only with exact own email and creation within this failed run (0.204292ms)
✔ P95 uses all actual samples and rejects empty or invalid measurements (0.448125ms)
✔ complete P95 excludes censored timeouts and refuses partial sample acceptance (0.115083ms)
✔ performance summary refuses to report P95 PASS for missing or incomplete actual samples (46.251375ms)
✔ read-only pool probe distinguishes one connection, recovery and incomplete capacity acceptance (1.658333ms)
✔ observed connection-budget violation refuses a pool PASS receipt (0.538666ms)
✔ foreign probe application name is rejected before database access (0.058833ms)
✔ CPU ancestry attributes minified constructor and compile samples exclusively (1.054334ms)
✔ curl metrics differences preserve boundaries and reject bad ordering or nonfinite values (0.482208ms)
✔ curl probes are six bounded verified GETs with no credential/config/retry path; proxy prevents dispatch (1.566917ms)
✔ curl failures retain siblings and discard raw error text (0.183666ms)
✔ scheduled publishing overlaps slow PUBACK and drains failures without abandoning in-flight writes (19.751041ms)
✔ only exact test account and readonly role accepted (0.4715ms)
✔ stack identity, region, project and test tag fail closed (0.0985ms)
✔ permission denial is unverified, never classified as absent (0.107834ms)
✔ metadata health never promotes missing business evidence to AWS PASS (0.219ms)
✔ five groups with unconfirmed or disabled users do not prove usable identities (0.075458ms)
✔ missing target receipts and version mismatch remain blockers (0.0675ms)
✔ existing test environment requires neither new account nor stack and retains real-response/cleanup boundaries (0.253375ms)
✔ real sub-scope acceptance cannot claim whole QA09 (1.034542ms)
✔ unfinished execution, missing role probe and failed assertion rejected (0.146ms)
✔ missing cleanup, wrong target, secrets and source tampering rejected (1.525541ms)
✔ identity cleanup only accepts this run and the five known role identities (1.513959ms)
✔ record cleanup requires exact run namespace, not merely a partial prefix (0.162583ms)
✔ recovery excludes explicitly later own SLO records without waiving original bytes or deadlines (9.133667ms)
✔ later record exemption never includes other devices or customers (1.80875ms)
✔ site compensation rejects foreign-route before any AWS command (204.160625ms)
✔ site compensation rejects failed-cleanup before any AWS command (148.558333ms)
✔ site compensation rejects unbound-parent before any AWS command (173.393416ms)
✔ remaining target rejects foreign fixture before an API or database call (0.929333ms)
✔ unproved license activation fails legal stage and independent stage failures remain explicit without credentials (1.519667ms)
✔ per-request service throttling requires both unique IDs and bound access-row time/status, never minute metrics (0.420166ms)
✔ QA09 rollout separates logging, budget and event publication and rejects silent phase mistakes (0.715417ms)
✔ engine CPU diagnosis is explicit and only allowed after pool budget rollout (0.091166ms)
✔ runtime assembly has ordered nested CPU intervals without additive initialization totals (1.742167ms)
✔ runtime proof rejects absent, duplicate, failed, foreign IDs, overlap, bad CPU and invalid durations (0.338958ms)
✔ security retest rejects foreign fixture before any credential or live API access (0.578083ms)
✔ six tampered tokens require HTTP rejection and keep credentials out of receipt (0.683042ms)
✔ unknown seed outcome requires observed complete own set or proven empty set, never a blind retry (0.519834ms)
✔ semantic SQL creates two scoped read models without lifecycle or authentication claims and refuses reuse (1146.144542ms)
✔ semantic SQL refuses scope/state drift: lifecycle_status='Active' (177.291791ms)
✔ semantic SQL refuses scope/state drift: site_id=NULL (172.905458ms)
✔ semantic SQL refuses scope/state drift: customer_id='22222222-2222-2222-2222-222222222222' WHERE customer_id='11111111-1111-1111-1111-111111111111' (169.868167ms)
✔ semantic SQL refuses scope/state drift: name='outside' (162.365333ms)
✔ platform exports require the exact ledger and own frozen filters; foreign jobs remain unchanged (225.0015ms)
✔ business session cleanup never accepts a foreign email id role scope or lifecycle (1.1175ms)
✔ session fixtures require exact own customer and site binding before cleanup (0.347208ms)
✔ complete narrow real-environment scope never accepts full QA09 (1.314167ms)
✔ missing mTLS, shared keys, different ingress/archive bytes and missing cleanup fail closed (1.973584ms)
✔ CodeBuild inline source fits service limit and decompresses to exact reviewed bytes (25.440334ms)
✔ exact own-ten plan rejects expansion, historical identity and wrong customer namespace (10.9915ms)
✔ real SQL creates exact fixtures and cleanup preserves original devices/certificates (823.46275ms)
✔ unexpected original-data trigger mutation rolls back fixture creation (476.014834ms)
✔ processing provisioning job prevents cleanup without deleting any own devices (429.980916ms)
✔ CSR proofs bind method, path, request ID, timestamp, nonce and independent key (70.026958ms)
✔ closed-fixture audit and request outbox cleanup require ledger and preserve unrelated events (425.36875ms)
✔ closed-fixture access rejects missing approval audit and live customer (419.253291ms)
✔ unseeded capacity attempt has read-only empty audit with deleted customers and fixed original baseline (421.135708ms)
✔ business-only Onboarded fixtures preserve original rows, refuse reuse and make no certificate/authentication claim (429.7885ms)
✔ unseeded timeout audit reads only exact prefix and cannot mutate original or retry customer creation (425.120291ms)
✔ active lifecycle fixture changes exactly two own states and never claims a natural path (415.753958ms)
✔ capacity probe executes a read-only transaction and leaves fixture and original rows unchanged (413.114583ms)
✔ review-only mode cannot run without an explicit review hook or with unknown options (0.464209ms)
✔ fixture CLI distinguishes expired SSO from authorization rejection and transport timeouts (0.162583ms)
✔ TLS diagnostic bounds independent reads to 12 and six concurrent; fake observations cannot claim real target source (43.828959ms)
✔ TLS diagnostic retains settled siblings, missing samples and unexpected HTTP/authentication as PARTIAL (0.444459ms)
✔ version binding preserves prior defaults and accepts exact new target (0.617084ms)
✔ invalid version input is rejected before any AWS operation (0.141792ms)
✔ all delivered writes have an explicit permission and own or absent object path (0.921875ms)
✔ identical claims still change signed payload bytes rather than unused base64 signature bits (1.216666ms)
✔ Gateway 403 rejects tampered signatures while protected 2xx must fail (2.597666ms)
✔ quick has exact cadence, 24 historical hours, 30x burst, 5% duplicates and 2% delayed delivery (6.991292ms)
✔ full plan contains 86400 historical Telemetry samples for 10 devices at 10-second cadence (427.350209ms)
✔ unknown profile fails closed (0.181458ms)
✔ P95 uses nearest rank and does not mutate input (0.120583ms)
✔ invalid latency  rejected (0.059083ms)
✔ invalid latency NaN rejected (0.033542ms)
✔ invalid latency Infinity rejected (0.032167ms)
✔ invalid latency -1 rejected (0.040834ms)
✔ independent checker verifies count average min max and UTC buckets (0.252666ms)
✔ complete reliability proof passes (0.848958ms)
✔ Gate rejects missing trace (0.471917ms)
✔ Gate rejects duplicate trace (0.611417ms)
✔ Gate rejects failed cleanup (0.37175ms)
✔ Gate rejects wrong profile (0.405708ms)
✔ Gate rejects wrong cadence (0.4055ms)
✔ Gate rejects untracked loss (0.386542ms)
✔ Gate rejects duplicate business row (0.37425ms)
✔ Gate rejects missing archive (0.390917ms)
✔ Gate rejects missing reorder (0.405791ms)
✔ Gate rejects missing retry (0.392ms)
✔ Gate rejects unresolved gap (0.383417ms)
✔ Gate rejects worker not paused (0.411083ms)
✔ Gate rejects no backlog (0.380041ms)
✔ Gate rejects unscoped replay (0.361667ms)
✔ Gate rejects duplicate MQTT publish (0.351292ms)
✔ Gate rejects late ACK changed terminal state (0.355167ms)
✔ Gate rejects telemetry P95 failed (0.369166ms)
✔ Gate rejects command P95 failed (0.381125ms)
✔ Gate rejects NaN P95 (0.385292ms)
✔ Gate rejects missing latency samples (0.363375ms)
✔ security receipt accepts complete execution and all observed acceptance proofs (3.175ms)
✔ execution fails closed: deleted required test (0.475583ms)
✔ execution fails closed: missing file (0.081916ms)
✔ execution fails closed: pending test (0.07775ms)
✔ execution fails closed: failed test (0.696792ms)
✔ proof fails closed: missing proof (0.115375ms)
✔ proof fails closed: reused prefix (0.087708ms)
✔ proof fails closed: cleanup incomplete (0.091709ms)
✔ proof fails closed: expired JWT accepted (0.102167ms)
✔ proof fails closed: missing write operation (0.117ms)
✔ proof fails closed: forged identity accepted (0.089875ms)
✔ proof fails closed: route resolved before auth (0.063417ms)
✔ proof fails closed: cross tenant allowed (0.112334ms)
✔ proof fails closed: unauthorized side effect (0.08425ms)
✔ proof fails closed: prototype pollution (0.069125ms)
✔ proof fails closed: malicious media signed (0.070167ms)
✔ proof fails closed: malicious media persisted (0.061041ms)
✔ proof fails closed: leak ignored (0.073ms)
✔ proof fails closed: unscanned audit (0.125ms)
✔ proof fails closed: unscanned snapshot (0.117916ms)
✔ proof fails closed: partial response scan (0.075042ms)
✔ independent scanner rejects nested secrets raw JWT Error private key and signed URL without echoing values (0.858625ms)
✔ scanner detects opaque canary leakage and permits null redacted values and public certificate (0.053042ms)
ℹ tests 774
ℹ suites 0
ℹ pass 771
ℹ fail 3
ℹ cancelled 0
ℹ skipped 0
ℹ todo 0
ℹ duration_ms 8043.215667

✖ failing tests:

test at scripts/device-simulator-mtls.test.mjs:15:1
✖ local TLS broker: 10 independent certificate sessions, QoS1, downlinks, reconnect and broker ACL rejection (137.907875ms)
  Error: listen EPERM: operation not permitted ::1
      at Server.setupListenHandle [as _listen2] (node:net:1918:21)
      at listenInCluster (node:net:1997:12)
      at GetAddrInfoReqWrap.callback (node:net:2206:7)
      at GetAddrInfoReqWrap.onlookupall [as oncomplete] (node:dns:134:8) {
    code: 'EPERM',
    errno: -1,
    syscall: 'listen',
    address: '::1'
  }

test at scripts/qa09-https-transport.test.mjs:74:1
✖ real delayed body is measured separately; a reused connection has absent DNS/TCP/TLS, not invented zeros (7.391625ms)
  Error: listen EPERM: operation not permitted 127.0.0.1
      at Server.setupListenHandle [as _listen2] (node:net:1918:21)
      at listenInCluster (node:net:1997:12)
      at node:net:2206:7
      at process.processTicksAndRejections (node:internal/process/task_queues:89:21) {
    code: 'EPERM',
    errno: -1,
    syscall: 'listen',
    address: '127.0.0.1'
  }

test at scripts/qa09-https-transport.test.mjs:97:1
✖ total deadline aborts an unfinished response body; no complete-body receipt or retry (1.879708ms)
  Error: listen EPERM: operation not permitted 127.0.0.1
      at Server.setupListenHandle [as _listen2] (node:net:1918:21)
      at listenInCluster (node:net:1997:12)
      at node:net:2206:7
      at process.processTicksAndRejections (node:internal/process/task_queues:89:21) {
    code: 'EPERM',
    errno: -1,
    syscall: 'listen',
    address: '127.0.0.1'
  }
 ELIFECYCLE  Command failed with exit code 1.
 ELIFECYCLE  Test failed. See above for more details.
CHECK_FAILED
