✔ read recovery preserves original timeout, reads only one started ID and never replays a mutation (15.820042ms)
✔ known authorization, expired SSO, invalid JSON and unknown failures never retry (26.303125ms)
✔ two read recoveries are the global bound, repeated timeout remains FAIL (5.924458ms)
✔ started Build waiting is bounded by polls and elapsed time; non-success terminal status never admits cleanup (6.769166ms)
✔ every cloud ownership field and raw Plan is required before reading results (6.54175ms)
✔ CLI failure records exit/signal/timing, classifies recognized errors and stores no stderr or credentials (0.775292ms)
✔ cleanup observer persists each success/failure and preserves failure identity without raw message, stack or input (0.274541ms)
✔ sign-out failure still deletes and verifies own identity, retains failure and cannot admit cleanup PASS (0.186459ms)
✔ only UserNotFound proves absence, failed delete is retained, and surviving identity fails closed (0.222584ms)
✔ pre-start rejection is persisted and never retried; no started receipt or SQL is invented (395.801667ms)
✔ post-start authorization rejection retains exact Build receipt and failed read with no restart (517.649208ms)
✔ terminal failed Build remains FAIL, is known terminal and never reads successful frame (351.1895ms)
✔ in-budget transient read recovers the same Build, retains original FAIL and runs mutation once (2614.181875ms)
✔ lost start response is UNKNOWN, never assumed unstarted, restarted or attributed to an invented Build (388.547041ms)
✔ pre-start get-caller-identity recovers twice with immutable failures and exactly one StartBuild (970.733208ms)
✔ pre-start batch-get-projects recovers twice with immutable failures and exactly one StartBuild (965.448916ms)
✔ pre-start project network fails closed before mutation or StartBuild (905.281917ms)
✔ pre-start project AccessDeniedException fails closed before mutation or StartBuild (324.662042ms)
✔ pre-start project expired fails closed before mutation or StartBuild (315.651834ms)
✔ pre-start project unknown fails closed before mutation or StartBuild (307.623541ms)
✔ pre-start project invalid-json fails closed before mutation or StartBuild (310.70675ms)
✔ update-project network failure is never retried or followed by StartBuild (371.675208ms)
✔ create-project network failure is never retried or followed by StartBuild (331.521542ms)
✔ successful read with wrongAccount never retries semantic verification (278.807042ms)
✔ successful read with wrongRole never retries semantic verification (324.3625ms)
✔ project read recovery permits one reviewed update-project and one StartBuild (704.587959ms)
✔ project read recovery permits one reviewed create-project and one StartBuild (674.808583ms)
✔ recovered project read never converts a later lost StartBuild response into a safe retry (596.833458ms)
✔ parent success persists entries before launch and observes each owned cleanup without changing writes (3.349167ms)
✔ parent keeps observe failure, continues remaining cleanup, and cannot close PASS (0.902584ms)
✔ parent keeps cleanup failure, continues remaining cleanup, and cannot close PASS (0.418666ms)
✔ parent keeps baseline failure, continues remaining cleanup, and cannot close PASS (0.507042ms)
✔ parent keeps refresh failure, continues remaining cleanup, and cannot close PASS (0.47625ms)
✔ parent keeps cleanup-customer-b failure, continues remaining cleanup, and cannot close PASS (0.429208ms)
✔ parent keeps verify-customer-gone-b failure, continues remaining cleanup, and cannot close PASS (0.396667ms)
✔ parent keeps scope failure, continues remaining cleanup, and cannot close PASS (0.29975ms)
✔ parent keeps signout failure, continues remaining cleanup, and cannot close PASS (0.422ms)
✔ parent keeps delete failure, continues remaining cleanup, and cannot close PASS (0.712542ms)
✔ parent keeps get failure, continues remaining cleanup, and cannot close PASS (0.417459ms)
✔ parent keeps survives failure, continues remaining cleanup, and cannot close PASS (0.368375ms)
✔ no session uses only owned admin signout and records the actual SDK operation (0.367167ms)
✔ failed or unknown startup is persisted once without restarting or guessing a Build ID (0.211208ms)
✔ allowlisted temporary CLI_READ_TIMEOUT has at most two read recoveries (1.684417ms)
✔ allowlisted temporary CLI_NETWORK_ERROR has at most two read recoveries (0.123166ms)
✔ allowlisted temporary ThrottlingException has at most two read recoveries (0.08775ms)
✔ allowlisted temporary TooManyRequestsException has at most two read recoveries (0.079875ms)
✔ allowlisted temporary RequestTimeout has at most two read recoveries (0.096416ms)
✔ allowlisted temporary RequestTimeoutException has at most two read recoveries (0.06925ms)
✔ allowlisted temporary ServiceUnavailableException has at most two read recoveries (0.071292ms)
✔ allowlisted temporary NetworkingError has at most two read recoveries (0.079333ms)
✔ terminal or unknown AccessDeniedException is never retried (0.522334ms)
✔ terminal or unknown SSO_SESSION_EXPIRED is never retried (0.096584ms)
✔ terminal or unknown CLI_FAILED is never retried (0.048666ms)
✔ terminal or unknown CLI_INVALID_JSON is never retried (0.062584ms)
✔ terminal or unknown CLI_OUTPUT_LIMIT is never retried (0.044708ms)
✔ terminal or unknown InvalidParameterException is never retried (0.036083ms)
✔ terminal or unknown ResourceNotFoundException is never retried (0.039083ms)
✔ terminal or unknown UNKNOWN is never retried (0.037959ms)
✔ exhausted attempts preserve the last error and three failures (0.158083ms)
✔ remaining deadline bounds the CLI and never admits an over-deadline success (0.103834ms)
✔ deadline includes backoff and prevents another call after budget exhaustion (0.05625ms)
✔ scheduler overshoot never issues a later read (0.055917ms)
✔ writes, post-start reads, foreign operations and expanded budgets are rejected before callback (0.121084ms)
✔ CLI timeout is bounded and SDK retries remain disabled (0.223916ms)
ℹ tests 64
ℹ suites 0
ℹ pass 64
ℹ fail 0
ℹ cancelled 0
ℹ skipped 0
ℹ todo 0
ℹ duration_ms 11690.11125
