observe: PROVISIONING
observe: DOWNLOAD_SOURCE
observe: INSTALL
observe: BUILD
observe: COMPLETED
business-seed-devices: PROVISIONING
business-seed-devices: DOWNLOAD_SOURCE
business-seed-devices: BUILD
business-seed-devices: COMPLETED
business-baseline: PROVISIONING
business-baseline: DOWNLOAD_SOURCE
business-baseline: INSTALL
business-baseline: BUILD
business-baseline: COMPLETED
{"gate":"FAIL","stages":{"foundation":"PASS","remaining":"FAIL"},"checks":58,"cleanupComplete":false}
observe: QUEUED
observe: PROVISIONING
observe: DOWNLOAD_SOURCE
observe: BUILD
observe: COMPLETED
cleanup: QUEUED
cleanup: PROVISIONING
cleanup: DOWNLOAD_SOURCE
cleanup: INSTALL
cleanup: BUILD
cleanup: COMPLETED
{"task":"QA-09","scope":"OWN_CONTRACT_CONCURRENT_PATCH_RETEST","sourceCommit":"5cbe2d28c862f9be3280f8cb47f1a9bba7730ba3","prefix":"qa09-6898e75012610633","fullQa09Accepted":false,"gate":"FAIL","reason":"CLOSED_OWN_CUSTOMER_LEDGER_REQUIRED"}
