business-cleanup: PROVISIONING
business-cleanup: DOWNLOAD_SOURCE
business-cleanup: INSTALL
business-cleanup: BUILD
business-cleanup: COMPLETED
business-audit: PROVISIONING
business-audit: DOWNLOAD_SOURCE
business-audit: BUILD
business-audit: COMPLETED
observe: PROVISIONING
observe: DOWNLOAD_SOURCE
observe: BUILD
observe: COMPLETED
cleanup: PROVISIONING
cleanup: DOWNLOAD_SOURCE
cleanup: BUILD
cleanup: COMPLETED
observe: PROVISIONING
observe: DOWNLOAD_SOURCE
observe: BUILD
observe: COMPLETED
{"gate":"PASS","semanticCompletion":"PASS","cleanup":[{"type":"business-fixtures","result":"PASS","deleted":{"business_outbox":0,"outbox_events":10,"command_acks":0,"command_attempts":0,"device_commands":0,"replay_jobs":0,"device_retirements":0,"device_user_sync_receipts":0,"device_user_assignments":0,"device_users":0,"license_history":0,"license_entitlements":0,"contract_devices":0,"licenses":0,"contracts":1,"configuration_versions":0,"device_configurations":0,"consumable_requests":0,"esg_export_jobs":0,"device_activity_export_jobs":0,"telemetry_hourly":0,"telemetry_daily":0,"device_events":0,"esg_reports":0,"esg_daily_summary":0,"consumable_projections":0,"device_latest_state":0,"device_assignments":10}},{"type":"database-fixtures","count":10,"observedAtRecovery":10,"result":"PASS"},{"type":"site","id":"519743cd-86e8-44fa-9843-cd683b64bd28","result":"PASS"},{"type":"site","id":"9026411f-0cbf-4aad-806d-5e7c5da5f32c","result":"PASS"},{"type":"customer","id":"f81860f4-fbcb-4b4a-b71a-093b693bb7d2","result":"PASS"},{"type":"customer","id":"5f371525-c4e5-4b28-b09a-8d9bd2e314d7","result":"PASS"},{"type":"identity","username":"qa09-6898e75012610633-platformoperator@example.invalid","result":"PASS"},{"type":"identity","username":"qa09-6898e75012610633-auditor@example.invalid","result":"PASS"},{"type":"identity","username":"qa09-6898e75012610633-customeradmin@example.invalid","result":"PASS"},{"type":"identity","username":"qa09-6898e75012610633-customerviewer@example.invalid","result":"PASS"},{"type":"identity","username":"qa09-6898e75012610633-platformsuperadmin@example.invalid","result":"PASS"},{"type":"license-domain-archive","result":"PASS"},{"type":"recovery-identity","username":"qa09-6898e75012610633-contract-recovery@example.invalid","result":"PASS"}]}
