Refreshing run status every 30 seconds. Press Ctrl+C to quit.

* main Deploy test API · 37881924057
Triggered via workflow_dispatch less than a minute ago

JOBS
* deploy-test (ID 113663296147)
  ✓ Set up job
  ✓ Run actions/checkout@v7
  ✓ Run pnpm/action-setup@v6
  ✓ Run actions/setup-node@v5
  ✓ Resolve and record exact deployment inputs
  ✓ Run actions/upload-artifact@v7
  ✓ Run pnpm install --frozen-lockfile
  * Run pnpm exec playwright install --with-deps chromium
  * Run pnpm verify
  * Run aws-actions/configure-aws-credentials@v6.3.0
  * Verify target account and exact commit
  * Run node scripts/esgiot-cdk.mjs diff AppDependencies
  * Run node scripts/esgiot-cdk.mjs deploy AppDependencies
  * Post Run actions/setup-node@v5
  * Post Run pnpm/action-setup@v6
  * Post Run actions/checkout@v7
Refreshing run status every 30 seconds. Press Ctrl+C to quit.

* main Deploy test API · 37881924057
Triggered via workflow_dispatch about 1 minute ago

JOBS
* deploy-test (ID 113663296147)
  ✓ Set up job
  ✓ Run actions/checkout@v7
  ✓ Run pnpm/action-setup@v6
  ✓ Run actions/setup-node@v5
  ✓ Resolve and record exact deployment inputs
  ✓ Run actions/upload-artifact@v7
  ✓ Run pnpm install --frozen-lockfile
  ✓ Run pnpm exec playwright install --with-deps chromium
  * Run pnpm verify
  * Run aws-actions/configure-aws-credentials@v6.3.0
  * Verify target account and exact commit
  * Run node scripts/esgiot-cdk.mjs diff AppDependencies
  * Run node scripts/esgiot-cdk.mjs deploy AppDependencies
  * Post Run actions/setup-node@v5
  * Post Run pnpm/action-setup@v6
  * Post Run actions/checkout@v7
Refreshing run status every 30 seconds. Press Ctrl+C to quit.

* main Deploy test API · 37881924057
Triggered via workflow_dispatch about 1 minute ago

JOBS
* deploy-test (ID 113663296147)
  ✓ Set up job
  ✓ Run actions/checkout@v7
  ✓ Run pnpm/action-setup@v6
  ✓ Run actions/setup-node@v5
  ✓ Resolve and record exact deployment inputs
  ✓ Run actions/upload-artifact@v7
  ✓ Run pnpm install --frozen-lockfile
  ✓ Run pnpm exec playwright install --with-deps chromium
  * Run pnpm verify
  * Run aws-actions/configure-aws-credentials@v6.3.0
  * Verify target account and exact commit
  * Run node scripts/esgiot-cdk.mjs diff AppDependencies
  * Run node scripts/esgiot-cdk.mjs deploy AppDependencies
  * Post Run actions/setup-node@v5
  * Post Run pnpm/action-setup@v6
  * Post Run actions/checkout@v7
Refreshing run status every 30 seconds. Press Ctrl+C to quit.

* main Deploy test API · 37881924057
Triggered via workflow_dispatch about 2 minutes ago

JOBS
* deploy-test (ID 113663296147)
  ✓ Set up job
  ✓ Run actions/checkout@v7
  ✓ Run pnpm/action-setup@v6
  ✓ Run actions/setup-node@v5
  ✓ Resolve and record exact deployment inputs
  ✓ Run actions/upload-artifact@v7
  ✓ Run pnpm install --frozen-lockfile
  ✓ Run pnpm exec playwright install --with-deps chromium
  * Run pnpm verify
  * Run aws-actions/configure-aws-credentials@v6.3.0
  * Verify target account and exact commit
  * Run node scripts/esgiot-cdk.mjs diff AppDependencies
  * Run node scripts/esgiot-cdk.mjs deploy AppDependencies
  * Post Run actions/setup-node@v5
  * Post Run pnpm/action-setup@v6
  * Post Run actions/checkout@v7
Refreshing run status every 30 seconds. Press Ctrl+C to quit.

* main Deploy test API · 37881924057
Triggered via workflow_dispatch about 2 minutes ago

JOBS
* deploy-test (ID 113663296147)
  ✓ Set up job
  ✓ Run actions/checkout@v7
  ✓ Run pnpm/action-setup@v6
  ✓ Run actions/setup-node@v5
  ✓ Resolve and record exact deployment inputs
  ✓ Run actions/upload-artifact@v7
  ✓ Run pnpm install --frozen-lockfile
  ✓ Run pnpm exec playwright install --with-deps chromium
  * Run pnpm verify
  * Run aws-actions/configure-aws-credentials@v6.3.0
  * Verify target account and exact commit
  * Run node scripts/esgiot-cdk.mjs diff AppDependencies
  * Run node scripts/esgiot-cdk.mjs deploy AppDependencies
  * Post Run actions/setup-node@v5
  * Post Run pnpm/action-setup@v6
  * Post Run actions/checkout@v7
