✔ phase proof covers success, conditional conflict and all audit reads without declaring latency/cleanup acceptance (1.418917ms)
✔ cold 409 gate requires matching cold phase flags and successful runtime initialization (1.894958ms)
✔ new account gate requires nested hook, Prisma query, first driver query and checkout on every request (0.269667ms)
✔ account gate rejects missing (0.188333ms)
✔ account gate rejects duplicate (0.164292ms)
✔ account gate rejects failure (0.163458ms)
✔ account gate rejects wait-boundary (0.161916ms)
✔ account gate rejects timestamp (0.151583ms)
✔ account gate rejects outside-hook (0.599ms)
✔ phase proof rejects foreign-invocation (0.20225ms)
✔ phase proof rejects missing-transaction (0.103041ms)
✔ phase proof rejects conflict-code (0.097417ms)
✔ phase proof rejects missing-http (0.049375ms)
✔ phase proof rejects other-run (0.035459ms)
✔ bounded sampler requires physical Init Duration as well as application cold phases and retains client metrics (0.521667ms)
✔ bounded sampler rejects foreign-report (0.185792ms)
✔ bounded sampler rejects duplicate-report (0.1135ms)
✔ bounded sampler rejects no-socket-metrics (0.131625ms)
✔ bounded sampler rejects missing-body (0.104166ms)
✔ bounded sampler rejects over-budget (0.086583ms)
✔ bounded sampler rejects missing-audit (0.078958ms)
✔ client preparation requires actual dispatch, cold adapter suffix and leaves warm adapter timings absent (0.51375ms)
✔ client preparation rejects missing prepare (0.171875ms)
✔ client preparation rejects settlement is not driver dispatch (0.151333ms)
✔ client preparation rejects preparation after driver start (0.130125ms)
✔ client preparation rejects cold missing suffix (0.156791ms)
✔ client preparation rejects suffix outside preparation (0.1415ms)
✔ client preparation rejects wrong invocation (0.130292ms)
✔ client preparation cannot bypass account phase checks (0.113834ms)
✔ engine CPU mode proves preparation before model, preserves driver boundary and refuses old lazy ownership (1.432458ms)
✔ runtime assembly opt-in preserves both engine ownership modes and rejects old partial runtime receipts (1.395458ms)
✔ explicit manual false overrides repository true and preserves capacity/immediate context (0.531834ms)
✔ manual deployment rejects branch/SHA, missing mode, phase drift and unsupported events before cloud work (0.141166ms)
✔ push keeps existing resolved defaults but cannot ignore explicit invalid input (0.062041ms)
✔ input pair gate never implies target acceptance and rejects SHA/config/context/duplicate run drift (0.20025ms)
✔ workflow records input receipt before verification/AWS and never interpolates manual input into shell (0.195708ms)
✔ QA09 rollout separates logging, budget and event publication and rejects silent phase mistakes (0.660125ms)
✔ engine CPU diagnosis is explicit and only allowed after pool budget rollout (0.08525ms)
✔ runtime assembly has ordered nested CPU intervals without additive initialization totals (1.226125ms)
✔ runtime proof rejects absent, duplicate, failed, foreign IDs, overlap, bad CPU and invalid durations (0.33725ms)
ℹ tests 40
ℹ suites 0
ℹ pass 40
ℹ fail 0
ℹ cancelled 0
ℹ skipped 0
ℹ todo 0
ℹ duration_ms 78.945375
