✔ phase proof covers success, conditional conflict and all audit reads without declaring latency/cleanup acceptance (1.540875ms)
✔ cold 409 gate requires matching cold phase flags and successful runtime initialization (1.546666ms)
✔ new account gate requires nested hook, Prisma query, first driver query and checkout on every request (0.18825ms)
✔ account gate rejects missing (0.149292ms)
✔ account gate rejects duplicate (0.132ms)
✔ account gate rejects failure (0.131709ms)
✔ account gate rejects wait-boundary (0.147708ms)
✔ account gate rejects timestamp (0.128917ms)
✔ account gate rejects outside-hook (0.135459ms)
✔ phase proof rejects foreign-invocation (0.454292ms)
✔ phase proof rejects missing-transaction (0.127625ms)
✔ phase proof rejects conflict-code (0.1255ms)
✔ phase proof rejects missing-http (0.052667ms)
✔ phase proof rejects other-run (0.0405ms)
✔ bounded sampler requires physical Init Duration as well as application cold phases and retains client metrics (0.489042ms)
✔ bounded sampler rejects foreign-report (0.176667ms)
✔ bounded sampler rejects duplicate-report (0.11125ms)
✔ bounded sampler rejects no-socket-metrics (0.115334ms)
✔ bounded sampler rejects missing-body (0.091208ms)
✔ bounded sampler rejects over-budget (0.076583ms)
✔ bounded sampler rejects missing-audit (0.069042ms)
✔ client preparation requires actual dispatch, cold adapter suffix and leaves warm adapter timings absent (0.475ms)
✔ client preparation rejects missing prepare (0.153583ms)
✔ client preparation rejects settlement is not driver dispatch (0.132125ms)
✔ client preparation rejects preparation after driver start (0.117375ms)
✔ client preparation rejects cold missing suffix (0.136916ms)
✔ client preparation rejects suffix outside preparation (0.130291ms)
✔ client preparation rejects wrong invocation (0.126833ms)
✔ client preparation cannot bypass account phase checks (0.105ms)
✔ engine CPU mode proves preparation before model, preserves driver boundary and refuses old lazy ownership (1.328959ms)
✔ runtime assembly opt-in preserves both engine ownership modes and rejects old partial runtime receipts (1.166625ms)
✔ explicit manual false overrides repository true and preserves capacity/immediate context (0.470083ms)
✔ manual deployment rejects branch/SHA, missing mode, phase drift and unsupported events before cloud work (0.142792ms)
✔ push keeps existing resolved defaults but cannot ignore explicit invalid input (0.060541ms)
✔ input pair gate never implies target acceptance and rejects SHA/config/context/duplicate run drift (0.183708ms)
✔ workflow records input receipt before verification/AWS and never interpolates manual input into shell (0.201042ms)
✔ QA09 rollout separates logging, budget and event publication and rejects silent phase mistakes (0.56725ms)
✔ engine CPU diagnosis is explicit and only allowed after pool budget rollout (0.074291ms)
✔ runtime assembly has ordered nested CPU intervals without additive initialization totals (1.172625ms)
✔ runtime proof rejects absent, duplicate, failed, foreign IDs, overlap, bad CPU and invalid durations (0.343166ms)
ℹ tests 40
ℹ suites 0
ℹ pass 40
ℹ fail 0
ℹ cancelled 0
ℹ skipped 0
ℹ todo 0
ℹ duration_ms 70.859083
