✔ phase proof covers success, conditional conflict and all audit reads without declaring latency/cleanup acceptance (1.156917ms)
✔ cold 409 gate requires matching cold phase flags and successful runtime initialization (1.585292ms)
✔ new account gate requires nested hook, Prisma query, first driver query and checkout on every request (0.197542ms)
✔ account gate rejects missing (0.167292ms)
✔ account gate rejects duplicate (0.132292ms)
✔ account gate rejects failure (0.135959ms)
✔ account gate rejects wait-boundary (0.150916ms)
✔ account gate rejects timestamp (0.145708ms)
✔ account gate rejects outside-hook (0.542375ms)
✔ phase proof rejects foreign-invocation (0.161542ms)
✔ phase proof rejects missing-transaction (0.094542ms)
✔ phase proof rejects conflict-code (0.090375ms)
✔ phase proof rejects missing-http (0.049416ms)
✔ phase proof rejects other-run (0.044666ms)
✔ bounded sampler requires physical Init Duration as well as application cold phases and retains client metrics (0.482542ms)
✔ bounded sampler rejects foreign-report (0.145291ms)
✔ bounded sampler rejects duplicate-report (0.109917ms)
✔ bounded sampler rejects no-socket-metrics (0.113791ms)
✔ bounded sampler rejects missing-body (0.09075ms)
✔ bounded sampler rejects over-budget (0.074959ms)
✔ bounded sampler rejects missing-audit (0.069375ms)
✔ client preparation requires actual dispatch, cold adapter suffix and leaves warm adapter timings absent (0.500792ms)
✔ client preparation rejects missing prepare (0.148792ms)
✔ client preparation rejects settlement is not driver dispatch (0.148083ms)
✔ client preparation rejects preparation after driver start (0.113541ms)
✔ client preparation rejects cold missing suffix (0.143917ms)
✔ client preparation rejects suffix outside preparation (0.122542ms)
✔ client preparation rejects wrong invocation (0.132166ms)
✔ client preparation cannot bypass account phase checks (0.098375ms)
✔ engine CPU mode proves preparation before model, preserves driver boundary and refuses old lazy ownership (1.320084ms)
✔ explicit manual false overrides repository true and preserves capacity/immediate context (0.515959ms)
✔ manual deployment rejects branch/SHA, missing mode, phase drift and unsupported events before cloud work (0.140084ms)
✔ push keeps existing resolved defaults but cannot ignore explicit invalid input (0.060625ms)
✔ input pair gate never implies target acceptance and rejects SHA/config/context/duplicate run drift (0.186375ms)
✔ workflow records input receipt before verification/AWS and never interpolates manual input into shell (0.194958ms)
✔ QA09 rollout separates logging, budget and event publication and rejects silent phase mistakes (0.604667ms)
✔ engine CPU diagnosis is explicit and only allowed after pool budget rollout (0.071333ms)
✔ runtime assembly has ordered nested CPU intervals without additive initialization totals (1.046709ms)
✔ runtime proof rejects absent, duplicate, failed, foreign IDs, overlap, bad CPU and invalid durations (0.27725ms)
ℹ tests 39
ℹ suites 0
ℹ pass 39
ℹ fail 0
ℹ cancelled 0
ℹ skipped 0
ℹ todo 0
ℹ duration_ms 71.360459
