✔ actual config guard accepts R0/R1 and final false restore without declaring business/P95 (0.53025ms)
✔ config rejects accountReadCandidate drift (0.110041ms)
✔ config rejects pool drift (0.049292ms)
✔ config rejects memory drift (0.040208ms)
✔ config rejects preconnect drift (0.046667ms)
✔ config rejects engineCpu drift (0.0455ms)
✔ config rejects envName drift (0.0455ms)
✔ config rejects revisionId drift (0.042083ms)
✔ config rejects codeSha256 drift (0.047791ms)
✔ config rejects state drift (0.072459ms)
✔ config rejects architecture drift (0.045708ms)
✔ config rejects source, inventory and concurrency drift (0.091917ms)
✔ new detail receipts require explicit matching actual flag, including false restore (0.099125ms)
✔ cold sampler collector binds exact own REPORT and safe client metrics: patch (42.193166ms)
✔ cold sampler collector binds exact own REPORT and safe client metrics: audit (33.329375ms)
✔ public child proof retains legacy partition and never implies compiler/server/P95 attribution (1.639417ms)
✔ detail rejects missing (0.127541ms)
✔ detail rejects duplicate (0.107125ms)
✔ detail rejects foreign (0.107208ms)
✔ detail rejects failed (0.08675ms)
✔ detail rejects boundary (0.066417ms)
✔ detail rejects CPU (0.065375ms)
✔ detail rejects negative CPU (0.065125ms)
✔ detail rejects fraction (0.10475ms)
✔ detail rejects wait (0.111625ms)
✔ detail rejects wrong wait (0.079292ms)
✔ detail rejects gap (0.071083ms)
✔ detail rejects overlap (0.070625ms)
✔ detail rejects coverage (0.073167ms)
✔ detail rejects invalid time (0.081167ms)
✔ detail rejects off (0.054333ms)
✔ detail rejects two pg (0.04275ms)
✔ detail rejects unsettled (0.046667ms)
✔ detail rejects root (0.071916ms)
✔ fresh planner preserves fixed budget, demands both detail modes, never dispatches (0.207958ms)
✔ legacy manifests cannot be promoted to detailed target proof (0.589584ms)
✔ explicit manual false overrides repository true and preserves capacity/immediate context (0.645667ms)
✔ manual deployment rejects branch/SHA, missing mode, phase drift and unsupported events before cloud work (0.146959ms)
✔ push keeps existing resolved defaults but cannot ignore explicit invalid input (0.06575ms)
✔ input pair gate never implies target acceptance and rejects SHA/config/context/duplicate run drift (0.3585ms)
✔ workflow records input receipt before verification/AWS and never interpolates manual input into shell (0.31725ms)
✔ C0/C1 same SHA and engine=true differ only preconnect; push cannot turn candidate on (0.337125ms)
✔ R0/R1 input pair binds same SHA and budget, differs only account read; push always off (0.314833ms)
✔ detail is off on push, manual detail requires guarded preconnect and round trips both R inputs (0.311208ms)
✔ planner never dispatches and matchable inputs never accept P95 or causal benefit (0.876958ms)
✔ pair rejects drift or missing proof sourceCommit (0.082541ms)
✔ pair rejects drift or missing proof memoryMiB (0.053625ms)
✔ pair rejects drift or missing proof architecture (0.043458ms)
✔ pair rejects drift or missing proof poolMax (0.052209ms)
✔ pair rejects drift or missing proof actorRole (0.040542ms)
✔ pair rejects drift or missing proof accountState (0.038792ms)
✔ pair rejects drift or missing proof operationId (0.047208ms)
✔ pair rejects drift or missing proof expectedStatus (0.054625ms)
✔ pair rejects drift or missing proof authenticatedPreconnect (0.080875ms)
✔ pair rejects drift or missing proof engineCpuDiagnosis (0.077334ms)
✔ pair rejects drift or missing proof artifactSetSha256 (0.0505ms)
✔ pair rejects drift or missing proof lambdaCount (0.069041ms)
✔ pair rejects drift or missing proof cleanupGate (0.034916ms)
✔ pair rejects drift or missing proof source (0.053416ms)
✔ pair rejects drift or missing proof coldProofGroup (0.031166ms)
✔ pair rejects drift or missing proof naturalCold409Count (0.039334ms)
✔ pair rejects drift or missing proof platformInitDurationMs (0.040667ms)
✔ pair rejects drift or missing proof clientSplitGate (0.045875ms)
✔ pair rejects drift or missing proof firstCheckoutOwned (0.031084ms)
✔ pair rejects drift or missing proof startedAt (0.022208ms)
✔ actual receipt loader rejects byte drift and directory escape before reading semantic proof (1.905292ms)
✔ matched independent sampling stays distinct from baseline and cannot accept a missing group (0.082458ms)
ℹ tests 67
ℹ suites 0
ℹ pass 67
ℹ fail 0
ℹ cancelled 0
ℹ skipped 0
ℹ todo 0
ℹ duration_ms 141.290291
