✔ actual config guard accepts R0/R1 and final false restore without declaring business/P95 (0.623375ms)
✔ config rejects accountReadCandidate drift (0.125458ms)
✔ config rejects pool drift (0.04825ms)
✔ config rejects memory drift (0.047334ms)
✔ config rejects preconnect drift (0.05425ms)
✔ config rejects engineCpu drift (0.054958ms)
✔ config rejects envName drift (0.047292ms)
✔ config rejects revisionId drift (0.045792ms)
✔ config rejects codeSha256 drift (0.051583ms)
✔ config rejects state drift (0.080708ms)
✔ config rejects architecture drift (0.047125ms)
✔ config rejects source, inventory and concurrency drift (0.091458ms)
✔ new detail receipts require explicit matching actual flag, including false restore (0.17ms)
✔ cold sampler collector binds exact own REPORT and safe client metrics: patch (34.486125ms)
✔ cold sampler collector binds exact own REPORT and safe client metrics: audit (31.636875ms)
✔ public child proof retains legacy partition and never implies compiler/server/P95 attribution (1.543584ms)
✔ detail rejects missing (0.123541ms)
✔ detail rejects duplicate (0.106875ms)
✔ detail rejects foreign (0.090625ms)
✔ detail rejects failed (0.087125ms)
✔ detail rejects boundary (0.065875ms)
✔ detail rejects CPU (0.065125ms)
✔ detail rejects negative CPU (0.065458ms)
✔ detail rejects fraction (0.10075ms)
✔ detail rejects wait (0.112916ms)
✔ detail rejects wrong wait (0.076208ms)
✔ detail rejects gap (0.060833ms)
✔ detail rejects overlap (0.058041ms)
✔ detail rejects coverage (0.075ms)
✔ detail rejects invalid time (0.069417ms)
✔ detail rejects off (0.071458ms)
✔ detail rejects two pg (0.089916ms)
✔ detail rejects unsettled (0.054458ms)
✔ detail rejects root (0.06325ms)
✔ fresh planner preserves fixed budget, demands both detail modes, never dispatches (0.512875ms)
✔ legacy manifests cannot be promoted to detailed target proof (0.76975ms)
✔ hosted detail input byte binding is explicit and rejects run, mode, budget, context and hash drift (0.438167ms)
✔ explicit manual false overrides repository true and preserves capacity/immediate context (0.751041ms)
✔ manual deployment rejects branch/SHA, missing mode, phase drift and unsupported events before cloud work (0.144667ms)
✔ push keeps existing resolved defaults but cannot ignore explicit invalid input (0.065209ms)
✔ input pair gate never implies target acceptance and rejects SHA/config/context/duplicate run drift (0.362583ms)
✔ workflow records input receipt before verification/AWS and never interpolates manual input into shell (0.564709ms)
✔ C0/C1 same SHA and engine=true differ only preconnect; push cannot turn candidate on (0.355042ms)
✔ R0/R1 input pair binds same SHA and budget, differs only account read; push always off (0.303833ms)
✔ detail is off on push, manual detail requires guarded preconnect and round trips both R inputs (0.2895ms)
✔ planner never dispatches and matchable inputs never accept P95 or causal benefit (0.905291ms)
✔ pair rejects drift or missing proof sourceCommit (0.088583ms)
✔ pair rejects drift or missing proof memoryMiB (0.058292ms)
✔ pair rejects drift or missing proof architecture (0.043ms)
✔ pair rejects drift or missing proof poolMax (0.054417ms)
✔ pair rejects drift or missing proof actorRole (0.044458ms)
✔ pair rejects drift or missing proof accountState (0.044875ms)
✔ pair rejects drift or missing proof operationId (0.041583ms)
✔ pair rejects drift or missing proof expectedStatus (0.054ms)
✔ pair rejects drift or missing proof authenticatedPreconnect (0.084083ms)
✔ pair rejects drift or missing proof engineCpuDiagnosis (0.048542ms)
✔ pair rejects drift or missing proof artifactSetSha256 (0.036666ms)
✔ pair rejects drift or missing proof lambdaCount (0.050166ms)
✔ pair rejects drift or missing proof cleanupGate (0.030042ms)
✔ pair rejects drift or missing proof source (0.038708ms)
✔ pair rejects drift or missing proof coldProofGroup (0.026375ms)
✔ pair rejects drift or missing proof naturalCold409Count (0.04525ms)
✔ pair rejects drift or missing proof platformInitDurationMs (0.054208ms)
✔ pair rejects drift or missing proof clientSplitGate (0.046625ms)
✔ pair rejects drift or missing proof firstCheckoutOwned (0.028958ms)
✔ pair rejects drift or missing proof startedAt (0.022625ms)
✔ actual receipt loader rejects byte drift and directory escape before reading semantic proof (1.567042ms)
✔ matched independent sampling stays distinct from baseline and cannot accept a missing group (0.060041ms)
ℹ tests 68
ℹ suites 0
ℹ pass 68
ℹ fail 0
ℹ cancelled 0
ℹ skipped 0
ℹ todo 0
ℹ duration_ms 125.182084
