packages/database/src/contract-load-observation.ts(2,30): error TS2305: Module '"@fdp/observability"' has no exported member 'bindDataPathObservation'.
packages/database/src/contract-load-observation.ts(55,9): error TS2554: Expected 3 arguments, but got 4.
packages/database/src/contract-load-observation.ts(68,51): error TS2345: Argument of type '"contract-load-orm-submit"' is not assignable to parameter of type 'DataPathPhase'.
packages/database/src/contract-load-observation.ts(80,38): error TS2345: Argument of type '"contract-load-orm-await"' is not assignable to parameter of type 'DataPathPhase'.
packages/database/src/contract-load-observation.ts(96,33): error TS2345: Argument of type '"contract-load-driver-pg"' is not assignable to parameter of type 'DataPathPhase'.
packages/database/src/contract-load-observation.ts(97,29): error TS2345: Argument of type '"PG_DISPATCH"' is not assignable to parameter of type 'PreparationBoundary | undefined'.
packages/database/src/contract-load-observation.ts(98,35): error TS7006: Parameter 'error' implicitly has an 'any' type.
packages/database/src/contract-load-observation.ts(103,40): error TS2345: Argument of type '"contract-load-driver-after-pg"' is not assignable to parameter of type 'DataPathPhase'.
packages/database/src/contract-load-observation.ts(104,23): error TS2345: Argument of type '"OPERATION_FAILED" | "PG_SETTLED"' is not assignable to parameter of type 'PreparationBoundary | undefined'.
  Type '"PG_SETTLED"' is not assignable to type 'PreparationBoundary | undefined'.
packages/database/src/contract-load-observation.ts(118,41): error TS2345: Argument of type '"contract-load-driver-before-pg"' is not assignable to parameter of type 'DataPathPhase'.
packages/database/test/contract-load-detail.test.ts(29,36): error TS2769: No overload matches this call.
  The last overload gave the following error.
    Argument of type '{}' is not assignable to parameter of type 'string | QueryConfig<any[]>'.
packages/database/test/contract-load-detail.test.ts(29,40): error TS2345: Argument of type 'Promise<{}>' is not assignable to parameter of type 'Submittable'.
  Property 'submit' is missing in type 'Promise<{}>' but required in type 'Submittable'.
packages/database/test/contract-load-detail.test.ts(68,78): error TS2345: Argument of type 'Promise<number>' is not assignable to parameter of type 'Promise<QueryResult<any>>'.
  Type 'number' is not assignable to type 'QueryResult<any>'.
packages/database/test/contract-load-detail.test.ts(74,114): error TS2769: No overload matches this call.
  The last overload gave the following error.
    Argument of type '{ submit(): void; text?: never; callback?: never; } | { text: string; callback(): void; submit?: never; }' is not assignable to parameter of type 'string | QueryConfig<any[]>'.
      Type '{ submit(): void; text?: never; callback?: never; }' is not assignable to type 'string | QueryConfig<any[]>'.
        Type '{ submit(): void; text?: never; callback?: never; }' is not assignable to type 'QueryConfig<any[]>'.
          Property 'text' is optional in type '{ submit(): void; text?: never; callback?: never; }' but required in type 'QueryConfig<any[]>'.
packages/database/test/observed-pg.test.ts(112,16): error TS2554: Expected 1-2 arguments, but got 0.
