✔ actual config guard accepts R0/R1 and final false restore without declaring business/P95 (0.579375ms)
✔ config rejects accountReadCandidate drift (0.111875ms)
✔ config rejects pool drift (0.048959ms)
✔ config rejects memory drift (0.043708ms)
✔ config rejects preconnect drift (0.047708ms)
✔ config rejects engineCpu drift (0.051ms)
✔ config rejects envName drift (0.039208ms)
✔ config rejects revisionId drift (0.078417ms)
✔ config rejects codeSha256 drift (1.318292ms)
✔ config rejects state drift (0.099042ms)
✔ config rejects architecture drift (0.050334ms)
✔ config rejects source, inventory and concurrency drift (0.105833ms)
✔ explicit manual false overrides repository true and preserves capacity/immediate context (1.335167ms)
✔ manual deployment rejects branch/SHA, missing mode, phase drift and unsupported events before cloud work (0.344583ms)
✔ push keeps existing resolved defaults but cannot ignore explicit invalid input (0.137042ms)
✔ input pair gate never implies target acceptance and rejects SHA/config/context/duplicate run drift (0.531333ms)
✔ workflow records input receipt before verification/AWS and never interpolates manual input into shell (0.840125ms)
✔ C0/C1 same SHA and engine=true differ only preconnect; push cannot turn candidate on (1.343917ms)
✔ R0/R1 input pair binds same SHA and budget, differs only account read; push always off (0.568333ms)
✔ planner never dispatches and matchable inputs never accept P95 or causal benefit (1.233666ms)
✔ pair rejects drift or missing proof sourceCommit (0.100208ms)
✔ pair rejects drift or missing proof memoryMiB (0.069083ms)
✔ pair rejects drift or missing proof poolMax (0.054792ms)
✔ pair rejects drift or missing proof actorRole (0.056ms)
✔ pair rejects drift or missing proof accountState (0.048708ms)
✔ pair rejects drift or missing proof operationId (0.045125ms)
✔ pair rejects drift or missing proof expectedStatus (0.045375ms)
✔ pair rejects drift or missing proof authenticatedPreconnect (0.136375ms)
✔ pair rejects drift or missing proof engineCpuDiagnosis (0.111292ms)
✔ pair rejects drift or missing proof artifactSetSha256 (0.074292ms)
✔ pair rejects drift or missing proof lambdaCount (0.078625ms)
✔ pair rejects drift or missing proof cleanupGate (0.137125ms)
✔ pair rejects drift or missing proof source (0.113417ms)
✔ pair rejects drift or missing proof naturalCold409Count (0.086916ms)
✔ pair rejects drift or missing proof platformInitDurationMs (0.066667ms)
✔ pair rejects drift or missing proof clientSplitGate (0.036708ms)
✔ pair rejects drift or missing proof firstCheckoutOwned (0.064167ms)
✔ pair rejects drift or missing proof startedAt (0.045041ms)
✔ actual receipt loader rejects byte drift and directory escape before reading semantic proof (2.533875ms)
ℹ tests 39
ℹ suites 0
ℹ pass 39
ℹ fail 0
ℹ cancelled 0
ℹ skipped 0
ℹ todo 0
ℹ duration_ms 65.075666
