observe: PROVISIONING
observe: DOWNLOAD_SOURCE
observe: INSTALL
observe: BUILD
observe: COMPLETED
business-seed-devices: PROVISIONING
business-seed-devices: DOWNLOAD_SOURCE
business-seed-devices: BUILD
business-seed-devices: COMPLETED
business-baseline: PROVISIONING
business-baseline: DOWNLOAD_SOURCE
business-baseline: BUILD
business-baseline: COMPLETED
business-cleanup: PROVISIONING
business-cleanup: DOWNLOAD_SOURCE
business-cleanup: BUILD
business-cleanup: COMPLETED
business-audit: PROVISIONING
business-audit: DOWNLOAD_SOURCE
business-audit: INSTALL
business-audit: BUILD
business-audit: COMPLETED
{"gate":"PASS","stages":{"foundation":"PASS","remaining":"PASS"},"checks":81,"cleanupComplete":true}
observe: PROVISIONING
observe: DOWNLOAD_SOURCE
observe: BUILD
observe: COMPLETED
cleanup: PROVISIONING
cleanup: DOWNLOAD_SOURCE
cleanup: INSTALL
cleanup: BUILD
cleanup: COMPLETED
{"task":"QA-09","scope":"OWN_CONTRACT_CONCURRENT_PATCH_RETEST","sourceCommit":"703a2848c0cf894e0aff70c73f2814a62d5dfcb2","prefix":"qa09-995a40a8b1f912b9","fullQa09Accepted":false,"gate":"PASS","checks":73,"cleanup":"PASS","fixtureMode":"REAL_RDS_ONBOARDED_STATE_FOR_BUSINESS_APIS_NO_DEVICE_AUTH_CLAIM","sourceReceipt":"docs/audit/evidence/qa-09-account-phases-target-2026-10-06/contract-race.json.sources.json","sourceReceiptSha256":"854f251990d0ec1d6aa9aeba11d407794dadbd53429fb28e1fa23397140e0801","remainingCoverage":"No real device authentication, natural Active, native browser, full 117 behavior or full QA09 acceptance claim"}
