Refreshing run status every 30 seconds. Press Ctrl+C to quit.

* main Deploy test API · 37412064852
Triggered via push about 2 minutes ago

Refreshing run status every 30 seconds. Press Ctrl+C to quit.

* main Deploy test API · 37412064852
Triggered via push about 3 minutes ago

Refreshing run status every 30 seconds. Press Ctrl+C to quit.

* main Deploy test API · 37412064852
Triggered via push about 3 minutes ago

Refreshing run status every 30 seconds. Press Ctrl+C to quit.

* main Deploy test API · 37412064852
Triggered via push about 4 minutes ago

Refreshing run status every 30 seconds. Press Ctrl+C to quit.

* main Deploy test API · 37412064852
Triggered via push about 4 minutes ago

Refreshing run status every 30 seconds. Press Ctrl+C to quit.

* main Deploy test API · 37412064852
Triggered via push about 5 minutes ago

Refreshing run status every 30 seconds. Press Ctrl+C to quit.

* main Deploy test API · 37412064852
Triggered via push about 5 minutes ago

Refreshing run status every 30 seconds. Press Ctrl+C to quit.

* main Deploy test API · 37412064852
Triggered via push about 6 minutes ago

Refreshing run status every 30 seconds. Press Ctrl+C to quit.

* main Deploy test API · 37412064852
Triggered via push about 6 minutes ago

Refreshing run status every 30 seconds. Press Ctrl+C to quit.

* main Deploy test API · 37412064852
Triggered via push about 7 minutes ago

Refreshing run status every 30 seconds. Press Ctrl+C to quit.

* main Deploy test API · 37412064852
Triggered via push about 7 minutes ago

Refreshing run status every 30 seconds. Press Ctrl+C to quit.

* main Deploy test API · 37412064852
Triggered via push about 8 minutes ago

Refreshing run status every 30 seconds. Press Ctrl+C to quit.

* main Deploy test API · 37412064852
Triggered via push about 8 minutes ago

JOBS
* deploy-test (ID 112104668369)
Refreshing run status every 30 seconds. Press Ctrl+C to quit.

* main Deploy test API · 37412064852
Triggered via push about 9 minutes ago

JOBS
* deploy-test (ID 112104668369)
  ✓ Set up job
  ✓ Run actions/checkout@v7
  ✓ Run pnpm/action-setup@v6
  ✓ Run actions/setup-node@v5
  ✓ Run pnpm install --frozen-lockfile
  * Run pnpm exec playwright install --with-deps chromium
  * Run pnpm verify
  * Run aws-actions/configure-aws-credentials@v6.3.0
  * Verify target account and exact commit
  * Run node scripts/esgiot-cdk.mjs diff AppDependencies
  * Run node scripts/esgiot-cdk.mjs deploy AppDependencies
  * Post Run actions/setup-node@v5
  * Post Run pnpm/action-setup@v6
  * Post Run actions/checkout@v7
Refreshing run status every 30 seconds. Press Ctrl+C to quit.

* main Deploy test API · 37412064852
Triggered via push about 9 minutes ago

JOBS
* deploy-test (ID 112104668369)
  ✓ Set up job
  ✓ Run actions/checkout@v7
  ✓ Run pnpm/action-setup@v6
  ✓ Run actions/setup-node@v5
  ✓ Run pnpm install --frozen-lockfile
  ✓ Run pnpm exec playwright install --with-deps chromium
  * Run pnpm verify
  * Run aws-actions/configure-aws-credentials@v6.3.0
  * Verify target account and exact commit
  * Run node scripts/esgiot-cdk.mjs diff AppDependencies
  * Run node scripts/esgiot-cdk.mjs deploy AppDependencies
  * Post Run actions/setup-node@v5
  * Post Run pnpm/action-setup@v6
  * Post Run actions/checkout@v7
Refreshing run status every 30 seconds. Press Ctrl+C to quit.

* main Deploy test API · 37412064852
Triggered via push about 10 minutes ago

JOBS
* deploy-test (ID 112104668369)
  ✓ Set up job
  ✓ Run actions/checkout@v7
  ✓ Run pnpm/action-setup@v6
  ✓ Run actions/setup-node@v5
  ✓ Run pnpm install --frozen-lockfile
  ✓ Run pnpm exec playwright install --with-deps chromium
  * Run pnpm verify
  * Run aws-actions/configure-aws-credentials@v6.3.0
  * Verify target account and exact commit
  * Run node scripts/esgiot-cdk.mjs diff AppDependencies
  * Run node scripts/esgiot-cdk.mjs deploy AppDependencies
  * Post Run actions/setup-node@v5
  * Post Run pnpm/action-setup@v6
  * Post Run actions/checkout@v7
Refreshing run status every 30 seconds. Press Ctrl+C to quit.

* main Deploy test API · 37412064852
Triggered via push about 11 minutes ago

JOBS
* deploy-test (ID 112104668369)
  ✓ Set up job
  ✓ Run actions/checkout@v7
  ✓ Run pnpm/action-setup@v6
  ✓ Run actions/setup-node@v5
  ✓ Run pnpm install --frozen-lockfile
  ✓ Run pnpm exec playwright install --with-deps chromium
  * Run pnpm verify
  * Run aws-actions/configure-aws-credentials@v6.3.0
  * Verify target account and exact commit
  * Run node scripts/esgiot-cdk.mjs diff AppDependencies
  * Run node scripts/esgiot-cdk.mjs deploy AppDependencies
  * Post Run actions/setup-node@v5
  * Post Run pnpm/action-setup@v6
  * Post Run actions/checkout@v7
Refreshing run status every 30 seconds. Press Ctrl+C to quit.

* main Deploy test API · 37412064852
Triggered via push about 11 minutes ago

JOBS
* deploy-test (ID 112104668369)
  ✓ Set up job
  ✓ Run actions/checkout@v7
  ✓ Run pnpm/action-setup@v6
  ✓ Run actions/setup-node@v5
  ✓ Run pnpm install --frozen-lockfile
  ✓ Run pnpm exec playwright install --with-deps chromium
  * Run pnpm verify
  * Run aws-actions/configure-aws-credentials@v6.3.0
  * Verify target account and exact commit
  * Run node scripts/esgiot-cdk.mjs diff AppDependencies
  * Run node scripts/esgiot-cdk.mjs deploy AppDependencies
  * Post Run actions/setup-node@v5
  * Post Run pnpm/action-setup@v6
  * Post Run actions/checkout@v7
Refreshing run status every 30 seconds. Press Ctrl+C to quit.

* main Deploy test API · 37412064852
Triggered via push about 12 minutes ago

JOBS
* deploy-test (ID 112104668369)
  ✓ Set up job
  ✓ Run actions/checkout@v7
  ✓ Run pnpm/action-setup@v6
  ✓ Run actions/setup-node@v5
  ✓ Run pnpm install --frozen-lockfile
  ✓ Run pnpm exec playwright install --with-deps chromium
  * Run pnpm verify
  * Run aws-actions/configure-aws-credentials@v6.3.0
  * Verify target account and exact commit
  * Run node scripts/esgiot-cdk.mjs diff AppDependencies
  * Run node scripts/esgiot-cdk.mjs deploy AppDependencies
  * Post Run actions/setup-node@v5
  * Post Run pnpm/action-setup@v6
  * Post Run actions/checkout@v7
Refreshing run status every 30 seconds. Press Ctrl+C to quit.

* main Deploy test API · 37412064852
Triggered via push about 12 minutes ago

JOBS
* deploy-test (ID 112104668369)
  ✓ Set up job
  ✓ Run actions/checkout@v7
  ✓ Run pnpm/action-setup@v6
  ✓ Run actions/setup-node@v5
  ✓ Run pnpm install --frozen-lockfile
  ✓ Run pnpm exec playwright install --with-deps chromium
  * Run pnpm verify
  * Run aws-actions/configure-aws-credentials@v6.3.0
  * Verify target account and exact commit
  * Run node scripts/esgiot-cdk.mjs diff AppDependencies
  * Run node scripts/esgiot-cdk.mjs deploy AppDependencies
  * Post Run actions/setup-node@v5
  * Post Run pnpm/action-setup@v6
  * Post Run actions/checkout@v7
Refreshing run status every 30 seconds. Press Ctrl+C to quit.

* main Deploy test API · 37412064852
Triggered via push about 13 minutes ago

JOBS
* deploy-test (ID 112104668369)
  ✓ Set up job
  ✓ Run actions/checkout@v7
  ✓ Run pnpm/action-setup@v6
  ✓ Run actions/setup-node@v5
  ✓ Run pnpm install --frozen-lockfile
  ✓ Run pnpm exec playwright install --with-deps chromium
  * Run pnpm verify
  * Run aws-actions/configure-aws-credentials@v6.3.0
  * Verify target account and exact commit
  * Run node scripts/esgiot-cdk.mjs diff AppDependencies
  * Run node scripts/esgiot-cdk.mjs deploy AppDependencies
  * Post Run actions/setup-node@v5
  * Post Run pnpm/action-setup@v6
  * Post Run actions/checkout@v7
Refreshing run status every 30 seconds. Press Ctrl+C to quit.

* main Deploy test API · 37412064852
Triggered via push about 13 minutes ago

JOBS
* deploy-test (ID 112104668369)
  ✓ Set up job
  ✓ Run actions/checkout@v7
  ✓ Run pnpm/action-setup@v6
  ✓ Run actions/setup-node@v5
  ✓ Run pnpm install --frozen-lockfile
  ✓ Run pnpm exec playwright install --with-deps chromium
  * Run pnpm verify
  * Run aws-actions/configure-aws-credentials@v6.3.0
  * Verify target account and exact commit
  * Run node scripts/esgiot-cdk.mjs diff AppDependencies
  * Run node scripts/esgiot-cdk.mjs deploy AppDependencies
  * Post Run actions/setup-node@v5
  * Post Run pnpm/action-setup@v6
  * Post Run actions/checkout@v7
Refreshing run status every 30 seconds. Press Ctrl+C to quit.

* main Deploy test API · 37412064852
Triggered via push about 14 minutes ago

JOBS
* deploy-test (ID 112104668369)
  ✓ Set up job
  ✓ Run actions/checkout@v7
  ✓ Run pnpm/action-setup@v6
  ✓ Run actions/setup-node@v5
  ✓ Run pnpm install --frozen-lockfile
  ✓ Run pnpm exec playwright install --with-deps chromium
  * Run pnpm verify
  * Run aws-actions/configure-aws-credentials@v6.3.0
  * Verify target account and exact commit
  * Run node scripts/esgiot-cdk.mjs diff AppDependencies
  * Run node scripts/esgiot-cdk.mjs deploy AppDependencies
  * Post Run actions/setup-node@v5
  * Post Run pnpm/action-setup@v6
  * Post Run actions/checkout@v7
Refreshing run status every 30 seconds. Press Ctrl+C to quit.

* main Deploy test API · 37412064852
Triggered via push about 14 minutes ago

JOBS
* deploy-test (ID 112104668369)
  ✓ Set up job
  ✓ Run actions/checkout@v7
  ✓ Run pnpm/action-setup@v6
  ✓ Run actions/setup-node@v5
  ✓ Run pnpm install --frozen-lockfile
  ✓ Run pnpm exec playwright install --with-deps chromium
  * Run pnpm verify
  * Run aws-actions/configure-aws-credentials@v6.3.0
  * Verify target account and exact commit
  * Run node scripts/esgiot-cdk.mjs diff AppDependencies
  * Run node scripts/esgiot-cdk.mjs deploy AppDependencies
  * Post Run actions/setup-node@v5
  * Post Run pnpm/action-setup@v6
  * Post Run actions/checkout@v7
Refreshing run status every 30 seconds. Press Ctrl+C to quit.

* main Deploy test API · 37412064852
Triggered via push about 15 minutes ago

JOBS
* deploy-test (ID 112104668369)
  ✓ Set up job
  ✓ Run actions/checkout@v7
  ✓ Run pnpm/action-setup@v6
  ✓ Run actions/setup-node@v5
  ✓ Run pnpm install --frozen-lockfile
  ✓ Run pnpm exec playwright install --with-deps chromium
  * Run pnpm verify
  * Run aws-actions/configure-aws-credentials@v6.3.0
  * Verify target account and exact commit
  * Run node scripts/esgiot-cdk.mjs diff AppDependencies
  * Run node scripts/esgiot-cdk.mjs deploy AppDependencies
  * Post Run actions/setup-node@v5
  * Post Run pnpm/action-setup@v6
  * Post Run actions/checkout@v7
Refreshing run status every 30 seconds. Press Ctrl+C to quit.

* main Deploy test API · 37412064852
Triggered via push about 15 minutes ago

JOBS
* deploy-test (ID 112104668369)
  ✓ Set up job
  ✓ Run actions/checkout@v7
  ✓ Run pnpm/action-setup@v6
  ✓ Run actions/setup-node@v5
  ✓ Run pnpm install --frozen-lockfile
  ✓ Run pnpm exec playwright install --with-deps chromium
  * Run pnpm verify
  * Run aws-actions/configure-aws-credentials@v6.3.0
  * Verify target account and exact commit
  * Run node scripts/esgiot-cdk.mjs diff AppDependencies
  * Run node scripts/esgiot-cdk.mjs deploy AppDependencies
  * Post Run actions/setup-node@v5
  * Post Run pnpm/action-setup@v6
  * Post Run actions/checkout@v7
Refreshing run status every 30 seconds. Press Ctrl+C to quit.

* main Deploy test API · 37412064852
Triggered via push about 16 minutes ago

JOBS
* deploy-test (ID 112104668369)
  ✓ Set up job
  ✓ Run actions/checkout@v7
  ✓ Run pnpm/action-setup@v6
  ✓ Run actions/setup-node@v5
  ✓ Run pnpm install --frozen-lockfile
  ✓ Run pnpm exec playwright install --with-deps chromium
  * Run pnpm verify
  * Run aws-actions/configure-aws-credentials@v6.3.0
  * Verify target account and exact commit
  * Run node scripts/esgiot-cdk.mjs diff AppDependencies
  * Run node scripts/esgiot-cdk.mjs deploy AppDependencies
  * Post Run actions/setup-node@v5
  * Post Run pnpm/action-setup@v6
  * Post Run actions/checkout@v7
Refreshing run status every 30 seconds. Press Ctrl+C to quit.

* main Deploy test API · 37412064852
Triggered via push about 16 minutes ago

JOBS
* deploy-test (ID 112104668369)
  ✓ Set up job
  ✓ Run actions/checkout@v7
  ✓ Run pnpm/action-setup@v6
  ✓ Run actions/setup-node@v5
  ✓ Run pnpm install --frozen-lockfile
  ✓ Run pnpm exec playwright install --with-deps chromium
  * Run pnpm verify
  * Run aws-actions/configure-aws-credentials@v6.3.0
  * Verify target account and exact commit
  * Run node scripts/esgiot-cdk.mjs diff AppDependencies
  * Run node scripts/esgiot-cdk.mjs deploy AppDependencies
  * Post Run actions/setup-node@v5
  * Post Run pnpm/action-setup@v6
  * Post Run actions/checkout@v7
Refreshing run status every 30 seconds. Press Ctrl+C to quit.

* main Deploy test API · 37412064852
Triggered via push about 17 minutes ago

JOBS
* deploy-test (ID 112104668369)
  ✓ Set up job
  ✓ Run actions/checkout@v7
  ✓ Run pnpm/action-setup@v6
  ✓ Run actions/setup-node@v5
  ✓ Run pnpm install --frozen-lockfile
  ✓ Run pnpm exec playwright install --with-deps chromium
  * Run pnpm verify
  * Run aws-actions/configure-aws-credentials@v6.3.0
  * Verify target account and exact commit
  * Run node scripts/esgiot-cdk.mjs diff AppDependencies
  * Run node scripts/esgiot-cdk.mjs deploy AppDependencies
  * Post Run actions/setup-node@v5
  * Post Run pnpm/action-setup@v6
  * Post Run actions/checkout@v7
Refreshing run status every 30 seconds. Press Ctrl+C to quit.

* main Deploy test API · 37412064852
Triggered via push about 18 minutes ago

JOBS
* deploy-test (ID 112104668369)
  ✓ Set up job
  ✓ Run actions/checkout@v7
  ✓ Run pnpm/action-setup@v6
  ✓ Run actions/setup-node@v5
  ✓ Run pnpm install --frozen-lockfile
  ✓ Run pnpm exec playwright install --with-deps chromium
  * Run pnpm verify
  * Run aws-actions/configure-aws-credentials@v6.3.0
  * Verify target account and exact commit
  * Run node scripts/esgiot-cdk.mjs diff AppDependencies
  * Run node scripts/esgiot-cdk.mjs deploy AppDependencies
  * Post Run actions/setup-node@v5
  * Post Run pnpm/action-setup@v6
  * Post Run actions/checkout@v7
Refreshing run status every 30 seconds. Press Ctrl+C to quit.

* main Deploy test API · 37412064852
Triggered via push about 18 minutes ago

JOBS
* deploy-test (ID 112104668369)
  ✓ Set up job
  ✓ Run actions/checkout@v7
  ✓ Run pnpm/action-setup@v6
  ✓ Run actions/setup-node@v5
  ✓ Run pnpm install --frozen-lockfile
  ✓ Run pnpm exec playwright install --with-deps chromium
  * Run pnpm verify
  * Run aws-actions/configure-aws-credentials@v6.3.0
  * Verify target account and exact commit
  * Run node scripts/esgiot-cdk.mjs diff AppDependencies
  * Run node scripts/esgiot-cdk.mjs deploy AppDependencies
  * Post Run actions/setup-node@v5
  * Post Run pnpm/action-setup@v6
  * Post Run actions/checkout@v7
Refreshing run status every 30 seconds. Press Ctrl+C to quit.

* main Deploy test API · 37412064852
Triggered via push about 19 minutes ago

JOBS
* deploy-test (ID 112104668369)
  ✓ Set up job
  ✓ Run actions/checkout@v7
  ✓ Run pnpm/action-setup@v6
  ✓ Run actions/setup-node@v5
  ✓ Run pnpm install --frozen-lockfile
  ✓ Run pnpm exec playwright install --with-deps chromium
  * Run pnpm verify
  * Run aws-actions/configure-aws-credentials@v6.3.0
  * Verify target account and exact commit
  * Run node scripts/esgiot-cdk.mjs diff AppDependencies
  * Run node scripts/esgiot-cdk.mjs deploy AppDependencies
  * Post Run actions/setup-node@v5
  * Post Run pnpm/action-setup@v6
  * Post Run actions/checkout@v7
Refreshing run status every 30 seconds. Press Ctrl+C to quit.

* main Deploy test API · 37412064852
Triggered via push about 19 minutes ago

JOBS
* deploy-test (ID 112104668369)
  ✓ Set up job
  ✓ Run actions/checkout@v7
  ✓ Run pnpm/action-setup@v6
  ✓ Run actions/setup-node@v5
  ✓ Run pnpm install --frozen-lockfile
  ✓ Run pnpm exec playwright install --with-deps chromium
  * Run pnpm verify
  * Run aws-actions/configure-aws-credentials@v6.3.0
  * Verify target account and exact commit
  * Run node scripts/esgiot-cdk.mjs diff AppDependencies
  * Run node scripts/esgiot-cdk.mjs deploy AppDependencies
  * Post Run actions/setup-node@v5
  * Post Run pnpm/action-setup@v6
  * Post Run actions/checkout@v7
Refreshing run status every 30 seconds. Press Ctrl+C to quit.

* main Deploy test API · 37412064852
Triggered via push about 20 minutes ago

JOBS
* deploy-test (ID 112104668369)
  ✓ Set up job
  ✓ Run actions/checkout@v7
  ✓ Run pnpm/action-setup@v6
  ✓ Run actions/setup-node@v5
  ✓ Run pnpm install --frozen-lockfile
  ✓ Run pnpm exec playwright install --with-deps chromium
  * Run pnpm verify
  * Run aws-actions/configure-aws-credentials@v6.3.0
  * Verify target account and exact commit
  * Run node scripts/esgiot-cdk.mjs diff AppDependencies
  * Run node scripts/esgiot-cdk.mjs deploy AppDependencies
  * Post Run actions/setup-node@v5
  * Post Run pnpm/action-setup@v6
  * Post Run actions/checkout@v7
Refreshing run status every 30 seconds. Press Ctrl+C to quit.

* main Deploy test API · 37412064852
Triggered via push about 20 minutes ago

JOBS
* deploy-test (ID 112104668369)
  ✓ Set up job
  ✓ Run actions/checkout@v7
  ✓ Run pnpm/action-setup@v6
  ✓ Run actions/setup-node@v5
  ✓ Run pnpm install --frozen-lockfile
  ✓ Run pnpm exec playwright install --with-deps chromium
  * Run pnpm verify
  * Run aws-actions/configure-aws-credentials@v6.3.0
  * Verify target account and exact commit
  * Run node scripts/esgiot-cdk.mjs diff AppDependencies
  * Run node scripts/esgiot-cdk.mjs deploy AppDependencies
  * Post Run actions/setup-node@v5
  * Post Run pnpm/action-setup@v6
  * Post Run actions/checkout@v7
Refreshing run status every 30 seconds. Press Ctrl+C to quit.

* main Deploy test API · 37412064852
Triggered via push about 21 minutes ago

JOBS
* deploy-test (ID 112104668369)
  ✓ Set up job
  ✓ Run actions/checkout@v7
  ✓ Run pnpm/action-setup@v6
  ✓ Run actions/setup-node@v5
  ✓ Run pnpm install --frozen-lockfile
  ✓ Run pnpm exec playwright install --with-deps chromium
  * Run pnpm verify
  * Run aws-actions/configure-aws-credentials@v6.3.0
  * Verify target account and exact commit
  * Run node scripts/esgiot-cdk.mjs diff AppDependencies
  * Run node scripts/esgiot-cdk.mjs deploy AppDependencies
  * Post Run actions/setup-node@v5
  * Post Run pnpm/action-setup@v6
  * Post Run actions/checkout@v7
Refreshing run status every 30 seconds. Press Ctrl+C to quit.

* main Deploy test API · 37412064852
Triggered via push about 21 minutes ago

JOBS
* deploy-test (ID 112104668369)
  ✓ Set up job
  ✓ Run actions/checkout@v7
  ✓ Run pnpm/action-setup@v6
  ✓ Run actions/setup-node@v5
  ✓ Run pnpm install --frozen-lockfile
  ✓ Run pnpm exec playwright install --with-deps chromium
  * Run pnpm verify
  * Run aws-actions/configure-aws-credentials@v6.3.0
  * Verify target account and exact commit
  * Run node scripts/esgiot-cdk.mjs diff AppDependencies
  * Run node scripts/esgiot-cdk.mjs deploy AppDependencies
  * Post Run actions/setup-node@v5
  * Post Run pnpm/action-setup@v6
  * Post Run actions/checkout@v7
Refreshing run status every 30 seconds. Press Ctrl+C to quit.

* main Deploy test API · 37412064852
Triggered via push about 22 minutes ago

JOBS
* deploy-test (ID 112104668369)
  ✓ Set up job
  ✓ Run actions/checkout@v7
  ✓ Run pnpm/action-setup@v6
  ✓ Run actions/setup-node@v5
  ✓ Run pnpm install --frozen-lockfile
  ✓ Run pnpm exec playwright install --with-deps chromium
  * Run pnpm verify
  * Run aws-actions/configure-aws-credentials@v6.3.0
  * Verify target account and exact commit
  * Run node scripts/esgiot-cdk.mjs diff AppDependencies
  * Run node scripts/esgiot-cdk.mjs deploy AppDependencies
  * Post Run actions/setup-node@v5
  * Post Run pnpm/action-setup@v6
  * Post Run actions/checkout@v7
Refreshing run status every 30 seconds. Press Ctrl+C to quit.

* main Deploy test API · 37412064852
Triggered via push about 22 minutes ago

JOBS
* deploy-test (ID 112104668369)
  ✓ Set up job
  ✓ Run actions/checkout@v7
  ✓ Run pnpm/action-setup@v6
  ✓ Run actions/setup-node@v5
  ✓ Run pnpm install --frozen-lockfile
  ✓ Run pnpm exec playwright install --with-deps chromium
  * Run pnpm verify
  * Run aws-actions/configure-aws-credentials@v6.3.0
  * Verify target account and exact commit
  * Run node scripts/esgiot-cdk.mjs diff AppDependencies
  * Run node scripts/esgiot-cdk.mjs deploy AppDependencies
  * Post Run actions/setup-node@v5
  * Post Run pnpm/action-setup@v6
  * Post Run actions/checkout@v7
Refreshing run status every 30 seconds. Press Ctrl+C to quit.

* main Deploy test API · 37412064852
Triggered via push about 23 minutes ago

JOBS
* deploy-test (ID 112104668369)
  ✓ Set up job
  ✓ Run actions/checkout@v7
  ✓ Run pnpm/action-setup@v6
  ✓ Run actions/setup-node@v5
  ✓ Run pnpm install --frozen-lockfile
  ✓ Run pnpm exec playwright install --with-deps chromium
  * Run pnpm verify
  * Run aws-actions/configure-aws-credentials@v6.3.0
  * Verify target account and exact commit
  * Run node scripts/esgiot-cdk.mjs diff AppDependencies
  * Run node scripts/esgiot-cdk.mjs deploy AppDependencies
  * Post Run actions/setup-node@v5
  * Post Run pnpm/action-setup@v6
  * Post Run actions/checkout@v7
Refreshing run status every 30 seconds. Press Ctrl+C to quit.

* main Deploy test API · 37412064852
Triggered via push about 24 minutes ago

JOBS
* deploy-test (ID 112104668369)
  ✓ Set up job
  ✓ Run actions/checkout@v7
  ✓ Run pnpm/action-setup@v6
  ✓ Run actions/setup-node@v5
  ✓ Run pnpm install --frozen-lockfile
  ✓ Run pnpm exec playwright install --with-deps chromium
  * Run pnpm verify
  * Run aws-actions/configure-aws-credentials@v6.3.0
  * Verify target account and exact commit
  * Run node scripts/esgiot-cdk.mjs diff AppDependencies
  * Run node scripts/esgiot-cdk.mjs deploy AppDependencies
  * Post Run actions/setup-node@v5
  * Post Run pnpm/action-setup@v6
  * Post Run actions/checkout@v7
Refreshing run status every 30 seconds. Press Ctrl+C to quit.

* main Deploy test API · 37412064852
Triggered via push about 24 minutes ago

JOBS
* deploy-test (ID 112104668369)
  ✓ Set up job
  ✓ Run actions/checkout@v7
  ✓ Run pnpm/action-setup@v6
  ✓ Run actions/setup-node@v5
  ✓ Run pnpm install --frozen-lockfile
  ✓ Run pnpm exec playwright install --with-deps chromium
  * Run pnpm verify
  * Run aws-actions/configure-aws-credentials@v6.3.0
  * Verify target account and exact commit
  * Run node scripts/esgiot-cdk.mjs diff AppDependencies
  * Run node scripts/esgiot-cdk.mjs deploy AppDependencies
  * Post Run actions/setup-node@v5
  * Post Run pnpm/action-setup@v6
  * Post Run actions/checkout@v7
Refreshing run status every 30 seconds. Press Ctrl+C to quit.

* main Deploy test API · 37412064852
Triggered via push about 25 minutes ago

JOBS
* deploy-test (ID 112104668369)
  ✓ Set up job
  ✓ Run actions/checkout@v7
  ✓ Run pnpm/action-setup@v6
  ✓ Run actions/setup-node@v5
  ✓ Run pnpm install --frozen-lockfile
  ✓ Run pnpm exec playwright install --with-deps chromium
  * Run pnpm verify
  * Run aws-actions/configure-aws-credentials@v6.3.0
  * Verify target account and exact commit
  * Run node scripts/esgiot-cdk.mjs diff AppDependencies
  * Run node scripts/esgiot-cdk.mjs deploy AppDependencies
  * Post Run actions/setup-node@v5
  * Post Run pnpm/action-setup@v6
  * Post Run actions/checkout@v7
Refreshing run status every 30 seconds. Press Ctrl+C to quit.

* main Deploy test API · 37412064852
Triggered via push about 25 minutes ago

JOBS
* deploy-test (ID 112104668369)
  ✓ Set up job
  ✓ Run actions/checkout@v7
  ✓ Run pnpm/action-setup@v6
  ✓ Run actions/setup-node@v5
  ✓ Run pnpm install --frozen-lockfile
  ✓ Run pnpm exec playwright install --with-deps chromium
  * Run pnpm verify
  * Run aws-actions/configure-aws-credentials@v6.3.0
  * Verify target account and exact commit
  * Run node scripts/esgiot-cdk.mjs diff AppDependencies
  * Run node scripts/esgiot-cdk.mjs deploy AppDependencies
  * Post Run actions/setup-node@v5
  * Post Run pnpm/action-setup@v6
  * Post Run actions/checkout@v7
Refreshing run status every 30 seconds. Press Ctrl+C to quit.

* main Deploy test API · 37412064852
Triggered via push about 26 minutes ago

JOBS
* deploy-test (ID 112104668369)
  ✓ Set up job
  ✓ Run actions/checkout@v7
  ✓ Run pnpm/action-setup@v6
  ✓ Run actions/setup-node@v5
  ✓ Run pnpm install --frozen-lockfile
  ✓ Run pnpm exec playwright install --with-deps chromium
  * Run pnpm verify
  * Run aws-actions/configure-aws-credentials@v6.3.0
  * Verify target account and exact commit
  * Run node scripts/esgiot-cdk.mjs diff AppDependencies
  * Run node scripts/esgiot-cdk.mjs deploy AppDependencies
  * Post Run actions/setup-node@v5
  * Post Run pnpm/action-setup@v6
  * Post Run actions/checkout@v7
Refreshing run status every 30 seconds. Press Ctrl+C to quit.

* main Deploy test API · 37412064852
Triggered via push about 26 minutes ago

JOBS
* deploy-test (ID 112104668369)
  ✓ Set up job
  ✓ Run actions/checkout@v7
  ✓ Run pnpm/action-setup@v6
  ✓ Run actions/setup-node@v5
  ✓ Run pnpm install --frozen-lockfile
  ✓ Run pnpm exec playwright install --with-deps chromium
  * Run pnpm verify
  * Run aws-actions/configure-aws-credentials@v6.3.0
  * Verify target account and exact commit
  * Run node scripts/esgiot-cdk.mjs diff AppDependencies
  * Run node scripts/esgiot-cdk.mjs deploy AppDependencies
  * Post Run actions/setup-node@v5
  * Post Run pnpm/action-setup@v6
  * Post Run actions/checkout@v7
Refreshing run status every 30 seconds. Press Ctrl+C to quit.

* main Deploy test API · 37412064852
Triggered via push about 27 minutes ago

JOBS
* deploy-test (ID 112104668369)
  ✓ Set up job
  ✓ Run actions/checkout@v7
  ✓ Run pnpm/action-setup@v6
  ✓ Run actions/setup-node@v5
  ✓ Run pnpm install --frozen-lockfile
  ✓ Run pnpm exec playwright install --with-deps chromium
  * Run pnpm verify
  * Run aws-actions/configure-aws-credentials@v6.3.0
  * Verify target account and exact commit
  * Run node scripts/esgiot-cdk.mjs diff AppDependencies
  * Run node scripts/esgiot-cdk.mjs deploy AppDependencies
  * Post Run actions/setup-node@v5
  * Post Run pnpm/action-setup@v6
  * Post Run actions/checkout@v7
Refreshing run status every 30 seconds. Press Ctrl+C to quit.

* main Deploy test API · 37412064852
Triggered via push about 27 minutes ago

JOBS
* deploy-test (ID 112104668369)
  ✓ Set up job
  ✓ Run actions/checkout@v7
  ✓ Run pnpm/action-setup@v6
  ✓ Run actions/setup-node@v5
  ✓ Run pnpm install --frozen-lockfile
  ✓ Run pnpm exec playwright install --with-deps chromium
  * Run pnpm verify
  * Run aws-actions/configure-aws-credentials@v6.3.0
  * Verify target account and exact commit
  * Run node scripts/esgiot-cdk.mjs diff AppDependencies
  * Run node scripts/esgiot-cdk.mjs deploy AppDependencies
  * Post Run actions/setup-node@v5
  * Post Run pnpm/action-setup@v6
  * Post Run actions/checkout@v7
Refreshing run status every 30 seconds. Press Ctrl+C to quit.

* main Deploy test API · 37412064852
Triggered via push about 28 minutes ago

JOBS
* deploy-test (ID 112104668369)
  ✓ Set up job
  ✓ Run actions/checkout@v7
  ✓ Run pnpm/action-setup@v6
  ✓ Run actions/setup-node@v5
  ✓ Run pnpm install --frozen-lockfile
  ✓ Run pnpm exec playwright install --with-deps chromium
  * Run pnpm verify
  * Run aws-actions/configure-aws-credentials@v6.3.0
  * Verify target account and exact commit
  * Run node scripts/esgiot-cdk.mjs diff AppDependencies
  * Run node scripts/esgiot-cdk.mjs deploy AppDependencies
  * Post Run actions/setup-node@v5
  * Post Run pnpm/action-setup@v6
  * Post Run actions/checkout@v7
Refreshing run status every 30 seconds. Press Ctrl+C to quit.

* main Deploy test API · 37412064852
Triggered via push about 28 minutes ago

JOBS
* deploy-test (ID 112104668369)
  ✓ Set up job
  ✓ Run actions/checkout@v7
  ✓ Run pnpm/action-setup@v6
  ✓ Run actions/setup-node@v5
  ✓ Run pnpm install --frozen-lockfile
  ✓ Run pnpm exec playwright install --with-deps chromium
  * Run pnpm verify
  * Run aws-actions/configure-aws-credentials@v6.3.0
  * Verify target account and exact commit
  * Run node scripts/esgiot-cdk.mjs diff AppDependencies
  * Run node scripts/esgiot-cdk.mjs deploy AppDependencies
  * Post Run actions/setup-node@v5
  * Post Run pnpm/action-setup@v6
  * Post Run actions/checkout@v7
Refreshing run status every 30 seconds. Press Ctrl+C to quit.

* main Deploy test API · 37412064852
Triggered via push about 29 minutes ago

JOBS
* deploy-test (ID 112104668369)
  ✓ Set up job
  ✓ Run actions/checkout@v7
  ✓ Run pnpm/action-setup@v6
  ✓ Run actions/setup-node@v5
  ✓ Run pnpm install --frozen-lockfile
  ✓ Run pnpm exec playwright install --with-deps chromium
  ✓ Run pnpm verify
  ✓ Run aws-actions/configure-aws-credentials@v6.3.0
  ✓ Verify target account and exact commit
  ✓ Run node scripts/esgiot-cdk.mjs diff AppDependencies
  * Run node scripts/esgiot-cdk.mjs deploy AppDependencies
  * Post Run aws-actions/configure-aws-credentials@v6.3.0
  * Post Run actions/setup-node@v5
  * Post Run pnpm/action-setup@v6
  * Post Run actions/checkout@v7
Refreshing run status every 30 seconds. Press Ctrl+C to quit.

* main Deploy test API · 37412064852
Triggered via push about 30 minutes ago

JOBS
* deploy-test (ID 112104668369)
  ✓ Set up job
  ✓ Run actions/checkout@v7
  ✓ Run pnpm/action-setup@v6
  ✓ Run actions/setup-node@v5
  ✓ Run pnpm install --frozen-lockfile
  ✓ Run pnpm exec playwright install --with-deps chromium
  ✓ Run pnpm verify
  ✓ Run aws-actions/configure-aws-credentials@v6.3.0
  ✓ Verify target account and exact commit
  ✓ Run node scripts/esgiot-cdk.mjs diff AppDependencies
  * Run node scripts/esgiot-cdk.mjs deploy AppDependencies
  * Post Run aws-actions/configure-aws-credentials@v6.3.0
  * Post Run actions/setup-node@v5
  * Post Run pnpm/action-setup@v6
  * Post Run actions/checkout@v7
Refreshing run status every 30 seconds. Press Ctrl+C to quit.

* main Deploy test API · 37412064852
Triggered via push about 30 minutes ago

JOBS
* deploy-test (ID 112104668369)
  ✓ Set up job
  ✓ Run actions/checkout@v7
  ✓ Run pnpm/action-setup@v6
  ✓ Run actions/setup-node@v5
  ✓ Run pnpm install --frozen-lockfile
  ✓ Run pnpm exec playwright install --with-deps chromium
  ✓ Run pnpm verify
  ✓ Run aws-actions/configure-aws-credentials@v6.3.0
  ✓ Verify target account and exact commit
  ✓ Run node scripts/esgiot-cdk.mjs diff AppDependencies
  * Run node scripts/esgiot-cdk.mjs deploy AppDependencies
  * Post Run aws-actions/configure-aws-credentials@v6.3.0
  * Post Run actions/setup-node@v5
  * Post Run pnpm/action-setup@v6
  * Post Run actions/checkout@v7
Refreshing run status every 30 seconds. Press Ctrl+C to quit.

* main Deploy test API · 37412064852
Triggered via push about 31 minutes ago

JOBS
* deploy-test (ID 112104668369)
  ✓ Set up job
  ✓ Run actions/checkout@v7
  ✓ Run pnpm/action-setup@v6
  ✓ Run actions/setup-node@v5
  ✓ Run pnpm install --frozen-lockfile
  ✓ Run pnpm exec playwright install --with-deps chromium
  ✓ Run pnpm verify
  ✓ Run aws-actions/configure-aws-credentials@v6.3.0
  ✓ Verify target account and exact commit
  ✓ Run node scripts/esgiot-cdk.mjs diff AppDependencies
  ✓ Run node scripts/esgiot-cdk.mjs deploy AppDependencies
  ✓ Post Run aws-actions/configure-aws-credentials@v6.3.0
  ✓ Post Run actions/setup-node@v5
  * Post Run pnpm/action-setup@v6
  * Post Run actions/checkout@v7
✓ main Deploy test API · 37412064852
Triggered via push about 31 minutes ago

JOBS
✓ deploy-test in 22m25s (ID 112104668369)
  ✓ Set up job
  ✓ Run actions/checkout@v7
  ✓ Run pnpm/action-setup@v6
  ✓ Run actions/setup-node@v5
  ✓ Run pnpm install --frozen-lockfile
  ✓ Run pnpm exec playwright install --with-deps chromium
  ✓ Run pnpm verify
  ✓ Run aws-actions/configure-aws-credentials@v6.3.0
  ✓ Verify target account and exact commit
  ✓ Run node scripts/esgiot-cdk.mjs diff AppDependencies
  ✓ Run node scripts/esgiot-cdk.mjs deploy AppDependencies
  ✓ Post Run aws-actions/configure-aws-credentials@v6.3.0
  ✓ Post Run actions/setup-node@v5
  ✓ Post Run pnpm/action-setup@v6
  ✓ Post Run actions/checkout@v7
  ✓ Complete job
