✔ phase proof covers success, conditional conflict and all audit reads without declaring latency/cleanup acceptance (1.342125ms)
✔ cold 409 gate requires matching cold phase flags and successful runtime initialization (1.731208ms)
✔ new account gate requires nested hook, Prisma query, first driver query and checkout on every request (0.20225ms)
✔ account gate rejects missing (0.167708ms)
✔ account gate rejects duplicate (0.148875ms)
✔ account gate rejects failure (0.151375ms)
✔ account gate rejects wait-boundary (0.167167ms)
✔ account gate rejects timestamp (0.138167ms)
✔ account gate rejects outside-hook (0.149209ms)
✔ phase proof rejects foreign-invocation (0.489875ms)
✔ phase proof rejects missing-transaction (0.13475ms)
✔ phase proof rejects conflict-code (0.162625ms)
✔ phase proof rejects missing-http (0.0795ms)
✔ phase proof rejects other-run (0.064416ms)
✔ bounded sampler requires physical Init Duration as well as application cold phases and retains client metrics (0.49375ms)
✔ bounded sampler rejects foreign-report (0.175417ms)
✔ bounded sampler rejects duplicate-report (0.100458ms)
✔ bounded sampler rejects no-socket-metrics (0.115792ms)
✔ bounded sampler rejects missing-body (0.093875ms)
✔ bounded sampler rejects over-budget (0.075417ms)
✔ bounded sampler rejects missing-audit (0.069791ms)
✔ client preparation requires actual dispatch, cold adapter suffix and leaves warm adapter timings absent (0.512625ms)
✔ client preparation rejects missing prepare (0.148166ms)
✔ client preparation rejects settlement is not driver dispatch (0.147459ms)
✔ client preparation rejects preparation after driver start (0.120625ms)
✔ client preparation rejects cold missing suffix (0.140458ms)
✔ client preparation rejects suffix outside preparation (0.136334ms)
✔ client preparation rejects wrong invocation (0.134375ms)
✔ client preparation cannot bypass account phase checks (0.0965ms)
✔ engine CPU mode proves preparation before model, preserves driver boundary and refuses old lazy ownership (1.347208ms)
✔ runtime assembly opt-in preserves both engine ownership modes and rejects old partial runtime receipts (1.268125ms)
✔ explicit manual false overrides repository true and preserves capacity/immediate context (0.51625ms)
✔ manual deployment rejects branch/SHA, missing mode, phase drift and unsupported events before cloud work (0.135542ms)
✔ push keeps existing resolved defaults but cannot ignore explicit invalid input (0.062208ms)
✔ input pair gate never implies target acceptance and rejects SHA/config/context/duplicate run drift (0.207958ms)
✔ workflow records input receipt before verification/AWS and never interpolates manual input into shell (0.199166ms)
✔ QA09 rollout separates logging, budget and event publication and rejects silent phase mistakes (0.627375ms)
✔ engine CPU diagnosis is explicit and only allowed after pool budget rollout (0.0815ms)
✔ runtime assembly has ordered nested CPU intervals without additive initialization totals (1.232292ms)
✔ runtime proof rejects absent, duplicate, failed, foreign IDs, overlap, bad CPU and invalid durations (0.350417ms)
ℹ tests 40
ℹ suites 0
ℹ pass 40
ℹ fail 0
ℹ cancelled 0
ℹ skipped 0
ℹ todo 0
ℹ duration_ms 86.742792
