Traceback (most recent call last):
  File "/Users/anray/Documents/project/hiddenjoyacom/food-digester-platform/docs/audit/evidence/qa-09-b41b45c-r0-r1-2026-10-09/verify-owned-build-terminal-exact.py", line 15, in <module>
    items=aws(['codebuild','batch-get-builds','--ids',*ids])['builds'];own=[]
          ~~~^^^^^^^^^^^^^^^^^^^^^^^^^^^^^^^^^^^^^^^^^^^^^^^
  File "/Users/anray/Documents/project/hiddenjoyacom/food-digester-platform/docs/audit/evidence/qa-09-b41b45c-r0-r1-2026-10-09/verify-owned-build-terminal-exact.py", line 12, in aws
    q=subprocess.run(['aws',*args,'--profile','esgiot-readonly','--region','ap-southeast-1','--output','json','--no-cli-pager'],capture_output=True,text=True,timeout=90)
  File "/opt/homebrew/Cellar/python@3.14/3.14.5/Frameworks/Python.framework/Versions/3.14/lib/python3.14/subprocess.py", line 557, in run
    stdout, stderr = process.communicate(input, timeout=timeout)
                     ~~~~~~~~~~~~~~~~~~~^^^^^^^^^^^^^^^^^^^^^^^^
  File "/opt/homebrew/Cellar/python@3.14/3.14.5/Frameworks/Python.framework/Versions/3.14/lib/python3.14/subprocess.py", line 1221, in communicate
    stdout, stderr = self._communicate(input, endtime, timeout)
                     ~~~~~~~~~~~~~~~~~^^^^^^^^^^^^^^^^^^^^^^^^^
  File "/opt/homebrew/Cellar/python@3.14/3.14.5/Frameworks/Python.framework/Versions/3.14/lib/python3.14/subprocess.py", line 2154, in _communicate
    self._check_timeout(endtime, orig_timeout, stdout, stderr)
    ~~~~~~~~~~~~~~~~~~~^^^^^^^^^^^^^^^^^^^^^^^^^^^^^^^^^^^^^^^
  File "/opt/homebrew/Cellar/python@3.14/3.14.5/Frameworks/Python.framework/Versions/3.14/lib/python3.14/subprocess.py", line 1268, in _check_timeout
    raise TimeoutExpired(
    ...<2 lines>...
            stderr=b''.join(stderr_seq) if stderr_seq else None)
subprocess.TimeoutExpired: Command '['aws', 'codebuild', 'batch-get-builds', '--ids', 'fdp-test-qa09-ten-device-fixtures:22c78070-f9ad-4801-9bcb-dee4959c992b', 'fdp-test-qa09-ten-device-fixtures:f1bfff3c-1940-4473-b28c-16c3bc8b4099', 'fdp-test-qa09-ten-device-fixtures:89ec193f-ff1b-4f06-a0b3-a002b20401f1', 'fdp-test-qa09-ten-device-fixtures:1c58e687-4b13-45f8-9843-87a90715933b', 'fdp-test-qa09-ten-device-fixtures:f9b29509-b6d1-410e-a8d4-eb11a54c20ba', 'fdp-test-qa09-ten-device-fixtures:bfde66d8-a82c-41e2-8f0e-948ce3e8d8a1', 'fdp-test-qa09-ten-device-fixtures:1dd89847-163b-4a9d-ace6-559f0a5479d8', 'fdp-test-qa09-ten-device-fixtures:deb278e5-c58b-4d8f-aa35-506d2889f7a5', 'fdp-test-qa09-ten-device-fixtures:d342a445-94f4-49dd-96df-a616c30182a5', 'fdp-test-qa09-ten-device-fixtures:dd2db66c-289c-49f4-afc6-bb5fc9e69c35', 'fdp-test-qa09-ten-device-fixtures:778460e5-ec7e-4e59-8f58-1a36538f9124', 'fdp-test-qa09-ten-device-fixtures:4c9084a9-e69a-4752-b447-23b276a614ad', 'fdp-test-qa09-ten-device-fixtures:4bcba53a-805c-4f99-9527-d43feab464e4', 'fdp-test-qa09-ten-device-fixtures:96f8cc67-64b0-4c0e-9993-5573f34e2fc1', 'fdp-test-qa09-ten-device-fixtures:b990db10-8666-4f4f-a089-dde85082e6c6', 'fdp-test-qa09-ten-device-fixtures:b7c2cb7d-0342-4c05-99e8-5a0d4e130f14', 'fdp-test-qa09-ten-device-fixtures:d6e83714-585d-46b6-95bc-3d0897fdd8ac', 'fdp-test-qa09-ten-device-fixtures:e8624f8f-196a-4856-b0fe-a4b42ee5d912', 'fdp-test-qa09-ten-device-fixtures:b19e917c-fd37-47dd-92cc-406a4b952804', 'fdp-test-qa09-ten-device-fixtures:aa5f5a23-c296-4c7d-a759-5e3a9929a43b', 'fdp-test-qa09-ten-device-fixtures:e2369cba-a7d1-4573-b969-371a2f4340ce', 'fdp-test-qa09-ten-device-fixtures:84179e63-2c7a-47f7-b251-062a47938137', 'fdp-test-qa09-ten-device-fixtures:7b001036-6774-487e-9fff-4965206fdecf', 'fdp-test-qa09-ten-device-fixtures:dfa7beb7-c931-4a6a-b863-c49576316138', 'fdp-test-qa09-ten-device-fixtures:0197c585-f0af-4b03-9f0d-a6a1896ea505', 'fdp-test-qa09-ten-device-fixtures:2a68f6b9-14eb-40e6-8984-9155365f49c5', 'fdp-test-qa09-ten-device-fixtures:3b7113a5-6ce9-4e7d-a751-2a2d79c03c32', 'fdp-test-qa09-ten-device-fixtures:93db6017-cd5a-45ab-b91b-24c4c10e60af', 'fdp-test-qa09-ten-device-fixtures:a8f98441-3360-4812-8e97-cfcc1c05dc45', 'fdp-test-qa09-ten-device-fixtures:c74b2f74-3fdb-49ee-a07c-8d91933aeb55', 'fdp-test-qa09-ten-device-fixtures:1a81ed35-d948-4dda-97ca-9d8b3d35ec75', 'fdp-test-qa09-ten-device-fixtures:3af06f1d-a55e-42fa-9ed2-0b4feec40dce', 'fdp-test-qa09-ten-device-fixtures:9a7f6f18-e650-4f7f-863d-9a67fe33afe3', 'fdp-test-qa09-ten-device-fixtures:0b1017f1-be66-431f-8e03-c5c98f2e3422', 'fdp-test-qa09-ten-device-fixtures:4e8b5798-1d93-43cc-9e76-a162da649f3e', 'fdp-test-qa09-ten-device-fixtures:ec9f25f9-f765-47c1-b94a-0a991fa4d862', 'fdp-test-qa09-ten-device-fixtures:59dc1d18-1226-4683-a9ef-fba9ee9ea03b', 'fdp-test-qa09-ten-device-fixtures:80a48a2d-42fc-44d6-99cb-fd00aa570dfb', 'fdp-test-qa09-ten-device-fixtures:a09c8c1f-eb86-4c09-8584-a0a67a2d7d82', 'fdp-test-qa09-ten-device-fixtures:51b6e07d-bddb-4bba-b900-ac44f7c4ea66', 'fdp-test-qa09-ten-device-fixtures:4bd0b4ea-286d-43ac-9eab-3d56109355fb', 'fdp-test-qa09-ten-device-fixtures:89424694-040f-4250-99a6-3b134206a09d', 'fdp-test-qa09-ten-device-fixtures:af5e2654-00b2-48ac-b184-8c722ce6e4d5', 'fdp-test-qa09-ten-device-fixtures:f02f2b66-4a03-4b50-b3f1-25dddb050646', 'fdp-test-qa09-ten-device-fixtures:fe24ff89-98c7-4c6a-9b48-34e1bd2168b9', 'fdp-test-qa09-ten-device-fixtures:c3254725-691b-4bdb-8aee-0dae6c38f969', 'fdp-test-qa09-ten-device-fixtures:f78d8ccc-c226-451b-b834-0b3fa6eddda2', 'fdp-test-qa09-ten-device-fixtures:a3b4c37d-bf80-464b-b33d-6d75ecba0bf3', 'fdp-test-qa09-ten-device-fixtures:9dc02327-2aab-43c3-8339-fe8b80bee1f0', 'fdp-test-qa09-ten-device-fixtures:15f71831-b5e2-42d1-99bd-a5d1f4ad3c7d', '--profile', 'esgiot-readonly', '--region', 'ap-southeast-1', '--output', 'json', '--no-cli-pager']' timed out after 90 seconds
