
 RUN  v4.1.11 /Users/anray/Documents/project/hiddenjoyacom/food-digester-platform

 ❯ packages/database/test/transaction-observation.test.ts (5 tests | 3 failed) 4ms
   × observed root transaction preserves ownership and open outcome 1ms
   × observed root transaction preserves ownership and callback outcome 0ms
   × observed root transaction preserves ownership and finish outcome 0ms

⎯⎯⎯⎯⎯⎯⎯ Failed Tests 3 ⎯⎯⎯⎯⎯⎯⎯

 FAIL  packages/database/test/transaction-observation.test.ts > observed root transaction preserves ownership and open outcome
 FAIL  packages/database/test/transaction-observation.test.ts > observed root transaction preserves ownership and callback outcome
 FAIL  packages/database/test/transaction-observation.test.ts > observed root transaction preserves ownership and finish outcome
TypeError: assert.rejects is not a function
 ❯ packages/database/test/transaction-observation.test.ts:41:23
     39|       );
     40|     if (fault === 'none') assert.equal(await work(), 42);
     41|     else await assert.rejects(work(), (e) => e === error);
       |                       ^
     42|     assert.equal(calls, 1);
     43|     assert.equal(callbacks, fault === 'open' ? 0 : 1);

⎯⎯⎯⎯⎯⎯⎯⎯⎯⎯⎯⎯⎯⎯⎯⎯⎯⎯⎯⎯⎯⎯⎯⎯[1/3]⎯

⎯⎯⎯⎯⎯⎯ Unhandled Errors ⎯⎯⎯⎯⎯⎯

Vitest caught 3 unhandled errors during the test run.
This might cause false positive tests. Resolve unhandled errors to make sure your tests are not affected.

⎯⎯⎯⎯ Unhandled Rejection ⎯⎯⎯⎯⎯
Error: private SQL
 ❯ packages/database/test/transaction-observation.test.ts:8:33
      6|   test('observed root transaction preserves ownership and ' + fault + …
      7|     const rows: Record<string, unknown>[] = [];
      8|     const error = Object.assign(new Error('private SQL'), { code: 'VER…
       |                                 ^
      9|     let calls = 0,
     10|       callbacks = 0;
 ❯ node_modules/@vitest/runner/dist/chunk-artifact.js:302:11
 ❯ node_modules/@vitest/runner/dist/chunk-artifact.js:1903:26
 ❯ node_modules/@vitest/runner/dist/chunk-artifact.js:2326:20
 ❯ runWithCancel node_modules/@vitest/runner/dist/chunk-artifact.js:2323:10
 ❯ node_modules/@vitest/runner/dist/chunk-artifact.js:2305:20
 ❯ runWithTimeout node_modules/@vitest/runner/dist/chunk-artifact.js:2272:10
 ❯ node_modules/@vitest/runner/dist/chunk-artifact.js:2956:64

⎯⎯⎯⎯⎯⎯⎯⎯⎯⎯⎯⎯⎯⎯⎯⎯⎯⎯⎯⎯⎯⎯⎯⎯⎯⎯⎯⎯⎯⎯
Serialized Error: { code: 'VERSION_CONFLICT' }
This error originated in "packages/database/test/transaction-observation.test.ts" test file. It doesn't mean the error was thrown inside the file itself, but while it was running.

⎯⎯⎯⎯ Unhandled Rejection ⎯⎯⎯⎯⎯
Error: private SQL
 ❯ packages/database/test/transaction-observation.test.ts:8:33
      6|   test('observed root transaction preserves ownership and ' + fault + …
      7|     const rows: Record<string, unknown>[] = [];
      8|     const error = Object.assign(new Error('private SQL'), { code: 'VER…
       |                                 ^
      9|     let calls = 0,
     10|       callbacks = 0;
 ❯ node_modules/@vitest/runner/dist/chunk-artifact.js:302:11
 ❯ node_modules/@vitest/runner/dist/chunk-artifact.js:1903:26
 ❯ node_modules/@vitest/runner/dist/chunk-artifact.js:2326:20
 ❯ runWithCancel node_modules/@vitest/runner/dist/chunk-artifact.js:2323:10
 ❯ node_modules/@vitest/runner/dist/chunk-artifact.js:2305:20
 ❯ runWithTimeout node_modules/@vitest/runner/dist/chunk-artifact.js:2272:10
 ❯ node_modules/@vitest/runner/dist/chunk-artifact.js:2956:64

⎯⎯⎯⎯⎯⎯⎯⎯⎯⎯⎯⎯⎯⎯⎯⎯⎯⎯⎯⎯⎯⎯⎯⎯⎯⎯⎯⎯⎯⎯
Serialized Error: { code: 'VERSION_CONFLICT' }
This error originated in "packages/database/test/transaction-observation.test.ts" test file. It doesn't mean the error was thrown inside the file itself, but while it was running.

⎯⎯⎯⎯ Unhandled Rejection ⎯⎯⎯⎯⎯
Error: private SQL
 ❯ packages/database/test/transaction-observation.test.ts:8:33
      6|   test('observed root transaction preserves ownership and ' + fault + …
      7|     const rows: Record<string, unknown>[] = [];
      8|     const error = Object.assign(new Error('private SQL'), { code: 'VER…
       |                                 ^
      9|     let calls = 0,
     10|       callbacks = 0;
 ❯ node_modules/@vitest/runner/dist/chunk-artifact.js:302:11
 ❯ node_modules/@vitest/runner/dist/chunk-artifact.js:1903:26
 ❯ node_modules/@vitest/runner/dist/chunk-artifact.js:2326:20
 ❯ runWithCancel node_modules/@vitest/runner/dist/chunk-artifact.js:2323:10
 ❯ node_modules/@vitest/runner/dist/chunk-artifact.js:2305:20
 ❯ runWithTimeout node_modules/@vitest/runner/dist/chunk-artifact.js:2272:10
 ❯ node_modules/@vitest/runner/dist/chunk-artifact.js:2956:64

⎯⎯⎯⎯⎯⎯⎯⎯⎯⎯⎯⎯⎯⎯⎯⎯⎯⎯⎯⎯⎯⎯⎯⎯⎯⎯⎯⎯⎯⎯
Serialized Error: { code: 'VERSION_CONFLICT' }
This error originated in "packages/database/test/transaction-observation.test.ts" test file. It doesn't mean the error was thrown inside the file itself, but while it was running.
⎯⎯⎯⎯⎯⎯⎯⎯⎯⎯⎯⎯⎯⎯⎯⎯⎯⎯⎯⎯⎯⎯⎯⎯⎯⎯⎯⎯⎯⎯


 Test Files  1 failed | 3 passed (4)
      Tests  3 failed | 22 passed (25)
     Errors  3 errors
   Start at  10:24:41
   Duration  1.66s (transform 856ms, setup 42ms, import 1.39s, tests 1.75s, environment 0ms)

