✔ C1 waits for both branches then independent query/checkout; C0 refuses candidate signal; warm absent is null (1.590125ms)
✔ preconnect proof rejects missing (0.089542ms)
✔ preconnect proof rejects duplicate (0.065458ms)
✔ preconnect proof rejects failed (0.058292ms)
✔ preconnect proof rejects foreign (0.070666ms)
✔ preconnect proof rejects bad timestamp (0.08325ms)
✔ preconnect proof rejects dispatch instead of settlement (0.0605ms)
✔ preconnect proof rejects not connection wait (0.053958ms)
✔ preconnect proof rejects query before preparation (0.064875ms)
✔ preconnect proof rejects checkout steals readiness (0.08775ms)
✔ preconnect proof rejects outside hook (0.061667ms)
✔ preconnect proof rejects invalid duration (0.048959ms)
✔ preconnect proof rejects orphan (0.045917ms)
✔ preconnect proof rejects consistently empty invocation identities (0.1435ms)
✔ phase proof covers success, conditional conflict and all audit reads without declaring latency/cleanup acceptance (1.063625ms)
✔ cold 409 gate requires matching cold phase flags and successful runtime initialization (1.796667ms)
✔ new account gate requires nested hook, Prisma query, first driver query and checkout on every request (0.209458ms)
✔ account gate rejects missing (0.185917ms)
✔ account gate rejects duplicate (0.163417ms)
✔ account gate rejects failure (0.16625ms)
✔ account gate rejects wait-boundary (0.190875ms)
✔ account gate rejects timestamp (0.143166ms)
✔ account gate rejects outside-hook (0.1595ms)
✔ phase proof rejects foreign-invocation (0.104333ms)
✔ phase proof rejects missing-transaction (0.091666ms)
✔ phase proof rejects conflict-code (0.33425ms)
✔ phase proof rejects missing-http (0.070334ms)
✔ phase proof rejects other-run (0.037959ms)
✔ bounded sampler requires physical Init Duration as well as application cold phases and retains client metrics (0.590542ms)
✔ bounded sampler rejects foreign-report (0.174375ms)
✔ bounded sampler rejects duplicate-report (0.113083ms)
✔ bounded sampler rejects no-socket-metrics (0.127ms)
✔ bounded sampler rejects missing-body (0.091125ms)
✔ bounded sampler rejects over-budget (0.087959ms)
✔ bounded sampler rejects missing-audit (0.088792ms)
✔ client preparation requires actual dispatch, cold adapter suffix and leaves warm adapter timings absent (0.544917ms)
✔ client preparation rejects missing prepare (0.165416ms)
✔ client preparation rejects settlement is not driver dispatch (0.153125ms)
✔ client preparation rejects preparation after driver start (0.128166ms)
✔ client preparation rejects cold missing suffix (0.147916ms)
✔ client preparation rejects suffix outside preparation (0.322167ms)
✔ client preparation rejects wrong invocation (0.141125ms)
✔ client preparation cannot bypass account phase checks (0.111333ms)
✔ engine CPU mode proves preparation before model, preserves driver boundary and refuses old lazy ownership (1.291958ms)
✔ runtime assembly opt-in preserves both engine ownership modes and rejects old partial runtime receipts (1.088583ms)
✔ parent phase Gate requires engine/runtime and C1 settlement before queries; C0 refuses candidate phases (0.623041ms)
✔ explicit manual false overrides repository true and preserves capacity/immediate context (0.57175ms)
✔ manual deployment rejects branch/SHA, missing mode, phase drift and unsupported events before cloud work (0.140875ms)
✔ push keeps existing resolved defaults but cannot ignore explicit invalid input (0.065334ms)
✔ input pair gate never implies target acceptance and rejects SHA/config/context/duplicate run drift (0.248541ms)
✔ workflow records input receipt before verification/AWS and never interpolates manual input into shell (0.226334ms)
✔ C0/C1 same SHA and engine=true differ only preconnect; push cannot turn candidate on (0.634791ms)
✔ QA09 rollout separates logging, budget and event publication and rejects silent phase mistakes (0.660417ms)
✔ engine CPU diagnosis is explicit and only allowed after pool budget rollout (0.094333ms)
ℹ tests 54
ℹ suites 0
ℹ pass 54
ℹ fail 0
ℹ cancelled 0
ℹ skipped 0
ℹ todo 0
ℹ duration_ms 50.987125
