observe: PROVISIONING
observe: DOWNLOAD_SOURCE
observe: BUILD
observe: COMPLETED
business-seed-devices: PROVISIONING
business-seed-devices: DOWNLOAD_SOURCE
business-seed-devices: INSTALL
business-seed-devices: BUILD
business-seed-devices: COMPLETED
business-baseline: PROVISIONING
business-baseline: DOWNLOAD_SOURCE
business-baseline: BUILD
business-baseline: COMPLETED
business-cleanup: PROVISIONING
business-cleanup: DOWNLOAD_SOURCE
business-cleanup: INSTALL
business-cleanup: BUILD
business-cleanup: COMPLETED
business-audit: PROVISIONING
business-audit: DOWNLOAD_SOURCE
business-audit: PRE_BUILD
business-audit: BUILD
business-audit: COMPLETED
{"gate":"PASS","stages":{"foundation":"PASS","remaining":"PASS"},"checks":123,"cleanupComplete":true}
observe: PROVISIONING
observe: DOWNLOAD_SOURCE
observe: BUILD
observe: COMPLETED
cleanup: PROVISIONING
cleanup: DOWNLOAD_SOURCE
cleanup: BUILD
cleanup: COMPLETED
{"task":"QA-09","scope":"OWN_BOUNDED_COLD409_SAMPLING","sourceCommit":"17fb6f10443f74d05ae3686928b9f2ed575d9b05","prefix":"qa09-f8f3d94ba844c09f","fullQa09Accepted":false,"gate":"PASS","checks":115,"cleanup":"PASS","fixtureMode":"REAL_RDS_ONBOARDED_STATE_FOR_BUSINESS_APIS_NO_DEVICE_AUTH_CLAIM","sourceReceipt":"/Users/anray/Documents/project/hiddenjoyacom/food-digester-platform/docs/audit/evidence/qa-09-17fb6f1-r0-r1-2026-10-08/r0/sample.json.sources.json","sourceReceiptSha256":"b1e056ac6aff29565a463e96f4113c54a89979b449a263359cc732219b060373","cold409Gate":"NOT_EVALUATED","maxConcurrency":6,"maxPatchRequests":12,"remainingCoverage":"No real device authentication, natural Active, native browser, full 117 behavior or full QA09 acceptance claim"}
