✔ actual config guard accepts R0/R1 and final false restore without declaring business/P95 (0.548459ms)
✔ config rejects accountReadCandidate drift (0.114541ms)
✔ config rejects pool drift (0.048917ms)
✔ config rejects memory drift (0.041458ms)
✔ config rejects preconnect drift (0.057083ms)
✔ config rejects engineCpu drift (0.041375ms)
✔ config rejects envName drift (0.501041ms)
✔ config rejects revisionId drift (0.069ms)
✔ config rejects codeSha256 drift (0.10425ms)
✔ config rejects state drift (0.088667ms)
✔ config rejects architecture drift (0.048125ms)
✔ config rejects source, inventory and concurrency drift (0.119333ms)
✔ new detail receipts require explicit matching actual flag, including false restore (0.122708ms)
✔ public mode is exact and guarded; missing actual field cannot pass true or false restore (0.267125ms)
✔ public partitions and required absence remain strict; no compiler/server/P95 claim (1.671917ms)
✔ public rejects missing (0.196375ms)
✔ public rejects duplicate (0.144375ms)
✔ public rejects foreign (0.126167ms)
✔ public rejects failure (0.12775ms)
✔ public rejects boundary (0.106333ms)
✔ public rejects cpu (0.093084ms)
✔ public rejects negative (0.085709ms)
✔ public rejects fraction (0.180416ms)
✔ public rejects wait (0.158084ms)
✔ public rejects gap (0.110542ms)
✔ public rejects overlap (0.112375ms)
✔ public rejects coverage (0.094083ms)
✔ public rejects time (0.081292ms)
✔ public rejects off (0.082167ms)
✔ public rejects model unsupported (0.060916ms)
✔ public rejects driver duplicate (0.065209ms)
✔ public rejects pg missing (0.06525ms)
✔ public rejects model duplicate (0.061542ms)
✔ public rejects root (0.063625ms)
✔ planner binds both public modes to fixed budget; legacy manifests cannot upgrade (0.806375ms)
✔ new public deployed proof cannot infer old missing fields as true (0.190833ms)
✔ public matrix summary rejects ownership/scope/control/trace tampering without executing runner (1.938584ms)
✔ full phase checker wires public required proof and cannot silently accept a missing/foreign child (2.376125ms)
✔ explicit manual false overrides repository true and preserves capacity/immediate context (0.687334ms)
✔ manual deployment rejects branch/SHA, missing mode, phase drift and unsupported events before cloud work (0.15825ms)
✔ push keeps existing resolved defaults but cannot ignore explicit invalid input (0.073167ms)
✔ input pair gate never implies target acceptance and rejects SHA/config/context/duplicate run drift (0.768ms)
✔ workflow records input receipt before verification/AWS and never interpolates manual input into shell (0.344708ms)
✔ C0/C1 same SHA and engine=true differ only preconnect; push cannot turn candidate on (0.500917ms)
✔ R0/R1 input pair binds same SHA and budget, differs only account read; push always off (0.41275ms)
✔ detail is off on push, manual detail requires guarded preconnect and round trips both R inputs (0.340875ms)
✔ public deployment remains default-off/push-off and binds identical guarded R modes including legacy false (0.332792ms)
✔ baseline normal/exact collection shares every ownership/PG/CPU field without business requests (44.436541ms)
✔ cold normal/exact collection shares every ownership/PG/CPU field without business requests (41.859584ms)
✔ audit normal/exact collection shares every ownership/PG/CPU field without business requests (49.479ms)
✔ exact collection rejects source before another AWS read and preserves prior bytes (38.1615ms)
✔ exact collection rejects raw-bytes before another AWS read and preserves prior bytes (36.90425ms)
✔ exact collection rejects time before another AWS read and preserves prior bytes (34.300125ms)
✔ exact collection rejects duplicate before another AWS read and preserves prior bytes (34.233792ms)
✔ exact collection rejects id before another AWS read and preserves prior bytes (36.032708ms)
✔ exact collection rejects shared before another AWS read and preserves prior bytes (36.96975ms)
✔ exact collection rejects extended before another AWS read and preserves prior bytes (37.735333ms)
✔ exact collection rejects overwrite before another AWS read and preserves prior bytes (35.580334ms)
✔ exact collection rejects over-limit before another AWS read and preserves prior bytes (37.71175ms)
ℹ tests 59
ℹ suites 0
ℹ pass 59
ℹ fail 0
ℹ cancelled 0
ℹ skipped 0
ℹ todo 0
ℹ duration_ms 500.449083
