✔ actual config guard accepts R0/R1 and final false restore without declaring business/P95 (0.577916ms)
✔ config rejects accountReadCandidate drift (0.114375ms)
✔ config rejects pool drift (0.046167ms)
✔ config rejects memory drift (0.041ms)
✔ config rejects preconnect drift (0.058792ms)
✔ config rejects engineCpu drift (0.045375ms)
✔ config rejects envName drift (0.417125ms)
✔ config rejects revisionId drift (0.045125ms)
✔ config rejects codeSha256 drift (0.045708ms)
✔ config rejects state drift (0.069583ms)
✔ config rejects architecture drift (0.043708ms)
✔ config rejects source, inventory and concurrency drift (0.086042ms)
✔ new detail receipts require explicit matching actual flag, including false restore (0.093292ms)
✔ public mode is exact and guarded; missing actual field cannot pass true or false restore (0.17925ms)
✔ public partitions and required absence remain strict; no compiler/server/P95 claim (1.772083ms)
✔ public rejects missing (0.213291ms)
✔ public rejects duplicate (0.142458ms)
✔ public rejects foreign (0.120708ms)
✔ public rejects failure (0.122834ms)
✔ public rejects boundary (0.111792ms)
✔ public rejects cpu (0.085125ms)
✔ public rejects negative (0.0795ms)
✔ public rejects fraction (0.174334ms)
✔ public rejects wait (0.156166ms)
✔ public rejects gap (0.120833ms)
✔ public rejects overlap (0.110916ms)
✔ public rejects coverage (0.083417ms)
✔ public rejects time (0.07975ms)
✔ public rejects off (0.082041ms)
✔ public rejects model unsupported (0.060417ms)
✔ public rejects driver duplicate (0.053542ms)
✔ public rejects pg missing (0.059917ms)
✔ public rejects model duplicate (0.066958ms)
✔ public rejects root (0.054ms)
✔ planner binds both public modes to fixed budget; legacy manifests cannot upgrade (0.723667ms)
✔ new public deployed proof cannot infer old missing fields as true (0.196625ms)
✔ public matrix summary rejects ownership/scope/control/trace tampering without executing runner (1.494334ms)
✔ explicit manual false overrides repository true and preserves capacity/immediate context (0.622833ms)
✔ manual deployment rejects branch/SHA, missing mode, phase drift and unsupported events before cloud work (0.149708ms)
✔ push keeps existing resolved defaults but cannot ignore explicit invalid input (0.065166ms)
✔ input pair gate never implies target acceptance and rejects SHA/config/context/duplicate run drift (0.708542ms)
✔ workflow records input receipt before verification/AWS and never interpolates manual input into shell (0.226209ms)
✔ C0/C1 same SHA and engine=true differ only preconnect; push cannot turn candidate on (0.268834ms)
✔ R0/R1 input pair binds same SHA and budget, differs only account read; push always off (0.292125ms)
✔ detail is off on push, manual detail requires guarded preconnect and round trips both R inputs (0.292542ms)
✔ public deployment remains default-off/push-off and binds identical guarded R modes including legacy false (0.292416ms)
✔ baseline normal/exact collection shares every ownership/PG/CPU field without business requests (38.224792ms)
✔ cold normal/exact collection shares every ownership/PG/CPU field without business requests (48.900833ms)
✔ audit normal/exact collection shares every ownership/PG/CPU field without business requests (39.735291ms)
✔ exact collection rejects source before another AWS read and preserves prior bytes (32.257291ms)
✔ exact collection rejects raw-bytes before another AWS read and preserves prior bytes (31.355125ms)
✔ exact collection rejects time before another AWS read and preserves prior bytes (31.098542ms)
✔ exact collection rejects duplicate before another AWS read and preserves prior bytes (31.330166ms)
✔ exact collection rejects id before another AWS read and preserves prior bytes (31.93175ms)
✔ exact collection rejects shared before another AWS read and preserves prior bytes (31.670458ms)
✔ exact collection rejects extended before another AWS read and preserves prior bytes (31.858708ms)
✔ exact collection rejects overwrite before another AWS read and preserves prior bytes (31.304583ms)
✔ exact collection rejects over-limit before another AWS read and preserves prior bytes (34.541083ms)
ℹ tests 58
ℹ suites 0
ℹ pass 58
ℹ fail 0
ℹ cancelled 0
ℹ skipped 0
ℹ todo 0
ℹ duration_ms 448.442458
