seed: PROVISIONING
seed: DOWNLOAD_SOURCE
seed: BUILD
seed: COMPLETED
Ten CSR requests approved; waiting for real scheduled provisioning.
Ten real MQTT sessions and heartbeats published; observing RDS.
observe: PROVISIONING
observe: DOWNLOAD_SOURCE
observe: BUILD
observe: COMPLETED
Telemetry and identical QoS1 duplicates published; observing ingestion/outbox.
observe: PROVISIONING
observe: DOWNLOAD_SOURCE
observe: INSTALL
observe: BUILD
observe: COMPLETED
business-baseline: PROVISIONING
business-baseline: DOWNLOAD_SOURCE
business-baseline: INSTALL
business-baseline: BUILD
business-baseline: COMPLETED
observe: PROVISIONING
observe: DOWNLOAD_SOURCE
observe: BUILD
observe: COMPLETED
observe: PROVISIONING
observe: DOWNLOAD_SOURCE
observe: BUILD
observe: COMPLETED
business-cleanup: PROVISIONING
business-cleanup: DOWNLOAD_SOURCE
business-cleanup: BUILD
business-cleanup: COMPLETED
business-audit: PROVISIONING
business-audit: DOWNLOAD_SOURCE
Ten-device acceptance failed; cleaning exact own fixtures.
observe: PROVISIONING
observe: DOWNLOAD_SOURCE
observe: BUILD
observe: COMPLETED
cleanup: PROVISIONING
cleanup: DOWNLOAD_SOURCE
{"task":"QA-09","prefix":"qa09-0365153b90e468c3","sourceCommit":"0abf7cf299e0cda1d10ad9c1c1723a1735e3c388","parentGate":"FAIL","sloGate":"FAIL","domainGate":"NOT_RUN","fullQa09Accepted":false,"gate":"PARTIAL","finishedAt":"2026-10-04T15:06:49.532Z"}
