seed: PROVISIONING
seed: DOWNLOAD_SOURCE
seed: BUILD
seed: COMPLETED
Ten CSR requests approved; waiting for real scheduled provisioning.
Ten real MQTT sessions and heartbeats published; observing RDS.
observe: PROVISIONING
observe: DOWNLOAD_SOURCE
observe: BUILD
observe: COMPLETED
Telemetry and identical QoS1 duplicates published; observing ingestion/outbox.
observe: PROVISIONING
observe: DOWNLOAD_SOURCE
observe: BUILD
observe: COMPLETED
business-baseline: PROVISIONING
business-baseline: DOWNLOAD_SOURCE
business-baseline: BUILD
business-baseline: COMPLETED
business-seed-alarm: PROVISIONING
business-seed-alarm: DOWNLOAD_SOURCE
business-seed-alarm: BUILD
business-seed-alarm: COMPLETED
business-baseline: PROVISIONING
business-baseline: DOWNLOAD_SOURCE
business-baseline: BUILD
business-baseline: COMPLETED
business-baseline: PROVISIONING
business-baseline: DOWNLOAD_SOURCE
business-baseline: BUILD
business-baseline: COMPLETED
business-inject-export-lease: PROVISIONING
business-inject-export-lease: DOWNLOAD_SOURCE
business-inject-export-lease: INSTALL
business-inject-export-lease: BUILD
business-inject-export-lease: COMPLETED
business-baseline: PROVISIONING
business-baseline: DOWNLOAD_SOURCE
business-baseline: BUILD
business-baseline: COMPLETED
business-baseline: PROVISIONING
business-baseline: DOWNLOAD_SOURCE
business-baseline: BUILD
business-baseline: COMPLETED
{"gate":"FAIL","stages":{"core":"PASS","writeBoundaries":"FAIL","recovery":"PASS","security":"PASS","browser":"PASS","httpLoad":"PASS","load":"FAIL","mqttLoad":"FAIL","performance":"FAIL"},"checks":1131,"cleanupComplete":false}
Ten-device acceptance failed; cleaning exact own fixtures.
{"prefix":"qa09-3a1ad94e2d4d53c1","sourceCommit":"0abf7cf299e0cda1d10ad9c1c1723a1735e3c388","applicationVersionReceiptSha256":"c77a3a162509a2b63fc13b0cc5b022f11b9a7836ade3d420f4812099a3e41a22","executorSourcesReceiptSha256":"283c923e6b8b4389394fc17e4c6d885b52c7b2b29dc21c98966db51998e6fb0f","parentGate":"FAIL","businessGate":"FAIL","stages":{"core":"PASS","writeBoundaries":"FAIL","recovery":"PASS","security":"PASS","browser":"PASS","httpLoad":"PASS","load":"FAIL","mqttLoad":"FAIL","performance":"FAIL"},"naturalLifecycleGate":"FAIL","domainCleanupGate":"NOT_RUN","fullQa09Accepted":false,"finishedAt":"2026-10-04T13:12:30.194Z","gate":"PARTIAL","kmsAndIamManagementPerformed":false}
