observe: PROVISIONING
observe: DOWNLOAD_SOURCE
observe: BUILD
observe: COMPLETED
business-seed-devices: PROVISIONING
business-seed-devices: DOWNLOAD_SOURCE
business-seed-devices: BUILD
business-seed-devices: COMPLETED
business-baseline: PROVISIONING
business-baseline: DOWNLOAD_SOURCE
business-baseline: BUILD
business-baseline: COMPLETED
business-cleanup: PROVISIONING
business-cleanup: DOWNLOAD_SOURCE
business-cleanup: BUILD
business-cleanup: COMPLETED
business-audit: PROVISIONING
business-audit: DOWNLOAD_SOURCE
business-audit: BUILD
business-audit: COMPLETED
{"gate":"PASS","stages":{"foundation":"PASS","remaining":"PASS"},"checks":123,"cleanupComplete":true}
observe: QUEUED
observe: PROVISIONING
observe: DOWNLOAD_SOURCE
observe: BUILD
observe: COMPLETED
cleanup: PROVISIONING
cleanup: DOWNLOAD_SOURCE
cleanup: INSTALL
cleanup: BUILD
cleanup: COMPLETED
{"task":"QA-09","scope":"OWN_BOUNDED_COLD409_SAMPLING","sourceCommit":"f7abb0670398a1254fcf45755f077b41f4fcd4c0","prefix":"qa09-018c5cfbdb5c34b5","fullQa09Accepted":false,"gate":"FAIL","reason":"EXECUTED_SOURCE_DRIFT"}
