
> food-digester-platform@0.0.0 build /Users/anray/Documents/project/hiddenjoyacom/food-digester-platform
> turbo run build

• turbo 2.10.11

   • Packages in scope: @fdp/admin-web, @fdp/archive-worker, @fdp/auth, @fdp/aws-clients, @fdp/cloud-api, @fdp/contracts, @fdp/database, @fdp/domain, @fdp/infra, @fdp/ingestion-worker, @fdp/media, @fdp/observability, @fdp/summary-worker
   • Running build in 13 packages
   • Remote caching disabled

@fdp/contracts:build: cache hit, replaying logs c0b9073b4854d18f
@fdp/contracts:build: 
@fdp/contracts:build: > @fdp/contracts@0.0.0 build /Users/anray/Documents/project/hiddenjoyacom/food-digester-platform/contracts
@fdp/contracts:build: > node -e "console.log('@fdp/contracts 为源码契约包：内部使用 .ts 扩展名互引，不经 tsc 构建；消费方经 tsx/打包器直接使用源码')"
@fdp/contracts:build: 
@fdp/contracts:build: @fdp/contracts 为源码契约包：内部使用 .ts 扩展名互引，不经 tsc 构建；消费方经 tsx/打包器直接使用源码
@fdp/observability:build: cache hit, replaying logs 82058b7e1bafdc8e
@fdp/observability:build: 
@fdp/observability:build: > @fdp/observability@0.0.0 build /Users/anray/Documents/project/hiddenjoyacom/food-digester-platform/packages/observability
@fdp/observability:build: > tsc -p tsconfig.build.json
@fdp/observability:build: 
@fdp/database:generate: cache hit, replaying logs 90b5fadf9e5c3a89
@fdp/database:generate: 
@fdp/database:generate: > @fdp/database@0.0.0 generate /Users/anray/Documents/project/hiddenjoyacom/food-digester-platform/packages/database
@fdp/database:generate: > prisma generate
@fdp/database:generate: 
@fdp/database:generate: Loaded Prisma config from prisma.config.ts.
@fdp/database:generate: 
@fdp/database:generate: Prisma schema loaded from prisma/schema.prisma.
@fdp/database:generate: 
@fdp/database:generate: ✔ Generated Prisma Client (7.9.1) to ./src/generated in 146ms
@fdp/database:generate: 
@fdp/aws-clients:build: cache hit, replaying logs 10ca45904808ee4b
@fdp/aws-clients:build: 
@fdp/aws-clients:build: > @fdp/aws-clients@0.0.0 build /Users/anray/Documents/project/hiddenjoyacom/food-digester-platform/packages/aws-clients
@fdp/aws-clients:build: > tsc -p tsconfig.build.json
@fdp/aws-clients:build: 
@fdp/domain:build: cache hit, replaying logs f00e96dee2d73d66
@fdp/domain:build: 
@fdp/domain:build: > @fdp/domain@0.0.0 build /Users/anray/Documents/project/hiddenjoyacom/food-digester-platform/packages/domain
@fdp/domain:build: > tsc -p tsconfig.build.json
@fdp/domain:build: 
@fdp/database:build: cache hit, replaying logs 66c4af3d114824f1
@fdp/database:build: 
@fdp/database:build: > @fdp/database@0.0.0 build /Users/anray/Documents/project/hiddenjoyacom/food-digester-platform/packages/database
@fdp/database:build: > tsc -p tsconfig.build.json
@fdp/database:build: 
@fdp/media:build: cache hit, replaying logs fd4158921cf02bd4
@fdp/archive-worker:build: cache hit, replaying logs b463a66d7bbe34f9
@fdp/media:build: 
@fdp/media:build: > @fdp/media@0.0.0 build /Users/anray/Documents/project/hiddenjoyacom/food-digester-platform/packages/media
@fdp/media:build: > tsc -p tsconfig.build.json
@fdp/media:build: 
@fdp/archive-worker:build: 
@fdp/archive-worker:build: > @fdp/archive-worker@0.0.0 build /Users/anray/Documents/project/hiddenjoyacom/food-digester-platform/apps/archive-worker
@fdp/archive-worker:build: > tsc -p tsconfig.build.json
@fdp/archive-worker:build: 
@fdp/infra:build: cache miss, executing 16c6678102350992
@fdp/summary-worker:build: cache hit, replaying logs 2a0d28fc1d82b65a
@fdp/summary-worker:build: 
@fdp/summary-worker:build: > @fdp/summary-worker@0.0.0 build /Users/anray/Documents/project/hiddenjoyacom/food-digester-platform/apps/summary-worker
@fdp/summary-worker:build: > tsc -p tsconfig.build.json
@fdp/summary-worker:build: 
@fdp/auth:build: cache hit, replaying logs 2e3f9d773b3099d2
@fdp/auth:build: 
@fdp/auth:build: > @fdp/auth@0.0.0 build /Users/anray/Documents/project/hiddenjoyacom/food-digester-platform/packages/auth
@fdp/auth:build: > tsc -p tsconfig.build.json
@fdp/auth:build: 
@fdp/ingestion-worker:build: cache hit, replaying logs 09423f270367e0b3
@fdp/ingestion-worker:build: 
@fdp/ingestion-worker:build: > @fdp/ingestion-worker@0.0.0 build /Users/anray/Documents/project/hiddenjoyacom/food-digester-platform/apps/ingestion-worker
@fdp/ingestion-worker:build: > tsc -p tsconfig.build.json
@fdp/ingestion-worker:build: 
@fdp/admin-web:build: cache hit, replaying logs 0e303760718fed99
@fdp/admin-web:build: 
@fdp/admin-web:build: > @fdp/admin-web@0.0.0 build /Users/anray/Documents/project/hiddenjoyacom/food-digester-platform/apps/admin-web
@fdp/admin-web:build: > tsc -p tsconfig.build.json && vite build
@fdp/admin-web:build: 
@fdp/admin-web:build: vite v8.2.2 building client environment for production...
@fdp/admin-web:build: transforming...
@fdp/admin-web:build: ✓ 128 modules transformed.
@fdp/admin-web:build: rendering chunks...
@fdp/admin-web:build: computing gzip size...
@fdp/admin-web:build: dist/web/index.html                   0.46 kB │ gzip:   0.32 kB
@fdp/admin-web:build: dist/web/assets/index-CMfALrFF.css    9.59 kB │ gzip:   2.91 kB
@fdp/admin-web:build: dist/web/assets/index-B9rsW9eh.js   674.21 kB │ gzip: 199.51 kB
@fdp/admin-web:build: 
@fdp/admin-web:build: ✓ built in 101ms
@fdp/admin-web:build: [plugin builtin:vite-reporter] 
@fdp/admin-web:build: (!) Some chunks are larger than 500 kB after minification. Consider:
@fdp/admin-web:build: - Using dynamic import() to code-split the application
@fdp/admin-web:build: - Use build.rolldownOptions.output.codeSplitting to improve chunking: https://rolldown.rs/reference/OutputOptions.codeSplitting
@fdp/admin-web:build: - Adjust chunk size limit for this warning via build.chunkSizeWarningLimit.
@fdp/cloud-api:build: cache hit, replaying logs e44fdcafe483ab32
@fdp/cloud-api:build: 
@fdp/cloud-api:build: > @fdp/cloud-api@0.0.0 build /Users/anray/Documents/project/hiddenjoyacom/food-digester-platform/apps/cloud-api
@fdp/cloud-api:build: > tsc -p tsconfig.build.json
@fdp/cloud-api:build: 
@fdp/infra:build: 
@fdp/infra:build: > @fdp/infra@0.0.0 build /Users/anray/Documents/project/hiddenjoyacom/food-digester-platform/infra
@fdp/infra:build: > tsc -p tsconfig.build.json
@fdp/infra:build: 

 Tasks:    14 successful, 14 total
Cached:    13 cached, 14 total
  Time:    1.361s 

AI agent detected, using --progress "errors-only" (set --progress or the "progress" key in cdk.json to change)
Bundling asset AppDependencies/IngestionFn/Code/Stage...
Bundling asset AppDependencies/ArchiveFn/Code/Stage...
Bundling asset AppDependencies/OutboxPublisherFn/Code/Stage...
Bundling asset AppDependencies/NotificationPublisherFn/Code/Stage...
Bundling asset AppDependencies/SummaryFn/Code/Stage...
Bundling asset AppDependencies/ReplayTriggerPublisherFn/Code/Stage...
Bundling asset AppDependencies/ReplayFn/Code/Stage...
Bundling asset AppDependencies/CertPackageSweeperFn/Code/Stage...
Bundling asset AppDependencies/OnboardingDeadlineFn/Code/Stage...
Bundling asset AppDependencies/RetirementTimeoutFn/Code/Stage...
Bundling asset AppDependencies/ActivityExportFn/Code/Stage...
Bundling asset AppDependencies/EsgExportFn/Code/Stage...
Bundling asset AppDependencies/CommandPublisherFn/Code/Stage...
Bundling asset AppDependencies/CommandTimeoutFn/Code/Stage...
Bundling asset AppDependencies/OtaDispatcherFn/Code/Stage...
Bundling asset AppDependencies/OnboardingApiFn/Code/Stage...
Bundling asset AppDependencies/OnboardingProvisioningFn/Code/Stage...
Bundling asset AppDependencies/DeviceApiFn/Code/Stage...
Bundling asset AppDependencies/ApiFn/Code/Stage...
Stack AppDependencies (fdp-test-app) (aws://065986019555/ap-southeast-1)
IAM Statement Changes
┌───┬────────────────────────────────────────────────────────────────────────────────────────────┬────────┬─────────────────────────┬─────────────────────────────┬─────────────────────────────────────────────┐
│   │ Resource                                                                                   │ Effect │ Action                  │ Principal                   │ Condition                                   │
├───┼────────────────────────────────────────────────────────────────────────────────────────────┼────────┼─────────────────────────┼─────────────────────────────┼─────────────────────────────────────────────┤
│ + │ arn:${AWS::Partition}:logs:ap-southeast-1:065986019555:log-group:/aws/apigateway/welcome   │ Allow  │ logs:CreateLogGroup     │ AWS:${AdminGatewayLogsRole} │                                             │
│   │ arn:${AWS::Partition}:logs:ap-southeast-1:065986019555:log-group:/aws/apigateway/welcome:* │        │                         │                             │                                             │
│ - │ arn:${AWS::Partition}:logs:ap-southeast-1:065986019555:log-group:/aws/apigateway/welcome   │ Allow  │ logs:CreateLogGroup     │ AWS:${AdminGatewayLogsRole} │ "DateLessThan": {                           │
│   │ arn:${AWS::Partition}:logs:ap-southeast-1:065986019555:log-group:/aws/apigateway/welcome:* │        │ logs:CreateLogStream    │                             │   "aws:CurrentTime": "2026-10-03T13:00:00Z" │
│   │                                                                                            │        │ logs:DescribeLogStreams │                             │ }                                           │
│   │                                                                                            │        │ logs:FilterLogEvents    │                             │                                             │
│   │                                                                                            │        │ logs:GetLogEvents       │                             │                                             │
│   │                                                                                            │        │ logs:PutLogEvents       │                             │                                             │
└───┴────────────────────────────────────────────────────────────────────────────────────────────┴────────┴─────────────────────────┴─────────────────────────────┴─────────────────────────────────────────────┘
(NOTE: There may be security-related changes not in this list. See https://github.com/aws/aws-cdk/issues/1299)

Resources
[~] AWS::Lambda::Function IngestionFn IngestionFn233E043F
 └─ [~] Environment
     └─ [~] .Variables:
         └─ [~] .FDP_DB_POOL_MAX:
             ├─ [-] 2
             └─ [+] 1
[~] AWS::Lambda::Function OutboxPublisherFn OutboxPublisherFn5402D4AC
 └─ [~] Environment
     └─ [~] .Variables:
         └─ [~] .FDP_DB_POOL_MAX:
             ├─ [-] 2
             └─ [+] 1
[~] AWS::Lambda::Function NotificationPublisherFn NotificationPublisherFn73516682
 └─ [~] Environment
     └─ [~] .Variables:
         └─ [~] .FDP_DB_POOL_MAX:
             ├─ [-] 2
             └─ [+] 1
[~] AWS::Lambda::Function SummaryFn SummaryFnDB90B184
 └─ [~] Environment
     └─ [~] .Variables:
         └─ [~] .FDP_DB_POOL_MAX:
             ├─ [-] 2
             └─ [+] 1
[~] AWS::Lambda::Function ReplayTriggerPublisherFn ReplayTriggerPublisherFnDB45C8BB
 └─ [~] Environment
     └─ [~] .Variables:
         └─ [~] .FDP_DB_POOL_MAX:
             ├─ [-] 2
             └─ [+] 1
[~] AWS::Lambda::Function ReplayFn ReplayFn6908A346
 └─ [~] Environment
     └─ [~] .Variables:
         └─ [~] .FDP_DB_POOL_MAX:
             ├─ [-] 2
             └─ [+] 1
[~] AWS::Lambda::Function CertPackageSweeperFn CertPackageSweeperFnA3144633
 └─ [~] Environment
     └─ [~] .Variables:
         └─ [~] .FDP_DB_POOL_MAX:
             ├─ [-] 2
             └─ [+] 1
[~] AWS::Lambda::Function OnboardingDeadlineFn OnboardingDeadlineFn980E8722
 └─ [~] Environment
     └─ [~] .Variables:
         └─ [~] .FDP_DB_POOL_MAX:
             ├─ [-] 2
             └─ [+] 1
[~] AWS::Lambda::Function RetirementTimeoutFn RetirementTimeoutFn5FA89DC8
 └─ [~] Environment
     └─ [~] .Variables:
         └─ [~] .FDP_DB_POOL_MAX:
             ├─ [-] 2
             └─ [+] 1
[~] AWS::Lambda::Function ActivityExportFn ActivityExportFn2D54E851
 └─ [~] Environment
     └─ [~] .Variables:
         └─ [~] .FDP_DB_POOL_MAX:
             ├─ [-] 2
             └─ [+] 1
[~] AWS::Lambda::Function EsgExportFn EsgExportFn4FB12684
 └─ [~] Environment
     └─ [~] .Variables:
         └─ [~] .FDP_DB_POOL_MAX:
             ├─ [-] 2
             └─ [+] 1
[~] AWS::Lambda::Function CommandPublisherFn CommandPublisherFn2C3A62E3
 └─ [~] Environment
     └─ [~] .Variables:
         └─ [~] .FDP_DB_POOL_MAX:
             ├─ [-] 2
             └─ [+] 1
[~] AWS::Lambda::Function CommandTimeoutFn CommandTimeoutFnDCC08544
 └─ [~] Environment
     └─ [~] .Variables:
         └─ [~] .FDP_DB_POOL_MAX:
             ├─ [-] 2
             └─ [+] 1
[~] AWS::Lambda::Function OtaDispatcherFn OtaDispatcherFn60AC5176
 └─ [~] Environment
     └─ [~] .Variables:
         └─ [~] .FDP_DB_POOL_MAX:
             ├─ [-] 2
             └─ [+] 1
[~] AWS::Lambda::Function OnboardingProvisioningFn OnboardingProvisioningFnE4A4C012
 └─ [~] Environment
     └─ [~] .Variables:
         └─ [~] .FDP_DB_POOL_MAX:
             ├─ [-] 2
             └─ [+] 1
[~] AWS::Lambda::Function ApiFn ApiFnE0725F78
 ├─ [~] Environment
 │   └─ [~] .Variables:
 │       └─ [~] .FDP_DB_POOL_MAX:
 │           ├─ [-] 2
 │           └─ [+] 1
 └─ [~] ReservedConcurrentExecutions
     ├─ [-] 8
     └─ [+] 12
[~] AWS::IAM::Policy AdminGatewayLogsRole/DefaultPolicy AdminGatewayLogsRoleDefaultPolicyF60F679B
 └─ [~] PolicyDocument
     └─ [~] .Statement:
         └─ @@ -34,19 +34,7 @@
            [ ]   ]
            [ ] },
            [ ] {
            [-]   "Action": [
            [-]     "logs:CreateLogGroup",
            [-]     "logs:CreateLogStream",
            [-]     "logs:DescribeLogStreams",
            [-]     "logs:PutLogEvents",
            [-]     "logs:GetLogEvents",
            [-]     "logs:FilterLogEvents"
            [-]   ],
            [-]   "Condition": {
            [-]     "DateLessThan": {
            [-]       "aws:CurrentTime": "2026-10-03T13:00:00Z"
            [-]     }
            [-]   },
            [+]   "Action": "logs:CreateLogGroup",
            [ ]   "Effect": "Allow",
            [ ]   "Resource": [
            [ ]     {



✨  Number of stacks with differences: 1

