AI agent detected, using --progress "errors-only" (set --progress or the "progress" key in cdk.json to change)
Bundling asset AppDependencies/IngestionFn/Code/Stage...
Bundling asset AppDependencies/ArchiveFn/Code/Stage...
Bundling asset AppDependencies/OutboxPublisherFn/Code/Stage...
Bundling asset AppDependencies/NotificationPublisherFn/Code/Stage...
Bundling asset AppDependencies/SummaryFn/Code/Stage...
Bundling asset AppDependencies/ReplayTriggerPublisherFn/Code/Stage...
Bundling asset AppDependencies/ReplayFn/Code/Stage...
Bundling asset AppDependencies/CertPackageSweeperFn/Code/Stage...
Bundling asset AppDependencies/OnboardingDeadlineFn/Code/Stage...
Bundling asset AppDependencies/RetirementTimeoutFn/Code/Stage...
Bundling asset AppDependencies/ActivityExportFn/Code/Stage...
Bundling asset AppDependencies/EsgExportFn/Code/Stage...
Bundling asset AppDependencies/CommandPublisherFn/Code/Stage...
Bundling asset AppDependencies/CommandTimeoutFn/Code/Stage...
Bundling asset AppDependencies/OtaDispatcherFn/Code/Stage...
Bundling asset AppDependencies/OnboardingApiFn/Code/Stage...
Bundling asset AppDependencies/OnboardingProvisioningFn/Code/Stage...
Bundling asset AppDependencies/DeviceApiFn/Code/Stage...
Bundling asset AppDependencies/ApiFn/Code/Stage...

✨  Synthesis time: 13.15s

fdp-test-app: start: Building fdp-test-app Template
fdp-test-app: success: Built fdp-test-app Template
fdp-test-app: start: Publishing fdp-test-app Template (065986019555-ap-southeast-1-239030d3)
fdp-test-app: success: Published fdp-test-app Template (065986019555-ap-southeast-1-239030d3)
fdp-test-app: creating CloudFormation changeset...
AppDependencies (fdp-test-app): deploying... [1/1]

✅  AppDependencies (fdp-test-app)

✨  Deployment time: 139.65s

Outputs:
AppDependencies.AdminApiDomainHostedZoneId = ZL327KTPIQFUL
AppDependencies.AdminApiDomainTarget = d-wch0foz7b3.execute-api.ap-southeast-1.amazonaws.com
AppDependencies.AdminApiEndpointACFD5967 = https://ldark4ozek.execute-api.ap-southeast-1.amazonaws.com/test/
AppDependencies.AdminApiUrl = https://api.bio-nexa.com/api/v1/
AppDependencies.AdminBootstrapRunnerProjectName = fdp-test-admin-bootstrap-runner
AppDependencies.AdminWebAmplifyAppId = d29sdr89i4zl0
AppDependencies.AdminWebAmplifyBranchName = main
AppDependencies.AdminWebAmplifyDefaultDomain = d29sdr89i4zl0.amplifyapp.com
AppDependencies.AdminWebOrigin = https://admin.bio-nexa.com
AppDependencies.ArchiveQueueUrl = https://sqs.ap-southeast-1.amazonaws.com/065986019555/fdp-test-archive
AppDependencies.CertPackageKeyArn = arn:aws:kms:ap-southeast-1:065986019555:key/92a4f862-7dc0-4260-8132-5d2b1953c31b
AppDependencies.DataKeyArn = arn:aws:kms:ap-southeast-1:065986019555:key/22af85c4-76d3-40c9-a849-0621740afe6c
AppDependencies.DbEndpointAddress = fdp-test-db.c30ie84saulu.ap-southeast-1.rds.amazonaws.com
AppDependencies.DbSecretArn = arn:aws:secretsmanager:ap-southeast-1:065986019555:secret:fdp-test-rds-credentials-hBessK
AppDependencies.DeviceApiDomainHostedZoneId = ZL327KTPIQFUL
AppDependencies.DeviceApiDomainTarget = d-o3ijadoene.execute-api.ap-southeast-1.amazonaws.com
AppDependencies.DeviceApiEndpoint6E8144A4 = https://t363q8o51b.execute-api.ap-southeast-1.amazonaws.com/test/
AppDependencies.DeviceApiUrl = https://device-api.bio-nexa.com/
AppDependencies.ExportBucketName = fdp-test-export-065986019555
AppDependencies.IngressQueueUrl = https://sqs.ap-southeast-1.amazonaws.com/065986019555/fdp-test-ingress
AppDependencies.MediaBucketName = fdp-test-media-065986019555
AppDependencies.MigrationRunnerProjectName = fdp-test-migration-runner
AppDependencies.MigrationSourceBucketName = fdp-test-migration-source-065986019555-ap-southeast-1
AppDependencies.OnboardingApiDomainHostedZoneId = ZL327KTPIQFUL
AppDependencies.OnboardingApiDomainTarget = d-w75verkd54.execute-api.ap-southeast-1.amazonaws.com
AppDependencies.OnboardingApiEndpointFDF673B9 = https://wxeml7cc33.execute-api.ap-southeast-1.amazonaws.com/test/
AppDependencies.OnboardingApiUrl = https://onboard-api.bio-nexa.com/
AppDependencies.OtaBucketName = fdp-test-ota-065986019555
AppDependencies.OtaSigningKeyArn = arn:aws:kms:ap-southeast-1:065986019555:key/2f3b0c18-1618-4547-8188-59cd4be554f9
AppDependencies.QuarantineQueueUrl = https://sqs.ap-southeast-1.amazonaws.com/065986019555/fdp-test-quarantine
AppDependencies.RawBucketName = fdp-test-raw-065986019555
AppDependencies.ReplayQueueUrl = https://sqs.ap-southeast-1.amazonaws.com/065986019555/fdp-test-replay
AppDependencies.RuleErrorQueueUrl = https://sqs.ap-southeast-1.amazonaws.com/065986019555/fdp-test-iot-rule-error
AppDependencies.TruststoreBucketName = fdp-test-mtls-truststore-065986019555
AppDependencies.UserPoolClientId = 5ljdjsf9g563mc1vdc7vjdjm09
AppDependencies.UserPoolId = ap-southeast-1_hZMX8LpFo
Stack ARN:
arn:aws:cloudformation:ap-southeast-1:065986019555:stack/fdp-test-app/f6ae9780-b495-11f1-9a00-02ffeb9f5f63

✨  Total time: 254.62s

