AI agent detected, using --progress "errors-only" (set --progress or the "progress" key in cdk.json to change)
Bundling asset AppDependencies/IngestionFn/Code/Stage...
Bundling asset AppDependencies/ArchiveFn/Code/Stage...
Bundling asset AppDependencies/OutboxPublisherFn/Code/Stage...
Bundling asset AppDependencies/NotificationPublisherFn/Code/Stage...
Bundling asset AppDependencies/SummaryFn/Code/Stage...
Bundling asset AppDependencies/ReplayTriggerPublisherFn/Code/Stage...
Bundling asset AppDependencies/ReplayFn/Code/Stage...
Bundling asset AppDependencies/CertPackageSweeperFn/Code/Stage...
Bundling asset AppDependencies/OnboardingDeadlineFn/Code/Stage...
Bundling asset AppDependencies/RetirementTimeoutFn/Code/Stage...
Bundling asset AppDependencies/ActivityExportFn/Code/Stage...
Bundling asset AppDependencies/EsgExportFn/Code/Stage...
Bundling asset AppDependencies/CommandPublisherFn/Code/Stage...
Bundling asset AppDependencies/CommandTimeoutFn/Code/Stage...
Bundling asset AppDependencies/OtaDispatcherFn/Code/Stage...
Bundling asset AppDependencies/OnboardingApiFn/Code/Stage...
Bundling asset AppDependencies/OnboardingProvisioningFn/Code/Stage...
Bundling asset AppDependencies/DeviceApiFn/Code/Stage...
Bundling asset AppDependencies/ApiFn/Code/Stage...

✨  Synthesis time: 12.29s

fdp-test-app: start: Building fdp-test-app Template
fdp-test-app: success: Built fdp-test-app Template
fdp-test-app: start: Publishing fdp-test-app Template (065986019555-ap-southeast-1-fa3e37f4)
fdp-test-app: success: Published fdp-test-app Template (065986019555-ap-southeast-1-fa3e37f4)
fdp-test-app: creating CloudFormation changeset...
AppDependencies (fdp-test-app): deploying... [1/1]
fdp-test-app | CREATE_FAILED | AWS::ApiGateway::Account | AppDependencies/AdminGatewayLoggingAccount (AdminGatewayLoggingAccount) Resource handler returned message: "The role ARN does not have required permissions configured. Please grant trust permission for API Gateway and add the required role policy. (Service: ApiGateway, Status Code: 400, Request ID: 3cafbfcb-bcc7-4617-9989-7b0e17882479) (SDK Attempt Count: 1)" (RequestToken: d3f99718-27cb-5359-a222-def555314323, HandlerErrorCode: InvalidRequest)
Could not query CloudTrail for control-plane errors: the lookup role is missing the `cloudtrail:LookupEvents` permission. Grant it to surface errors (e.g. AccessDenied) that resource logs may not show.
❌  fdp-test-app failed: DeploymentError: Resource updates failed:
AppDependencies/AdminGatewayLoggingAccount  (AWS::ApiGateway::Account AdminGatewayLoggingAccount)
  Resource handler returned message: "The role ARN does not have required permissions configured. Please grant trust
  permission for API Gateway and add the required role policy. (Service: ApiGateway, Status Code: 400, Request ID:
  3cafbfcb-bcc7-4617-9989-7b0e17882479) (SDK Attempt Count: 1)" (RequestToken: d3f99718-27cb-5359-a222-def555314323,
  HandlerErrorCode: InvalidRequest)
Source Location: AppDependenciesStack.createApiGateways (file:///Users/anray/Documents/project/hiddenjoyacom/food-digester-platform/infra/dist/stacks/app-dependencies-stack.js:1416:30)
                 new AppDependenciesStack (file:///Users/anray/Documents/project/hiddenjoyacom/food-digester-platform/infra/dist/stacks/app-dependencies-stack.js:107:27)
                 file:///Users/anray/Documents/project/hiddenjoyacom/food-digester-platform/infra/dist/app.js:24 (:)
                 ...node internals...
undefined
/Users/anray/Documents/project/hiddenjoyacom/food-digester-platform/infra:
 ERR_PNPM_RECURSIVE_EXEC_FIRST_FAIL  Command failed with exit code 1: cdk deploy AppDependencies --profile esgiot-infra --require-approval never -c envName=test -c deploymentAccount=065986019555 -c deploymentRegion=ap-southeast-1 -c deviceApiDomainName=device-api.bio-nexa.com -c adminApiDomainName=api.bio-nexa.com -c onboardingApiDomainName=onboard-api.bio-nexa.com -c adminWebOrigin=https://admin.bio-nexa.com -c allowInsecureDeviceEndpointForLocal=false -c enableMigrationRunner=true -c enableAdminBootstrapRunner=true -c deviceApiTruststoreKey=truststore/ca-bundle.pem -c enableScheduledWorkers=true -c deviceApiCertificateArn=arn:aws:acm:ap-southeast-1:065986019555:certificate/db3daf4f-de27-4cb3-8813-5f1f068478e0 -c publicApiCertificateArn=arn:aws:acm:ap-southeast-1:065986019555:certificate/2777e55f-df6e-4e7d-8ce8-22cd3cf2babb -c deviceApiTruststoreBucketName=fdp-test-mtls-truststore-065986019555 -c deviceApiTruststoreVersion=FtN.3H5AydTqt6cgxf0wzeOcNQHFxCOx -c enableRequestObservability=true -c enableQa09Capacity=false -c enableImmediateCommandPublish=false
