
> food-digester-platform@0.0.0 build /Users/anray/Documents/project/hiddenjoyacom/food-digester-platform
> turbo run build

• turbo 2.10.11

   • Packages in scope: @fdp/admin-web, @fdp/archive-worker, @fdp/auth, @fdp/aws-clients, @fdp/cloud-api, @fdp/contracts, @fdp/database, @fdp/domain, @fdp/infra, @fdp/ingestion-worker, @fdp/media, @fdp/observability, @fdp/summary-worker
   • Running build in 13 packages
   • Remote caching disabled

@fdp/contracts:build: cache hit, replaying logs c0b9073b4854d18f
@fdp/observability:build: cache hit, replaying logs 82058b7e1bafdc8e
@fdp/contracts:build: 
@fdp/contracts:build: > @fdp/contracts@0.0.0 build /Users/anray/Documents/project/hiddenjoyacom/food-digester-platform/contracts
@fdp/contracts:build: > node -e "console.log('@fdp/contracts 为源码契约包：内部使用 .ts 扩展名互引，不经 tsc 构建；消费方经 tsx/打包器直接使用源码')"
@fdp/contracts:build: 
@fdp/contracts:build: @fdp/contracts 为源码契约包：内部使用 .ts 扩展名互引，不经 tsc 构建；消费方经 tsx/打包器直接使用源码
@fdp/infra:build: cache hit, replaying logs a3e6a1b0026a7287
@fdp/infra:build: 
@fdp/infra:build: > @fdp/infra@0.0.0 build /Users/anray/Documents/project/hiddenjoyacom/food-digester-platform/infra
@fdp/observability:build: 
@fdp/observability:build: > @fdp/observability@0.0.0 build /Users/anray/Documents/project/hiddenjoyacom/food-digester-platform/packages/observability
@fdp/observability:build: > tsc -p tsconfig.build.json
@fdp/observability:build: 
@fdp/infra:build: > tsc -p tsconfig.build.json
@fdp/infra:build: 
@fdp/database:generate: cache hit, replaying logs 90b5fadf9e5c3a89
@fdp/aws-clients:build: cache hit, replaying logs 10ca45904808ee4b
@fdp/database:generate: 
@fdp/database:generate: > @fdp/database@0.0.0 generate /Users/anray/Documents/project/hiddenjoyacom/food-digester-platform/packages/database
@fdp/database:generate: > prisma generate
@fdp/database:generate: 
@fdp/database:generate: Loaded Prisma config from prisma.config.ts.
@fdp/database:generate: 
@fdp/database:generate: Prisma schema loaded from prisma/schema.prisma.
@fdp/database:generate: 
@fdp/database:generate: ✔ Generated Prisma Client (7.9.1) to ./src/generated in 146ms
@fdp/database:generate: 
@fdp/domain:build: cache hit, replaying logs f00e96dee2d73d66
@fdp/aws-clients:build: 
@fdp/aws-clients:build: > @fdp/aws-clients@0.0.0 build /Users/anray/Documents/project/hiddenjoyacom/food-digester-platform/packages/aws-clients
@fdp/aws-clients:build: > tsc -p tsconfig.build.json
@fdp/aws-clients:build: 
@fdp/domain:build: 
@fdp/domain:build: > @fdp/domain@0.0.0 build /Users/anray/Documents/project/hiddenjoyacom/food-digester-platform/packages/domain
@fdp/domain:build: > tsc -p tsconfig.build.json
@fdp/domain:build: 
@fdp/database:build: cache hit, replaying logs 66c4af3d114824f1
@fdp/database:build: 
@fdp/database:build: > @fdp/database@0.0.0 build /Users/anray/Documents/project/hiddenjoyacom/food-digester-platform/packages/database
@fdp/database:build: > tsc -p tsconfig.build.json
@fdp/database:build: 
@fdp/archive-worker:build: cache hit, replaying logs b463a66d7bbe34f9
@fdp/summary-worker:build: cache hit, replaying logs 2a0d28fc1d82b65a
@fdp/archive-worker:build: 
@fdp/archive-worker:build: > @fdp/archive-worker@0.0.0 build /Users/anray/Documents/project/hiddenjoyacom/food-digester-platform/apps/archive-worker
@fdp/archive-worker:build: > tsc -p tsconfig.build.json
@fdp/archive-worker:build: 
@fdp/media:build: cache hit, replaying logs fd4158921cf02bd4
@fdp/summary-worker:build: 
@fdp/summary-worker:build: > @fdp/summary-worker@0.0.0 build /Users/anray/Documents/project/hiddenjoyacom/food-digester-platform/apps/summary-worker
@fdp/summary-worker:build: > tsc -p tsconfig.build.json
@fdp/summary-worker:build: 
@fdp/auth:build: cache hit, replaying logs 2e3f9d773b3099d2
@fdp/media:build: 
@fdp/media:build: > @fdp/media@0.0.0 build /Users/anray/Documents/project/hiddenjoyacom/food-digester-platform/packages/media
@fdp/media:build: > tsc -p tsconfig.build.json
@fdp/media:build: 
@fdp/auth:build: 
@fdp/auth:build: > @fdp/auth@0.0.0 build /Users/anray/Documents/project/hiddenjoyacom/food-digester-platform/packages/auth
@fdp/auth:build: > tsc -p tsconfig.build.json
@fdp/auth:build: 
@fdp/ingestion-worker:build: cache hit, replaying logs 09423f270367e0b3
@fdp/ingestion-worker:build: 
@fdp/ingestion-worker:build: > @fdp/ingestion-worker@0.0.0 build /Users/anray/Documents/project/hiddenjoyacom/food-digester-platform/apps/ingestion-worker
@fdp/ingestion-worker:build: > tsc -p tsconfig.build.json
@fdp/ingestion-worker:build: 
@fdp/cloud-api:build: cache hit, replaying logs e44fdcafe483ab32
@fdp/cloud-api:build: 
@fdp/cloud-api:build: > @fdp/cloud-api@0.0.0 build /Users/anray/Documents/project/hiddenjoyacom/food-digester-platform/apps/cloud-api
@fdp/cloud-api:build: > tsc -p tsconfig.build.json
@fdp/cloud-api:build: 
@fdp/admin-web:build: cache hit, replaying logs 0e303760718fed99
@fdp/admin-web:build: 
@fdp/admin-web:build: > @fdp/admin-web@0.0.0 build /Users/anray/Documents/project/hiddenjoyacom/food-digester-platform/apps/admin-web
@fdp/admin-web:build: > tsc -p tsconfig.build.json && vite build
@fdp/admin-web:build: 
@fdp/admin-web:build: vite v8.2.2 building client environment for production...
@fdp/admin-web:build: transforming...
@fdp/admin-web:build: ✓ 128 modules transformed.
@fdp/admin-web:build: rendering chunks...
@fdp/admin-web:build: computing gzip size...
@fdp/admin-web:build: dist/web/index.html                   0.46 kB │ gzip:   0.32 kB
@fdp/admin-web:build: dist/web/assets/index-CMfALrFF.css    9.59 kB │ gzip:   2.91 kB
@fdp/admin-web:build: dist/web/assets/index-B9rsW9eh.js   674.21 kB │ gzip: 199.51 kB
@fdp/admin-web:build: 
@fdp/admin-web:build: ✓ built in 101ms
@fdp/admin-web:build: [plugin builtin:vite-reporter] 
@fdp/admin-web:build: (!) Some chunks are larger than 500 kB after minification. Consider:
@fdp/admin-web:build: - Using dynamic import() to code-split the application
@fdp/admin-web:build: - Use build.rolldownOptions.output.codeSplitting to improve chunking: https://rolldown.rs/reference/OutputOptions.codeSplitting
@fdp/admin-web:build: - Adjust chunk size limit for this warning via build.chunkSizeWarningLimit.

 Tasks:    14 successful, 14 total
Cached:    14 cached, 14 total
  Time:    63ms >>> FULL TURBO

AI agent detected, using --progress "errors-only" (set --progress or the "progress" key in cdk.json to change)
Bundling asset AppDependencies/IngestionFn/Code/Stage...
Bundling asset AppDependencies/ArchiveFn/Code/Stage...
Bundling asset AppDependencies/OutboxPublisherFn/Code/Stage...
Bundling asset AppDependencies/NotificationPublisherFn/Code/Stage...
Bundling asset AppDependencies/SummaryFn/Code/Stage...
Bundling asset AppDependencies/ReplayTriggerPublisherFn/Code/Stage...
Bundling asset AppDependencies/ReplayFn/Code/Stage...
Bundling asset AppDependencies/CertPackageSweeperFn/Code/Stage...
Bundling asset AppDependencies/OnboardingDeadlineFn/Code/Stage...
Bundling asset AppDependencies/RetirementTimeoutFn/Code/Stage...
Bundling asset AppDependencies/ActivityExportFn/Code/Stage...
Bundling asset AppDependencies/EsgExportFn/Code/Stage...
Bundling asset AppDependencies/CommandPublisherFn/Code/Stage...
Bundling asset AppDependencies/CommandTimeoutFn/Code/Stage...
Bundling asset AppDependencies/OtaDispatcherFn/Code/Stage...
Bundling asset AppDependencies/OnboardingApiFn/Code/Stage...
Bundling asset AppDependencies/OnboardingProvisioningFn/Code/Stage...
Bundling asset AppDependencies/DeviceApiFn/Code/Stage...
Bundling asset AppDependencies/ApiFn/Code/Stage...
Stack AppDependencies (fdp-test-app) (aws://065986019555/ap-southeast-1)
IAM Statement Changes
┌───┬─────────────────────────────┬────────┬─────────────────────────┬──────────────────────────────────────────────────┬──────────────────────────────────────────────────────────────────────────────────────────────────────────────────────────────────────────────────────┐
│   │ Resource                    │ Effect │ Action                  │ Principal                                        │ Condition                                                                                                                                            │
├───┼─────────────────────────────┼────────┼─────────────────────────┼──────────────────────────────────────────────────┼──────────────────────────────────────────────────────────────────────────────────────────────────────────────────────────────────────────────────────┤
│ + │ ${AdminAccessLogKey.Arn}    │ Allow  │ kms:*                   │ AWS:arn:${AWS::Partition}:iam::065986019555:root │                                                                                                                                                      │
│ + │ ${AdminAccessLogKey.Arn}    │ Allow  │ kms:Decrypt             │ Service:logs.ap-southeast-1.amazonaws.com        │ "ArnEquals": {                                                                                                                                       │
│   │                             │        │ kms:DescribeKey         │                                                  │   "kms:EncryptionContext:aws:logs:arn": "arn:${AWS::Partition}:logs:ap-southeast-1:065986019555:log-group:/aws/apigateway/fdp-test-admin-api-access" │
│   │                             │        │ kms:Encrypt             │                                                  │ }                                                                                                                                                    │
│   │                             │        │ kms:GenerateDataKey*    │                                                  │                                                                                                                                                      │
│   │                             │        │ kms:ReEncrypt*          │                                                  │                                                                                                                                                      │
├───┼─────────────────────────────┼────────┼─────────────────────────┼──────────────────────────────────────────────────┼──────────────────────────────────────────────────────────────────────────────────────────────────────────────────────────────────────────────────────┤
│ + │ ${AdminAccessLogs.Arn}      │ Allow  │ logs:CreateLogStream    │ AWS:${AdminGatewayLogsRole}                      │                                                                                                                                                      │
│   │                             │        │ logs:DescribeLogStreams │                                                  │                                                                                                                                                      │
│   │                             │        │ logs:PutLogEvents       │                                                  │                                                                                                                                                      │
├───┼─────────────────────────────┼────────┼─────────────────────────┼──────────────────────────────────────────────────┼──────────────────────────────────────────────────────────────────────────────────────────────────────────────────────────────────────────────────────┤
│ + │ ${AdminGatewayLogsRole.Arn} │ Allow  │ sts:AssumeRole          │ Service:apigateway.amazonaws.com                 │                                                                                                                                                      │
├───┼─────────────────────────────┼────────┼─────────────────────────┼──────────────────────────────────────────────────┼──────────────────────────────────────────────────────────────────────────────────────────────────────────────────────────────────────────────────────┤
│ + │ *                           │ Allow  │ logs:DescribeLogGroups  │ AWS:${AdminGatewayLogsRole}                      │                                                                                                                                                      │
└───┴─────────────────────────────┴────────┴─────────────────────────┴──────────────────────────────────────────────────┴──────────────────────────────────────────────────────────────────────────────────────────────────────────────────────────────────────────────────────┘
(NOTE: There may be security-related changes not in this list. See https://github.com/aws/aws-cdk/issues/1299)

Resources
[+] AWS::KMS::Key AdminAccessLogKey AdminAccessLogKeyEF31A9BF
[+] AWS::Logs::LogGroup AdminAccessLogs AdminAccessLogs21475B9B
[+] AWS::IAM::Role AdminGatewayLogsRole AdminGatewayLogsRole9FED8A75
[+] AWS::IAM::Policy AdminGatewayLogsRole/DefaultPolicy AdminGatewayLogsRoleDefaultPolicyF60F679B
[+] AWS::ApiGateway::Account AdminGatewayLoggingAccount AdminGatewayLoggingAccount
[~] AWS::Lambda::Function IngestionFn IngestionFn233E043F
 ├─ [~] Code
 │   └─ [~] .S3Key:
 │       ├─ [-] 89fdc51f98c091732e91fe24ed612ee12b967f7119c129bd9566e573d7ac39a5.zip
 │       └─ [+] 825951cab2aac5e4d87b65276bf4945f47655a1dac22cd912b49a1bb1123a1ba.zip
 ├─ [~] Environment
 │   └─ [~] .Variables:
 │       └─ [+] Added: .FDP_DB_POOL_MAX
 └─ [~] Metadata
     └─ [~] .aws:asset:path:
         ├─ [-] asset.89fdc51f98c091732e91fe24ed612ee12b967f7119c129bd9566e573d7ac39a5
         └─ [+] asset.825951cab2aac5e4d87b65276bf4945f47655a1dac22cd912b49a1bb1123a1ba
[~] AWS::Lambda::Function ArchiveFn ArchiveFn5585D223
 ├─ [~] Code
 │   └─ [~] .S3Key:
 │       ├─ [-] fa3c6eba53c47f1ef3baf10e91df3370b79820f608e3db68354ca9349a86c356.zip
 │       └─ [+] 2da59d24eb9b8ec78e2a561335627b92557cf2c63b6d12304c041aef9d628e7a.zip
 └─ [~] Metadata
     └─ [~] .aws:asset:path:
         ├─ [-] asset.fa3c6eba53c47f1ef3baf10e91df3370b79820f608e3db68354ca9349a86c356
         └─ [+] asset.2da59d24eb9b8ec78e2a561335627b92557cf2c63b6d12304c041aef9d628e7a
[~] AWS::Lambda::Function OutboxPublisherFn OutboxPublisherFn5402D4AC
 ├─ [~] Code
 │   └─ [~] .S3Key:
 │       ├─ [-] 5ce49c572532bf3970e4d2c48858ddc113999ad2d73e8b0fda7644759401aaf8.zip
 │       └─ [+] f98be74c0776f01eeb7aa5c43903e0122274157537841d4d0f19504e00adc406.zip
 ├─ [~] Environment
 │   └─ [~] .Variables:
 │       └─ [+] Added: .FDP_DB_POOL_MAX
 └─ [~] Metadata
     └─ [~] .aws:asset:path:
         ├─ [-] asset.5ce49c572532bf3970e4d2c48858ddc113999ad2d73e8b0fda7644759401aaf8
         └─ [+] asset.f98be74c0776f01eeb7aa5c43903e0122274157537841d4d0f19504e00adc406
[~] AWS::Lambda::Function NotificationPublisherFn NotificationPublisherFn73516682
 ├─ [~] Code
 │   └─ [~] .S3Key:
 │       ├─ [-] 3ae293f811b0d87f283f37d69167978135f8235768f96920ec3c241c746b990d.zip
 │       └─ [+] 67e37214d963e9d9eb9fb32d1b029e16f58d71a548e1fee2d9c50f82620905d8.zip
 ├─ [~] Environment
 │   └─ [~] .Variables:
 │       └─ [+] Added: .FDP_DB_POOL_MAX
 └─ [~] Metadata
     └─ [~] .aws:asset:path:
         ├─ [-] asset.3ae293f811b0d87f283f37d69167978135f8235768f96920ec3c241c746b990d
         └─ [+] asset.67e37214d963e9d9eb9fb32d1b029e16f58d71a548e1fee2d9c50f82620905d8
[~] AWS::Lambda::Function SummaryFn SummaryFnDB90B184
 ├─ [~] Code
 │   └─ [~] .S3Key:
 │       ├─ [-] 9e041654d1f79aacf97b0cf237faff8e07e4bb745ce45b7b585ab3b28c6991fa.zip
 │       └─ [+] 19e06a237d0509e164062cf41280736121284b6d3ee3f51ca0d8cf539c4abe20.zip
 ├─ [~] Environment
 │   └─ [~] .Variables:
 │       └─ [+] Added: .FDP_DB_POOL_MAX
 └─ [~] Metadata
     └─ [~] .aws:asset:path:
         ├─ [-] asset.9e041654d1f79aacf97b0cf237faff8e07e4bb745ce45b7b585ab3b28c6991fa
         └─ [+] asset.19e06a237d0509e164062cf41280736121284b6d3ee3f51ca0d8cf539c4abe20
[~] AWS::Lambda::Function ReplayTriggerPublisherFn ReplayTriggerPublisherFnDB45C8BB
 ├─ [~] Code
 │   └─ [~] .S3Key:
 │       ├─ [-] 4a580cb28b143afa51600e777fa0006ac11d14902f7aa63960140794b1e4b050.zip
 │       └─ [+] 0dd8c64bd95cb26ac6526d45ef24a0e1ff903f899f75b8046324c5fe60a66d5a.zip
 ├─ [~] Environment
 │   └─ [~] .Variables:
 │       └─ [+] Added: .FDP_DB_POOL_MAX
 └─ [~] Metadata
     └─ [~] .aws:asset:path:
         ├─ [-] asset.4a580cb28b143afa51600e777fa0006ac11d14902f7aa63960140794b1e4b050
         └─ [+] asset.0dd8c64bd95cb26ac6526d45ef24a0e1ff903f899f75b8046324c5fe60a66d5a
[~] AWS::Lambda::Function ReplayFn ReplayFn6908A346
 ├─ [~] Code
 │   └─ [~] .S3Key:
 │       ├─ [-] 7c1885984251ff589717f8ba91195b9be5b5a5df0e58a38c9a4cefab529c57fd.zip
 │       └─ [+] 9f369e501fdffcbeb07468defe3b08f4e9e5bd40e9995f018bad7c2a6d9a1358.zip
 ├─ [~] Environment
 │   └─ [~] .Variables:
 │       └─ [+] Added: .FDP_DB_POOL_MAX
 └─ [~] Metadata
     └─ [~] .aws:asset:path:
         ├─ [-] asset.7c1885984251ff589717f8ba91195b9be5b5a5df0e58a38c9a4cefab529c57fd
         └─ [+] asset.9f369e501fdffcbeb07468defe3b08f4e9e5bd40e9995f018bad7c2a6d9a1358
[~] AWS::Lambda::Function CertPackageSweeperFn CertPackageSweeperFnA3144633
 ├─ [~] Code
 │   └─ [~] .S3Key:
 │       ├─ [-] 41e0f3ea82e7b1acc8988da9bcaf230928964d362713712c6aa15424d8cf01e5.zip
 │       └─ [+] c0ca8a873410ea5e6ba4279345619250469cb66de0f5c3688ebafaf788a46035.zip
 ├─ [~] Environment
 │   └─ [~] .Variables:
 │       └─ [+] Added: .FDP_DB_POOL_MAX
 └─ [~] Metadata
     └─ [~] .aws:asset:path:
         ├─ [-] asset.41e0f3ea82e7b1acc8988da9bcaf230928964d362713712c6aa15424d8cf01e5
         └─ [+] asset.c0ca8a873410ea5e6ba4279345619250469cb66de0f5c3688ebafaf788a46035
[~] AWS::Lambda::Function OnboardingDeadlineFn OnboardingDeadlineFn980E8722
 ├─ [~] Code
 │   └─ [~] .S3Key:
 │       ├─ [-] c255ae9afb02fdf68b0944b375fe992f3e5233617b167cd60bb9c9abdd669bdf.zip
 │       └─ [+] ef3135f3905538ad695f9bb869f12e9622890961170d3c61d9fc24bfb41751e1.zip
 ├─ [~] Environment
 │   └─ [~] .Variables:
 │       └─ [+] Added: .FDP_DB_POOL_MAX
 └─ [~] Metadata
     └─ [~] .aws:asset:path:
         ├─ [-] asset.c255ae9afb02fdf68b0944b375fe992f3e5233617b167cd60bb9c9abdd669bdf
         └─ [+] asset.ef3135f3905538ad695f9bb869f12e9622890961170d3c61d9fc24bfb41751e1
[~] AWS::Lambda::Function RetirementTimeoutFn RetirementTimeoutFn5FA89DC8
 ├─ [~] Code
 │   └─ [~] .S3Key:
 │       ├─ [-] fe687ab99b74914b27f7752646e0731c80cbe56886c0ac5bfbc6fc847d45f66b.zip
 │       └─ [+] 0315a1705d4af6fc87dbfe30d50378cc7b9bbb03e6555fe77300f75327dfc4f1.zip
 ├─ [~] Environment
 │   └─ [~] .Variables:
 │       └─ [+] Added: .FDP_DB_POOL_MAX
 └─ [~] Metadata
     └─ [~] .aws:asset:path:
         ├─ [-] asset.fe687ab99b74914b27f7752646e0731c80cbe56886c0ac5bfbc6fc847d45f66b
         └─ [+] asset.0315a1705d4af6fc87dbfe30d50378cc7b9bbb03e6555fe77300f75327dfc4f1
[~] AWS::Lambda::Function ActivityExportFn ActivityExportFn2D54E851
 ├─ [~] Code
 │   └─ [~] .S3Key:
 │       ├─ [-] 6a55cccdc8f809079291dff214d97148ab17cd3ac8d88e3dd419a2711d5bec96.zip
 │       └─ [+] 8c31b3bba9fdd606d9550774cd868872310988cd2d3471568b4327178bfdd356.zip
 ├─ [~] Environment
 │   └─ [~] .Variables:
 │       └─ [+] Added: .FDP_DB_POOL_MAX
 └─ [~] Metadata
     └─ [~] .aws:asset:path:
         ├─ [-] asset.6a55cccdc8f809079291dff214d97148ab17cd3ac8d88e3dd419a2711d5bec96
         └─ [+] asset.8c31b3bba9fdd606d9550774cd868872310988cd2d3471568b4327178bfdd356
[~] AWS::Lambda::Function EsgExportFn EsgExportFn4FB12684
 ├─ [~] Code
 │   └─ [~] .S3Key:
 │       ├─ [-] cca17e0b94eb88cfaa0566ab3da035bedcf9dcaad35b2b75cdff0a3ef50b0160.zip
 │       └─ [+] 0fd2ad09dca6d568bd9d023415f569aa92776541f1fd36321379c640e3ff9771.zip
 ├─ [~] Environment
 │   └─ [~] .Variables:
 │       └─ [+] Added: .FDP_DB_POOL_MAX
 └─ [~] Metadata
     └─ [~] .aws:asset:path:
         ├─ [-] asset.cca17e0b94eb88cfaa0566ab3da035bedcf9dcaad35b2b75cdff0a3ef50b0160
         └─ [+] asset.0fd2ad09dca6d568bd9d023415f569aa92776541f1fd36321379c640e3ff9771
[~] AWS::Lambda::Function CommandPublisherFn CommandPublisherFn2C3A62E3
 ├─ [~] Code
 │   └─ [~] .S3Key:
 │       ├─ [-] 46d40a149e064e900c738ce8b01e326f1076b898249d1fb5de4cbf6bf2b695ca.zip
 │       └─ [+] d5269267f507fc44ab89d1a5e8d4f5084efba93f4e4d6f3135527161c6e5a09a.zip
 ├─ [~] Environment
 │   └─ [~] .Variables:
 │       └─ [+] Added: .FDP_DB_POOL_MAX
 └─ [~] Metadata
     └─ [~] .aws:asset:path:
         ├─ [-] asset.46d40a149e064e900c738ce8b01e326f1076b898249d1fb5de4cbf6bf2b695ca
         └─ [+] asset.d5269267f507fc44ab89d1a5e8d4f5084efba93f4e4d6f3135527161c6e5a09a
[~] AWS::Lambda::Function CommandTimeoutFn CommandTimeoutFnDCC08544
 ├─ [~] Code
 │   └─ [~] .S3Key:
 │       ├─ [-] 1ff0f98078f2725861c94425c3d5c6e5fc904a6ad2cfa9416a6ad45ccd401058.zip
 │       └─ [+] c47f8ee7f60c2be3cb16b4e4ee101d61a12828a291c47c92f03b6baa1b8df9db.zip
 ├─ [~] Environment
 │   └─ [~] .Variables:
 │       └─ [+] Added: .FDP_DB_POOL_MAX
 └─ [~] Metadata
     └─ [~] .aws:asset:path:
         ├─ [-] asset.1ff0f98078f2725861c94425c3d5c6e5fc904a6ad2cfa9416a6ad45ccd401058
         └─ [+] asset.c47f8ee7f60c2be3cb16b4e4ee101d61a12828a291c47c92f03b6baa1b8df9db
[~] AWS::Lambda::Function OtaDispatcherFn OtaDispatcherFn60AC5176
 ├─ [~] Code
 │   └─ [~] .S3Key:
 │       ├─ [-] 479988d0d072df52aaa53f1c0a3bd68d1744c0f79a0f254def9a0f3094b7e6c2.zip
 │       └─ [+] 960b1ca1c847ebd68408b90f2034949707c2f656d3ce545e6652352924e8bb8a.zip
 ├─ [~] Environment
 │   └─ [~] .Variables:
 │       └─ [+] Added: .FDP_DB_POOL_MAX
 └─ [~] Metadata
     └─ [~] .aws:asset:path:
         ├─ [-] asset.479988d0d072df52aaa53f1c0a3bd68d1744c0f79a0f254def9a0f3094b7e6c2
         └─ [+] asset.960b1ca1c847ebd68408b90f2034949707c2f656d3ce545e6652352924e8bb8a
[~] AWS::Lambda::Function OnboardingApiFn OnboardingApiFn75D76C9A
 ├─ [~] Code
 │   └─ [~] .S3Key:
 │       ├─ [-] e9832f9ce081e9a6f07d4d6101854b13555b80d95eaf407633aa1b42c5113f64.zip
 │       └─ [+] 7eb6aec54ab46e44605d8bc0b908b59078c3bac2d802dd814bbe6c63ac8effb0.zip
 ├─ [~] Environment
 │   └─ [~] .Variables:
 │       └─ [+] Added: .FDP_DB_POOL_MAX
 └─ [~] Metadata
     └─ [~] .aws:asset:path:
         ├─ [-] asset.e9832f9ce081e9a6f07d4d6101854b13555b80d95eaf407633aa1b42c5113f64
         └─ [+] asset.7eb6aec54ab46e44605d8bc0b908b59078c3bac2d802dd814bbe6c63ac8effb0
[~] AWS::Lambda::Function OnboardingProvisioningFn OnboardingProvisioningFnE4A4C012
 ├─ [~] Code
 │   └─ [~] .S3Key:
 │       ├─ [-] ead8e9bcf93daece7035bdf77f84d01bfb1f393cd38c163b870111a7fdb206d1.zip
 │       └─ [+] 75adecea501f5851b531b4a2c90e35c15d0f29bda00360a8e834b4a689e7faad.zip
 ├─ [~] Environment
 │   └─ [~] .Variables:
 │       └─ [+] Added: .FDP_DB_POOL_MAX
 └─ [~] Metadata
     └─ [~] .aws:asset:path:
         ├─ [-] asset.ead8e9bcf93daece7035bdf77f84d01bfb1f393cd38c163b870111a7fdb206d1
         └─ [+] asset.75adecea501f5851b531b4a2c90e35c15d0f29bda00360a8e834b4a689e7faad
[~] AWS::Lambda::Function DeviceApiFn DeviceApiFn860282C7
 ├─ [~] Code
 │   └─ [~] .S3Key:
 │       ├─ [-] caf71b9bbb568bfe97e63f23f699f6597536ee5f71fc19b5168f10984fb25a75.zip
 │       └─ [+] 11397e9f95abcfacdd8960f9b9071cb1d5c44558c4e871f671736e6716ce98e1.zip
 ├─ [~] Environment
 │   └─ [~] .Variables:
 │       └─ [+] Added: .FDP_DB_POOL_MAX
 └─ [~] Metadata
     └─ [~] .aws:asset:path:
         ├─ [-] asset.caf71b9bbb568bfe97e63f23f699f6597536ee5f71fc19b5168f10984fb25a75
         └─ [+] asset.11397e9f95abcfacdd8960f9b9071cb1d5c44558c4e871f671736e6716ce98e1
[~] AWS::Lambda::Function ApiFn ApiFnE0725F78
 ├─ [~] Code
 │   └─ [~] .S3Key:
 │       ├─ [-] 8ec0357c833288a5b5e283cd260aa93585565aea68e8355a55a73e416c19ea11.zip
 │       └─ [+] a0289563e6a03b61713af9999aa58426e00284ba0872210ade2c7b296427a0df.zip
 ├─ [~] Environment
 │   └─ [~] .Variables:
 │       └─ [+] Added: .FDP_DB_POOL_MAX
 └─ [~] Metadata
     └─ [~] .aws:asset:path:
         ├─ [-] asset.8ec0357c833288a5b5e283cd260aa93585565aea68e8355a55a73e416c19ea11
         └─ [+] asset.a0289563e6a03b61713af9999aa58426e00284ba0872210ade2c7b296427a0df
[~] AWS::ApiGateway::Stage AdminApi/DeploymentStage.test AdminApiDeploymentStagetestDE782DEB
 ├─ [+] AccessLogSetting
 │   └─ {"DestinationArn":{"Fn::GetAtt":["AdminAccessLogs21475B9B","Arn"]},"Format":"{\"requestId\":\"$context.requestId\",\"extendedRequestId\":\"$context.extendedRequestId\",\"requestTimeEpoch\":\"$context.requestTimeEpoch\",\"resourcePath\":\"$context.resourcePath\",\"httpMethod\":\"$context.httpMethod\",\"status\":\"$context.status\",\"integrationStatus\":\"$context.integration.integrationStatus\",\"functionStatus\":\"$context.integration.status\",\"integrationRequestId\":\"$context.integration.requestId\",\"integrationLatency\":\"$context.integration.latency\",\"responseLatency\":\"$context.responseLatency\",\"errorResponseType\":\"$context.error.responseType\"}"}
 ├─ [+] MethodSettings
 │   └─ [{"DataTraceEnabled":false,"HttpMethod":"*","LoggingLevel":"OFF","ResourcePath":"/*"}]
 └─ [+] DependsOn
     └─ ["AdminGatewayLoggingAccount"]



✨  Number of stacks with differences: 1

