✔ target gates reject missing finish cleanup required case and foreign device before live calls (0.558125ms)
✖ business cleanup preserves outside rows, rejects baseline drift and deletes own dependent rows atomically (624.16575ms)
✔ fault injection rejects missing authorization and foreign export identity without mutation (15.292959ms)
✔ assertion-only validation cannot stand in for cleanup or whole target acceptance (0.137667ms)
✔ nonActive scope cannot enter the full wave that contains Active dependent probes (0.811417ms)
✔ remaining target rejects foreign fixture before an API or database call (0.89975ms)
✖ unproved license activation fails legal stage and independent stage failures remain explicit without credentials (1.107667ms)
✖ semantic SQL creates two scoped read models without lifecycle or authentication claims and refuses reuse (731.921042ms)
✔ semantic SQL refuses scope/state drift: lifecycle_status='Active' (531.316ms)
✔ semantic SQL refuses scope/state drift: site_id=NULL (485.991166ms)
✔ semantic SQL refuses scope/state drift: customer_id='22222222-2222-2222-2222-222222222222' WHERE customer_id='11111111-1111-1111-1111-111111111111' (476.04025ms)
✔ semantic SQL refuses scope/state drift: name='outside' (477.058375ms)
✖ platform exports require the exact ledger and own frozen filters; foreign jobs remain unchanged (476.250875ms)
ℹ tests 13
ℹ suites 0
ℹ pass 9
ℹ fail 4
ℹ cancelled 0
ℹ skipped 0
ℹ todo 0
ℹ duration_ms 3308.877125

✖ failing tests:

test at scripts/qa09-business-target.test.mjs:39:1
✖ business cleanup preserves outside rows, rejects baseline drift and deletes own dependent rows atomically (624.16575ms)
  error: bind message supplies 1 parameters, but prepared statement "" requires 2
      at pe.Ue (/Users/anray/Documents/project/hiddenjoyacom/food-digester-platform/node_modules/@electric-sql/pg-protocol/src/parser.ts:442:11)
      at pe.tt (/Users/anray/Documents/project/hiddenjoyacom/food-digester-platform/node_modules/@electric-sql/pg-protocol/src/parser.ts:220:16)
      at pe.parse (/Users/anray/Documents/project/hiddenjoyacom/food-digester-platform/node_modules/@electric-sql/pg-protocol/src/parser.ts:104:21)
      at N.qe (/Users/anray/Documents/project/hiddenjoyacom/food-digester-platform/node_modules/@electric-sql/pglite/dist/index.js:5:1762)
      at <anonymous> (/Users/anray/Documents/project/hiddenjoyacom/food-digester-platform/node_modules/@electric-sql/pglite/dist/index.js:5:1155)
      at wasm://wasm/0267bb86:wasm-function[10930]:0x5a5ccf
      at wasm://wasm/0267bb86:wasm-function[3585]:0x27eaeb
      at wasm://wasm/0267bb86:wasm-function[3627]:0x2869d1
      at wasm://wasm/0267bb86:wasm-function[3637]:0x286c2d
      at wasm://wasm/0267bb86:wasm-function[9914]:0x54fd4d {
    length: 137,
    severity: 'ERROR',
    code: '08P01',
    detail: undefined,
    hint: undefined,
    position: undefined,
    internalPosition: undefined,
    internalQuery: undefined,
    where: undefined,
    schema: undefined,
    table: undefined,
    column: undefined,
    dataType: undefined,
    constraint: undefined,
    file: 'postgres.c',
    line: '1837',
    routine: 'exec_bind_message',
    query: `SELECT count(*)::text,md5(coalesce(string_agg(to_jsonb(t)::text,'' ORDER BY to_jsonb(t)::text),'')) AS digest FROM public."replay_jobs" t WHERE NOT COALESCE((scope->>'customerId'=ANY($1::text[]) AND scope->>'deviceId'=ANY($2::text[])),false)`,
    params: [ [ [Array], [Array] ] ],
    queryOptions: undefined
  }

test at scripts/qa09-remaining-nonactive.test.mjs:30:1
✖ unproved license activation fails legal stage and independent stage failures remain explicit without credentials (1.107667ms)
  AssertionError [ERR_ASSERTION]: false == true
      at TestContext.<anonymous> (file:///Users/anray/Documents/project/hiddenjoyacom/food-digester-platform/scripts/qa09-remaining-nonactive.test.mjs:56:10)
      at async Test.run (node:internal/test_runner/test:1113:7)
      at async Test.processPendingSubtests (node:internal/test_runner/test:788:7) {
    generatedMessage: true,
    code: 'ERR_ASSERTION',
    actual: false,
    expected: true,
    operator: '==',
    diff: 'simple'
  }

test at scripts/qa09-semantic-data.test.mjs:36:1
✖ semantic SQL creates two scoped read models without lifecycle or authentication claims and refuses reuse (731.921042ms)
  error: bind message supplies 1 parameters, but prepared statement "" requires 2
      at pe.Ue (/Users/anray/Documents/project/hiddenjoyacom/food-digester-platform/node_modules/@electric-sql/pg-protocol/src/parser.ts:442:11)
      at pe.tt (/Users/anray/Documents/project/hiddenjoyacom/food-digester-platform/node_modules/@electric-sql/pg-protocol/src/parser.ts:220:16)
      at pe.parse (/Users/anray/Documents/project/hiddenjoyacom/food-digester-platform/node_modules/@electric-sql/pg-protocol/src/parser.ts:104:21)
      at N.qe (/Users/anray/Documents/project/hiddenjoyacom/food-digester-platform/node_modules/@electric-sql/pglite/dist/index.js:5:1762)
      at <anonymous> (/Users/anray/Documents/project/hiddenjoyacom/food-digester-platform/node_modules/@electric-sql/pglite/dist/index.js:5:1155)
      at wasm://wasm/0267bb86:wasm-function[10930]:0x5a5ccf
      at wasm://wasm/0267bb86:wasm-function[3585]:0x27eaeb
      at wasm://wasm/0267bb86:wasm-function[3627]:0x2869d1
      at wasm://wasm/0267bb86:wasm-function[3637]:0x286c2d
      at wasm://wasm/0267bb86:wasm-function[9914]:0x54fd4d {
    length: 137,
    severity: 'ERROR',
    code: '08P01',
    detail: undefined,
    hint: undefined,
    position: undefined,
    internalPosition: undefined,
    internalQuery: undefined,
    where: undefined,
    schema: undefined,
    table: undefined,
    column: undefined,
    dataType: undefined,
    constraint: undefined,
    file: 'postgres.c',
    line: '1837',
    routine: 'exec_bind_message',
    query: `SELECT count(*)::text,md5(coalesce(string_agg(to_jsonb(t)::text,'' ORDER BY to_jsonb(t)::text),'')) AS digest FROM public."replay_jobs" t WHERE NOT COALESCE((scope->>'customerId'=ANY($1::text[]) AND scope->>'deviceId'=ANY($2::text[])),false)`,
    params: [ [ [Array], [Array] ] ],
    queryOptions: undefined
  }

test at scripts/qa09-semantic-data.test.mjs:83:1
✖ platform exports require the exact ledger and own frozen filters; foreign jobs remain unchanged (476.250875ms)
  error: bind message supplies 1 parameters, but prepared statement "" requires 2
      at pe.Ue (/Users/anray/Documents/project/hiddenjoyacom/food-digester-platform/node_modules/@electric-sql/pg-protocol/src/parser.ts:442:11)
      at pe.tt (/Users/anray/Documents/project/hiddenjoyacom/food-digester-platform/node_modules/@electric-sql/pg-protocol/src/parser.ts:220:16)
      at pe.parse (/Users/anray/Documents/project/hiddenjoyacom/food-digester-platform/node_modules/@electric-sql/pg-protocol/src/parser.ts:104:21)
      at N.qe (/Users/anray/Documents/project/hiddenjoyacom/food-digester-platform/node_modules/@electric-sql/pglite/dist/index.js:5:1762)
      at <anonymous> (/Users/anray/Documents/project/hiddenjoyacom/food-digester-platform/node_modules/@electric-sql/pglite/dist/index.js:5:1155)
      at wasm://wasm/0267bb86:wasm-function[10930]:0x5a5ccf
      at wasm://wasm/0267bb86:wasm-function[3585]:0x27eaeb
      at wasm://wasm/0267bb86:wasm-function[3627]:0x2869d1
      at wasm://wasm/0267bb86:wasm-function[3637]:0x286c2d
      at wasm://wasm/0267bb86:wasm-function[9914]:0x54fd4d {
    length: 137,
    severity: 'ERROR',
    code: '08P01',
    detail: undefined,
    hint: undefined,
    position: undefined,
    internalPosition: undefined,
    internalQuery: undefined,
    where: undefined,
    schema: undefined,
    table: undefined,
    column: undefined,
    dataType: undefined,
    constraint: undefined,
    file: 'postgres.c',
    line: '1837',
    routine: 'exec_bind_message',
    query: `SELECT count(*)::text,md5(coalesce(string_agg(to_jsonb(t)::text,'' ORDER BY to_jsonb(t)::text),'')) AS digest FROM public."replay_jobs" t WHERE NOT COALESCE((scope->>'customerId'=ANY($1::text[]) AND scope->>'deviceId'=ANY($2::text[])),false)`,
    params: [ [ [Array], [Array] ] ],
    queryOptions: undefined
  }
