✔ target gates reject missing finish cleanup required case and foreign device before live calls (0.510667ms)
✔ business cleanup preserves outside rows, rejects baseline drift and deletes own dependent rows atomically (705.960833ms)
✔ fault injection rejects missing authorization and foreign export identity without mutation (0.629042ms)
✔ assertion-only validation cannot stand in for cleanup or whole target acceptance (0.134417ms)
✔ nonActive scope cannot enter the full wave that contains Active dependent probes (0.843208ms)
✔ remaining target rejects foreign fixture before an API or database call (0.931375ms)
✖ unproved license activation fails legal stage and independent stage failures remain explicit without credentials (1.369167ms)
✔ semantic SQL creates two scoped read models without lifecycle or authentication claims and refuses reuse (812.568042ms)
✔ semantic SQL refuses scope/state drift: lifecycle_status='Active' (527.359333ms)
✔ semantic SQL refuses scope/state drift: site_id=NULL (509.613917ms)
✔ semantic SQL refuses scope/state drift: customer_id='22222222-2222-2222-2222-222222222222' WHERE customer_id='11111111-1111-1111-1111-111111111111' (486.857458ms)
✔ semantic SQL refuses scope/state drift: name='outside' (490.265625ms)
✔ platform exports require the exact ledger and own frozen filters; foreign jobs remain unchanged (539.533083ms)
ℹ tests 13
ℹ suites 0
ℹ pass 12
ℹ fail 1
ℹ cancelled 0
ℹ skipped 0
ℹ todo 0
ℹ duration_ms 3498.380708

✖ failing tests:

test at scripts/qa09-remaining-nonactive.test.mjs:30:1
✖ unproved license activation fails legal stage and independent stage failures remain explicit without credentials (1.369167ms)
  AssertionError [ERR_ASSERTION]: false == true
      at TestContext.<anonymous> (file:///Users/anray/Documents/project/hiddenjoyacom/food-digester-platform/scripts/qa09-remaining-nonactive.test.mjs:56:10)
      at async Test.run (node:internal/test_runner/test:1113:7)
      at async Test.processPendingSubtests (node:internal/test_runner/test:788:7) {
    generatedMessage: true,
    code: 'ERR_ASSERTION',
    actual: false,
    expected: true,
    operator: '==',
    diff: 'simple'
  }
