observe: QUEUED
observe: PROVISIONING
observe: DOWNLOAD_SOURCE
observe: BUILD
observe: COMPLETED
seed: PROVISIONING
seed: DOWNLOAD_SOURCE
seed: BUILD
seed: COMPLETED
Ten CSR requests approved; waiting for real scheduled provisioning.
Ten real MQTT sessions and heartbeats published; observing RDS.
observe: PROVISIONING
observe: DOWNLOAD_SOURCE
observe: BUILD
observe: COMPLETED
Telemetry and identical QoS1 duplicates published; observing ingestion/outbox.
observe: PROVISIONING
observe: DOWNLOAD_SOURCE
observe: BUILD
observe: COMPLETED
business-baseline: PROVISIONING
business-baseline: DOWNLOAD_SOURCE
business-baseline: BUILD
business-baseline: COMPLETED
business-cleanup: PROVISIONING
business-cleanup: DOWNLOAD_SOURCE
business-cleanup: BUILD
business-cleanup: FINALIZING
business-cleanup: COMPLETED
business-audit: PROVISIONING
business-audit: DOWNLOAD_SOURCE
business-audit: BUILD
business-audit: COMPLETED
observe: PROVISIONING
observe: DOWNLOAD_SOURCE
observe: BUILD
observe: COMPLETED
cleanup: PROVISIONING
cleanup: DOWNLOAD_SOURCE
cleanup: BUILD
cleanup: COMPLETED
{"task":"QA-09","scope":"OWN_TELEMETRY_REDELIVERY_WITH_SPECIFIC_CONSUMPTION","prefix":"qa09-2c69f3db7f469847","sourceCommit":"525517a44f8568029615851e794ff5d87f833893","fullQa09Accepted":false,"queueSubmissionGate":"FAIL","queueConsumptionGate":"NOT_RUN_NO_SUBMITTED_REDELIVERY","superExportsGate":"PASS","cleanup":"PASS","parentReceiptSha256":"4cf763e74cfcd149e34a7faaeafb5f0e1d49e5f5ece5cd258b1632ac6ede0fd2","gate":"NO_RECEIPT"}
