observe: PROVISIONING
observe: DOWNLOAD_SOURCE
observe: BUILD
observe: POST_BUILD
observe: COMPLETED
seed: PROVISIONING
seed: DOWNLOAD_SOURCE
seed: BUILD
seed: COMPLETED
Ten CSR requests approved; waiting for real scheduled provisioning.
Ten real MQTT sessions and heartbeats published; observing RDS.
observe: PROVISIONING
observe: DOWNLOAD_SOURCE
observe: BUILD
observe: COMPLETED
Telemetry and identical QoS1 duplicates published; observing ingestion/outbox.
observe: PROVISIONING
observe: DOWNLOAD_SOURCE
observe: BUILD
observe: COMPLETED
observe: PROVISIONING
observe: DOWNLOAD_SOURCE
observe: INSTALL
observe: BUILD
observe: COMPLETED
cleanup: PROVISIONING
cleanup: DOWNLOAD_SOURCE
cleanup: BUILD
cleanup: COMPLETED
{"task":"QA-09","scope":"OWN_TELEMETRY_REDELIVERY_WITH_SPECIFIC_CONSUMPTION","prefix":"qa09-dc15d57a96bb341f","sourceCommit":"525517a44f8568029615851e794ff5d87f833893","fullQa09Accepted":false,"queueSubmissionGate":"BLOCKED","queueConsumptionGate":"NOT_RUN_NO_SUBMITTED_REDELIVERY","superExportsGate":"NOT_RUN_SEPARATE_PREVIOUS_RECEIPT","cleanup":"PASS","parentReceiptSha256":"edf5cdc81b5a4bebb117a9307b176baadcdf896bd8d50c5bdc218f4d18644888","gate":"BLOCKED"}
