observe: PROVISIONING
observe: DOWNLOAD_SOURCE
observe: BUILD
observe: COMPLETED
business-seed-devices: PROVISIONING
business-seed-devices: DOWNLOAD_SOURCE
business-seed-devices: BUILD
business-seed-devices: COMPLETED
business-baseline: PROVISIONING
business-baseline: DOWNLOAD_SOURCE
business-baseline: BUILD
business-baseline: COMPLETED
business-cleanup: PROVISIONING
business-cleanup: DOWNLOAD_SOURCE
business-cleanup: INSTALL
business-cleanup: BUILD
business-cleanup: COMPLETED
business-audit: PROVISIONING
business-audit: DOWNLOAD_SOURCE
business-audit: INSTALL
business-audit: BUILD
business-audit: COMPLETED
{"gate":"FAIL","stages":{"core":"FAIL"},"checks":139,"cleanupComplete":true}
observe: PROVISIONING
observe: DOWNLOAD_SOURCE
observe: BUILD
observe: COMPLETED
cleanup: PROVISIONING
cleanup: DOWNLOAD_SOURCE
cleanup: BUILD
cleanup: COMPLETED
{"task":"QA-09","scope":"REMAINING_NONACTIVE_LEGAL_WRITES_SECURITY_LEASE_RECOVERY","sourceCommit":"525517a44f8568029615851e794ff5d87f833893","prefix":"qa09-0ed30921f63c8541","fullQa09Accepted":false,"gate":"FAIL","reason":"NONACTIVE_CORE_INCOMPLETE"}
