
> food-digester-platform@0.0.0 test:scripts /Users/anray/Documents/project/hiddenjoyacom/food-digester-platform
> node --import tsx --test scripts/*.test.mjs

✔ bootstrap input is bound to the normalized email and never accepts a password (0.742792ms)
✔ successful bootstrap creates Cognito identity before committing linked database user (0.199709ms)
✔ non-pristine Cognito or database fails before any mutation (0.178458ms)
✔ database failure deletes Cognito identity and records compensated failure (0.178833ms)
✔ failed Cognito compensation keeps reconciliation required (0.108416ms)
✔ source approval requires exact SHA and packager embeds committed SHA (3969.448834ms)
✔ runner without approved source fails closed without leaking configuration (28.074167ms)
✔ serial and parallel repeated browser receipts are validated (3.007875ms)
✔ fail closed: missing required flow (0.182958ms)
✔ fail closed: skipped execution (0.119458ms)
✔ fail closed: flaky execution (0.100541ms)
✔ fail closed: retry hides failure (0.089833ms)
✔ fail closed: unexpected error (0.088167ms)
✔ fail closed: missing isolated trace (0.497333ms)
✔ fail closed: data prefix reused (0.608333ms)
✔ fail closed: context cleanup failed (0.091875ms)
✔ fail closed: unmocked network request (0.120542ms)
✔ fail closed: missing role proof (0.516333ms)
✔ fail closed: wrong route permission (0.728916ms)
✔ fail closed: Auditor OTA write enabled (0.217958ms)
✔ fail closed: missing MFA assertion (0.15875ms)
✔ fail closed: missing conflict response (0.148875ms)
✔ fail closed: missing forbidden response (0.13525ms)
✔ fail closed: missing repeat (0.319291ms)
✔ repeat traces cannot duplicate the first execution (0.539416ms)
✔ manifest exactly matches independent Playwright discovery (640.610667ms)
✔ discovery fails closed: missing case (0.308084ms)
✔ discovery fails closed: extra case (0.097584ms)
✔ discovery fails closed: duplicate replacing required case (0.074625ms)
✔ old Viewer permission cannot pass the updated matrix (0.221875ms)
✔ required behavioral proof cannot be missing: QA-09 设备管理长别名和序列号在375px完整换行且不裁切 (0.181708ms)
✔ required behavioral proof cannot be missing: H-01 API 拒绝停用会话后清除浏览器会话并返回登录 (0.242417ms)
✔ required behavioral proof cannot be missing: M-01 CustomerViewer 从菜单查询设备用户详情，全部写入口隐藏 (0.127041ms)
✔ required behavioral proof cannot be missing: UI redesign: all business routes at 1366x768 (0.1545ms)
✔ required behavioral proof cannot be missing: UI redesign: all business routes at 1440x900 (0.774125ms)
✔ required behavioral proof cannot be missing: UI redesign: all business routes at 1920x1080 (0.140458ms)
✔ required behavioral proof cannot be missing: QA05 login SRP MFA error success logout without persisting password (0.122708ms)
✔ required behavioral proof cannot be missing: QA05 ESG cursor totals export snapshot timezone and empty state (0.09625ms)
✔ required behavioral proof cannot be missing: QA05 Command dangerous confirmation terminal result and publish failure (0.094417ms)
✔ required behavioral proof cannot be missing: QA05 Media expiry renew 403 and audit read-only zero writes (0.097ms)
✔ serial and repeated phases require all 108 independent prefixes (0.333709ms)
✔ phase budget accounts for startup, executions and worker slots, with a finite ceiling (0.04375ms)
✔ invalid phase budget rejected: repeat=0 workers=1 (0.033792ms)
✔ invalid phase budget rejected: repeat=1 workers=0 (0.021959ms)
✔ invalid phase budget rejected: repeat=0.5 workers=1 (0.019ms)
✔ invalid phase budget rejected: repeat=1 workers=0.5 (0.0225ms)
✔ invalid phase budget rejected: repeat=Infinity workers=1 (0.019333ms)
✔ invalid phase budget rejected: repeat=1 workers=NaN (0.020334ms)
✔ real child-process timeout is classified and cannot create a successful phase (54.401167ms)
✔ failed/killed process cannot pass: status=1 (0.118083ms)
✔ failed/killed process cannot pass: status=null (0.059542ms)
✔ spawn errors reject without disclosing raw process error details (0.376084ms)
✔ successful process may proceed to the strict report and trace validator (0.234542ms)
✔ 真实 OpenAPI 片段可确定性打包且无外部引用 (48.358208ms)
✔ bundle 新鲜度检查拒绝缺失或过期产物 (91.888125ms)
✔ 失败示例：非法 OpenAPI 版本与缺少 responses 被拒绝 (0.165042ms)
✔ 失败示例：全局重复 operationId 被拒绝 (0.071125ms)
✔ 失败示例：非法 parameter 与 Schema 被拒绝 (0.113167ms)
✔ 仓库提交的统一 bundle 与当前片段一致 (14.057125ms)
✔ scoped Gate accepts the archived real-target receipt, without promoting full acceptance (7.894042ms)
✔ scoped Gate rejects missing role (6.977417ms)
✔ scoped Gate rejects wrong SHA (21.009083ms)
✔ scoped Gate rejects unverified Lambda (10.944167ms)
✔ scoped Gate rejects runtime drift (6.711ms)
✔ scoped Gate rejects mocked API (26.561167ms)
✔ scoped Gate rejects empty tenant (8.519208ms)
✔ scoped Gate rejects cross-Customer list leak (6.344666ms)
✔ scoped Gate rejects Viewer mutation accepted (5.958208ms)
✔ scoped Gate rejects expired old Token (9.104334ms)
✔ scoped Gate rejects two duplicate successes (6.162959ms)
✔ scoped Gate rejects two optimistic successes (7.999459ms)
✔ scoped Gate rejects bundled Firefox (10.181333ms)
✔ scoped Gate rejects missing browser-role case (6.036667ms)
✔ scoped Gate rejects persisted edit belongs to another record (61.950125ms)
✔ scoped Gate rejects forbidden page rendered as business page (10.891083ms)
✔ scoped Gate rejects missing screenshot (1.682ms)
✔ scoped Gate rejects cleanup duplicate hides missing ID (6.005292ms)
✔ scoped Gate rejects cleanup incomplete (6.41175ms)
✔ scoped Gate rejects private credentials retained (6.544708ms)
✔ scoped Gate rejects scope promoted (6.3155ms)
✔ 当前管理后台源代码满足入口与组合根交付约束 (6.219083ms)
✔ 缺少入口和构建产物时失败关闭 (3.769042ms)
✔ FE-06 至 FE-19 任一任务或路由从事实源缺失时失败关闭 (5.239791ms)
✔ FE-11 至 FE-15 任一任务、路由或页面标识缺失时失败关闭 (4.554292ms)
✔ FE-06 至 FE-15 任一控制器或 operationId 缺失时失败关闭 (9.284916ms)
✔ FE-11 至 FE-15 控制器或 operationId 缺失时失败关闭 (3.071625ms)
✔ FE-16 至 FE-19 任一任务、路由、控制器、页面标识或 operationId 缺失时失败关闭 (3.088833ms)
✔ App 移除显式页面分支时失败关闭 (2.858833ms)
✔ 完整目标回执覆盖双提交、隔离环境、五角色、七路由、五闭环与清理 (55.724917ms)
✔ 缺路由、角色、闭环或审计拒绝角色时失败关闭 (25.534ms)
✔ mock、泄露、短链持久化、危险操作与只读写请求均失败关闭 (33.895167ms)
✔ 缺失回执、双部署提交漂移、HEAD 不一致与未清理均失败关闭 (13.223167ms)
✔ 目标 Gate 是显式发布步骤且不进入普通 verify (0.199959ms)
✔ 完整回执覆盖双提交、隔离环境、五角色、五路由、四闭环、隐私、双语布局与清理 (75.829292ms)
✔ 缺路由、角色、闭环、locale 或 viewport 时失败关闭 (14.930167ms)
✔ mock、权限、并发、泄露或布局不合格时失败关闭 (16.567542ms)
✔ 缺失回执、双部署提交漂移、HEAD 不一致与未清理均失败关闭 (20.003916ms)
✔ 目标 Gate 是显式发布步骤且不进入普通 verify (0.227667ms)
✔ 完整路由、五角色、五业务闭环、租户、并发、敏感字段与清理回执通过 (0.767ms)
✔ 缺路由、角色或业务闭环时失败关闭 (0.142125ms)
✔ Cognito、部署 API、跨租户、并发与敏感字段证据不满足约束时失败关闭 (0.093417ms)
✔ 缺失回执、部署提交或 sourceCommit 不一致时失败关闭 (0.821416ms)
✔ 完整的 58 API、五角色、并发、ESG 与清理目标 AWS 回执通过 (0.83125ms)
✔ 58 个回执 operationId 与九份正式业务 OpenAPI 精确一致 (2.066375ms)
✔ API 缺项、角色缺项与跨 Customer 放行均失败关闭 (0.265208ms)
✔ 并发或 ESG 证据不满足生产约束时失败关闭 (0.110667ms)
✔ 缺失回执与 sourceCommit 不匹配均失败关闭 (0.880291ms)
✔ 完整覆盖 25 API、五角色、竞态、退役与导出的隔离 AWS 回执通过 (0.854875ms)
✔ 缺 operation、跨租户放行、竞态双成功、证书未失活与 MQTT/S3 缺口均失败关闭 (0.193875ms)
✔ operation 成功状态与负向状态集合不完整时失败关闭 (0.090875ms)
✔ 回执缺失、非法 JSON 或 sourceCommit 不一致时独立发布 Gate 失败 (0.665417ms)
✔ 完整 Archive、Replay、Summary 目标 AWS 回执通过 (5.82075ms)
✔ 缺探针、重复归档、Replay 复制业务行和空 Summary 均失败关闭 (0.539125ms)
✔ 缺少回执或提交不一致时独立 Gate 失败 (4.577042ms)
✔ 完整隔离 AWS 回执覆盖 8 Topic、负向路径、QA-03 与清理时通过 (0.8595ms)
✔ 缺 Topic、未知 Topic 命中、Error Action 未恢复和原文漂移均失败关闭 (0.16825ms)
✔ 未提供目标 AWS 回执时独立发布 Gate 明确失败 (0.762917ms)
✔ 回执必须对应待发布的精确 Git 提交 (1.264708ms)
✔ 完整的 15 API、角色、Cognito、并发、S3、Dashboard、审计与清理回执通过 (0.850042ms)
✔ 15 个 operationId 与六份正式 OpenAPI 精确一致 (0.728417ms)
✔ API、角色、租户或安全/并发探针缺口均失败关闭 (0.222834ms)
✔ 缺失回执与 sourceCommit 不匹配均失败关闭 (0.80225ms)
✔ 干净的依赖图通过检查 (1.394ms)
✔ 共享包反向依赖 apps 被识别为边界违规 (0.885958ms)
✔ contracts 反向依赖 apps 被识别为边界违规 (0.738041ms)
✔ apps 之间互相依赖被识别为边界违规 (0.892ms)
✔ 工作区循环依赖被检出 (1.132917ms)
✔ 非工作区依赖（外部 npm 包）不参与检查 (0.435958ms)
✔ 当前仓库通过边界与循环依赖检查 (2.046667ms)
✔ CDK WARNING 与规则校验编号会触发 Gate (0.521416ms)
✔ 正常 synth 输出不会误报 (0.348375ms)
✔ 已交付 Lambda 缺失或回退到内联 501 占位时 Gate 失败 (0.153417ms)
✔ 已交付 Lambda 使用 S3 asset 时 Gate 通过 (0.05625ms)
✔ CMD/OTA 生产接线 Gate 对 Worker/调度任一缺失均失败关闭 (0.191125ms)
✔ CMD/OTA 生产接线 Gate 对 IoT/S3/KMS 权限缺失失败关闭 (0.217167ms)
✔ 真实登记文件：结构校验通过，并准确识别当前未决 DEC (1.463542ms)
✔ 真实契约版本文件：decisionRegisterVersion 与登记一致 (0.502709ms)
✔ 契约版本不一致被拒绝 (0.35725ms)
✔ 重复决策 ID 被拒绝（已知冲突必须有唯一决策 ID） (0.150458ms)
✔ 原则与决策之间 ID 也全局唯一 (0.108584ms)
✔ pending 决策携带批准人被拒绝 (0.061166ms)
✔ frozen 决策必须有批准人、批准时间和 >=1.0.0 版本 (0.103583ms)
✔ blockingTasks 为空或格式非法被拒绝 (0.072958ms)
✔ history 必须非空且末条版本与条目版本一致 (0.073583ms)
✔ 非 UTC 时间戳被拒绝 (0.087042ms)
✔ CLI validate 模式：真实文件退出码 0 且输出实际未决数；--fail-on-pending 按实际未决数返回 (0.981041ms)
✔ CLI：结构错误退出码 1 (0.785584ms)
✔ 追溯校验：合法 x-decision-versions 引用通过（Schema 可追溯到决策版本） (1.931792ms)
✔ 追溯校验：不存在的决策 ID 被拒绝 (0.784084ms)
✔ 追溯校验：引用版本与登记版本不一致被拒绝 (0.6885ms)
✔ 追溯校验：缺少 x-decision-versions 或格式非法被拒绝 (0.93375ms)
✔ 追溯校验：嵌套在 OpenAPI info 下的 x-decision-versions 可被递归发现 (0.815416ms)
✔ 已交付 API（含管理后台 P1）的 129 个 OpenAPI operation 与生产路由双向一致 (5.494083ms)
✔ 版本化已交付清单缺失、重复或引用不存在文件时失败关闭 (0.894542ms)
✔ 缺失、额外、重复及 method/path 漂移均失败关闭 (0.132208ms)
✔ CMD/OTA 治理 Gate 校验四份 REST 契约及 DEC-022/023 冻结状态 (3.450125ms)
✔ 有效链接、无易漂移计数且工具链配对正确时通过 (1.712959ms)
✔ 损坏的仓库内 Markdown 链接被拒绝 (0.779459ms)
✔ 陈旧测试计数或不兼容工具链声明被拒绝 (0.69325ms)
✔ 当前仓库 ENG/DB/DOM 与 IAC/AUTH/SEC 任务文档证据一致 (20.401417ms)
✔ BE-IOT-01～08 文档全部纳入默认链接与证据门禁 (0.107208ms)
✔ BE-ARC/RPL/ESG 四份文档及 P2 回归纳入默认证据门禁 (0.054583ms)
✔ 11 份管理后台业务文档全部纳入默认链接与证据门禁 (0.045917ms)
✔ BE-MED/RBAC/AUD/DASH/SET 五份文档纳入状态与 AWS 证据门禁 (0.040125ms)
✔ FE-06～FE-10 五份前端文档纳入四层状态与目标回执门禁 (0.051875ms)
✔ FE-11～FE-15 五份前端文档纳入四层状态与独立目标回执门禁 (0.078042ms)
✔ 前端任务文档拒绝缺层级、问题责任字段、目标 Gate 和 P1 陈旧描述 (0.566083ms)
✔ FE-11～FE-15 文档拒绝旧缺陷、任务级勾选及旧目标 Gate (0.135084ms)
✔ BE-MED/RBAC/AUD/DASH/SET 文档拒绝缺状态层、陈旧参数和设置生效误述 (0.112958ms)
✔ 管理后台业务文档拒绝缺证据引用和陈旧决策或部署说法 (0.07025ms)
✔ BE-ARC/RPL/ESG 文档拒绝缺审计快照和生产接线边界外旧说法 (0.055792ms)
✔ BE-IOT 文档拒绝缺少审计快照、Report P2002 与 Media 另路由旧说法 (0.071167ms)
✔ BE-IOT 严格负向探针必须保留为可定位的永久回归 (0.730084ms)
✔ 安全任务文档拒绝历史计数、缺少 verify 命令与陈旧 DEC-012 状态 (0.054041ms)
✔ 安全任务文档接受当前命令、审计快照引用与 frozen 决策 (0.033833ms)
✔ 当前仓库（DB-01 已落地）Migration 结构通过 (9.538084ms)
✔ schema.prisma 未落地时跳过并通过（骨架期行为） (1.299666ms)
✔ 失败示例：Schema 已存在但无任何 Migration（未提交 Migration） (0.860833ms)
✔ 失败示例：migrations/ 为空且缺少 migration_lock.toml (1.4495ms)
✔ 失败示例：Migration 目录名非法与空 migration.sql (2.154167ms)
✔ 合法 Migration 结构通过 (0.964125ms)
✔ 失败示例：已有旧 Migration 但 Schema 已变化且未登记快照 (0.73825ms)
✔ 真实矩阵通过完整性检查 (2.360792ms)
✔ 真实引用集合：41 个矩阵 API 与 13 个 routeId 全部可解析 (0.53725ms)
✔ index19.html 源清单：9 个菜单、12 个页面、128 个元素与矩阵双向覆盖 (0.341916ms)
✔ 真实矩阵：9 菜单、12 页面、每项均有处置结论 (0.250583ms)
✔ 被拒绝的实时流、明文密码、状态混用不携带实现任务 (0.231709ms)
✔ 矩阵的 x-decision-versions 可追溯到决策登记（DEC-007~012） (5.357417ms)
✔ 缺少菜单或页面被拒绝 (0.302583ms)
✔ 重复元素 ID 被拒绝 (0.081ms)
✔ Adapt/Reject 缺少依据被拒绝 (0.083ms)
✔ Adopt/Adapt 生产字段缺少 API 来源被拒绝 (0.103625ms)
✔ rejectCategory 项非 Reject 或携带实现任务被拒绝 (0.082666ms)
✔ 未知角色被拒绝（R7） (0.073125ms)
✔ 格式合法但不存在的 operationId、routeId 与响应字段被拒绝 (0.935958ms)
✔ planned operation 的任务归属漂移被拒绝 (0.278125ms)
✔ 源清单与矩阵任一侧删除元素均被双向覆盖检查拒绝 (2.403459ms)
✔ index19.html 内容变化但未重新盘点源清单时失败关闭 (1.572916ms)
✔ 重复 operationId 与 routeId 被引用索引拒绝 (1.112875ms)
✔ CLI：真实矩阵退出码 0，违规矩阵退出码 1 (18.839375ms)
✔ remaining scope cannot replace full core, Active acceptance or failed cleanups (0.450834ms)
✔ 当前仓库全部 Schema、OpenAPI 片段与统一 bundle 通过引用校验 (94.141167ms)
✔ 失败示例：悬空内部 $ref 被拒绝 (1.395459ms)
✔ 失败示例：同目录相对 $ref 目标文件不存在被拒绝 (0.395042ms)
✔ 失败示例：JSON 语法损坏的 Schema 被拒绝 (0.309542ms)
✔ 失败示例：JSON Schema 2020-12 非法 type 被元 Schema 拒绝 (0.483791ms)
✔ 失败示例：OpenAPI 基座缺少 paths 被拒绝 (0.496125ms)
✔ 同目录相对 $ref 可解析时通过 (0.496375ms)
✔ 失败示例：PEM 私钥块被检出 (0.560833ms)
✔ 失败示例：AWS Access Key ID 被检出 (0.0695ms)
✔ 失败示例：GitHub 令牌被检出 (0.049959ms)
✔ 失败示例：Slack 令牌被检出 (0.042375ms)
✔ 正常内容不误报 (0.335ms)
✔ 失败示例：未跟踪且未忽略文件中的私钥也被扫描 (37.522ms)
✔ 当前仓库通过敏感信息扫描 (586.677417ms)
✔ 生产源码直接 console 与 raw trace API 均被拒绝 (1.393916ms)
✔ 测试目录可使用 console，生产统一 logger 允许 (0.636166ms)
✔ 当前仓库生产源码通过 sink 门禁 (47.081416ms)
✔ QA-02 MQTT heartbeat: all valid/invalid fixtures, missing meta and type mutation (10.092958ms)
✔ QA-02 MQTT telemetry: all valid/invalid fixtures, missing meta and type mutation (2.65675ms)
✔ QA-02 MQTT report: all valid/invalid fixtures, missing meta and type mutation (2.360417ms)
✔ QA-02 MQTT alarm: all valid/invalid fixtures, missing meta and type mutation (4.089791ms)
✔ QA-02 MQTT event: all valid/invalid fixtures, missing meta and type mutation (1.118125ms)
✔ QA-02 MQTT ack: all valid/invalid fixtures, missing meta and type mutation (1.164541ms)
✔ QA-02 MQTT tamper: all valid/invalid fixtures, missing meta and type mutation (5.836709ms)
✔ QA-02 MQTT media: all valid/invalid fixtures, missing meta and type mutation (3.47775ms)
✔ QA-02 MQTT cmd: all valid/invalid fixtures, missing meta and type mutation (1.499ms)
✔ QA-02 MQTT ota: all valid/invalid fixtures, missing meta and type mutation (1.304959ms)
✔ QA-02 MQTT notification: all valid/invalid fixtures, missing meta and type mutation (1.04125ms)
✔ MQTT semantic hash, discriminator and UTC calendar errors fail closed (0.437917ms)
✔ full REST response: field deletion/type mutation/envelope/date/errors/status/headers are enforced (2.442083ms)
✔ REST request validation: required body/path/query/header, optional Sync, bodyless Deactivate, no type coercion in JSON (3.062ms)
✔ all device operations and declared response JSON Schemas compile; stable error catalog has no duplicates (34.924667ms)
✔ predecessor MQTT is compatible; known REST break requires exact version and frozen DEC approvals (34.466584ms)
✔ breaking contract mutations fail: removing fields/operations/status, changing type/required/security (169.993792ms)
✔ receipt coverage gate fails closed for missing operations/statuses, no valid request and forged records (0.303792ms)
✔ archived CSR upgrade mapping still verifies original baselines without rewriting history (2.320709ms)
✔ QA04 coverage Gate accepts complete matrix and proofs (0.776958ms)
✔ QA04 coverage Gate rejects missing domain (0.218542ms)
✔ QA04 coverage Gate rejects no negative path (0.106041ms)
✔ QA04 coverage Gate rejects untrusted handler (0.09025ms)
✔ QA04 coverage Gate rejects missing role (2.261667ms)
✔ QA04 coverage Gate rejects cross-tenant leak (0.163875ms)
✔ QA04 coverage Gate rejects two write winners (0.136459ms)
✔ QA04 coverage Gate rejects duplicate audit (0.107125ms)
✔ QA04 coverage Gate rejects rollback missing (0.117417ms)
✔ QA04 coverage Gate rejects unclean resource (0.130583ms)
✔ QA04 coverage Gate rejects reused isolation (0.1025ms)
✔ QA04 coverage Gate rejects no observed replay (0.117792ms)
✔ QA04 required acceptance cases are enforced (0.587209ms)
✔ QA04 skipped assertion fails execution Gate (0.057166ms)
✔ QA04 removed state-machine assertion fails coverage Gate (0.393459ms)
✔ migration source requires exact approved commit (0.432041ms)
✔ migration connection requires complete secret and verified TLS; special credentials are encoded (0.158458ms)
✔ database verification derives every mapped Prisma table (0.414166ms)
✔ runner without approved source fails without reporting credentials or driver details (33.135584ms)
✔ source packager archives committed tree, includes exact SHA and refuses overwriting ZIP (3710.598125ms)
✔ local TLS broker: 10 independent certificate sessions, QoS1, downlinks, reconnect and broker ACL rejection (628.55425ms)
✔ 10 concurrent sessions: all topics, exact 5% duplicates / 2% delayed telemetry, replay and isolated bad Schema (129.025834ms)
✔ cross-device publish, subscribe, receive and wildcard denied (0.701625ms)
✔ invalid configuration, OTA transitions and test credential gate fail closed (0.972542ms)
✔ scripted failed command, missing target mapping and illegal downlink do not generate mixed ACK (0.4755ms)
✔ all sessions close when one transport fails; no successful receipt (62.5115ms)
✔ MQTT adapter rejects SUBACK denial and connection failures (0.219791ms)
✔ CLI creates offline receipt and refuses ungated mqtts before reading credential paths (467.453209ms)
✔ CDK wrapper accepts synth/diff and requires explicit deploy stack (0.778542ms)
✔ CDK wrapper builds the whole workspace and fails closed on build errors (0.117958ms)
✔ CDK wrapper uses local SSO but requires OIDC credentials in GitHub Actions (0.070667ms)
✔ QA03 Gate accepts complete local integration receipt (0.544084ms)
✔ QA03 Gate rejects missing scenario (0.170667ms)
✔ QA03 Gate rejects unclean resources (0.076542ms)
✔ QA03 Gate rejects reused isolation prefix (0.077541ms)
✔ QA03 Gate rejects lost message (0.089708ms)
✔ QA03 Gate rejects duplicate business record (0.756375ms)
✔ QA03 Gate rejects missing raw proof (0.105375ms)
✔ QA03 Gate rejects missing fault probe (0.126625ms)
✔ receipt covers all 128 decisions in two viewports (5.458167ms)
✔ fail closed: missing page (2.77975ms)
✔ fail closed: skipped case (0.895417ms)
✔ fail closed: flaky success (0.245542ms)
✔ fail closed: retry (0.207791ms)
✔ fail closed: unexpected external network (0.196542ms)
✔ fail closed: fixture collision (0.471084ms)
✔ fail closed: missing cleanup (0.653625ms)
✔ fail closed: updated baseline masquerades as regression (0.21625ms)
✔ fail closed: missing group (1.706875ms)
✔ fail closed: duplicate group (2.556083ms)
✔ fail closed: missing rejection assertion (0.274292ms)
✔ fail closed: missing menu (0.19825ms)
✔ fail closed: missing behavior guard (0.19275ms)
✔ fail closed: wrong viewport (0.182833ms)
✔ fail closed: snapshot hash mismatch (0.178042ms)
✔ binding omission, duplication and reject implementation fail closed (0.293167ms)
✔ real gzip bytes bind exact own devices, raw outbox hash and canonical published hash (3.213084ms)
✔ scope expansion, unknown customer/device, modified bytes and missing archive fail closed (1.892209ms)
✔ IoT normalized raw body binds outbox bytes while original publication binds canonical payload (1.387625ms)
✔ quick MQTT profile requires exact additional telemetry ledger and cannot waive missing archives (1.901458ms)
✔ archive deadline uses actual S3 modification times and cannot green an eventual late archive (2.432334ms)
✔ redelivery rejects foreign archives, unbounded inventories and unbound certificates before AWS operations (0.883917ms)
✔ nominal 30x profile cannot conceal a slower real publish window (73.301333ms)
✔ version proof requires CI deploy Amplify exact commit and 19 distinct verified artifact bytes (0.439791ms)
✔ own-fixture fault grant rejects shared changes and unknown faults while retaining deployment boundary (0.1365ms)
✔ database proof rejects foreign build, source, role and nonzero cleanup instead of trusting child PASS (0.296417ms)
✔ target gates reject missing finish cleanup required case and foreign device before live calls (0.586875ms)
✔ business cleanup preserves outside rows, rejects baseline drift and deletes own dependent rows atomically (1673.580541ms)
✔ fault injection rejects missing authorization and foreign export identity without mutation (0.6445ms)
✔ assertion-only validation cannot stand in for cleanup or whole target acceptance (0.126291ms)
✔ nonActive scope cannot enter the full wave that contains Active dependent probes (0.950542ms)
✔ foundation mode cannot be mistaken for full core or browser acceptance (0.091625ms)
✔ complete intermediate/root chain matches truststore and private key (8.173291ms)
✔ missing root is distinguished from valid signing certificate and key (0.401083ms)
✔ wrong parent, expired chain and wrong private key fail independently (0.923ms)
✔ oversized worker chain, malformed values and arbitrary canaries never leak (1.257958ms)
✔ receipt gate accepts completed diagnostic with invalid chain, rejects data leak and missing cleanup (1.574708ms)
✔ approved exact Worker, Secret, KMS and original expiry scope is accepted (0.685416ms)
✔ removing role condition, wildcard Secret or extended expiry is rejected (0.326917ms)
✔ unrestricted KMS, different context or extra secret permissions are rejected (0.162709ms)
✔ repair gate requires retained versions, exact output binding and all cleanup (1.17675ms)
✔ only root field changes, original version remains immutable and AWSPREVIOUS (8.2115ms)
✔ baseline drift prevents all writes (0.109625ms)
✔ wrong fixed root prevents all writes (0.325375ms)
✔ unknown put outcome recovers immutable token without a second put (1.159917ms)
✔ candidate mutation fails before promotion (0.312333ms)
✔ concurrent current movement after candidate write is preserved (0.573666ms)
✔ unknown promotion response is recovered from current stages (0.83725ms)
✔ post-promotion failed readback rolls back only the known current candidate (0.608708ms)
✔ invalid version token rejects before accessing any secret (0.23075ms)
✔ rollback refuses to overwrite a concurrent foreign current version (0.724167ms)
✔ unknown AWS errors are returned as fixed codes without secret exception text (0.088041ms)
✔ successful promotion waits for metadata visibility without repeating stage writes (0.857084ms)
✔ existing current candidate is verified using read-only store without new versions or stage writes (0.769792ms)
✔ read-only recovery rejects changed fields without rolling back an existing current version (0.27175ms)
✔ capacity planning includes operational and rotation idle overlap and rejects naive concurrency increase (0.449125ms)
✔ range reads keep the original default and permit bounded slow-link retry (0.375708ms)
✔ range reads reject unbounded, ambiguous and below-default timeouts (0.197291ms)
✔ read-only asset concurrency stays bounded independently of DB/API capacity (0.106166ms)
✔ cold sampler collector binds exact own REPORT and safe client metrics: patch (66.321375ms)
✔ cold sampler collector binds exact own REPORT and safe client metrics: audit (58.29675ms)
✔ two batches preserve six own contracts, six winners/conflicts and audits with a hard concurrency/request bound (45.995042ms)
✔ unknown write drains siblings and waits for Lambda quiescence without retry or false PASS (9.510375ms)
✔ audit drift fails closed: audit-id (9.032584ms)
✔ audit drift fails closed: foreign-list (8.811042ms)
✔ foreign context, missing baseline or excess batches fail before any dispatch/receipt (0.7995ms)
✔ sampling correlation ledger rejects foreign or missing HTTP rows even with a valid business result (17.994417ms)
✔ DLQ scope requires closed ledger, 20 exact IDs and fresh empty database proof (0.767667ms)
✔ one-shot worker deletes only exact retired pointers, restores unknown visibility, and exports no bodies or handles (2.785292ms)
✔ six exact request/time/status/extended/Lambda links pass without saving unrelated fields or requests (46.426958ms)
✔ correlation refuses complete proof for time (44.870917ms)
✔ correlation refuses complete proof for lambda-id (75.388375ms)
✔ correlation refuses complete proof for duplicate (60.876792ms)
✔ correlation refuses complete proof for missing-http (53.956625ms)
✔ audit GET binds list/detail operation and timeout UUID without claiming client success (112.222542ms)
✔ phase proof covers success, conditional conflict and all audit reads without declaring latency/cleanup acceptance (0.823625ms)
✔ cold 409 gate requires matching cold phase flags and successful runtime initialization (4.715375ms)
✔ new account gate requires nested hook, Prisma query, first driver query and checkout on every request (0.528375ms)
✔ account gate rejects missing (0.510791ms)
✔ account gate rejects duplicate (0.40225ms)
✔ account gate rejects failure (0.362791ms)
✔ account gate rejects wait-boundary (0.185791ms)
✔ account gate rejects timestamp (0.162083ms)
✔ account gate rejects outside-hook (0.182708ms)
✔ phase proof rejects foreign-invocation (0.138667ms)
✔ phase proof rejects missing-transaction (0.086459ms)
✔ phase proof rejects conflict-code (0.062542ms)
✔ phase proof rejects missing-http (0.056834ms)
✔ phase proof rejects other-run (0.036083ms)
✔ bounded sampler requires physical Init Duration as well as application cold phases and retains client metrics (1.977166ms)
✔ bounded sampler rejects foreign-report (0.200084ms)
✔ bounded sampler rejects duplicate-report (0.123916ms)
✔ bounded sampler rejects no-socket-metrics (0.160583ms)
✔ bounded sampler rejects missing-body (0.13325ms)
✔ bounded sampler rejects over-budget (0.102125ms)
✔ bounded sampler rejects missing-audit (0.087708ms)
✔ success audits bind precisely and conflicts never have a success audit (0.336292ms)
✔ audit proof rejects duplicate (0.131875ms)
✔ audit proof rejects wrong-version (0.050917ms)
✔ audit proof rejects conflict-success (0.0445ms)
✔ Gateway overlap cannot conceal serialized Lambda executions (0.297166ms)
✔ three races accept either winner, bind every successful write to audit and advance once per version (26.08525ms)
✔ early failure still drains the late sibling before readback and never retries or reports PASS (2.037958ms)
✔ race fails closed for double-winner (4.472709ms)
✔ race fails closed for gateway-id (5.907041ms)
✔ race fails closed for audit-id (29.736917ms)
✔ foreign context fails before dispatch or receipt writes (11.188292ms)
✔ historical read scope rejects any resource outside the exact sealed old contract before live calls (1.546834ms)
✔ read-only completion accepts only all six settled exact successful PATCH receipts (0.691125ms)
✔ cleanup/completion guard rejects unknown-write (0.176666ms)
✔ cleanup/completion guard rejects foreign-site (0.08125ms)
✔ cleanup/completion guard rejects wrong-account (0.066792ms)
✔ cleanup/completion guard rejects unfinished (0.071792ms)
✔ cleanup/completion guard rejects gateway-id (0.074542ms)
✔ log projection redacts payload/error details and rejects unrecognized events (0.484667ms)
✔ serialized AWS log projection preserves closed event names through the 20-sequence Gate (5.200125ms)
✔ specific redelivery needs matching SQS ID, final disposition and durable duplicate receipt (0.147875ms)
✔ 20 sequence stage Gate rejects incomplete coverage and unrelated device evidence (0.442083ms)
✔ completed Build result tolerates delayed/truncated CloudWatch visibility and transient read failure without rerunning SQL (0.60225ms)
✔ wrong/multiple/failed frames and AccessDenied reject immediately, absent result fails closed after bounded reads (0.403708ms)
✔ expired SSO is a terminal authentication condition, never a transient log retry (0.079625ms)
✔ CloudWatch 250000-character fragments reassemble exact source-bound metadata without accepting truncation or another frame (5.631958ms)
✔ large fixture observations round-trip through bounded gzip without losing metadata (8.245084ms)
✔ compressed fixture frames reject corruption, noncanonical data and decompression bombs (40.183083ms)
✔ compressed metadata still requires the exact expected source/build/action binding (1.273167ms)
✔ fixed manifest rejects unsafe SQL identifiers, missing hash and duplicates (0.545167ms)
✔ migration comparison distinguishes missing, tampered, unfinished and rolled-back migrations (0.149333ms)
✔ snapshot uses repeatable read/read only, timeouts, fixed SELECTs and always rolls back (0.340792ms)
✔ writable transaction rejected before business queries and rolled back (0.180125ms)
✔ query failure rolls back instead of yielding partial PASS (0.12675ms)
✔ dedicated query project never changes migration project or passes StartBuild overrides (30.702916ms)
✔ legacy onboarding rows without CSR columns require reconciliation before migration (0.121166ms)
✔ query success preserves real migration BLOCKED instead of promoting readiness (0.724208ms)
✔ wrong build, writable transaction, unbound hash and fabricated migration PASS rejected (0.249791ms)
✔ missing table count cannot become complete SQL evidence (1.262ms)
✔ entity merge requires actual decisions on both viewports, scoped devices, versions and cleanup (0.650834ms)
✔ certificate merge cannot use review-only parent to claim real dual-channel certificate entity (0.117666ms)
✔ request UUID is durable before a single dispatch and credentials never enter receipts (17.613125ms)
✔ failed AWAIT_HEADERS preserves correlation without retry (0.355083ms)
✔ failed READ_BODY preserves correlation without retry (0.114875ms)
✔ malformed JSON cannot become a successful HTTP receipt (0.174375ms)
✔ socket events split DNS/TCP/TLS; receipts contain no URL, authorization or socket details (1.257833ms)
✔ real delayed body is measured separately; a reused connection has absent DNS/TCP/TLS, not invented zeros (170.992125ms)
✔ total deadline aborts an unfinished response body; no complete-body receipt or retry (18.514292ms)
✔ injected fetch cannot masquerade as detailed socket observation (0.2875ms)
✔ layout diagnostic fails closed before AWS calls for foreign, finished or unbound fixtures (0.6975ms)
✔ diagnostic cleanup retains all actions and fails closed: absent (0.502667ms)
✔ diagnostic cleanup retains all actions and fails closed: still-present (0.050625ms)
✔ diagnostic cleanup retains all actions and fails closed: read-denied (0.052291ms)
✔ diagnostic cleanup retains all actions and fails closed: signout-failed (0.059166ms)
✔ diagnostic cleanup retains all actions and fails closed: delete-failed (0.067416ms)
✔ snapshot must be available encrypted manual and exact whitelist cannot expand (0.4135ms)
✔ real local SQL retires exactly two jobs/requests and preserves every other table (1302.704583ms)
✔ live status drift aborts with original rows intact (503.38925ms)
✔ unexpected cascade/trigger changing a preserved table rolls back all deletes (475.599125ms)
✔ valid HTTP writes cannot be inflated by malformed, wrong role, wrong method or failed requests (1.025292ms)
✔ target License wire sequence proves ExpiringSoon renewal and Renewed activation using real handlers and PostgreSQL (1359.4655ms)
✔ recovery sub-gate checks all preserved tables without accepting full QA09 (0.601167ms)
✔ version mismatch, missing migration and changed certificate/other business data fail closed (0.376292ms)
✔ retirement evidence cannot hide wrong deleted IDs or lose preservation proof (0.256041ms)
✔ retirement project has fixed source and never modifies readonly/migration runner (16.069834ms)
✔ real Sync observation redacts secret domains and cannot treat delivery as firmware verification (0.533792ms)
✔ receipt runner sends only RECEIVED and redacts complete snapshots even with device password hashes (0.403875ms)
✔ receipt runner fails closed for mismatched snapshots and refused confirmation (0.138625ms)
✔ 117 elements require both real viewport receipts (3.474167ms)
✔ one failure fails all elements in the affected behavior group (0.539458ms)
✔ Active dependent operations are explicit NOT_RUN, not successful disabled checks (0.477625ms)
✔ duplicate, foreign and invalid viewport receipts fail closed (0.557958ms)
✔ Defer and Reject failures also block the browser Gate (0.446ms)
✔ CSV proof rejects empty, foreign and malformed downloads while parsing quoted data (0.231583ms)
✔ reopens own TLS session after same-clientId negative probe and closes on failure (0.735916ms)
✔ foreign MQTT scope is rejected before connection (0.108125ms)
✔ S3 fallback accepts exact owned version cleanup and rejects bucket, customer and pagination expansion (0.4765ms)
✔ export scope rejects a foreign device before API, AWS or output writes (0.597417ms)
✔ domain cleanup refuses live run, foreign customer name, missing DB cleanup and out-of-scope objects (0.646958ms)
✔ unseeded identity cleanup rejects unfinished, foreign, seeded and pre-existing admin ledgers (0.472708ms)
✔ Cognito canonical UUID is allowed only with exact own email and creation within this failed run (0.179292ms)
✔ P95 uses all actual samples and rejects empty or invalid measurements (0.413667ms)
✔ complete P95 excludes censored timeouts and refuses partial sample acceptance (0.104917ms)
✔ performance summary refuses to report P95 PASS for missing or incomplete actual samples (52.605833ms)
✔ read-only pool probe distinguishes one connection, recovery and incomplete capacity acceptance (21.666708ms)
✔ observed connection-budget violation refuses a pool PASS receipt (0.711625ms)
✔ foreign probe application name is rejected before database access (0.068875ms)
✔ scheduled publishing overlaps slow PUBACK and drains failures without abandoning in-flight writes (41.328583ms)
✔ only exact test account and readonly role accepted (0.515041ms)
✔ stack identity, region, project and test tag fail closed (0.131291ms)
✔ permission denial is unverified, never classified as absent (0.11525ms)
✔ metadata health never promotes missing business evidence to AWS PASS (0.571333ms)
✔ five groups with unconfirmed or disabled users do not prove usable identities (0.096625ms)
✔ missing target receipts and version mismatch remain blockers (0.073333ms)
✔ existing test environment requires neither new account nor stack and retains real-response/cleanup boundaries (0.273958ms)
✔ real sub-scope acceptance cannot claim whole QA09 (0.952166ms)
✔ unfinished execution, missing role probe and failed assertion rejected (0.131041ms)
✔ missing cleanup, wrong target, secrets and source tampering rejected (1.590417ms)
✔ identity cleanup only accepts this run and the five known role identities (0.579125ms)
✔ record cleanup requires exact run namespace, not merely a partial prefix (0.112583ms)
✔ recovery excludes explicitly later own SLO records without waiving original bytes or deadlines (10.117416ms)
✔ later record exemption never includes other devices or customers (51.47975ms)
✔ site compensation rejects foreign-route before any AWS command (193.886792ms)
✔ site compensation rejects failed-cleanup before any AWS command (187.867792ms)
✔ site compensation rejects unbound-parent before any AWS command (166.841833ms)
✔ remaining target rejects foreign fixture before an API or database call (0.985125ms)
✔ unproved license activation fails legal stage and independent stage failures remain explicit without credentials (5.990333ms)
✔ per-request service throttling requires both unique IDs and bound access-row time/status, never minute metrics (0.357584ms)
✔ QA09 rollout separates logging, budget and event publication and rejects silent phase mistakes (0.654167ms)
✔ security retest rejects foreign fixture before any credential or live API access (0.617333ms)
✔ six tampered tokens require HTTP rejection and keep credentials out of receipt (0.781458ms)
✔ unknown seed outcome requires observed complete own set or proven empty set, never a blind retry (0.442875ms)
✔ semantic SQL creates two scoped read models without lifecycle or authentication claims and refuses reuse (1148.488584ms)
✔ semantic SQL refuses scope/state drift: lifecycle_status='Active' (172.843416ms)
✔ semantic SQL refuses scope/state drift: site_id=NULL (175.592083ms)
✔ semantic SQL refuses scope/state drift: customer_id='22222222-2222-2222-2222-222222222222' WHERE customer_id='11111111-1111-1111-1111-111111111111' (198.487625ms)
✔ semantic SQL refuses scope/state drift: name='outside' (166.510166ms)
✔ platform exports require the exact ledger and own frozen filters; foreign jobs remain unchanged (230.491417ms)
✔ business session cleanup never accepts a foreign email id role scope or lifecycle (0.559917ms)
✔ session fixtures require exact own customer and site binding before cleanup (0.105375ms)
✔ complete narrow real-environment scope never accepts full QA09 (1.337708ms)
✔ missing mTLS, shared keys, different ingress/archive bytes and missing cleanup fail closed (0.771917ms)
✔ CodeBuild inline source fits service limit and decompresses to exact reviewed bytes (24.652333ms)
✔ exact own-ten plan rejects expansion, historical identity and wrong customer namespace (15.641209ms)
✔ real SQL creates exact fixtures and cleanup preserves original devices/certificates (831.437583ms)
✔ unexpected original-data trigger mutation rolls back fixture creation (507.2615ms)
✔ processing provisioning job prevents cleanup without deleting any own devices (432.674542ms)
✔ CSR proofs bind method, path, request ID, timestamp, nonce and independent key (87.943958ms)
✔ closed-fixture audit and request outbox cleanup require ledger and preserve unrelated events (414.506708ms)
✔ closed-fixture access rejects missing approval audit and live customer (407.156583ms)
✔ unseeded capacity attempt has read-only empty audit with deleted customers and fixed original baseline (405.965208ms)
✔ business-only Onboarded fixtures preserve original rows, refuse reuse and make no certificate/authentication claim (407.023959ms)
✔ unseeded timeout audit reads only exact prefix and cannot mutate original or retry customer creation (402.838459ms)
✔ active lifecycle fixture changes exactly two own states and never claims a natural path (398.849167ms)
✔ capacity probe executes a read-only transaction and leaves fixture and original rows unchanged (395.634667ms)
✔ review-only mode cannot run without an explicit review hook or with unknown options (0.397625ms)
✔ fixture CLI distinguishes expired SSO from authorization rejection and transport timeouts (0.13575ms)
✔ version binding preserves prior defaults and accepts exact new target (0.610083ms)
✔ invalid version input is rejected before any AWS operation (0.138083ms)
✔ all delivered writes have an explicit permission and own or absent object path (0.672083ms)
✔ identical claims still change signed payload bytes rather than unused base64 signature bits (0.119708ms)
✔ Gateway 403 rejects tampered signatures while protected 2xx must fail (2.227166ms)
✔ quick has exact cadence, 24 historical hours, 30x burst, 5% duplicates and 2% delayed delivery (8.294375ms)
✔ full plan contains 86400 historical Telemetry samples for 10 devices at 10-second cadence (182.935084ms)
✔ unknown profile fails closed (0.157417ms)
✔ P95 uses nearest rank and does not mutate input (0.115667ms)
✔ invalid latency  rejected (0.060125ms)
✔ invalid latency NaN rejected (0.031833ms)
✔ invalid latency Infinity rejected (0.030833ms)
✔ invalid latency -1 rejected (0.037792ms)
✔ independent checker verifies count average min max and UTC buckets (0.226ms)
✔ complete reliability proof passes (0.64625ms)
✔ Gate rejects missing trace (0.369916ms)
✔ Gate rejects duplicate trace (0.358792ms)
✔ Gate rejects failed cleanup (0.320042ms)
✔ Gate rejects wrong profile (0.352625ms)
✔ Gate rejects wrong cadence (0.3245ms)
✔ Gate rejects untracked loss (0.334ms)
✔ Gate rejects duplicate business row (0.32775ms)
✔ Gate rejects missing archive (0.321333ms)
✔ Gate rejects missing reorder (0.332959ms)
✔ Gate rejects missing retry (0.374792ms)
✔ Gate rejects unresolved gap (0.361958ms)
✔ Gate rejects worker not paused (0.380834ms)
✔ Gate rejects no backlog (0.36125ms)
✔ Gate rejects unscoped replay (0.3625ms)
✔ Gate rejects duplicate MQTT publish (0.367125ms)
✔ Gate rejects late ACK changed terminal state (0.355125ms)
✔ Gate rejects telemetry P95 failed (0.370375ms)
✔ Gate rejects command P95 failed (0.3835ms)
✔ Gate rejects NaN P95 (3.094875ms)
✔ Gate rejects missing latency samples (1.137125ms)
✔ security receipt accepts complete execution and all observed acceptance proofs (1.892834ms)
✔ execution fails closed: deleted required test (0.527791ms)
✔ execution fails closed: missing file (0.082125ms)
✔ execution fails closed: pending test (0.072ms)
✔ execution fails closed: failed test (0.759958ms)
✔ proof fails closed: missing proof (0.110458ms)
✔ proof fails closed: reused prefix (0.073125ms)
✔ proof fails closed: cleanup incomplete (0.070916ms)
✔ proof fails closed: expired JWT accepted (0.078334ms)
✔ proof fails closed: missing write operation (0.105458ms)
✔ proof fails closed: forged identity accepted (0.083917ms)
✔ proof fails closed: route resolved before auth (0.064292ms)
✔ proof fails closed: cross tenant allowed (0.090666ms)
✔ proof fails closed: unauthorized side effect (0.084167ms)
✔ proof fails closed: prototype pollution (0.078583ms)
✔ proof fails closed: malicious media signed (0.075541ms)
✔ proof fails closed: malicious media persisted (0.073042ms)
✔ proof fails closed: leak ignored (0.08425ms)
✔ proof fails closed: unscanned audit (0.11825ms)
✔ proof fails closed: unscanned snapshot (15.5785ms)
✔ proof fails closed: partial response scan (0.166833ms)
✔ independent scanner rejects nested secrets raw JWT Error private key and signed URL without echoing values (0.838417ms)
✔ scanner detects opaque canary leakage and permits null redacted values and public certificate (0.051042ms)
ℹ tests 568
ℹ suites 0
ℹ pass 568
ℹ fail 0
ℹ cancelled 0
ℹ skipped 0
ℹ todo 0
ℹ duration_ms 7103.934
