✔ cold sampler collector binds exact own REPORT and safe client metrics: patch (42.829875ms)
✔ cold sampler collector binds exact own REPORT and safe client metrics: audit (38.726959ms)
✔ two batches preserve six own contracts, six winners/conflicts and audits with a hard concurrency/request bound (20.227166ms)
✔ unknown write drains siblings and waits for Lambda quiescence without retry or false PASS (9.868291ms)
✔ audit drift fails closed: audit-id (9.690375ms)
✔ audit drift fails closed: foreign-list (9.595625ms)
✔ foreign context, missing baseline or excess batches fail before any dispatch/receipt (0.409208ms)
✔ sampling correlation ledger rejects foreign or missing HTTP rows even with a valid business result (18.958125ms)
✔ six exact request/time/status/extended/Lambda links pass without saving unrelated fields or requests (40.78325ms)
✔ correlation refuses complete proof for time (37.013667ms)
✔ correlation refuses complete proof for lambda-id (37.228542ms)
✔ correlation refuses complete proof for duplicate (35.063292ms)
✔ correlation refuses complete proof for missing-http (35.466708ms)
✔ audit GET binds list/detail operation and timeout UUID without claiming client success (66.684375ms)
✔ phase proof covers success, conditional conflict and all audit reads without declaring latency/cleanup acceptance (1.007792ms)
✔ cold 409 gate requires matching cold phase flags and successful runtime initialization (3.1775ms)
✔ new account gate requires nested hook, Prisma query, first driver query and checkout on every request (0.229916ms)
✔ account gate rejects missing (0.185834ms)
✔ account gate rejects duplicate (0.144709ms)
✔ account gate rejects failure (0.148792ms)
✔ account gate rejects wait-boundary (0.149083ms)
✔ account gate rejects timestamp (0.156083ms)
✔ account gate rejects outside-hook (0.145791ms)
✔ phase proof rejects foreign-invocation (0.123917ms)
✔ phase proof rejects missing-transaction (0.076791ms)
✔ phase proof rejects conflict-code (0.069333ms)
✔ phase proof rejects missing-http (0.053542ms)
✔ phase proof rejects other-run (0.047667ms)
✔ bounded sampler requires physical Init Duration as well as application cold phases and retains client metrics (1.726875ms)
✔ bounded sampler rejects foreign-report (0.241583ms)
✔ bounded sampler rejects duplicate-report (0.139292ms)
✔ bounded sampler rejects no-socket-metrics (0.170542ms)
✔ bounded sampler rejects missing-body (0.117916ms)
✔ bounded sampler rejects over-budget (0.113416ms)
✔ bounded sampler rejects missing-audit (0.103917ms)
✔ three races accept either winner, bind every successful write to audit and advance once per version (14.168875ms)
✔ early failure still drains the late sibling before readback and never retries or reports PASS (0.857ms)
✔ race fails closed for double-winner (3.905125ms)
✔ race fails closed for gateway-id (3.743292ms)
✔ race fails closed for audit-id (14.093875ms)
✔ foreign context fails before dispatch or receipt writes (0.338375ms)
✔ historical read scope rejects any resource outside the exact sealed old contract before live calls (0.09775ms)
✔ request UUID is durable before a single dispatch and credentials never enter receipts (9.681375ms)
✔ failed AWAIT_HEADERS preserves correlation without retry (0.378125ms)
✔ failed READ_BODY preserves correlation without retry (0.119208ms)
✔ malformed JSON cannot become a successful HTTP receipt (0.193958ms)
✔ socket events split DNS/TCP/TLS; receipts contain no URL, authorization or socket details (1.342667ms)
✔ real delayed body is measured separately; a reused connection has absent DNS/TCP/TLS, not invented zeros (138.072583ms)
✔ total deadline aborts an unfinished response body; no complete-body receipt or retry (3.174292ms)
✔ injected fetch cannot masquerade as detailed socket observation (0.238875ms)
ℹ tests 50
ℹ suites 0
ℹ pass 50
ℹ fail 0
ℹ cancelled 0
ℹ skipped 0
ℹ todo 0
ℹ duration_ms 328.365458
