✔ cold sampler collector binds exact own REPORT and safe client metrics: patch (39.500875ms)
✔ cold sampler collector binds exact own REPORT and safe client metrics: audit (30.395833ms)
✔ phase proof covers success, conditional conflict and all audit reads without declaring latency/cleanup acceptance (0.8065ms)
✔ cold 409 gate requires matching cold phase flags and successful runtime initialization (1.955375ms)
✔ new account gate requires nested hook, Prisma query, first driver query and checkout on every request (0.195459ms)
✔ account gate rejects missing (0.219459ms)
✔ account gate rejects duplicate (0.164208ms)
✔ account gate rejects failure (0.201333ms)
✔ account gate rejects wait-boundary (0.191375ms)
✔ account gate rejects timestamp (0.145458ms)
✔ account gate rejects outside-hook (0.158542ms)
✔ phase proof rejects foreign-invocation (0.127375ms)
✔ phase proof rejects missing-transaction (0.071334ms)
✔ phase proof rejects conflict-code (0.072125ms)
✔ phase proof rejects missing-http (0.049958ms)
✔ phase proof rejects other-run (0.341625ms)
✔ bounded sampler requires physical Init Duration as well as application cold phases and retains client metrics (0.485584ms)
✔ bounded sampler rejects foreign-report (0.160042ms)
✔ bounded sampler rejects duplicate-report (0.087833ms)
✔ bounded sampler rejects no-socket-metrics (0.1305ms)
✔ bounded sampler rejects missing-body (0.089916ms)
✔ bounded sampler rejects over-budget (0.088208ms)
✔ bounded sampler rejects missing-audit (0.073333ms)
ℹ tests 23
ℹ suites 0
ℹ pass 23
ℹ fail 0
ℹ cancelled 0
ℹ skipped 0
ℹ todo 0
ℹ duration_ms 124.192791
