Refreshing run status every 30 seconds. Press Ctrl+C to quit.

* main CI · 38048245435
Triggered via push about 18 minutes ago

JOBS
* verify (ID 114202011048)
  ✓ Set up job
  ✓ Run actions/checkout@v7
  ✓ Run pnpm/action-setup@v6
  ✓ Run actions/setup-node@v5
  ✓ Run pnpm install --frozen-lockfile
  ✓ Run pnpm exec playwright install --with-deps chromium
  * Run pnpm verify
  * Post Run actions/setup-node@v5
  * Post Run pnpm/action-setup@v6
  * Post Run actions/checkout@v7
Refreshing run status every 30 seconds. Press Ctrl+C to quit.

* main CI · 38048245435
Triggered via push about 18 minutes ago

JOBS
* verify (ID 114202011048)
  ✓ Set up job
  ✓ Run actions/checkout@v7
  ✓ Run pnpm/action-setup@v6
  ✓ Run actions/setup-node@v5
  ✓ Run pnpm install --frozen-lockfile
  ✓ Run pnpm exec playwright install --with-deps chromium
  * Run pnpm verify
  * Post Run actions/setup-node@v5
  * Post Run pnpm/action-setup@v6
  * Post Run actions/checkout@v7
✓ main CI · 38048245435
Triggered via push about 19 minutes ago

JOBS
✓ verify in 18m57s (ID 114202011048)
  ✓ Set up job
  ✓ Run actions/checkout@v7
  ✓ Run pnpm/action-setup@v6
  ✓ Run actions/setup-node@v5
  ✓ Run pnpm install --frozen-lockfile
  ✓ Run pnpm exec playwright install --with-deps chromium
  ✓ Run pnpm verify
  ✓ Post Run actions/setup-node@v5
  ✓ Post Run pnpm/action-setup@v6
  ✓ Post Run actions/checkout@v7
  ✓ Complete job

ANNOTATIONS
- "The ubuntu-latest label will migrate to Ubuntu 26 beginning October 19, 2026. For more information, see https://github.com/actions/runner-images/issues/14748"
verify: .github#1

