✔ partition preserves 722ms without treating CPU as exclusive scheduling or compiler time (1.46375ms)
✔ split rejects missing (0.378625ms)
✔ split rejects duplicate (0.080167ms)
✔ split rejects foreign (0.066875ms)
✔ split rejects invalid CPU (0.059708ms)
✔ split rejects no CPU (0.068458ms)
✔ split rejects wrong boundary (0.058958ms)
✔ split rejects failed (0.044625ms)
✔ split rejects gap (0.06375ms)
✔ split rejects overlap (0.085125ms)
✔ split rejects fake duration (0.05325ms)
✔ split rejects connection claim (0.041666ms)
✔ phase proof covers success, conditional conflict and all audit reads without declaring latency/cleanup acceptance (1.100125ms)
✔ cold 409 gate requires matching cold phase flags and successful runtime initialization (1.905875ms)
✔ new account gate requires nested hook, Prisma query, first driver query and checkout on every request (0.221ms)
✔ account gate rejects missing (0.194292ms)
✔ account gate rejects duplicate (0.154875ms)
✔ account gate rejects failure (0.183125ms)
✔ account gate rejects wait-boundary (0.203084ms)
✔ account gate rejects timestamp (0.149708ms)
✔ account gate rejects outside-hook (0.168917ms)
✔ phase proof rejects foreign-invocation (0.400459ms)
✔ phase proof rejects missing-transaction (0.119709ms)
✔ phase proof rejects conflict-code (0.131958ms)
✔ phase proof rejects missing-http (0.069417ms)
✔ phase proof rejects other-run (0.039125ms)
✔ bounded sampler requires physical Init Duration as well as application cold phases and retains client metrics (0.62275ms)
✔ bounded sampler rejects foreign-report (0.174709ms)
✔ bounded sampler rejects duplicate-report (0.146125ms)
✔ bounded sampler rejects no-socket-metrics (0.14275ms)
✔ bounded sampler rejects missing-body (0.117459ms)
✔ bounded sampler rejects over-budget (0.096458ms)
✔ bounded sampler rejects missing-audit (0.087709ms)
✔ client preparation requires actual dispatch, cold adapter suffix and leaves warm adapter timings absent (0.62875ms)
✔ client preparation rejects missing prepare (0.188542ms)
✔ client preparation rejects settlement is not driver dispatch (0.1655ms)
✔ client preparation rejects preparation after driver start (0.249375ms)
✔ client preparation rejects cold missing suffix (0.15ms)
✔ client preparation rejects suffix outside preparation (0.135708ms)
✔ client preparation rejects wrong invocation (0.137459ms)
✔ client preparation cannot bypass account phase checks (0.101541ms)
✔ engine CPU mode proves preparation before model, preserves driver boundary and refuses old lazy ownership (1.362125ms)
✔ runtime assembly opt-in preserves both engine ownership modes and rejects old partial runtime receipts (1.206292ms)
✔ parent phase Gate requires engine/runtime and C1 settlement before queries; C0 refuses candidate phases (0.721125ms)
✔ socket events split DNS/TCP/TLS; receipts contain no URL, authorization or socket details (1.165958ms)
✔ real delayed body is measured separately; a reused connection has absent DNS/TCP/TLS, not invented zeros (134.245416ms)
✔ total deadline aborts an unfinished response body; no complete-body receipt or retry (4.565917ms)
✔ injected fetch cannot masquerade as detailed socket observation (0.346042ms)
✔ planner never dispatches and matchable inputs never accept P95 or causal benefit (0.616167ms)
✔ pair rejects drift or missing proof sourceCommit (0.0785ms)
✔ pair rejects drift or missing proof memoryMiB (0.054084ms)
✔ pair rejects drift or missing proof poolMax (0.058625ms)
✔ pair rejects drift or missing proof actorRole (0.06125ms)
✔ pair rejects drift or missing proof accountState (0.094792ms)
✔ pair rejects drift or missing proof operationId (0.067833ms)
✔ pair rejects drift or missing proof expectedStatus (0.059375ms)
✔ pair rejects drift or missing proof authenticatedPreconnect (0.059709ms)
✔ pair rejects drift or missing proof engineCpuDiagnosis (0.085459ms)
✔ pair rejects drift or missing proof artifactSetSha256 (0.056833ms)
✔ pair rejects drift or missing proof lambdaCount (0.071ms)
✔ pair rejects drift or missing proof cleanupGate (0.030209ms)
✔ pair rejects drift or missing proof source (0.025291ms)
✔ pair rejects drift or missing proof naturalCold409Count (0.051416ms)
✔ pair rejects drift or missing proof platformInitDurationMs (0.040292ms)
✔ pair rejects drift or missing proof clientSplitGate (0.053709ms)
✔ pair rejects drift or missing proof firstCheckoutOwned (0.048708ms)
✔ pair rejects drift or missing proof startedAt (0.026375ms)
✔ CPU ancestry attributes minified constructor and compile samples exclusively (0.411833ms)
✔ curl metrics differences preserve boundaries and reject bad ordering or nonfinite values (0.840709ms)
✔ curl probes are six bounded verified GETs with no credential/config/retry path; proxy prevents dispatch (0.778333ms)
✔ curl failures retain siblings and discard raw error text (0.168209ms)
✔ TLS diagnostic bounds independent reads to 12 and six concurrent; fake observations cannot claim real target source (40.379625ms)
✔ TLS diagnostic retains settled siblings, missing samples and unexpected HTTP/authentication as PARTIAL (0.4115ms)
ℹ tests 73
ℹ suites 0
ℹ pass 73
ℹ fail 0
ℹ cancelled 0
ℹ skipped 0
ℹ todo 0
ℹ duration_ms 183.89575
