✔ partition preserves 722ms without treating CPU as exclusive scheduling or compiler time (1.4465ms)
✔ split rejects missing (0.444ms)
✔ split rejects duplicate (0.087625ms)
✔ split rejects foreign (0.070375ms)
✔ split rejects invalid CPU (0.0605ms)
✔ split rejects no CPU (0.060333ms)
✔ split rejects wrong boundary (0.057875ms)
✔ split rejects failed (0.044917ms)
✔ split rejects gap (0.059958ms)
✔ split rejects overlap (0.090542ms)
✔ split rejects fake duration (0.054958ms)
✔ split rejects connection claim (0.1115ms)
✔ phase proof covers success, conditional conflict and all audit reads without declaring latency/cleanup acceptance (1.120709ms)
✔ cold 409 gate requires matching cold phase flags and successful runtime initialization (2.274458ms)
✔ new account gate requires nested hook, Prisma query, first driver query and checkout on every request (0.245917ms)
✔ account gate rejects missing (0.260875ms)
✔ account gate rejects duplicate (0.187916ms)
✔ account gate rejects failure (0.1775ms)
✔ account gate rejects wait-boundary (0.203125ms)
✔ account gate rejects timestamp (0.246167ms)
✔ account gate rejects outside-hook (0.173125ms)
✔ phase proof rejects foreign-invocation (0.349459ms)
✔ phase proof rejects missing-transaction (0.123667ms)
✔ phase proof rejects conflict-code (0.120584ms)
✔ phase proof rejects missing-http (0.073ms)
✔ phase proof rejects other-run (0.040458ms)
✔ bounded sampler requires physical Init Duration as well as application cold phases and retains client metrics (0.544959ms)
✔ bounded sampler rejects foreign-report (0.172291ms)
✔ bounded sampler rejects duplicate-report (0.115ms)
✔ bounded sampler rejects no-socket-metrics (0.139ms)
✔ bounded sampler rejects missing-body (0.113875ms)
✔ bounded sampler rejects over-budget (0.092084ms)
✔ bounded sampler rejects missing-audit (0.098542ms)
✔ client preparation requires actual dispatch, cold adapter suffix and leaves warm adapter timings absent (0.604333ms)
✔ client preparation rejects missing prepare (0.181125ms)
✔ client preparation rejects settlement is not driver dispatch (0.156375ms)
✔ client preparation rejects preparation after driver start (0.14875ms)
✔ client preparation rejects cold missing suffix (0.425292ms)
✔ client preparation rejects suffix outside preparation (0.208041ms)
✔ client preparation rejects wrong invocation (0.144792ms)
✔ client preparation cannot bypass account phase checks (0.120625ms)
✔ engine CPU mode proves preparation before model, preserves driver boundary and refuses old lazy ownership (1.433042ms)
✔ runtime assembly opt-in preserves both engine ownership modes and rejects old partial runtime receipts (1.227709ms)
✔ parent phase Gate requires engine/runtime and C1 settlement before queries; C0 refuses candidate phases (0.726333ms)
✔ socket events split DNS/TCP/TLS; receipts contain no URL, authorization or socket details (1.110709ms)
✔ real delayed body is measured separately; a reused connection has absent DNS/TCP/TLS, not invented zeros (135.313166ms)
✔ total deadline aborts an unfinished response body; no complete-body receipt or retry (3.811375ms)
✔ injected fetch cannot masquerade as detailed socket observation (0.281ms)
✔ planner never dispatches and matchable inputs never accept P95 or causal benefit (1.01575ms)
✔ pair rejects drift or missing proof sourceCommit (0.078917ms)
✔ pair rejects drift or missing proof memoryMiB (0.059ms)
✔ pair rejects drift or missing proof poolMax (0.05075ms)
✔ pair rejects drift or missing proof actorRole (0.143917ms)
✔ pair rejects drift or missing proof accountState (0.08275ms)
✔ pair rejects drift or missing proof operationId (0.061875ms)
✔ pair rejects drift or missing proof expectedStatus (0.049709ms)
✔ pair rejects drift or missing proof authenticatedPreconnect (0.052416ms)
✔ pair rejects drift or missing proof engineCpuDiagnosis (0.081625ms)
✔ pair rejects drift or missing proof artifactSetSha256 (0.05925ms)
✔ pair rejects drift or missing proof lambdaCount (0.108708ms)
✔ pair rejects drift or missing proof cleanupGate (0.06525ms)
✔ pair rejects drift or missing proof source (0.036791ms)
✔ pair rejects drift or missing proof naturalCold409Count (0.064542ms)
✔ pair rejects drift or missing proof platformInitDurationMs (0.065834ms)
✔ pair rejects drift or missing proof clientSplitGate (0.032542ms)
✔ pair rejects drift or missing proof firstCheckoutOwned (0.048667ms)
✔ pair rejects drift or missing proof startedAt (0.055667ms)
✔ actual receipt loader rejects byte drift and directory escape before reading semantic proof (1.666917ms)
✔ CPU ancestry attributes minified constructor and compile samples exclusively (0.390583ms)
✔ curl metrics differences preserve boundaries and reject bad ordering or nonfinite values (0.84925ms)
✔ curl probes are six bounded verified GETs with no credential/config/retry path; proxy prevents dispatch (1.2235ms)
✔ curl failures retain siblings and discard raw error text (0.195083ms)
✔ TLS diagnostic bounds independent reads to 12 and six concurrent; fake observations cannot claim real target source (40.844125ms)
✔ TLS diagnostic retains settled siblings, missing samples and unexpected HTTP/authentication as PARTIAL (0.46625ms)
ℹ tests 74
ℹ suites 0
ℹ pass 74
ℹ fail 0
ℹ cancelled 0
ℹ skipped 0
ℹ todo 0
ℹ duration_ms 185.057417
