business-audit: PROVISIONING
business-audit: DOWNLOAD_SOURCE
business-audit: BUILD
business-audit: COMPLETED
observe: QUEUED
observe: PROVISIONING
observe: DOWNLOAD_SOURCE
observe: BUILD
observe: COMPLETED
cleanup: QUEUED
cleanup: PROVISIONING
cleanup: DOWNLOAD_SOURCE
cleanup: INSTALL
cleanup: BUILD
cleanup: COMPLETED
audit-empty: PROVISIONING
audit-empty: DOWNLOAD_SOURCE
audit-empty: INSTALL
audit-empty: BUILD
audit-empty: COMPLETED
{"gate":"FAIL","prefix":"qa09-1a2a29d5130b8f5b","errorCode":"FIXTURE_BUILD_NOT_VERIFIED","cleanup":[{"type":"business-fixtures","result":"PASS","existingBuildId":"fdp-test-qa09-ten-device-fixtures:deb278e5-c58b-4d8f-aa35-506d2889f7a5"},{"type":"database-fixtures","count":10,"result":"PASS"}]}
