Refreshing run status every 30 seconds. Press Ctrl+C to quit.

* main Deploy test API · 37859190782
Triggered via workflow_dispatch less than a minute ago

JOBS
* deploy-test (ID 113590618298)
  ✓ Set up job
  ✓ Run actions/checkout@v7
  ✓ Run pnpm/action-setup@v6
  * Run actions/setup-node@v5
  * Resolve and record exact deployment inputs
  * Run actions/upload-artifact@v7
  * Run pnpm install --frozen-lockfile
  * Run pnpm exec playwright install --with-deps chromium
  * Run pnpm verify
  * Run aws-actions/configure-aws-credentials@v6.3.0
  * Verify target account and exact commit
  * Run node scripts/esgiot-cdk.mjs diff AppDependencies
  * Run node scripts/esgiot-cdk.mjs deploy AppDependencies
  * Post Run actions/setup-node@v5
  * Post Run pnpm/action-setup@v6
  * Post Run actions/checkout@v7
Refreshing run status every 30 seconds. Press Ctrl+C to quit.

* main Deploy test API · 37859190782
Triggered via workflow_dispatch less than a minute ago

JOBS
* deploy-test (ID 113590618298)
  ✓ Set up job
  ✓ Run actions/checkout@v7
  ✓ Run pnpm/action-setup@v6
  ✓ Run actions/setup-node@v5
  ✓ Resolve and record exact deployment inputs
  ✓ Run actions/upload-artifact@v7
  ✓ Run pnpm install --frozen-lockfile
  ✓ Run pnpm exec playwright install --with-deps chromium
  * Run pnpm verify
  * Run aws-actions/configure-aws-credentials@v6.3.0
  * Verify target account and exact commit
  * Run node scripts/esgiot-cdk.mjs diff AppDependencies
  * Run node scripts/esgiot-cdk.mjs deploy AppDependencies
  * Post Run actions/setup-node@v5
  * Post Run pnpm/action-setup@v6
  * Post Run actions/checkout@v7
Refreshing run status every 30 seconds. Press Ctrl+C to quit.

* main Deploy test API · 37859190782
Triggered via workflow_dispatch about 1 minute ago

JOBS
* deploy-test (ID 113590618298)
  ✓ Set up job
  ✓ Run actions/checkout@v7
  ✓ Run pnpm/action-setup@v6
  ✓ Run actions/setup-node@v5
  ✓ Resolve and record exact deployment inputs
  ✓ Run actions/upload-artifact@v7
  ✓ Run pnpm install --frozen-lockfile
  ✓ Run pnpm exec playwright install --with-deps chromium
  * Run pnpm verify
  * Run aws-actions/configure-aws-credentials@v6.3.0
  * Verify target account and exact commit
  * Run node scripts/esgiot-cdk.mjs diff AppDependencies
  * Run node scripts/esgiot-cdk.mjs deploy AppDependencies
  * Post Run actions/setup-node@v5
  * Post Run pnpm/action-setup@v6
  * Post Run actions/checkout@v7
Refreshing run status every 30 seconds. Press Ctrl+C to quit.

* main Deploy test API · 37859190782
Triggered via workflow_dispatch about 1 minute ago

JOBS
* deploy-test (ID 113590618298)
  ✓ Set up job
  ✓ Run actions/checkout@v7
  ✓ Run pnpm/action-setup@v6
  ✓ Run actions/setup-node@v5
  ✓ Resolve and record exact deployment inputs
  ✓ Run actions/upload-artifact@v7
  ✓ Run pnpm install --frozen-lockfile
  ✓ Run pnpm exec playwright install --with-deps chromium
  * Run pnpm verify
  * Run aws-actions/configure-aws-credentials@v6.3.0
  * Verify target account and exact commit
  * Run node scripts/esgiot-cdk.mjs diff AppDependencies
  * Run node scripts/esgiot-cdk.mjs deploy AppDependencies
  * Post Run actions/setup-node@v5
  * Post Run pnpm/action-setup@v6
  * Post Run actions/checkout@v7
Refreshing run status every 30 seconds. Press Ctrl+C to quit.

* main Deploy test API · 37859190782
Triggered via workflow_dispatch about 2 minutes ago

JOBS
* deploy-test (ID 113590618298)
  ✓ Set up job
  ✓ Run actions/checkout@v7
  ✓ Run pnpm/action-setup@v6
  ✓ Run actions/setup-node@v5
  ✓ Resolve and record exact deployment inputs
  ✓ Run actions/upload-artifact@v7
  ✓ Run pnpm install --frozen-lockfile
  ✓ Run pnpm exec playwright install --with-deps chromium
  * Run pnpm verify
  * Run aws-actions/configure-aws-credentials@v6.3.0
  * Verify target account and exact commit
  * Run node scripts/esgiot-cdk.mjs diff AppDependencies
  * Run node scripts/esgiot-cdk.mjs deploy AppDependencies
  * Post Run actions/setup-node@v5
  * Post Run pnpm/action-setup@v6
  * Post Run actions/checkout@v7
Refreshing run status every 30 seconds. Press Ctrl+C to quit.

* main Deploy test API · 37859190782
Triggered via workflow_dispatch about 3 minutes ago

JOBS
* deploy-test (ID 113590618298)
  ✓ Set up job
  ✓ Run actions/checkout@v7
  ✓ Run pnpm/action-setup@v6
  ✓ Run actions/setup-node@v5
  ✓ Resolve and record exact deployment inputs
  ✓ Run actions/upload-artifact@v7
  ✓ Run pnpm install --frozen-lockfile
  ✓ Run pnpm exec playwright install --with-deps chromium
  * Run pnpm verify
  * Run aws-actions/configure-aws-credentials@v6.3.0
  * Verify target account and exact commit
  * Run node scripts/esgiot-cdk.mjs diff AppDependencies
  * Run node scripts/esgiot-cdk.mjs deploy AppDependencies
  * Post Run actions/setup-node@v5
  * Post Run pnpm/action-setup@v6
  * Post Run actions/checkout@v7
Refreshing run status every 30 seconds. Press Ctrl+C to quit.

* main Deploy test API · 37859190782
Triggered via workflow_dispatch about 3 minutes ago

JOBS
* deploy-test (ID 113590618298)
  ✓ Set up job
  ✓ Run actions/checkout@v7
  ✓ Run pnpm/action-setup@v6
  ✓ Run actions/setup-node@v5
  ✓ Resolve and record exact deployment inputs
  ✓ Run actions/upload-artifact@v7
  ✓ Run pnpm install --frozen-lockfile
  ✓ Run pnpm exec playwright install --with-deps chromium
  * Run pnpm verify
  * Run aws-actions/configure-aws-credentials@v6.3.0
  * Verify target account and exact commit
  * Run node scripts/esgiot-cdk.mjs diff AppDependencies
  * Run node scripts/esgiot-cdk.mjs deploy AppDependencies
  * Post Run actions/setup-node@v5
  * Post Run pnpm/action-setup@v6
  * Post Run actions/checkout@v7
Refreshing run status every 30 seconds. Press Ctrl+C to quit.

* main Deploy test API · 37859190782
Triggered via workflow_dispatch about 4 minutes ago

JOBS
* deploy-test (ID 113590618298)
  ✓ Set up job
  ✓ Run actions/checkout@v7
  ✓ Run pnpm/action-setup@v6
  ✓ Run actions/setup-node@v5
  ✓ Resolve and record exact deployment inputs
  ✓ Run actions/upload-artifact@v7
  ✓ Run pnpm install --frozen-lockfile
  ✓ Run pnpm exec playwright install --with-deps chromium
  * Run pnpm verify
  * Run aws-actions/configure-aws-credentials@v6.3.0
  * Verify target account and exact commit
  * Run node scripts/esgiot-cdk.mjs diff AppDependencies
  * Run node scripts/esgiot-cdk.mjs deploy AppDependencies
  * Post Run actions/setup-node@v5
  * Post Run pnpm/action-setup@v6
  * Post Run actions/checkout@v7
Refreshing run status every 30 seconds. Press Ctrl+C to quit.

* main Deploy test API · 37859190782
Triggered via workflow_dispatch about 4 minutes ago

JOBS
* deploy-test (ID 113590618298)
  ✓ Set up job
  ✓ Run actions/checkout@v7
  ✓ Run pnpm/action-setup@v6
  ✓ Run actions/setup-node@v5
  ✓ Resolve and record exact deployment inputs
  ✓ Run actions/upload-artifact@v7
  ✓ Run pnpm install --frozen-lockfile
  ✓ Run pnpm exec playwright install --with-deps chromium
  * Run pnpm verify
  * Run aws-actions/configure-aws-credentials@v6.3.0
  * Verify target account and exact commit
  * Run node scripts/esgiot-cdk.mjs diff AppDependencies
  * Run node scripts/esgiot-cdk.mjs deploy AppDependencies
  * Post Run actions/setup-node@v5
  * Post Run pnpm/action-setup@v6
  * Post Run actions/checkout@v7
Refreshing run status every 30 seconds. Press Ctrl+C to quit.

* main Deploy test API · 37859190782
Triggered via workflow_dispatch about 5 minutes ago

JOBS
* deploy-test (ID 113590618298)
  ✓ Set up job
  ✓ Run actions/checkout@v7
  ✓ Run pnpm/action-setup@v6
  ✓ Run actions/setup-node@v5
  ✓ Resolve and record exact deployment inputs
  ✓ Run actions/upload-artifact@v7
  ✓ Run pnpm install --frozen-lockfile
  ✓ Run pnpm exec playwright install --with-deps chromium
  * Run pnpm verify
  * Run aws-actions/configure-aws-credentials@v6.3.0
  * Verify target account and exact commit
  * Run node scripts/esgiot-cdk.mjs diff AppDependencies
  * Run node scripts/esgiot-cdk.mjs deploy AppDependencies
  * Post Run actions/setup-node@v5
  * Post Run pnpm/action-setup@v6
  * Post Run actions/checkout@v7
Refreshing run status every 30 seconds. Press Ctrl+C to quit.

* main Deploy test API · 37859190782
Triggered via workflow_dispatch about 5 minutes ago

JOBS
* deploy-test (ID 113590618298)
  ✓ Set up job
  ✓ Run actions/checkout@v7
  ✓ Run pnpm/action-setup@v6
  ✓ Run actions/setup-node@v5
  ✓ Resolve and record exact deployment inputs
  ✓ Run actions/upload-artifact@v7
  ✓ Run pnpm install --frozen-lockfile
  ✓ Run pnpm exec playwright install --with-deps chromium
  * Run pnpm verify
  * Run aws-actions/configure-aws-credentials@v6.3.0
  * Verify target account and exact commit
  * Run node scripts/esgiot-cdk.mjs diff AppDependencies
  * Run node scripts/esgiot-cdk.mjs deploy AppDependencies
  * Post Run actions/setup-node@v5
  * Post Run pnpm/action-setup@v6
  * Post Run actions/checkout@v7
Refreshing run status every 30 seconds. Press Ctrl+C to quit.

* main Deploy test API · 37859190782
Triggered via workflow_dispatch about 6 minutes ago

JOBS
* deploy-test (ID 113590618298)
  ✓ Set up job
  ✓ Run actions/checkout@v7
  ✓ Run pnpm/action-setup@v6
  ✓ Run actions/setup-node@v5
  ✓ Resolve and record exact deployment inputs
  ✓ Run actions/upload-artifact@v7
  ✓ Run pnpm install --frozen-lockfile
  ✓ Run pnpm exec playwright install --with-deps chromium
  * Run pnpm verify
  * Run aws-actions/configure-aws-credentials@v6.3.0
  * Verify target account and exact commit
  * Run node scripts/esgiot-cdk.mjs diff AppDependencies
  * Run node scripts/esgiot-cdk.mjs deploy AppDependencies
  * Post Run actions/setup-node@v5
  * Post Run pnpm/action-setup@v6
  * Post Run actions/checkout@v7
Refreshing run status every 30 seconds. Press Ctrl+C to quit.

* main Deploy test API · 37859190782
Triggered via workflow_dispatch about 6 minutes ago

JOBS
* deploy-test (ID 113590618298)
  ✓ Set up job
  ✓ Run actions/checkout@v7
  ✓ Run pnpm/action-setup@v6
  ✓ Run actions/setup-node@v5
  ✓ Resolve and record exact deployment inputs
  ✓ Run actions/upload-artifact@v7
  ✓ Run pnpm install --frozen-lockfile
  ✓ Run pnpm exec playwright install --with-deps chromium
  * Run pnpm verify
  * Run aws-actions/configure-aws-credentials@v6.3.0
  * Verify target account and exact commit
  * Run node scripts/esgiot-cdk.mjs diff AppDependencies
  * Run node scripts/esgiot-cdk.mjs deploy AppDependencies
  * Post Run actions/setup-node@v5
  * Post Run pnpm/action-setup@v6
  * Post Run actions/checkout@v7
Refreshing run status every 30 seconds. Press Ctrl+C to quit.

* main Deploy test API · 37859190782
Triggered via workflow_dispatch about 7 minutes ago

JOBS
* deploy-test (ID 113590618298)
  ✓ Set up job
  ✓ Run actions/checkout@v7
  ✓ Run pnpm/action-setup@v6
  ✓ Run actions/setup-node@v5
  ✓ Resolve and record exact deployment inputs
  ✓ Run actions/upload-artifact@v7
  ✓ Run pnpm install --frozen-lockfile
  ✓ Run pnpm exec playwright install --with-deps chromium
  * Run pnpm verify
  * Run aws-actions/configure-aws-credentials@v6.3.0
  * Verify target account and exact commit
  * Run node scripts/esgiot-cdk.mjs diff AppDependencies
  * Run node scripts/esgiot-cdk.mjs deploy AppDependencies
  * Post Run actions/setup-node@v5
  * Post Run pnpm/action-setup@v6
  * Post Run actions/checkout@v7
Refreshing run status every 30 seconds. Press Ctrl+C to quit.

* main Deploy test API · 37859190782
Triggered via workflow_dispatch about 8 minutes ago

JOBS
* deploy-test (ID 113590618298)
  ✓ Set up job
  ✓ Run actions/checkout@v7
  ✓ Run pnpm/action-setup@v6
  ✓ Run actions/setup-node@v5
  ✓ Resolve and record exact deployment inputs
  ✓ Run actions/upload-artifact@v7
  ✓ Run pnpm install --frozen-lockfile
  ✓ Run pnpm exec playwright install --with-deps chromium
  * Run pnpm verify
  * Run aws-actions/configure-aws-credentials@v6.3.0
  * Verify target account and exact commit
  * Run node scripts/esgiot-cdk.mjs diff AppDependencies
  * Run node scripts/esgiot-cdk.mjs deploy AppDependencies
  * Post Run actions/setup-node@v5
  * Post Run pnpm/action-setup@v6
  * Post Run actions/checkout@v7
Refreshing run status every 30 seconds. Press Ctrl+C to quit.

* main Deploy test API · 37859190782
Triggered via workflow_dispatch about 8 minutes ago

JOBS
* deploy-test (ID 113590618298)
  ✓ Set up job
  ✓ Run actions/checkout@v7
  ✓ Run pnpm/action-setup@v6
  ✓ Run actions/setup-node@v5
  ✓ Resolve and record exact deployment inputs
  ✓ Run actions/upload-artifact@v7
  ✓ Run pnpm install --frozen-lockfile
  ✓ Run pnpm exec playwright install --with-deps chromium
  * Run pnpm verify
  * Run aws-actions/configure-aws-credentials@v6.3.0
  * Verify target account and exact commit
  * Run node scripts/esgiot-cdk.mjs diff AppDependencies
  * Run node scripts/esgiot-cdk.mjs deploy AppDependencies
  * Post Run actions/setup-node@v5
  * Post Run pnpm/action-setup@v6
  * Post Run actions/checkout@v7
Refreshing run status every 30 seconds. Press Ctrl+C to quit.

* main Deploy test API · 37859190782
Triggered via workflow_dispatch about 9 minutes ago

JOBS
* deploy-test (ID 113590618298)
  ✓ Set up job
  ✓ Run actions/checkout@v7
  ✓ Run pnpm/action-setup@v6
  ✓ Run actions/setup-node@v5
  ✓ Resolve and record exact deployment inputs
  ✓ Run actions/upload-artifact@v7
  ✓ Run pnpm install --frozen-lockfile
  ✓ Run pnpm exec playwright install --with-deps chromium
  * Run pnpm verify
  * Run aws-actions/configure-aws-credentials@v6.3.0
  * Verify target account and exact commit
  * Run node scripts/esgiot-cdk.mjs diff AppDependencies
  * Run node scripts/esgiot-cdk.mjs deploy AppDependencies
  * Post Run actions/setup-node@v5
  * Post Run pnpm/action-setup@v6
  * Post Run actions/checkout@v7
Refreshing run status every 30 seconds. Press Ctrl+C to quit.

* main Deploy test API · 37859190782
Triggered via workflow_dispatch about 9 minutes ago

JOBS
* deploy-test (ID 113590618298)
  ✓ Set up job
  ✓ Run actions/checkout@v7
  ✓ Run pnpm/action-setup@v6
  ✓ Run actions/setup-node@v5
  ✓ Resolve and record exact deployment inputs
  ✓ Run actions/upload-artifact@v7
  ✓ Run pnpm install --frozen-lockfile
  ✓ Run pnpm exec playwright install --with-deps chromium
  * Run pnpm verify
  * Run aws-actions/configure-aws-credentials@v6.3.0
  * Verify target account and exact commit
  * Run node scripts/esgiot-cdk.mjs diff AppDependencies
  * Run node scripts/esgiot-cdk.mjs deploy AppDependencies
  * Post Run actions/setup-node@v5
  * Post Run pnpm/action-setup@v6
  * Post Run actions/checkout@v7
Refreshing run status every 30 seconds. Press Ctrl+C to quit.

* main Deploy test API · 37859190782
Triggered via workflow_dispatch about 10 minutes ago

JOBS
* deploy-test (ID 113590618298)
  ✓ Set up job
  ✓ Run actions/checkout@v7
  ✓ Run pnpm/action-setup@v6
  ✓ Run actions/setup-node@v5
  ✓ Resolve and record exact deployment inputs
  ✓ Run actions/upload-artifact@v7
  ✓ Run pnpm install --frozen-lockfile
  ✓ Run pnpm exec playwright install --with-deps chromium
  * Run pnpm verify
  * Run aws-actions/configure-aws-credentials@v6.3.0
  * Verify target account and exact commit
  * Run node scripts/esgiot-cdk.mjs diff AppDependencies
  * Run node scripts/esgiot-cdk.mjs deploy AppDependencies
  * Post Run actions/setup-node@v5
  * Post Run pnpm/action-setup@v6
  * Post Run actions/checkout@v7
Refreshing run status every 30 seconds. Press Ctrl+C to quit.

* main Deploy test API · 37859190782
Triggered via workflow_dispatch about 10 minutes ago

JOBS
* deploy-test (ID 113590618298)
  ✓ Set up job
  ✓ Run actions/checkout@v7
  ✓ Run pnpm/action-setup@v6
  ✓ Run actions/setup-node@v5
  ✓ Resolve and record exact deployment inputs
  ✓ Run actions/upload-artifact@v7
  ✓ Run pnpm install --frozen-lockfile
  ✓ Run pnpm exec playwright install --with-deps chromium
  * Run pnpm verify
  * Run aws-actions/configure-aws-credentials@v6.3.0
  * Verify target account and exact commit
  * Run node scripts/esgiot-cdk.mjs diff AppDependencies
  * Run node scripts/esgiot-cdk.mjs deploy AppDependencies
  * Post Run actions/setup-node@v5
  * Post Run pnpm/action-setup@v6
  * Post Run actions/checkout@v7
Refreshing run status every 30 seconds. Press Ctrl+C to quit.

* main Deploy test API · 37859190782
Triggered via workflow_dispatch about 11 minutes ago

JOBS
* deploy-test (ID 113590618298)
  ✓ Set up job
  ✓ Run actions/checkout@v7
  ✓ Run pnpm/action-setup@v6
  ✓ Run actions/setup-node@v5
  ✓ Resolve and record exact deployment inputs
  ✓ Run actions/upload-artifact@v7
  ✓ Run pnpm install --frozen-lockfile
  ✓ Run pnpm exec playwright install --with-deps chromium
  * Run pnpm verify
  * Run aws-actions/configure-aws-credentials@v6.3.0
  * Verify target account and exact commit
  * Run node scripts/esgiot-cdk.mjs diff AppDependencies
  * Run node scripts/esgiot-cdk.mjs deploy AppDependencies
  * Post Run actions/setup-node@v5
  * Post Run pnpm/action-setup@v6
  * Post Run actions/checkout@v7
Refreshing run status every 30 seconds. Press Ctrl+C to quit.

* main Deploy test API · 37859190782
Triggered via workflow_dispatch about 11 minutes ago

JOBS
* deploy-test (ID 113590618298)
  ✓ Set up job
  ✓ Run actions/checkout@v7
  ✓ Run pnpm/action-setup@v6
  ✓ Run actions/setup-node@v5
  ✓ Resolve and record exact deployment inputs
  ✓ Run actions/upload-artifact@v7
  ✓ Run pnpm install --frozen-lockfile
  ✓ Run pnpm exec playwright install --with-deps chromium
  * Run pnpm verify
  * Run aws-actions/configure-aws-credentials@v6.3.0
  * Verify target account and exact commit
  * Run node scripts/esgiot-cdk.mjs diff AppDependencies
  * Run node scripts/esgiot-cdk.mjs deploy AppDependencies
  * Post Run actions/setup-node@v5
  * Post Run pnpm/action-setup@v6
  * Post Run actions/checkout@v7
Refreshing run status every 30 seconds. Press Ctrl+C to quit.

* main Deploy test API · 37859190782
Triggered via workflow_dispatch about 12 minutes ago

JOBS
* deploy-test (ID 113590618298)
  ✓ Set up job
  ✓ Run actions/checkout@v7
  ✓ Run pnpm/action-setup@v6
  ✓ Run actions/setup-node@v5
  ✓ Resolve and record exact deployment inputs
  ✓ Run actions/upload-artifact@v7
  ✓ Run pnpm install --frozen-lockfile
  ✓ Run pnpm exec playwright install --with-deps chromium
  * Run pnpm verify
  * Run aws-actions/configure-aws-credentials@v6.3.0
  * Verify target account and exact commit
  * Run node scripts/esgiot-cdk.mjs diff AppDependencies
  * Run node scripts/esgiot-cdk.mjs deploy AppDependencies
  * Post Run actions/setup-node@v5
  * Post Run pnpm/action-setup@v6
  * Post Run actions/checkout@v7
Refreshing run status every 30 seconds. Press Ctrl+C to quit.

* main Deploy test API · 37859190782
Triggered via workflow_dispatch about 12 minutes ago

JOBS
* deploy-test (ID 113590618298)
  ✓ Set up job
  ✓ Run actions/checkout@v7
  ✓ Run pnpm/action-setup@v6
  ✓ Run actions/setup-node@v5
  ✓ Resolve and record exact deployment inputs
  ✓ Run actions/upload-artifact@v7
  ✓ Run pnpm install --frozen-lockfile
  ✓ Run pnpm exec playwright install --with-deps chromium
  * Run pnpm verify
  * Run aws-actions/configure-aws-credentials@v6.3.0
  * Verify target account and exact commit
  * Run node scripts/esgiot-cdk.mjs diff AppDependencies
  * Run node scripts/esgiot-cdk.mjs deploy AppDependencies
  * Post Run actions/setup-node@v5
  * Post Run pnpm/action-setup@v6
  * Post Run actions/checkout@v7
Refreshing run status every 30 seconds. Press Ctrl+C to quit.

* main Deploy test API · 37859190782
Triggered via workflow_dispatch about 13 minutes ago

JOBS
* deploy-test (ID 113590618298)
  ✓ Set up job
  ✓ Run actions/checkout@v7
  ✓ Run pnpm/action-setup@v6
  ✓ Run actions/setup-node@v5
  ✓ Resolve and record exact deployment inputs
  ✓ Run actions/upload-artifact@v7
  ✓ Run pnpm install --frozen-lockfile
  ✓ Run pnpm exec playwright install --with-deps chromium
  * Run pnpm verify
  * Run aws-actions/configure-aws-credentials@v6.3.0
  * Verify target account and exact commit
  * Run node scripts/esgiot-cdk.mjs diff AppDependencies
  * Run node scripts/esgiot-cdk.mjs deploy AppDependencies
  * Post Run actions/setup-node@v5
  * Post Run pnpm/action-setup@v6
  * Post Run actions/checkout@v7
Refreshing run status every 30 seconds. Press Ctrl+C to quit.

* main Deploy test API · 37859190782
Triggered via workflow_dispatch about 14 minutes ago

JOBS
* deploy-test (ID 113590618298)
  ✓ Set up job
  ✓ Run actions/checkout@v7
  ✓ Run pnpm/action-setup@v6
  ✓ Run actions/setup-node@v5
  ✓ Resolve and record exact deployment inputs
  ✓ Run actions/upload-artifact@v7
  ✓ Run pnpm install --frozen-lockfile
  ✓ Run pnpm exec playwright install --with-deps chromium
  * Run pnpm verify
  * Run aws-actions/configure-aws-credentials@v6.3.0
  * Verify target account and exact commit
  * Run node scripts/esgiot-cdk.mjs diff AppDependencies
  * Run node scripts/esgiot-cdk.mjs deploy AppDependencies
  * Post Run actions/setup-node@v5
  * Post Run pnpm/action-setup@v6
  * Post Run actions/checkout@v7
Refreshing run status every 30 seconds. Press Ctrl+C to quit.

* main Deploy test API · 37859190782
Triggered via workflow_dispatch about 14 minutes ago

JOBS
* deploy-test (ID 113590618298)
  ✓ Set up job
  ✓ Run actions/checkout@v7
  ✓ Run pnpm/action-setup@v6
  ✓ Run actions/setup-node@v5
  ✓ Resolve and record exact deployment inputs
  ✓ Run actions/upload-artifact@v7
  ✓ Run pnpm install --frozen-lockfile
  ✓ Run pnpm exec playwright install --with-deps chromium
  * Run pnpm verify
  * Run aws-actions/configure-aws-credentials@v6.3.0
  * Verify target account and exact commit
  * Run node scripts/esgiot-cdk.mjs diff AppDependencies
  * Run node scripts/esgiot-cdk.mjs deploy AppDependencies
  * Post Run actions/setup-node@v5
  * Post Run pnpm/action-setup@v6
  * Post Run actions/checkout@v7
Refreshing run status every 30 seconds. Press Ctrl+C to quit.

* main Deploy test API · 37859190782
Triggered via workflow_dispatch about 15 minutes ago

JOBS
* deploy-test (ID 113590618298)
  ✓ Set up job
  ✓ Run actions/checkout@v7
  ✓ Run pnpm/action-setup@v6
  ✓ Run actions/setup-node@v5
  ✓ Resolve and record exact deployment inputs
  ✓ Run actions/upload-artifact@v7
  ✓ Run pnpm install --frozen-lockfile
  ✓ Run pnpm exec playwright install --with-deps chromium
  * Run pnpm verify
  * Run aws-actions/configure-aws-credentials@v6.3.0
  * Verify target account and exact commit
  * Run node scripts/esgiot-cdk.mjs diff AppDependencies
  * Run node scripts/esgiot-cdk.mjs deploy AppDependencies
  * Post Run actions/setup-node@v5
  * Post Run pnpm/action-setup@v6
  * Post Run actions/checkout@v7
Refreshing run status every 30 seconds. Press Ctrl+C to quit.

* main Deploy test API · 37859190782
Triggered via workflow_dispatch about 15 minutes ago

JOBS
* deploy-test (ID 113590618298)
  ✓ Set up job
  ✓ Run actions/checkout@v7
  ✓ Run pnpm/action-setup@v6
  ✓ Run actions/setup-node@v5
  ✓ Resolve and record exact deployment inputs
  ✓ Run actions/upload-artifact@v7
  ✓ Run pnpm install --frozen-lockfile
  ✓ Run pnpm exec playwright install --with-deps chromium
  * Run pnpm verify
  * Run aws-actions/configure-aws-credentials@v6.3.0
  * Verify target account and exact commit
  * Run node scripts/esgiot-cdk.mjs diff AppDependencies
  * Run node scripts/esgiot-cdk.mjs deploy AppDependencies
  * Post Run actions/setup-node@v5
  * Post Run pnpm/action-setup@v6
  * Post Run actions/checkout@v7
Refreshing run status every 30 seconds. Press Ctrl+C to quit.

* main Deploy test API · 37859190782
Triggered via workflow_dispatch about 16 minutes ago

JOBS
* deploy-test (ID 113590618298)
  ✓ Set up job
  ✓ Run actions/checkout@v7
  ✓ Run pnpm/action-setup@v6
  ✓ Run actions/setup-node@v5
  ✓ Resolve and record exact deployment inputs
  ✓ Run actions/upload-artifact@v7
  ✓ Run pnpm install --frozen-lockfile
  ✓ Run pnpm exec playwright install --with-deps chromium
  * Run pnpm verify
  * Run aws-actions/configure-aws-credentials@v6.3.0
  * Verify target account and exact commit
  * Run node scripts/esgiot-cdk.mjs diff AppDependencies
  * Run node scripts/esgiot-cdk.mjs deploy AppDependencies
  * Post Run actions/setup-node@v5
  * Post Run pnpm/action-setup@v6
  * Post Run actions/checkout@v7
Refreshing run status every 30 seconds. Press Ctrl+C to quit.

* main Deploy test API · 37859190782
Triggered via workflow_dispatch about 16 minutes ago

JOBS
* deploy-test (ID 113590618298)
  ✓ Set up job
  ✓ Run actions/checkout@v7
  ✓ Run pnpm/action-setup@v6
  ✓ Run actions/setup-node@v5
  ✓ Resolve and record exact deployment inputs
  ✓ Run actions/upload-artifact@v7
  ✓ Run pnpm install --frozen-lockfile
  ✓ Run pnpm exec playwright install --with-deps chromium
  * Run pnpm verify
  * Run aws-actions/configure-aws-credentials@v6.3.0
  * Verify target account and exact commit
  * Run node scripts/esgiot-cdk.mjs diff AppDependencies
  * Run node scripts/esgiot-cdk.mjs deploy AppDependencies
  * Post Run actions/setup-node@v5
  * Post Run pnpm/action-setup@v6
  * Post Run actions/checkout@v7
Refreshing run status every 30 seconds. Press Ctrl+C to quit.

* main Deploy test API · 37859190782
Triggered via workflow_dispatch about 17 minutes ago

JOBS
* deploy-test (ID 113590618298)
  ✓ Set up job
  ✓ Run actions/checkout@v7
  ✓ Run pnpm/action-setup@v6
  ✓ Run actions/setup-node@v5
  ✓ Resolve and record exact deployment inputs
  ✓ Run actions/upload-artifact@v7
  ✓ Run pnpm install --frozen-lockfile
  ✓ Run pnpm exec playwright install --with-deps chromium
  ✓ Run pnpm verify
  ✓ Run aws-actions/configure-aws-credentials@v6.3.0
  ✓ Verify target account and exact commit
  * Run node scripts/esgiot-cdk.mjs diff AppDependencies
  * Run node scripts/esgiot-cdk.mjs deploy AppDependencies
  * Post Run aws-actions/configure-aws-credentials@v6.3.0
  * Post Run actions/setup-node@v5
  * Post Run pnpm/action-setup@v6
  * Post Run actions/checkout@v7
Refreshing run status every 30 seconds. Press Ctrl+C to quit.

* main Deploy test API · 37859190782
Triggered via workflow_dispatch about 17 minutes ago

JOBS
* deploy-test (ID 113590618298)
  ✓ Set up job
  ✓ Run actions/checkout@v7
  ✓ Run pnpm/action-setup@v6
  ✓ Run actions/setup-node@v5
  ✓ Resolve and record exact deployment inputs
  ✓ Run actions/upload-artifact@v7
  ✓ Run pnpm install --frozen-lockfile
  ✓ Run pnpm exec playwright install --with-deps chromium
  ✓ Run pnpm verify
  ✓ Run aws-actions/configure-aws-credentials@v6.3.0
  ✓ Verify target account and exact commit
  ✓ Run node scripts/esgiot-cdk.mjs diff AppDependencies
  * Run node scripts/esgiot-cdk.mjs deploy AppDependencies
  * Post Run aws-actions/configure-aws-credentials@v6.3.0
  * Post Run actions/setup-node@v5
  * Post Run pnpm/action-setup@v6
  * Post Run actions/checkout@v7
Refreshing run status every 30 seconds. Press Ctrl+C to quit.

* main Deploy test API · 37859190782
Triggered via workflow_dispatch about 18 minutes ago

JOBS
* deploy-test (ID 113590618298)
  ✓ Set up job
  ✓ Run actions/checkout@v7
  ✓ Run pnpm/action-setup@v6
  ✓ Run actions/setup-node@v5
  ✓ Resolve and record exact deployment inputs
  ✓ Run actions/upload-artifact@v7
  ✓ Run pnpm install --frozen-lockfile
  ✓ Run pnpm exec playwright install --with-deps chromium
  ✓ Run pnpm verify
  ✓ Run aws-actions/configure-aws-credentials@v6.3.0
  ✓ Verify target account and exact commit
  ✓ Run node scripts/esgiot-cdk.mjs diff AppDependencies
  * Run node scripts/esgiot-cdk.mjs deploy AppDependencies
  * Post Run aws-actions/configure-aws-credentials@v6.3.0
  * Post Run actions/setup-node@v5
  * Post Run pnpm/action-setup@v6
  * Post Run actions/checkout@v7
Refreshing run status every 30 seconds. Press Ctrl+C to quit.

* main Deploy test API · 37859190782
Triggered via workflow_dispatch about 19 minutes ago

JOBS
* deploy-test (ID 113590618298)
  ✓ Set up job
  ✓ Run actions/checkout@v7
  ✓ Run pnpm/action-setup@v6
  ✓ Run actions/setup-node@v5
  ✓ Resolve and record exact deployment inputs
  ✓ Run actions/upload-artifact@v7
  ✓ Run pnpm install --frozen-lockfile
  ✓ Run pnpm exec playwright install --with-deps chromium
  ✓ Run pnpm verify
  ✓ Run aws-actions/configure-aws-credentials@v6.3.0
  ✓ Verify target account and exact commit
  ✓ Run node scripts/esgiot-cdk.mjs diff AppDependencies
  * Run node scripts/esgiot-cdk.mjs deploy AppDependencies
  * Post Run aws-actions/configure-aws-credentials@v6.3.0
  * Post Run actions/setup-node@v5
  * Post Run pnpm/action-setup@v6
  * Post Run actions/checkout@v7
✓ main Deploy test API · 37859190782
Triggered via workflow_dispatch about 19 minutes ago

JOBS
✓ deploy-test in 19m2s (ID 113590618298)
  ✓ Set up job
  ✓ Run actions/checkout@v7
  ✓ Run pnpm/action-setup@v6
  ✓ Run actions/setup-node@v5
  ✓ Resolve and record exact deployment inputs
  ✓ Run actions/upload-artifact@v7
  ✓ Run pnpm install --frozen-lockfile
  ✓ Run pnpm exec playwright install --with-deps chromium
  ✓ Run pnpm verify
  ✓ Run aws-actions/configure-aws-credentials@v6.3.0
  ✓ Verify target account and exact commit
  ✓ Run node scripts/esgiot-cdk.mjs diff AppDependencies
  ✓ Run node scripts/esgiot-cdk.mjs deploy AppDependencies
  ✓ Post Run aws-actions/configure-aws-credentials@v6.3.0
  ✓ Post Run actions/setup-node@v5
  ✓ Post Run pnpm/action-setup@v6
  ✓ Post Run actions/checkout@v7
  ✓ Complete job

ANNOTATIONS
- "The ubuntu-latest label will migrate to Ubuntu 26 beginning October 19, 2026. For more information, see https://github.com/actions/runner-images/issues/14748"
deploy-test: .github#1

