verify	Run pnpm verify	﻿2026-10-05T04:46:13.3758782Z ##[group]Run pnpm verify
verify	Run pnpm verify	2026-10-05T04:46:13.3759244Z ^[[36;1mpnpm verify^[[0m
verify	Run pnpm verify	2026-10-05T04:46:13.3843381Z shell: /usr/bin/bash -e {0}
verify	Run pnpm verify	2026-10-05T04:46:13.3843794Z env:
verify	Run pnpm verify	2026-10-05T04:46:13.3844205Z   PNPM_HOME: /home/runner/setup-pnpm/node_modules/.bin
verify	Run pnpm verify	2026-10-05T04:46:13.3844742Z ##[endgroup]
verify	Run pnpm verify	2026-10-05T04:46:13.6932790Z 
verify	Run pnpm verify	2026-10-05T04:46:13.6934095Z > food-digester-platform@0.0.0 verify /home/runner/work/food-digester-platform/food-digester-platform
verify	Run pnpm verify	2026-10-05T04:46:13.6941748Z > pnpm lint && pnpm format:check && pnpm typecheck && pnpm openapi:check && pnpm test && pnpm build && pnpm check:boundaries && pnpm check:schemas && pnpm check:migrations && pnpm check:evidence && pnpm check:secrets && pnpm check:sensitive-sinks && pnpm check:admin-web-delivery && pnpm check:admin-web-e2e && pnpm check:cmd-ota-delivery && pnpm test:device-contracts /tmp/fdp-device-contracts-gate.json && pnpm test:iot-integration /tmp/fdp-iot-integration-gate.json && pnpm test:core-api-integration /tmp/fdp-core-api-integration-gate.json && pnpm test:admin-e2e-suite /tmp/fdp-admin-e2e-gate.json && pnpm test:security-suite /tmp/fdp-security-gate.json && pnpm test:reliability-suite /tmp/fdp-reliability-gate.json && pnpm test:prototype-regression /tmp/fdp-prototype-regression-gate.json
verify	Run pnpm verify	2026-10-05T04:46:13.6947755Z 
verify	Run pnpm verify	2026-10-05T04:46:14.0134364Z 
verify	Run pnpm verify	2026-10-05T04:46:14.0135714Z > food-digester-platform@0.0.0 lint /home/runner/work/food-digester-platform/food-digester-platform
verify	Run pnpm verify	2026-10-05T04:46:14.0136958Z > eslint .
verify	Run pnpm verify	2026-10-05T04:46:14.0137214Z 
verify	Run pnpm verify	2026-10-05T04:46:25.6857298Z 
verify	Run pnpm verify	2026-10-05T04:46:25.6858419Z /home/runner/work/food-digester-platform/food-digester-platform/scripts/run-qa09-layout-diagnostic.mjs
verify	Run pnpm verify	2026-10-05T04:46:25.6889874Z ##[error]  177:11  error  Unsafe usage of ThrowStatement  no-unsafe-finally
verify	Run pnpm verify	2026-10-05T04:46:25.6898587Z ##[error]  179:55  error  Unsafe usage of ThrowStatement  no-unsafe-finally
verify	Run pnpm verify	2026-10-05T04:46:25.6899412Z 
verify	Run pnpm verify	2026-10-05T04:46:25.6899836Z ✖ 2 problems (2 errors, 0 warnings)
verify	Run pnpm verify	2026-10-05T04:46:25.6900053Z 
verify	Run pnpm verify	2026-10-05T04:46:25.8641257Z  ELIFECYCLE  Command failed with exit code 1.
verify	Run pnpm verify	2026-10-05T04:46:25.9223858Z  ELIFECYCLE  Command failed with exit code 1.
verify	Run pnpm verify	2026-10-05T04:46:25.9400076Z ##[error]Process completed with exit code 1.
