deploy-test	Run pnpm verify	﻿2026-10-05T04:46:04.1175306Z ##[group]Run pnpm verify
deploy-test	Run pnpm verify	2026-10-05T04:46:04.1175635Z ^[[36;1mpnpm verify^[[0m
deploy-test	Run pnpm verify	2026-10-05T04:46:04.1238177Z shell: /usr/bin/bash -e {0}
deploy-test	Run pnpm verify	2026-10-05T04:46:04.1238459Z env:
deploy-test	Run pnpm verify	2026-10-05T04:46:04.1238974Z   FDP_DEVICE_API_CERTIFICATE_ARN: arn:aws:acm:ap-southeast-1:065986019555:certificate/db3daf4f-de27-4cb3-8813-5f1f068478e0
deploy-test	Run pnpm verify	2026-10-05T04:46:04.1239858Z   FDP_PUBLIC_API_CERTIFICATE_ARN: arn:aws:acm:ap-southeast-1:065986019555:certificate/2777e55f-df6e-4e7d-8ce8-22cd3cf2babb
deploy-test	Run pnpm verify	2026-10-05T04:46:04.1240548Z   FDP_TRUSTSTORE_BUCKET_NAME: fdp-test-mtls-truststore-065986019555
deploy-test	Run pnpm verify	2026-10-05T04:46:04.1241018Z   FDP_TRUSTSTORE_VERSION: FtN.3H5AydTqt6cgxf0wzeOcNQHFxCOx
deploy-test	Run pnpm verify	2026-10-05T04:46:04.1241391Z   FDP_QA09_ROLLOUT_PHASE: immediate
deploy-test	Run pnpm verify	2026-10-05T04:46:04.1241729Z   PNPM_HOME: /home/runner/setup-pnpm/node_modules/.bin
deploy-test	Run pnpm verify	2026-10-05T04:46:04.1242082Z ##[endgroup]
deploy-test	Run pnpm verify	2026-10-05T04:46:04.3996223Z 
deploy-test	Run pnpm verify	2026-10-05T04:46:04.3997518Z > food-digester-platform@0.0.0 verify /home/runner/work/food-digester-platform/food-digester-platform
deploy-test	Run pnpm verify	2026-10-05T04:46:04.4005553Z > pnpm lint && pnpm format:check && pnpm typecheck && pnpm openapi:check && pnpm test && pnpm build && pnpm check:boundaries && pnpm check:schemas && pnpm check:migrations && pnpm check:evidence && pnpm check:secrets && pnpm check:sensitive-sinks && pnpm check:admin-web-delivery && pnpm check:admin-web-e2e && pnpm check:cmd-ota-delivery && pnpm test:device-contracts /tmp/fdp-device-contracts-gate.json && pnpm test:iot-integration /tmp/fdp-iot-integration-gate.json && pnpm test:core-api-integration /tmp/fdp-core-api-integration-gate.json && pnpm test:admin-e2e-suite /tmp/fdp-admin-e2e-gate.json && pnpm test:security-suite /tmp/fdp-security-gate.json && pnpm test:reliability-suite /tmp/fdp-reliability-gate.json && pnpm test:prototype-regression /tmp/fdp-prototype-regression-gate.json
deploy-test	Run pnpm verify	2026-10-05T04:46:04.4011012Z 
deploy-test	Run pnpm verify	2026-10-05T04:46:04.6967423Z 
deploy-test	Run pnpm verify	2026-10-05T04:46:04.6969046Z > food-digester-platform@0.0.0 lint /home/runner/work/food-digester-platform/food-digester-platform
deploy-test	Run pnpm verify	2026-10-05T04:46:04.6970118Z > eslint .
deploy-test	Run pnpm verify	2026-10-05T04:46:04.6971093Z 
deploy-test	Run pnpm verify	2026-10-05T04:46:15.8499501Z 
deploy-test	Run pnpm verify	2026-10-05T04:46:15.8500704Z /home/runner/work/food-digester-platform/food-digester-platform/scripts/run-qa09-layout-diagnostic.mjs
deploy-test	Run pnpm verify	2026-10-05T04:46:15.8526739Z ##[error]  177:11  error  Unsafe usage of ThrowStatement  no-unsafe-finally
deploy-test	Run pnpm verify	2026-10-05T04:46:15.8535435Z ##[error]  179:55  error  Unsafe usage of ThrowStatement  no-unsafe-finally
deploy-test	Run pnpm verify	2026-10-05T04:46:15.8536280Z 
deploy-test	Run pnpm verify	2026-10-05T04:46:15.8536671Z ✖ 2 problems (2 errors, 0 warnings)
deploy-test	Run pnpm verify	2026-10-05T04:46:15.8536879Z 
deploy-test	Run pnpm verify	2026-10-05T04:46:16.0214941Z  ELIFECYCLE  Command failed with exit code 1.
deploy-test	Run pnpm verify	2026-10-05T04:46:16.0661827Z  ELIFECYCLE  Command failed with exit code 1.
deploy-test	Run pnpm verify	2026-10-05T04:46:16.0833745Z ##[error]Process completed with exit code 1.
