observe: QUEUED
observe: PROVISIONING
observe: DOWNLOAD_SOURCE
observe: BUILD
observe: UPLOAD_ARTIFACTS
observe: COMPLETED
business-seed-devices: QUEUED
business-seed-devices: PROVISIONING
business-seed-devices: DOWNLOAD_SOURCE
business-seed-devices: BUILD
business-seed-devices: COMPLETED
business-baseline: QUEUED
business-baseline: PROVISIONING
business-baseline: DOWNLOAD_SOURCE
business-baseline: INSTALL
business-baseline: BUILD
business-baseline: COMPLETED
business-cleanup: QUEUED
business-cleanup: PROVISIONING
business-cleanup: DOWNLOAD_SOURCE
business-cleanup: BUILD
business-cleanup: COMPLETED
business-audit: PROVISIONING
business-audit: DOWNLOAD_SOURCE
business-audit: INSTALL
business-audit: BUILD
business-audit: COMPLETED
{"gate":"PASS","stages":{"foundation":"PASS","remaining":"PASS"},"checks":123,"cleanupComplete":true}
observe: PROVISIONING
observe: DOWNLOAD_SOURCE
observe: BUILD
observe: COMPLETED
cleanup: PROVISIONING
cleanup: DOWNLOAD_SOURCE
cleanup: BUILD
cleanup: COMPLETED
{"task":"QA-09","scope":"OWN_BOUNDED_COLD409_SAMPLING","sourceCommit":"de4c2f6ab94462fb684a5e117edb474d42df035c","prefix":"qa09-02899c9461ead5db","fullQa09Accepted":false,"gate":"PASS","checks":115,"cleanup":"PASS","fixtureMode":"REAL_RDS_ONBOARDED_STATE_FOR_BUSINESS_APIS_NO_DEVICE_AUTH_CLAIM","sourceReceipt":"/Users/anray/Documents/project/hiddenjoyacom/food-digester-platform/docs/audit/evidence/qa-09-de4c2f6-r0-r1-2026-10-08/r0/sample.json.sources.json","sourceReceiptSha256":"a8040821a4bc237b1b535155d640f6a778601d4db5a68001b22c96df3b2f75d5","cold409Gate":"NOT_EVALUATED","maxConcurrency":6,"maxPatchRequests":12,"remainingCoverage":"No real device authentication, natural Active, native browser, full 117 behavior or full QA09 acceptance claim"}
