seed: QUEUED
seed: PROVISIONING
seed: DOWNLOAD_SOURCE
seed: BUILD
seed: COMPLETED
Ten CSR requests approved; waiting for real scheduled provisioning.
Ten real MQTT sessions and heartbeats published; observing RDS.
observe: QUEUED
observe: PROVISIONING
observe: DOWNLOAD_SOURCE
observe: INSTALL
observe: BUILD
observe: COMPLETED
Telemetry and identical QoS1 duplicates published; observing ingestion/outbox.
observe: QUEUED
observe: PROVISIONING
observe: DOWNLOAD_SOURCE
observe: BUILD
observe: COMPLETED
business-baseline: QUEUED
business-baseline: PROVISIONING
business-baseline: DOWNLOAD_SOURCE
business-baseline: INSTALL
business-baseline: BUILD
business-baseline: COMPLETED
observe: PROVISIONING
observe: DOWNLOAD_SOURCE
observe: INSTALL
observe: BUILD
observe: COMPLETED
observe: PROVISIONING
observe: DOWNLOAD_SOURCE
observe: BUILD
observe: COMPLETED
business-cleanup: PROVISIONING
business-cleanup: DOWNLOAD_SOURCE
business-cleanup: BUILD
business-cleanup: COMPLETED
business-audit: PROVISIONING
business-audit: DOWNLOAD_SOURCE
business-audit: INSTALL
business-audit: BUILD
business-audit: COMPLETED
observe: PROVISIONING
observe: DOWNLOAD_SOURCE
observe: INSTALL
observe: BUILD
observe: COMPLETED
cleanup: PROVISIONING
cleanup: DOWNLOAD_SOURCE
cleanup: BUILD
cleanup: COMPLETED
{"task":"QA-09","prefix":"qa09-90de5a6bdd5d57b2","sourceCommit":"fb0fd67cb19b9160f9260f49e370e05304ca37a0","parentGate":"PASS","sloGate":"PASS_SCOPED_NORMAL_WINDOW_SLO","domainGate":"PASS","fullQa09Accepted":false,"gate":"PASS_SCOPED_NORMAL_WINDOW_SLO","finishedAt":"2026-10-05T01:59:37.679Z"}
