file:///Users/anray/Documents/project/hiddenjoyacom/food-digester-platform/scripts/qa09-ten-device-bridge.mjs:56
    throw Object.assign(Error('AWS_OPERATION_FAILED'), {
                        ^

Error: AWS_OPERATION_FAILED
    at fixtureAws (file:///Users/anray/Documents/project/hiddenjoyacom/food-digester-platform/scripts/qa09-ten-device-bridge.mjs:56:25)
    at aws (file:///Users/anray/Documents/project/hiddenjoyacom/food-digester-platform/scripts/qa09-ten-device-bridge.mjs:135:21)
    at readStartedFixtureBuild.observations (file:///Users/anray/Documents/project/hiddenjoyacom/food-digester-platform/scripts/qa09-ten-device-bridge.mjs:212:15)
    at readStartedFixtureBuild (file:///Users/anray/Documents/project/hiddenjoyacom/food-digester-platform/scripts/qa09-started-build-read.mjs:83:40)
    at async runFixture (file:///Users/anray/Documents/project/hiddenjoyacom/food-digester-platform/scripts/qa09-ten-device-bridge.mjs:209:18)
    at async file:///Users/anray/Documents/project/hiddenjoyacom/food-digester-platform/docs/audit/evidence/qa-09-0afe483-r0-r1-2026-10-10/restore/audit-empty.mjs:22:1 {
  code: 'AWS_batch-get-builds_CLI_READ_TIMEOUT',
  cliObservation: {
    exitStatus: 255,
    signal: null,
    spawnErrorCode: null,
    stderrBytes: 95,
    durationMs: 18683
  }
}

Node.js v24.12.0
